[2026-06-14T21:26:26.741+0000] {processor.py:161} INFO - Started process (PID=65) to work on /opt/airflow/dags/retail_sales_pipeline.py
[2026-06-14T21:26:26.743+0000] {processor.py:830} INFO - Processing file /opt/airflow/dags/retail_sales_pipeline.py for tasks to queue
[2026-06-14T21:26:26.746+0000] {logging_mixin.py:188} INFO - [2026-06-14T21:26:26.746+0000] {dagbag.py:545} INFO - Filling up the DagBag from /opt/airflow/dags/retail_sales_pipeline.py
[2026-06-14T21:26:26.829+0000] {logging_mixin.py:188} INFO - [2026-06-14T21:26:26.814+0000] {dagbag.py:355} ERROR - Failed to import: /opt/airflow/dags/retail_sales_pipeline.py
Traceback (most recent call last):
  File "/home/airflow/.local/lib/python3.12/site-packages/airflow/models/dagbag.py", line 351, in parse
    loader.exec_module(new_module)
  File "<frozen importlib._bootstrap_external>", line 995, in exec_module
  File "<frozen importlib._bootstrap>", line 488, in _call_with_frames_removed
  File "/opt/airflow/dags/retail_sales_pipeline.py", line 37, in <module>
    from scripts.create_raw_tables import create_tables
ModuleNotFoundError: No module named 'scripts.create_raw_tables'
[2026-06-14T21:26:26.832+0000] {processor.py:842} WARNING - No viable dags retrieved from /opt/airflow/dags/retail_sales_pipeline.py
[2026-06-14T21:26:26.869+0000] {processor.py:183} INFO - Processing /opt/airflow/dags/retail_sales_pipeline.py took 0.140 seconds
[2026-06-14T21:26:57.144+0000] {processor.py:161} INFO - Started process (PID=124) to work on /opt/airflow/dags/retail_sales_pipeline.py
[2026-06-14T21:26:57.146+0000] {processor.py:830} INFO - Processing file /opt/airflow/dags/retail_sales_pipeline.py for tasks to queue
[2026-06-14T21:26:57.148+0000] {logging_mixin.py:188} INFO - [2026-06-14T21:26:57.148+0000] {dagbag.py:545} INFO - Filling up the DagBag from /opt/airflow/dags/retail_sales_pipeline.py
[2026-06-14T21:26:57.174+0000] {logging_mixin.py:188} INFO - [2026-06-14T21:26:57.169+0000] {dagbag.py:355} ERROR - Failed to import: /opt/airflow/dags/retail_sales_pipeline.py
Traceback (most recent call last):
  File "/home/airflow/.local/lib/python3.12/site-packages/airflow/models/dagbag.py", line 351, in parse
    loader.exec_module(new_module)
  File "<frozen importlib._bootstrap_external>", line 995, in exec_module
  File "<frozen importlib._bootstrap>", line 488, in _call_with_frames_removed
  File "/opt/airflow/dags/retail_sales_pipeline.py", line 37, in <module>
    from scripts.create_raw_tables import create_tables
ModuleNotFoundError: No module named 'scripts.create_raw_tables'
[2026-06-14T21:26:57.176+0000] {processor.py:842} WARNING - No viable dags retrieved from /opt/airflow/dags/retail_sales_pipeline.py
[2026-06-14T21:26:57.243+0000] {processor.py:183} INFO - Processing /opt/airflow/dags/retail_sales_pipeline.py took 0.105 seconds
[2026-06-14T21:27:27.704+0000] {processor.py:161} INFO - Started process (PID=183) to work on /opt/airflow/dags/retail_sales_pipeline.py
[2026-06-14T21:27:27.705+0000] {processor.py:830} INFO - Processing file /opt/airflow/dags/retail_sales_pipeline.py for tasks to queue
[2026-06-14T21:27:27.708+0000] {logging_mixin.py:188} INFO - [2026-06-14T21:27:27.708+0000] {dagbag.py:545} INFO - Filling up the DagBag from /opt/airflow/dags/retail_sales_pipeline.py
[2026-06-14T21:27:27.731+0000] {logging_mixin.py:188} INFO - [2026-06-14T21:27:27.727+0000] {dagbag.py:355} ERROR - Failed to import: /opt/airflow/dags/retail_sales_pipeline.py
Traceback (most recent call last):
  File "/home/airflow/.local/lib/python3.12/site-packages/airflow/models/dagbag.py", line 351, in parse
    loader.exec_module(new_module)
  File "<frozen importlib._bootstrap_external>", line 995, in exec_module
  File "<frozen importlib._bootstrap>", line 488, in _call_with_frames_removed
  File "/opt/airflow/dags/retail_sales_pipeline.py", line 37, in <module>
    from scripts.create_raw_tables import create_tables
ModuleNotFoundError: No module named 'scripts.create_raw_tables'
[2026-06-14T21:27:27.732+0000] {processor.py:842} WARNING - No viable dags retrieved from /opt/airflow/dags/retail_sales_pipeline.py
[2026-06-14T21:27:27.800+0000] {processor.py:183} INFO - Processing /opt/airflow/dags/retail_sales_pipeline.py took 0.105 seconds
[2026-06-14T21:27:57.897+0000] {processor.py:161} INFO - Started process (PID=242) to work on /opt/airflow/dags/retail_sales_pipeline.py
[2026-06-14T21:27:57.898+0000] {processor.py:830} INFO - Processing file /opt/airflow/dags/retail_sales_pipeline.py for tasks to queue
[2026-06-14T21:27:57.902+0000] {logging_mixin.py:188} INFO - [2026-06-14T21:27:57.901+0000] {dagbag.py:545} INFO - Filling up the DagBag from /opt/airflow/dags/retail_sales_pipeline.py
[2026-06-14T21:27:57.925+0000] {logging_mixin.py:188} INFO - [2026-06-14T21:27:57.920+0000] {dagbag.py:355} ERROR - Failed to import: /opt/airflow/dags/retail_sales_pipeline.py
Traceback (most recent call last):
  File "/home/airflow/.local/lib/python3.12/site-packages/airflow/models/dagbag.py", line 351, in parse
    loader.exec_module(new_module)
  File "<frozen importlib._bootstrap_external>", line 995, in exec_module
  File "<frozen importlib._bootstrap>", line 488, in _call_with_frames_removed
  File "/opt/airflow/dags/retail_sales_pipeline.py", line 37, in <module>
    from scripts.create_raw_tables import create_tables
ModuleNotFoundError: No module named 'scripts.create_raw_tables'
[2026-06-14T21:27:57.927+0000] {processor.py:842} WARNING - No viable dags retrieved from /opt/airflow/dags/retail_sales_pipeline.py
[2026-06-14T21:27:57.995+0000] {processor.py:183} INFO - Processing /opt/airflow/dags/retail_sales_pipeline.py took 0.107 seconds
[2026-06-14T21:28:28.197+0000] {processor.py:161} INFO - Started process (PID=301) to work on /opt/airflow/dags/retail_sales_pipeline.py
[2026-06-14T21:28:28.199+0000] {processor.py:830} INFO - Processing file /opt/airflow/dags/retail_sales_pipeline.py for tasks to queue
[2026-06-14T21:28:28.202+0000] {logging_mixin.py:188} INFO - [2026-06-14T21:28:28.202+0000] {dagbag.py:545} INFO - Filling up the DagBag from /opt/airflow/dags/retail_sales_pipeline.py
[2026-06-14T21:28:28.231+0000] {logging_mixin.py:188} INFO - [2026-06-14T21:28:28.223+0000] {dagbag.py:355} ERROR - Failed to import: /opt/airflow/dags/retail_sales_pipeline.py
Traceback (most recent call last):
  File "/home/airflow/.local/lib/python3.12/site-packages/airflow/models/dagbag.py", line 351, in parse
    loader.exec_module(new_module)
  File "<frozen importlib._bootstrap_external>", line 995, in exec_module
  File "<frozen importlib._bootstrap>", line 488, in _call_with_frames_removed
  File "/opt/airflow/dags/retail_sales_pipeline.py", line 37, in <module>
    from scripts.create_raw_tables import create_tables
ModuleNotFoundError: No module named 'scripts.create_raw_tables'
[2026-06-14T21:28:28.234+0000] {processor.py:842} WARNING - No viable dags retrieved from /opt/airflow/dags/retail_sales_pipeline.py
[2026-06-14T21:28:28.305+0000] {processor.py:183} INFO - Processing /opt/airflow/dags/retail_sales_pipeline.py took 0.117 seconds
[2026-06-14T21:28:58.648+0000] {processor.py:161} INFO - Started process (PID=360) to work on /opt/airflow/dags/retail_sales_pipeline.py
[2026-06-14T21:28:58.650+0000] {processor.py:830} INFO - Processing file /opt/airflow/dags/retail_sales_pipeline.py for tasks to queue
[2026-06-14T21:28:58.656+0000] {logging_mixin.py:188} INFO - [2026-06-14T21:28:58.655+0000] {dagbag.py:545} INFO - Filling up the DagBag from /opt/airflow/dags/retail_sales_pipeline.py
[2026-06-14T21:28:58.702+0000] {logging_mixin.py:188} INFO - [2026-06-14T21:28:58.685+0000] {dagbag.py:355} ERROR - Failed to import: /opt/airflow/dags/retail_sales_pipeline.py
Traceback (most recent call last):
  File "/home/airflow/.local/lib/python3.12/site-packages/airflow/models/dagbag.py", line 351, in parse
    loader.exec_module(new_module)
  File "<frozen importlib._bootstrap_external>", line 995, in exec_module
  File "<frozen importlib._bootstrap>", line 488, in _call_with_frames_removed
  File "/opt/airflow/dags/retail_sales_pipeline.py", line 37, in <module>
    from scripts.create_raw_tables import create_tables
ModuleNotFoundError: No module named 'scripts.create_raw_tables'
[2026-06-14T21:28:58.705+0000] {processor.py:842} WARNING - No viable dags retrieved from /opt/airflow/dags/retail_sales_pipeline.py
[2026-06-14T21:28:58.788+0000] {processor.py:183} INFO - Processing /opt/airflow/dags/retail_sales_pipeline.py took 0.155 seconds
[2026-06-14T21:29:29.403+0000] {processor.py:161} INFO - Started process (PID=419) to work on /opt/airflow/dags/retail_sales_pipeline.py
[2026-06-14T21:29:29.405+0000] {processor.py:830} INFO - Processing file /opt/airflow/dags/retail_sales_pipeline.py for tasks to queue
[2026-06-14T21:29:29.409+0000] {logging_mixin.py:188} INFO - [2026-06-14T21:29:29.408+0000] {dagbag.py:545} INFO - Filling up the DagBag from /opt/airflow/dags/retail_sales_pipeline.py
[2026-06-14T21:29:29.437+0000] {logging_mixin.py:188} INFO - [2026-06-14T21:29:29.431+0000] {dagbag.py:355} ERROR - Failed to import: /opt/airflow/dags/retail_sales_pipeline.py
Traceback (most recent call last):
  File "/home/airflow/.local/lib/python3.12/site-packages/airflow/models/dagbag.py", line 351, in parse
    loader.exec_module(new_module)
  File "<frozen importlib._bootstrap_external>", line 995, in exec_module
  File "<frozen importlib._bootstrap>", line 488, in _call_with_frames_removed
  File "/opt/airflow/dags/retail_sales_pipeline.py", line 37, in <module>
    from scripts.create_raw_tables import create_tables
ModuleNotFoundError: No module named 'scripts.create_raw_tables'
[2026-06-14T21:29:29.439+0000] {processor.py:842} WARNING - No viable dags retrieved from /opt/airflow/dags/retail_sales_pipeline.py
[2026-06-14T21:29:29.470+0000] {processor.py:183} INFO - Processing /opt/airflow/dags/retail_sales_pipeline.py took 0.077 seconds
[2026-06-14T21:39:55.795+0000] {processor.py:161} INFO - Started process (PID=66) to work on /opt/airflow/dags/retail_sales_pipeline.py
[2026-06-14T21:39:55.799+0000] {processor.py:830} INFO - Processing file /opt/airflow/dags/retail_sales_pipeline.py for tasks to queue
[2026-06-14T21:39:55.805+0000] {logging_mixin.py:188} INFO - [2026-06-14T21:39:55.803+0000] {dagbag.py:545} INFO - Filling up the DagBag from /opt/airflow/dags/retail_sales_pipeline.py
[2026-06-14T21:39:55.963+0000] {logging_mixin.py:188} INFO - [2026-06-14T21:39:55.952+0000] {dagbag.py:355} ERROR - Failed to import: /opt/airflow/dags/retail_sales_pipeline.py
Traceback (most recent call last):
  File "/home/airflow/.local/lib/python3.12/site-packages/airflow/models/dagbag.py", line 351, in parse
    loader.exec_module(new_module)
  File "<frozen importlib._bootstrap_external>", line 995, in exec_module
  File "<frozen importlib._bootstrap>", line 488, in _call_with_frames_removed
  File "/opt/airflow/dags/retail_sales_pipeline.py", line 37, in <module>
    from scripts.create_raw_tables import create_tables
ModuleNotFoundError: No module named 'scripts.create_raw_tables'
[2026-06-14T21:39:55.968+0000] {processor.py:842} WARNING - No viable dags retrieved from /opt/airflow/dags/retail_sales_pipeline.py
[2026-06-14T21:39:56.061+0000] {processor.py:183} INFO - Processing /opt/airflow/dags/retail_sales_pipeline.py took 0.288 seconds
[2026-06-14T21:40:26.107+0000] {processor.py:161} INFO - Started process (PID=125) to work on /opt/airflow/dags/retail_sales_pipeline.py
[2026-06-14T21:40:26.108+0000] {processor.py:830} INFO - Processing file /opt/airflow/dags/retail_sales_pipeline.py for tasks to queue
[2026-06-14T21:40:26.111+0000] {logging_mixin.py:188} INFO - [2026-06-14T21:40:26.110+0000] {dagbag.py:545} INFO - Filling up the DagBag from /opt/airflow/dags/retail_sales_pipeline.py
[2026-06-14T21:40:26.128+0000] {logging_mixin.py:188} INFO - [2026-06-14T21:40:26.124+0000] {dagbag.py:355} ERROR - Failed to import: /opt/airflow/dags/retail_sales_pipeline.py
Traceback (most recent call last):
  File "/home/airflow/.local/lib/python3.12/site-packages/airflow/models/dagbag.py", line 351, in parse
    loader.exec_module(new_module)
  File "<frozen importlib._bootstrap_external>", line 995, in exec_module
  File "<frozen importlib._bootstrap>", line 488, in _call_with_frames_removed
  File "/opt/airflow/dags/retail_sales_pipeline.py", line 37, in <module>
    from scripts.create_raw_tables import create_tables
ModuleNotFoundError: No module named 'scripts.create_raw_tables'
[2026-06-14T21:40:26.129+0000] {processor.py:842} WARNING - No viable dags retrieved from /opt/airflow/dags/retail_sales_pipeline.py
[2026-06-14T21:40:26.162+0000] {processor.py:183} INFO - Processing /opt/airflow/dags/retail_sales_pipeline.py took 0.061 seconds
[2026-06-14T21:40:56.343+0000] {processor.py:161} INFO - Started process (PID=184) to work on /opt/airflow/dags/retail_sales_pipeline.py
[2026-06-14T21:40:56.344+0000] {processor.py:830} INFO - Processing file /opt/airflow/dags/retail_sales_pipeline.py for tasks to queue
[2026-06-14T21:40:56.347+0000] {logging_mixin.py:188} INFO - [2026-06-14T21:40:56.346+0000] {dagbag.py:545} INFO - Filling up the DagBag from /opt/airflow/dags/retail_sales_pipeline.py
[2026-06-14T21:40:56.374+0000] {logging_mixin.py:188} INFO - [2026-06-14T21:40:56.368+0000] {dagbag.py:355} ERROR - Failed to import: /opt/airflow/dags/retail_sales_pipeline.py
Traceback (most recent call last):
  File "/home/airflow/.local/lib/python3.12/site-packages/airflow/models/dagbag.py", line 351, in parse
    loader.exec_module(new_module)
  File "<frozen importlib._bootstrap_external>", line 995, in exec_module
  File "<frozen importlib._bootstrap>", line 488, in _call_with_frames_removed
  File "/opt/airflow/dags/retail_sales_pipeline.py", line 37, in <module>
    from scripts.create_raw_tables import create_tables
ModuleNotFoundError: No module named 'scripts.create_raw_tables'
[2026-06-14T21:40:56.377+0000] {processor.py:842} WARNING - No viable dags retrieved from /opt/airflow/dags/retail_sales_pipeline.py
[2026-06-14T21:40:56.404+0000] {processor.py:183} INFO - Processing /opt/airflow/dags/retail_sales_pipeline.py took 0.067 seconds
[2026-06-14T21:41:26.695+0000] {processor.py:161} INFO - Started process (PID=243) to work on /opt/airflow/dags/retail_sales_pipeline.py
[2026-06-14T21:41:26.696+0000] {processor.py:830} INFO - Processing file /opt/airflow/dags/retail_sales_pipeline.py for tasks to queue
[2026-06-14T21:41:26.699+0000] {logging_mixin.py:188} INFO - [2026-06-14T21:41:26.698+0000] {dagbag.py:545} INFO - Filling up the DagBag from /opt/airflow/dags/retail_sales_pipeline.py
[2026-06-14T21:41:26.718+0000] {logging_mixin.py:188} INFO - [2026-06-14T21:41:26.714+0000] {dagbag.py:355} ERROR - Failed to import: /opt/airflow/dags/retail_sales_pipeline.py
Traceback (most recent call last):
  File "/home/airflow/.local/lib/python3.12/site-packages/airflow/models/dagbag.py", line 351, in parse
    loader.exec_module(new_module)
  File "<frozen importlib._bootstrap_external>", line 995, in exec_module
  File "<frozen importlib._bootstrap>", line 488, in _call_with_frames_removed
  File "/opt/airflow/dags/retail_sales_pipeline.py", line 37, in <module>
    from scripts.create_raw_tables import create_tables
ModuleNotFoundError: No module named 'scripts.create_raw_tables'
[2026-06-14T21:41:26.720+0000] {processor.py:842} WARNING - No viable dags retrieved from /opt/airflow/dags/retail_sales_pipeline.py
[2026-06-14T21:41:26.746+0000] {processor.py:183} INFO - Processing /opt/airflow/dags/retail_sales_pipeline.py took 0.059 seconds
[2026-06-14T21:41:56.808+0000] {processor.py:161} INFO - Started process (PID=302) to work on /opt/airflow/dags/retail_sales_pipeline.py
[2026-06-14T21:41:56.809+0000] {processor.py:830} INFO - Processing file /opt/airflow/dags/retail_sales_pipeline.py for tasks to queue
[2026-06-14T21:41:56.812+0000] {logging_mixin.py:188} INFO - [2026-06-14T21:41:56.812+0000] {dagbag.py:545} INFO - Filling up the DagBag from /opt/airflow/dags/retail_sales_pipeline.py
[2026-06-14T21:41:56.837+0000] {logging_mixin.py:188} INFO - [2026-06-14T21:41:56.831+0000] {dagbag.py:355} ERROR - Failed to import: /opt/airflow/dags/retail_sales_pipeline.py
Traceback (most recent call last):
  File "/home/airflow/.local/lib/python3.12/site-packages/airflow/models/dagbag.py", line 351, in parse
    loader.exec_module(new_module)
  File "<frozen importlib._bootstrap_external>", line 995, in exec_module
  File "<frozen importlib._bootstrap>", line 488, in _call_with_frames_removed
  File "/opt/airflow/dags/retail_sales_pipeline.py", line 37, in <module>
    from scripts.create_raw_tables import create_tables
ModuleNotFoundError: No module named 'scripts.create_raw_tables'
[2026-06-14T21:41:56.840+0000] {processor.py:842} WARNING - No viable dags retrieved from /opt/airflow/dags/retail_sales_pipeline.py
[2026-06-14T21:41:56.873+0000] {processor.py:183} INFO - Processing /opt/airflow/dags/retail_sales_pipeline.py took 0.074 seconds
[2026-06-14T21:42:27.409+0000] {processor.py:161} INFO - Started process (PID=361) to work on /opt/airflow/dags/retail_sales_pipeline.py
[2026-06-14T21:42:27.410+0000] {processor.py:830} INFO - Processing file /opt/airflow/dags/retail_sales_pipeline.py for tasks to queue
[2026-06-14T21:42:27.413+0000] {logging_mixin.py:188} INFO - [2026-06-14T21:42:27.412+0000] {dagbag.py:545} INFO - Filling up the DagBag from /opt/airflow/dags/retail_sales_pipeline.py
[2026-06-14T21:42:27.431+0000] {logging_mixin.py:188} INFO - [2026-06-14T21:42:27.426+0000] {dagbag.py:355} ERROR - Failed to import: /opt/airflow/dags/retail_sales_pipeline.py
Traceback (most recent call last):
  File "/home/airflow/.local/lib/python3.12/site-packages/airflow/models/dagbag.py", line 351, in parse
    loader.exec_module(new_module)
  File "<frozen importlib._bootstrap_external>", line 995, in exec_module
  File "<frozen importlib._bootstrap>", line 488, in _call_with_frames_removed
  File "/opt/airflow/dags/retail_sales_pipeline.py", line 37, in <module>
    from scripts.create_raw_tables import create_tables
ModuleNotFoundError: No module named 'scripts.create_raw_tables'
[2026-06-14T21:42:27.433+0000] {processor.py:842} WARNING - No viable dags retrieved from /opt/airflow/dags/retail_sales_pipeline.py
[2026-06-14T21:42:27.465+0000] {processor.py:183} INFO - Processing /opt/airflow/dags/retail_sales_pipeline.py took 0.062 seconds
[2026-06-14T21:42:57.697+0000] {processor.py:161} INFO - Started process (PID=420) to work on /opt/airflow/dags/retail_sales_pipeline.py
[2026-06-14T21:42:57.698+0000] {processor.py:830} INFO - Processing file /opt/airflow/dags/retail_sales_pipeline.py for tasks to queue
[2026-06-14T21:42:57.700+0000] {logging_mixin.py:188} INFO - [2026-06-14T21:42:57.700+0000] {dagbag.py:545} INFO - Filling up the DagBag from /opt/airflow/dags/retail_sales_pipeline.py
[2026-06-14T21:42:57.716+0000] {logging_mixin.py:188} INFO - [2026-06-14T21:42:57.711+0000] {dagbag.py:355} ERROR - Failed to import: /opt/airflow/dags/retail_sales_pipeline.py
Traceback (most recent call last):
  File "/home/airflow/.local/lib/python3.12/site-packages/airflow/models/dagbag.py", line 351, in parse
    loader.exec_module(new_module)
  File "<frozen importlib._bootstrap_external>", line 995, in exec_module
  File "<frozen importlib._bootstrap>", line 488, in _call_with_frames_removed
  File "/opt/airflow/dags/retail_sales_pipeline.py", line 37, in <module>
    from scripts.create_raw_tables import create_tables
ModuleNotFoundError: No module named 'scripts.create_raw_tables'
[2026-06-14T21:42:57.718+0000] {processor.py:842} WARNING - No viable dags retrieved from /opt/airflow/dags/retail_sales_pipeline.py
[2026-06-14T21:42:57.755+0000] {processor.py:183} INFO - Processing /opt/airflow/dags/retail_sales_pipeline.py took 0.063 seconds
[2026-06-14T21:43:27.812+0000] {processor.py:161} INFO - Started process (PID=479) to work on /opt/airflow/dags/retail_sales_pipeline.py
[2026-06-14T21:43:27.813+0000] {processor.py:830} INFO - Processing file /opt/airflow/dags/retail_sales_pipeline.py for tasks to queue
[2026-06-14T21:43:27.815+0000] {logging_mixin.py:188} INFO - [2026-06-14T21:43:27.815+0000] {dagbag.py:545} INFO - Filling up the DagBag from /opt/airflow/dags/retail_sales_pipeline.py
[2026-06-14T21:43:27.833+0000] {logging_mixin.py:188} INFO - [2026-06-14T21:43:27.829+0000] {dagbag.py:355} ERROR - Failed to import: /opt/airflow/dags/retail_sales_pipeline.py
Traceback (most recent call last):
  File "/home/airflow/.local/lib/python3.12/site-packages/airflow/models/dagbag.py", line 351, in parse
    loader.exec_module(new_module)
  File "<frozen importlib._bootstrap_external>", line 995, in exec_module
  File "<frozen importlib._bootstrap>", line 488, in _call_with_frames_removed
  File "/opt/airflow/dags/retail_sales_pipeline.py", line 37, in <module>
    from scripts.create_raw_tables import create_tables
ModuleNotFoundError: No module named 'scripts.create_raw_tables'
[2026-06-14T21:43:27.835+0000] {processor.py:842} WARNING - No viable dags retrieved from /opt/airflow/dags/retail_sales_pipeline.py
[2026-06-14T21:43:27.873+0000] {processor.py:183} INFO - Processing /opt/airflow/dags/retail_sales_pipeline.py took 0.066 seconds
[2026-06-14T21:43:57.944+0000] {processor.py:161} INFO - Started process (PID=538) to work on /opt/airflow/dags/retail_sales_pipeline.py
[2026-06-14T21:43:57.945+0000] {processor.py:830} INFO - Processing file /opt/airflow/dags/retail_sales_pipeline.py for tasks to queue
[2026-06-14T21:43:57.947+0000] {logging_mixin.py:188} INFO - [2026-06-14T21:43:57.947+0000] {dagbag.py:545} INFO - Filling up the DagBag from /opt/airflow/dags/retail_sales_pipeline.py
[2026-06-14T21:43:57.973+0000] {logging_mixin.py:188} INFO - [2026-06-14T21:43:57.966+0000] {dagbag.py:355} ERROR - Failed to import: /opt/airflow/dags/retail_sales_pipeline.py
Traceback (most recent call last):
  File "/home/airflow/.local/lib/python3.12/site-packages/airflow/models/dagbag.py", line 351, in parse
    loader.exec_module(new_module)
  File "<frozen importlib._bootstrap_external>", line 995, in exec_module
  File "<frozen importlib._bootstrap>", line 488, in _call_with_frames_removed
  File "/opt/airflow/dags/retail_sales_pipeline.py", line 37, in <module>
    from scripts.create_raw_tables import create_tables
ModuleNotFoundError: No module named 'scripts.create_raw_tables'
[2026-06-14T21:43:57.976+0000] {processor.py:842} WARNING - No viable dags retrieved from /opt/airflow/dags/retail_sales_pipeline.py
[2026-06-14T21:43:58.025+0000] {processor.py:183} INFO - Processing /opt/airflow/dags/retail_sales_pipeline.py took 0.088 seconds
[2026-06-14T21:44:28.105+0000] {processor.py:161} INFO - Started process (PID=597) to work on /opt/airflow/dags/retail_sales_pipeline.py
[2026-06-14T21:44:28.106+0000] {processor.py:830} INFO - Processing file /opt/airflow/dags/retail_sales_pipeline.py for tasks to queue
[2026-06-14T21:44:28.109+0000] {logging_mixin.py:188} INFO - [2026-06-14T21:44:28.109+0000] {dagbag.py:545} INFO - Filling up the DagBag from /opt/airflow/dags/retail_sales_pipeline.py
[2026-06-14T21:44:28.134+0000] {logging_mixin.py:188} INFO - [2026-06-14T21:44:28.128+0000] {dagbag.py:355} ERROR - Failed to import: /opt/airflow/dags/retail_sales_pipeline.py
Traceback (most recent call last):
  File "/home/airflow/.local/lib/python3.12/site-packages/airflow/models/dagbag.py", line 351, in parse
    loader.exec_module(new_module)
  File "<frozen importlib._bootstrap_external>", line 995, in exec_module
  File "<frozen importlib._bootstrap>", line 488, in _call_with_frames_removed
  File "/opt/airflow/dags/retail_sales_pipeline.py", line 37, in <module>
    from scripts.create_raw_tables import create_tables
ModuleNotFoundError: No module named 'scripts.create_raw_tables'
[2026-06-14T21:44:28.137+0000] {processor.py:842} WARNING - No viable dags retrieved from /opt/airflow/dags/retail_sales_pipeline.py
[2026-06-14T21:44:28.177+0000] {processor.py:183} INFO - Processing /opt/airflow/dags/retail_sales_pipeline.py took 0.080 seconds
[2026-06-14T21:44:58.652+0000] {processor.py:161} INFO - Started process (PID=656) to work on /opt/airflow/dags/retail_sales_pipeline.py
[2026-06-14T21:44:58.653+0000] {processor.py:830} INFO - Processing file /opt/airflow/dags/retail_sales_pipeline.py for tasks to queue
[2026-06-14T21:44:58.656+0000] {logging_mixin.py:188} INFO - [2026-06-14T21:44:58.655+0000] {dagbag.py:545} INFO - Filling up the DagBag from /opt/airflow/dags/retail_sales_pipeline.py
[2026-06-14T21:44:58.688+0000] {logging_mixin.py:188} INFO - [2026-06-14T21:44:58.681+0000] {dagbag.py:355} ERROR - Failed to import: /opt/airflow/dags/retail_sales_pipeline.py
Traceback (most recent call last):
  File "/home/airflow/.local/lib/python3.12/site-packages/airflow/models/dagbag.py", line 351, in parse
    loader.exec_module(new_module)
  File "<frozen importlib._bootstrap_external>", line 995, in exec_module
  File "<frozen importlib._bootstrap>", line 488, in _call_with_frames_removed
  File "/opt/airflow/dags/retail_sales_pipeline.py", line 37, in <module>
    from scripts.create_raw_tables import create_tables
ModuleNotFoundError: No module named 'scripts.create_raw_tables'
[2026-06-14T21:44:58.692+0000] {processor.py:842} WARNING - No viable dags retrieved from /opt/airflow/dags/retail_sales_pipeline.py
[2026-06-14T21:44:58.721+0000] {processor.py:183} INFO - Processing /opt/airflow/dags/retail_sales_pipeline.py took 0.077 seconds
[2026-06-14T21:45:28.918+0000] {processor.py:161} INFO - Started process (PID=715) to work on /opt/airflow/dags/retail_sales_pipeline.py
[2026-06-14T21:45:28.919+0000] {processor.py:830} INFO - Processing file /opt/airflow/dags/retail_sales_pipeline.py for tasks to queue
[2026-06-14T21:45:28.922+0000] {logging_mixin.py:188} INFO - [2026-06-14T21:45:28.921+0000] {dagbag.py:545} INFO - Filling up the DagBag from /opt/airflow/dags/retail_sales_pipeline.py
[2026-06-14T21:45:28.944+0000] {logging_mixin.py:188} INFO - [2026-06-14T21:45:28.939+0000] {dagbag.py:355} ERROR - Failed to import: /opt/airflow/dags/retail_sales_pipeline.py
Traceback (most recent call last):
  File "/home/airflow/.local/lib/python3.12/site-packages/airflow/models/dagbag.py", line 351, in parse
    loader.exec_module(new_module)
  File "<frozen importlib._bootstrap_external>", line 995, in exec_module
  File "<frozen importlib._bootstrap>", line 488, in _call_with_frames_removed
  File "/opt/airflow/dags/retail_sales_pipeline.py", line 37, in <module>
    from scripts.create_raw_tables import create_tables
ModuleNotFoundError: No module named 'scripts.create_raw_tables'
[2026-06-14T21:45:28.946+0000] {processor.py:842} WARNING - No viable dags retrieved from /opt/airflow/dags/retail_sales_pipeline.py
[2026-06-14T21:45:28.970+0000] {processor.py:183} INFO - Processing /opt/airflow/dags/retail_sales_pipeline.py took 0.059 seconds
[2026-06-14T21:45:59.197+0000] {processor.py:161} INFO - Started process (PID=774) to work on /opt/airflow/dags/retail_sales_pipeline.py
[2026-06-14T21:45:59.198+0000] {processor.py:830} INFO - Processing file /opt/airflow/dags/retail_sales_pipeline.py for tasks to queue
[2026-06-14T21:45:59.202+0000] {logging_mixin.py:188} INFO - [2026-06-14T21:45:59.201+0000] {dagbag.py:545} INFO - Filling up the DagBag from /opt/airflow/dags/retail_sales_pipeline.py
[2026-06-14T21:45:59.228+0000] {logging_mixin.py:188} INFO - [2026-06-14T21:45:59.222+0000] {dagbag.py:355} ERROR - Failed to import: /opt/airflow/dags/retail_sales_pipeline.py
Traceback (most recent call last):
  File "/home/airflow/.local/lib/python3.12/site-packages/airflow/models/dagbag.py", line 351, in parse
    loader.exec_module(new_module)
  File "<frozen importlib._bootstrap_external>", line 995, in exec_module
  File "<frozen importlib._bootstrap>", line 488, in _call_with_frames_removed
  File "/opt/airflow/dags/retail_sales_pipeline.py", line 37, in <module>
    from scripts.create_raw_tables import create_tables
ModuleNotFoundError: No module named 'scripts.create_raw_tables'
[2026-06-14T21:45:59.230+0000] {processor.py:842} WARNING - No viable dags retrieved from /opt/airflow/dags/retail_sales_pipeline.py
[2026-06-14T21:45:59.262+0000] {processor.py:183} INFO - Processing /opt/airflow/dags/retail_sales_pipeline.py took 0.075 seconds
[2026-06-14T21:46:29.631+0000] {processor.py:161} INFO - Started process (PID=833) to work on /opt/airflow/dags/retail_sales_pipeline.py
[2026-06-14T21:46:29.632+0000] {processor.py:830} INFO - Processing file /opt/airflow/dags/retail_sales_pipeline.py for tasks to queue
[2026-06-14T21:46:29.635+0000] {logging_mixin.py:188} INFO - [2026-06-14T21:46:29.634+0000] {dagbag.py:545} INFO - Filling up the DagBag from /opt/airflow/dags/retail_sales_pipeline.py
[2026-06-14T21:46:29.662+0000] {logging_mixin.py:188} INFO - [2026-06-14T21:46:29.657+0000] {dagbag.py:355} ERROR - Failed to import: /opt/airflow/dags/retail_sales_pipeline.py
Traceback (most recent call last):
  File "/home/airflow/.local/lib/python3.12/site-packages/airflow/models/dagbag.py", line 351, in parse
    loader.exec_module(new_module)
  File "<frozen importlib._bootstrap_external>", line 995, in exec_module
  File "<frozen importlib._bootstrap>", line 488, in _call_with_frames_removed
  File "/opt/airflow/dags/retail_sales_pipeline.py", line 37, in <module>
    from scripts.create_raw_tables import create_tables
ModuleNotFoundError: No module named 'scripts.create_raw_tables'
[2026-06-14T21:46:29.664+0000] {processor.py:842} WARNING - No viable dags retrieved from /opt/airflow/dags/retail_sales_pipeline.py
[2026-06-14T21:46:29.687+0000] {processor.py:183} INFO - Processing /opt/airflow/dags/retail_sales_pipeline.py took 0.063 seconds
[2026-06-14T21:47:00.479+0000] {processor.py:161} INFO - Started process (PID=892) to work on /opt/airflow/dags/retail_sales_pipeline.py
[2026-06-14T21:47:00.481+0000] {processor.py:830} INFO - Processing file /opt/airflow/dags/retail_sales_pipeline.py for tasks to queue
[2026-06-14T21:47:00.485+0000] {logging_mixin.py:188} INFO - [2026-06-14T21:47:00.484+0000] {dagbag.py:545} INFO - Filling up the DagBag from /opt/airflow/dags/retail_sales_pipeline.py
[2026-06-14T21:47:00.529+0000] {logging_mixin.py:188} INFO - [2026-06-14T21:47:00.521+0000] {dagbag.py:355} ERROR - Failed to import: /opt/airflow/dags/retail_sales_pipeline.py
Traceback (most recent call last):
  File "/home/airflow/.local/lib/python3.12/site-packages/airflow/models/dagbag.py", line 351, in parse
    loader.exec_module(new_module)
  File "<frozen importlib._bootstrap_external>", line 995, in exec_module
  File "<frozen importlib._bootstrap>", line 488, in _call_with_frames_removed
  File "/opt/airflow/dags/retail_sales_pipeline.py", line 37, in <module>
    from scripts.create_raw_tables import create_tables
ModuleNotFoundError: No module named 'scripts.create_raw_tables'
[2026-06-14T21:47:00.532+0000] {processor.py:842} WARNING - No viable dags retrieved from /opt/airflow/dags/retail_sales_pipeline.py
[2026-06-14T21:47:00.585+0000] {processor.py:183} INFO - Processing /opt/airflow/dags/retail_sales_pipeline.py took 0.119 seconds
[2026-06-14T21:47:31.108+0000] {processor.py:161} INFO - Started process (PID=951) to work on /opt/airflow/dags/retail_sales_pipeline.py
[2026-06-14T21:47:31.110+0000] {processor.py:830} INFO - Processing file /opt/airflow/dags/retail_sales_pipeline.py for tasks to queue
[2026-06-14T21:47:31.113+0000] {logging_mixin.py:188} INFO - [2026-06-14T21:47:31.113+0000] {dagbag.py:545} INFO - Filling up the DagBag from /opt/airflow/dags/retail_sales_pipeline.py
[2026-06-14T21:47:31.145+0000] {logging_mixin.py:188} INFO - [2026-06-14T21:47:31.138+0000] {dagbag.py:355} ERROR - Failed to import: /opt/airflow/dags/retail_sales_pipeline.py
Traceback (most recent call last):
  File "/home/airflow/.local/lib/python3.12/site-packages/airflow/models/dagbag.py", line 351, in parse
    loader.exec_module(new_module)
  File "<frozen importlib._bootstrap_external>", line 995, in exec_module
  File "<frozen importlib._bootstrap>", line 488, in _call_with_frames_removed
  File "/opt/airflow/dags/retail_sales_pipeline.py", line 37, in <module>
    from scripts.create_raw_tables import create_tables
ModuleNotFoundError: No module named 'scripts.create_raw_tables'
[2026-06-14T21:47:31.148+0000] {processor.py:842} WARNING - No viable dags retrieved from /opt/airflow/dags/retail_sales_pipeline.py
[2026-06-14T21:47:31.223+0000] {processor.py:183} INFO - Processing /opt/airflow/dags/retail_sales_pipeline.py took 0.126 seconds
[2026-06-14T21:48:01.693+0000] {processor.py:161} INFO - Started process (PID=1009) to work on /opt/airflow/dags/retail_sales_pipeline.py
[2026-06-14T21:48:01.695+0000] {processor.py:830} INFO - Processing file /opt/airflow/dags/retail_sales_pipeline.py for tasks to queue
[2026-06-14T21:48:01.699+0000] {logging_mixin.py:188} INFO - [2026-06-14T21:48:01.698+0000] {dagbag.py:545} INFO - Filling up the DagBag from /opt/airflow/dags/retail_sales_pipeline.py
[2026-06-14T21:48:01.722+0000] {logging_mixin.py:188} INFO - [2026-06-14T21:48:01.716+0000] {dagbag.py:355} ERROR - Failed to import: /opt/airflow/dags/retail_sales_pipeline.py
Traceback (most recent call last):
  File "/home/airflow/.local/lib/python3.12/site-packages/airflow/models/dagbag.py", line 351, in parse
    loader.exec_module(new_module)
  File "<frozen importlib._bootstrap_external>", line 995, in exec_module
  File "<frozen importlib._bootstrap>", line 488, in _call_with_frames_removed
  File "/opt/airflow/dags/retail_sales_pipeline.py", line 37, in <module>
    from scripts.create_raw_tables import create_tables
ModuleNotFoundError: No module named 'scripts.create_raw_tables'
[2026-06-14T21:48:01.724+0000] {processor.py:842} WARNING - No viable dags retrieved from /opt/airflow/dags/retail_sales_pipeline.py
[2026-06-14T21:48:01.754+0000] {processor.py:183} INFO - Processing /opt/airflow/dags/retail_sales_pipeline.py took 0.068 seconds
[2026-06-14T21:48:32.333+0000] {processor.py:161} INFO - Started process (PID=1068) to work on /opt/airflow/dags/retail_sales_pipeline.py
[2026-06-14T21:48:32.334+0000] {processor.py:830} INFO - Processing file /opt/airflow/dags/retail_sales_pipeline.py for tasks to queue
[2026-06-14T21:48:32.336+0000] {logging_mixin.py:188} INFO - [2026-06-14T21:48:32.336+0000] {dagbag.py:545} INFO - Filling up the DagBag from /opt/airflow/dags/retail_sales_pipeline.py
[2026-06-14T21:48:32.360+0000] {logging_mixin.py:188} INFO - [2026-06-14T21:48:32.355+0000] {dagbag.py:355} ERROR - Failed to import: /opt/airflow/dags/retail_sales_pipeline.py
Traceback (most recent call last):
  File "/home/airflow/.local/lib/python3.12/site-packages/airflow/models/dagbag.py", line 351, in parse
    loader.exec_module(new_module)
  File "<frozen importlib._bootstrap_external>", line 995, in exec_module
  File "<frozen importlib._bootstrap>", line 488, in _call_with_frames_removed
  File "/opt/airflow/dags/retail_sales_pipeline.py", line 37, in <module>
    from scripts.create_raw_tables import create_tables
ModuleNotFoundError: No module named 'scripts.create_raw_tables'
[2026-06-14T21:48:32.362+0000] {processor.py:842} WARNING - No viable dags retrieved from /opt/airflow/dags/retail_sales_pipeline.py
[2026-06-14T21:48:32.386+0000] {processor.py:183} INFO - Processing /opt/airflow/dags/retail_sales_pipeline.py took 0.061 seconds
[2026-06-14T21:49:02.453+0000] {processor.py:161} INFO - Started process (PID=1126) to work on /opt/airflow/dags/retail_sales_pipeline.py
[2026-06-14T21:49:02.454+0000] {processor.py:830} INFO - Processing file /opt/airflow/dags/retail_sales_pipeline.py for tasks to queue
[2026-06-14T21:49:02.457+0000] {logging_mixin.py:188} INFO - [2026-06-14T21:49:02.457+0000] {dagbag.py:545} INFO - Filling up the DagBag from /opt/airflow/dags/retail_sales_pipeline.py
[2026-06-14T21:49:02.485+0000] {logging_mixin.py:188} INFO - [2026-06-14T21:49:02.479+0000] {dagbag.py:355} ERROR - Failed to import: /opt/airflow/dags/retail_sales_pipeline.py
Traceback (most recent call last):
  File "/home/airflow/.local/lib/python3.12/site-packages/airflow/models/dagbag.py", line 351, in parse
    loader.exec_module(new_module)
  File "<frozen importlib._bootstrap_external>", line 995, in exec_module
  File "<frozen importlib._bootstrap>", line 488, in _call_with_frames_removed
  File "/opt/airflow/dags/retail_sales_pipeline.py", line 37, in <module>
    from scripts.create_raw_tables import create_tables
ModuleNotFoundError: No module named 'scripts.create_raw_tables'
[2026-06-14T21:49:02.488+0000] {processor.py:842} WARNING - No viable dags retrieved from /opt/airflow/dags/retail_sales_pipeline.py
[2026-06-14T21:49:02.527+0000] {processor.py:183} INFO - Processing /opt/airflow/dags/retail_sales_pipeline.py took 0.081 seconds
[2026-06-14T21:49:32.844+0000] {processor.py:161} INFO - Started process (PID=1185) to work on /opt/airflow/dags/retail_sales_pipeline.py
[2026-06-14T21:49:32.846+0000] {processor.py:830} INFO - Processing file /opt/airflow/dags/retail_sales_pipeline.py for tasks to queue
[2026-06-14T21:49:32.851+0000] {logging_mixin.py:188} INFO - [2026-06-14T21:49:32.850+0000] {dagbag.py:545} INFO - Filling up the DagBag from /opt/airflow/dags/retail_sales_pipeline.py
[2026-06-14T21:49:32.883+0000] {logging_mixin.py:188} INFO - [2026-06-14T21:49:32.877+0000] {dagbag.py:355} ERROR - Failed to import: /opt/airflow/dags/retail_sales_pipeline.py
Traceback (most recent call last):
  File "/home/airflow/.local/lib/python3.12/site-packages/airflow/models/dagbag.py", line 351, in parse
    loader.exec_module(new_module)
  File "<frozen importlib._bootstrap_external>", line 995, in exec_module
  File "<frozen importlib._bootstrap>", line 488, in _call_with_frames_removed
  File "/opt/airflow/dags/retail_sales_pipeline.py", line 37, in <module>
    from scripts.create_raw_tables import create_tables
ModuleNotFoundError: No module named 'scripts.create_raw_tables'
[2026-06-14T21:49:32.885+0000] {processor.py:842} WARNING - No viable dags retrieved from /opt/airflow/dags/retail_sales_pipeline.py
[2026-06-14T21:49:32.919+0000] {processor.py:183} INFO - Processing /opt/airflow/dags/retail_sales_pipeline.py took 0.085 seconds
[2026-06-14T21:51:26.820+0000] {processor.py:161} INFO - Started process (PID=29) to work on /opt/airflow/dags/retail_sales_pipeline.py
[2026-06-14T21:51:26.822+0000] {processor.py:830} INFO - Processing file /opt/airflow/dags/retail_sales_pipeline.py for tasks to queue
[2026-06-14T21:51:26.825+0000] {logging_mixin.py:188} INFO - [2026-06-14T21:51:26.824+0000] {dagbag.py:545} INFO - Filling up the DagBag from /opt/airflow/dags/retail_sales_pipeline.py
[2026-06-14T21:51:26.860+0000] {logging_mixin.py:188} INFO - [2026-06-14T21:51:26.853+0000] {dagbag.py:355} ERROR - Failed to import: /opt/airflow/dags/retail_sales_pipeline.py
Traceback (most recent call last):
  File "/home/airflow/.local/lib/python3.12/site-packages/airflow/models/dagbag.py", line 351, in parse
    loader.exec_module(new_module)
  File "<frozen importlib._bootstrap_external>", line 995, in exec_module
  File "<frozen importlib._bootstrap>", line 488, in _call_with_frames_removed
  File "/opt/airflow/dags/retail_sales_pipeline.py", line 37, in <module>
    from scripts.create_raw_tables import create_tables
ModuleNotFoundError: No module named 'scripts.create_raw_tables'
[2026-06-14T21:51:26.863+0000] {processor.py:842} WARNING - No viable dags retrieved from /opt/airflow/dags/retail_sales_pipeline.py
[2026-06-14T21:51:26.936+0000] {processor.py:183} INFO - Processing /opt/airflow/dags/retail_sales_pipeline.py took 0.125 seconds
[2026-06-14T21:51:57.110+0000] {processor.py:161} INFO - Started process (PID=30) to work on /opt/airflow/dags/retail_sales_pipeline.py
[2026-06-14T21:51:57.111+0000] {processor.py:830} INFO - Processing file /opt/airflow/dags/retail_sales_pipeline.py for tasks to queue
[2026-06-14T21:51:57.115+0000] {logging_mixin.py:188} INFO - [2026-06-14T21:51:57.115+0000] {dagbag.py:545} INFO - Filling up the DagBag from /opt/airflow/dags/retail_sales_pipeline.py
[2026-06-14T21:51:57.139+0000] {logging_mixin.py:188} INFO - [2026-06-14T21:51:57.133+0000] {dagbag.py:355} ERROR - Failed to import: /opt/airflow/dags/retail_sales_pipeline.py
Traceback (most recent call last):
  File "/home/airflow/.local/lib/python3.12/site-packages/airflow/models/dagbag.py", line 351, in parse
    loader.exec_module(new_module)
  File "<frozen importlib._bootstrap_external>", line 995, in exec_module
  File "<frozen importlib._bootstrap>", line 488, in _call_with_frames_removed
  File "/opt/airflow/dags/retail_sales_pipeline.py", line 37, in <module>
    from scripts.create_raw_tables import create_tables
ModuleNotFoundError: No module named 'scripts.create_raw_tables'
[2026-06-14T21:51:57.141+0000] {processor.py:842} WARNING - No viable dags retrieved from /opt/airflow/dags/retail_sales_pipeline.py
[2026-06-14T21:51:57.210+0000] {processor.py:183} INFO - Processing /opt/airflow/dags/retail_sales_pipeline.py took 0.108 seconds
[2026-06-14T21:52:27.388+0000] {processor.py:161} INFO - Started process (PID=31) to work on /opt/airflow/dags/retail_sales_pipeline.py
[2026-06-14T21:52:27.389+0000] {processor.py:830} INFO - Processing file /opt/airflow/dags/retail_sales_pipeline.py for tasks to queue
[2026-06-14T21:52:27.393+0000] {logging_mixin.py:188} INFO - [2026-06-14T21:52:27.392+0000] {dagbag.py:545} INFO - Filling up the DagBag from /opt/airflow/dags/retail_sales_pipeline.py
[2026-06-14T21:52:27.419+0000] {logging_mixin.py:188} INFO - [2026-06-14T21:52:27.412+0000] {dagbag.py:355} ERROR - Failed to import: /opt/airflow/dags/retail_sales_pipeline.py
Traceback (most recent call last):
  File "/home/airflow/.local/lib/python3.12/site-packages/airflow/models/dagbag.py", line 351, in parse
    loader.exec_module(new_module)
  File "<frozen importlib._bootstrap_external>", line 995, in exec_module
  File "<frozen importlib._bootstrap>", line 488, in _call_with_frames_removed
  File "/opt/airflow/dags/retail_sales_pipeline.py", line 37, in <module>
    from scripts.create_raw_tables import create_tables
ModuleNotFoundError: No module named 'scripts.create_raw_tables'
[2026-06-14T21:52:27.421+0000] {processor.py:842} WARNING - No viable dags retrieved from /opt/airflow/dags/retail_sales_pipeline.py
[2026-06-14T21:52:27.448+0000] {processor.py:183} INFO - Processing /opt/airflow/dags/retail_sales_pipeline.py took 0.070 seconds
[2026-06-14T21:52:57.677+0000] {processor.py:161} INFO - Started process (PID=32) to work on /opt/airflow/dags/retail_sales_pipeline.py
[2026-06-14T21:52:57.678+0000] {processor.py:830} INFO - Processing file /opt/airflow/dags/retail_sales_pipeline.py for tasks to queue
[2026-06-14T21:52:57.681+0000] {logging_mixin.py:188} INFO - [2026-06-14T21:52:57.681+0000] {dagbag.py:545} INFO - Filling up the DagBag from /opt/airflow/dags/retail_sales_pipeline.py
[2026-06-14T21:52:57.709+0000] {logging_mixin.py:188} INFO - [2026-06-14T21:52:57.702+0000] {dagbag.py:355} ERROR - Failed to import: /opt/airflow/dags/retail_sales_pipeline.py
Traceback (most recent call last):
  File "/home/airflow/.local/lib/python3.12/site-packages/airflow/models/dagbag.py", line 351, in parse
    loader.exec_module(new_module)
  File "<frozen importlib._bootstrap_external>", line 995, in exec_module
  File "<frozen importlib._bootstrap>", line 488, in _call_with_frames_removed
  File "/opt/airflow/dags/retail_sales_pipeline.py", line 37, in <module>
    from scripts.create_raw_tables import create_tables
ModuleNotFoundError: No module named 'scripts.create_raw_tables'
[2026-06-14T21:52:57.711+0000] {processor.py:842} WARNING - No viable dags retrieved from /opt/airflow/dags/retail_sales_pipeline.py
[2026-06-14T21:52:57.786+0000] {processor.py:183} INFO - Processing /opt/airflow/dags/retail_sales_pipeline.py took 0.117 seconds
[2026-06-14T21:53:27.916+0000] {processor.py:161} INFO - Started process (PID=33) to work on /opt/airflow/dags/retail_sales_pipeline.py
[2026-06-14T21:53:27.917+0000] {processor.py:830} INFO - Processing file /opt/airflow/dags/retail_sales_pipeline.py for tasks to queue
[2026-06-14T21:53:27.920+0000] {logging_mixin.py:188} INFO - [2026-06-14T21:53:27.919+0000] {dagbag.py:545} INFO - Filling up the DagBag from /opt/airflow/dags/retail_sales_pipeline.py
[2026-06-14T21:53:27.970+0000] {logging_mixin.py:188} INFO - [2026-06-14T21:53:27.956+0000] {dagbag.py:355} ERROR - Failed to import: /opt/airflow/dags/retail_sales_pipeline.py
Traceback (most recent call last):
  File "/home/airflow/.local/lib/python3.12/site-packages/airflow/models/dagbag.py", line 351, in parse
    loader.exec_module(new_module)
  File "<frozen importlib._bootstrap_external>", line 995, in exec_module
  File "<frozen importlib._bootstrap>", line 488, in _call_with_frames_removed
  File "/opt/airflow/dags/retail_sales_pipeline.py", line 37, in <module>
    from scripts.create_raw_tables import create_tables
ModuleNotFoundError: No module named 'scripts.create_raw_tables'
[2026-06-14T21:53:27.973+0000] {processor.py:842} WARNING - No viable dags retrieved from /opt/airflow/dags/retail_sales_pipeline.py
[2026-06-14T21:53:28.051+0000] {processor.py:183} INFO - Processing /opt/airflow/dags/retail_sales_pipeline.py took 0.146 seconds
[2026-06-14T21:53:58.282+0000] {processor.py:161} INFO - Started process (PID=34) to work on /opt/airflow/dags/retail_sales_pipeline.py
[2026-06-14T21:53:58.283+0000] {processor.py:830} INFO - Processing file /opt/airflow/dags/retail_sales_pipeline.py for tasks to queue
[2026-06-14T21:53:58.287+0000] {logging_mixin.py:188} INFO - [2026-06-14T21:53:58.286+0000] {dagbag.py:545} INFO - Filling up the DagBag from /opt/airflow/dags/retail_sales_pipeline.py
[2026-06-14T21:53:58.313+0000] {logging_mixin.py:188} INFO - [2026-06-14T21:53:58.305+0000] {dagbag.py:355} ERROR - Failed to import: /opt/airflow/dags/retail_sales_pipeline.py
Traceback (most recent call last):
  File "/home/airflow/.local/lib/python3.12/site-packages/airflow/models/dagbag.py", line 351, in parse
    loader.exec_module(new_module)
  File "<frozen importlib._bootstrap_external>", line 995, in exec_module
  File "<frozen importlib._bootstrap>", line 488, in _call_with_frames_removed
  File "/opt/airflow/dags/retail_sales_pipeline.py", line 37, in <module>
    from scripts.create_raw_tables import create_tables
ModuleNotFoundError: No module named 'scripts.create_raw_tables'
[2026-06-14T21:53:58.316+0000] {processor.py:842} WARNING - No viable dags retrieved from /opt/airflow/dags/retail_sales_pipeline.py
[2026-06-14T21:53:58.376+0000] {processor.py:183} INFO - Processing /opt/airflow/dags/retail_sales_pipeline.py took 0.104 seconds
