[2026-06-14T21:26:34.103+0000] {processor.py:161} INFO - Started process (PID=94) to work on /home/airflow/.local/lib/python3.12/site-packages/airflow/example_dags/example_subdag_operator.py
[2026-06-14T21:26:34.107+0000] {processor.py:830} INFO - Processing file /home/airflow/.local/lib/python3.12/site-packages/airflow/example_dags/example_subdag_operator.py for tasks to queue
[2026-06-14T21:26:34.110+0000] {logging_mixin.py:188} INFO - [2026-06-14T21:26:34.110+0000] {dagbag.py:545} INFO - Filling up the DagBag from /home/airflow/.local/lib/python3.12/site-packages/airflow/example_dags/example_subdag_operator.py
[2026-06-14T21:26:34.154+0000] {processor.py:840} INFO - DAG(s) 'example_subdag_operator.section-1', 'example_subdag_operator.section-2', 'example_subdag_operator' retrieved from /home/airflow/.local/lib/python3.12/site-packages/airflow/example_dags/example_subdag_operator.py
[2026-06-14T21:26:34.353+0000] {logging_mixin.py:188} INFO - [2026-06-14T21:26:34.351+0000] {override.py:1858} INFO - Created Permission View: can delete on DAG:example_subdag_operator
[2026-06-14T21:26:34.371+0000] {logging_mixin.py:188} INFO - [2026-06-14T21:26:34.371+0000] {override.py:1858} INFO - Created Permission View: can edit on DAG:example_subdag_operator
[2026-06-14T21:26:34.384+0000] {logging_mixin.py:188} INFO - [2026-06-14T21:26:34.383+0000] {override.py:1858} INFO - Created Permission View: can read on DAG:example_subdag_operator
[2026-06-14T21:26:34.385+0000] {logging_mixin.py:188} INFO - [2026-06-14T21:26:34.385+0000] {dag.py:3089} INFO - Sync 3 DAGs
[2026-06-14T21:26:34.408+0000] {logging_mixin.py:188} INFO - [2026-06-14T21:26:34.407+0000] {dag.py:3111} INFO - Creating ORM DAG for example_subdag_operator.section-2
[2026-06-14T21:26:34.409+0000] {logging_mixin.py:188} INFO - [2026-06-14T21:26:34.409+0000] {dag.py:3111} INFO - Creating ORM DAG for example_subdag_operator
[2026-06-14T21:26:34.410+0000] {logging_mixin.py:188} INFO - [2026-06-14T21:26:34.410+0000] {dag.py:3111} INFO - Creating ORM DAG for example_subdag_operator.section-1
[2026-06-14T21:26:34.424+0000] {logging_mixin.py:188} INFO - [2026-06-14T21:26:34.423+0000] {dag.py:3947} INFO - Setting next_dagrun for example_subdag_operator to 2022-01-01 00:00:00+00:00, run_after=2022-01-01 00:00:00+00:00
[2026-06-14T21:26:34.425+0000] {logging_mixin.py:188} INFO - [2026-06-14T21:26:34.425+0000] {dag.py:3947} INFO - Setting next_dagrun for example_subdag_operator.section-1 to None, run_after=None
[2026-06-14T21:26:34.426+0000] {logging_mixin.py:188} INFO - [2026-06-14T21:26:34.426+0000] {dag.py:3947} INFO - Setting next_dagrun for example_subdag_operator.section-2 to None, run_after=None
[2026-06-14T21:26:34.441+0000] {logging_mixin.py:188} INFO - [2026-06-14T21:26:34.441+0000] {dag.py:3089} INFO - Sync 2 DAGs
[2026-06-14T21:26:34.452+0000] {logging_mixin.py:188} INFO - [2026-06-14T21:26:34.452+0000] {dag.py:3947} INFO - Setting next_dagrun for example_subdag_operator.section-1 to None, run_after=None
[2026-06-14T21:26:34.458+0000] {logging_mixin.py:188} INFO - [2026-06-14T21:26:34.458+0000] {dag.py:3947} INFO - Setting next_dagrun for example_subdag_operator.section-2 to None, run_after=None
[2026-06-14T21:26:34.482+0000] {processor.py:183} INFO - Processing /home/airflow/.local/lib/python3.12/site-packages/airflow/example_dags/example_subdag_operator.py took 0.392 seconds
[2026-06-14T21:27:05.095+0000] {processor.py:161} INFO - Started process (PID=153) to work on /home/airflow/.local/lib/python3.12/site-packages/airflow/example_dags/example_subdag_operator.py
[2026-06-14T21:27:05.097+0000] {processor.py:830} INFO - Processing file /home/airflow/.local/lib/python3.12/site-packages/airflow/example_dags/example_subdag_operator.py for tasks to queue
[2026-06-14T21:27:05.100+0000] {logging_mixin.py:188} INFO - [2026-06-14T21:27:05.100+0000] {dagbag.py:545} INFO - Filling up the DagBag from /home/airflow/.local/lib/python3.12/site-packages/airflow/example_dags/example_subdag_operator.py
[2026-06-14T21:27:05.141+0000] {processor.py:840} INFO - DAG(s) 'example_subdag_operator.section-1', 'example_subdag_operator.section-2', 'example_subdag_operator' retrieved from /home/airflow/.local/lib/python3.12/site-packages/airflow/example_dags/example_subdag_operator.py
[2026-06-14T21:27:05.161+0000] {logging_mixin.py:188} INFO - [2026-06-14T21:27:05.161+0000] {dag.py:3089} INFO - Sync 3 DAGs
[2026-06-14T21:27:05.190+0000] {logging_mixin.py:188} INFO - [2026-06-14T21:27:05.190+0000] {dag.py:3947} INFO - Setting next_dagrun for example_subdag_operator to 2022-01-01 00:00:00+00:00, run_after=2022-01-01 00:00:00+00:00
[2026-06-14T21:27:05.199+0000] {logging_mixin.py:188} INFO - [2026-06-14T21:27:05.198+0000] {dag.py:3947} INFO - Setting next_dagrun for example_subdag_operator.section-1 to None, run_after=None
[2026-06-14T21:27:05.205+0000] {logging_mixin.py:188} INFO - [2026-06-14T21:27:05.205+0000] {dag.py:3947} INFO - Setting next_dagrun for example_subdag_operator.section-2 to None, run_after=None
[2026-06-14T21:27:05.236+0000] {logging_mixin.py:188} INFO - [2026-06-14T21:27:05.235+0000] {dag.py:3089} INFO - Sync 2 DAGs
[2026-06-14T21:27:05.247+0000] {logging_mixin.py:188} INFO - [2026-06-14T21:27:05.246+0000] {dag.py:3947} INFO - Setting next_dagrun for example_subdag_operator.section-1 to None, run_after=None
[2026-06-14T21:27:05.249+0000] {logging_mixin.py:188} INFO - [2026-06-14T21:27:05.248+0000] {dag.py:3947} INFO - Setting next_dagrun for example_subdag_operator.section-2 to None, run_after=None
[2026-06-14T21:27:05.271+0000] {processor.py:183} INFO - Processing /home/airflow/.local/lib/python3.12/site-packages/airflow/example_dags/example_subdag_operator.py took 0.186 seconds
[2026-06-14T21:27:35.379+0000] {processor.py:161} INFO - Started process (PID=212) to work on /home/airflow/.local/lib/python3.12/site-packages/airflow/example_dags/example_subdag_operator.py
[2026-06-14T21:27:35.380+0000] {processor.py:830} INFO - Processing file /home/airflow/.local/lib/python3.12/site-packages/airflow/example_dags/example_subdag_operator.py for tasks to queue
[2026-06-14T21:27:35.385+0000] {logging_mixin.py:188} INFO - [2026-06-14T21:27:35.384+0000] {dagbag.py:545} INFO - Filling up the DagBag from /home/airflow/.local/lib/python3.12/site-packages/airflow/example_dags/example_subdag_operator.py
[2026-06-14T21:27:35.416+0000] {processor.py:840} INFO - DAG(s) 'example_subdag_operator.section-1', 'example_subdag_operator.section-2', 'example_subdag_operator' retrieved from /home/airflow/.local/lib/python3.12/site-packages/airflow/example_dags/example_subdag_operator.py
[2026-06-14T21:27:35.438+0000] {logging_mixin.py:188} INFO - [2026-06-14T21:27:35.438+0000] {dag.py:3089} INFO - Sync 3 DAGs
[2026-06-14T21:27:35.475+0000] {logging_mixin.py:188} INFO - [2026-06-14T21:27:35.475+0000] {dag.py:3947} INFO - Setting next_dagrun for example_subdag_operator to 2022-01-01 00:00:00+00:00, run_after=2022-01-01 00:00:00+00:00
[2026-06-14T21:27:35.485+0000] {logging_mixin.py:188} INFO - [2026-06-14T21:27:35.485+0000] {dag.py:3947} INFO - Setting next_dagrun for example_subdag_operator.section-1 to None, run_after=None
[2026-06-14T21:27:35.490+0000] {logging_mixin.py:188} INFO - [2026-06-14T21:27:35.489+0000] {dag.py:3947} INFO - Setting next_dagrun for example_subdag_operator.section-2 to None, run_after=None
[2026-06-14T21:27:35.501+0000] {logging_mixin.py:188} INFO - [2026-06-14T21:27:35.501+0000] {dag.py:3089} INFO - Sync 2 DAGs
[2026-06-14T21:27:35.507+0000] {logging_mixin.py:188} INFO - [2026-06-14T21:27:35.507+0000] {dag.py:3947} INFO - Setting next_dagrun for example_subdag_operator.section-1 to None, run_after=None
[2026-06-14T21:27:35.508+0000] {logging_mixin.py:188} INFO - [2026-06-14T21:27:35.508+0000] {dag.py:3947} INFO - Setting next_dagrun for example_subdag_operator.section-2 to None, run_after=None
[2026-06-14T21:27:35.525+0000] {processor.py:183} INFO - Processing /home/airflow/.local/lib/python3.12/site-packages/airflow/example_dags/example_subdag_operator.py took 0.153 seconds
[2026-06-14T21:28:06.401+0000] {processor.py:161} INFO - Started process (PID=271) to work on /home/airflow/.local/lib/python3.12/site-packages/airflow/example_dags/example_subdag_operator.py
[2026-06-14T21:28:06.402+0000] {processor.py:830} INFO - Processing file /home/airflow/.local/lib/python3.12/site-packages/airflow/example_dags/example_subdag_operator.py for tasks to queue
[2026-06-14T21:28:06.405+0000] {logging_mixin.py:188} INFO - [2026-06-14T21:28:06.404+0000] {dagbag.py:545} INFO - Filling up the DagBag from /home/airflow/.local/lib/python3.12/site-packages/airflow/example_dags/example_subdag_operator.py
[2026-06-14T21:28:06.439+0000] {processor.py:840} INFO - DAG(s) 'example_subdag_operator.section-1', 'example_subdag_operator.section-2', 'example_subdag_operator' retrieved from /home/airflow/.local/lib/python3.12/site-packages/airflow/example_dags/example_subdag_operator.py
[2026-06-14T21:28:06.466+0000] {logging_mixin.py:188} INFO - [2026-06-14T21:28:06.466+0000] {dag.py:3089} INFO - Sync 3 DAGs
[2026-06-14T21:28:06.496+0000] {logging_mixin.py:188} INFO - [2026-06-14T21:28:06.496+0000] {dag.py:3947} INFO - Setting next_dagrun for example_subdag_operator to 2022-01-01 00:00:00+00:00, run_after=2022-01-01 00:00:00+00:00
[2026-06-14T21:28:06.501+0000] {logging_mixin.py:188} INFO - [2026-06-14T21:28:06.500+0000] {dag.py:3947} INFO - Setting next_dagrun for example_subdag_operator.section-1 to None, run_after=None
[2026-06-14T21:28:06.503+0000] {logging_mixin.py:188} INFO - [2026-06-14T21:28:06.502+0000] {dag.py:3947} INFO - Setting next_dagrun for example_subdag_operator.section-2 to None, run_after=None
[2026-06-14T21:28:06.513+0000] {logging_mixin.py:188} INFO - [2026-06-14T21:28:06.512+0000] {dag.py:3089} INFO - Sync 2 DAGs
[2026-06-14T21:28:06.521+0000] {logging_mixin.py:188} INFO - [2026-06-14T21:28:06.520+0000] {dag.py:3947} INFO - Setting next_dagrun for example_subdag_operator.section-1 to None, run_after=None
[2026-06-14T21:28:06.521+0000] {logging_mixin.py:188} INFO - [2026-06-14T21:28:06.521+0000] {dag.py:3947} INFO - Setting next_dagrun for example_subdag_operator.section-2 to None, run_after=None
[2026-06-14T21:28:06.536+0000] {processor.py:183} INFO - Processing /home/airflow/.local/lib/python3.12/site-packages/airflow/example_dags/example_subdag_operator.py took 0.146 seconds
[2026-06-14T21:28:36.798+0000] {processor.py:161} INFO - Started process (PID=330) to work on /home/airflow/.local/lib/python3.12/site-packages/airflow/example_dags/example_subdag_operator.py
[2026-06-14T21:28:36.800+0000] {processor.py:830} INFO - Processing file /home/airflow/.local/lib/python3.12/site-packages/airflow/example_dags/example_subdag_operator.py for tasks to queue
[2026-06-14T21:28:36.803+0000] {logging_mixin.py:188} INFO - [2026-06-14T21:28:36.803+0000] {dagbag.py:545} INFO - Filling up the DagBag from /home/airflow/.local/lib/python3.12/site-packages/airflow/example_dags/example_subdag_operator.py
[2026-06-14T21:28:36.842+0000] {processor.py:840} INFO - DAG(s) 'example_subdag_operator.section-1', 'example_subdag_operator.section-2', 'example_subdag_operator' retrieved from /home/airflow/.local/lib/python3.12/site-packages/airflow/example_dags/example_subdag_operator.py
[2026-06-14T21:28:36.873+0000] {logging_mixin.py:188} INFO - [2026-06-14T21:28:36.872+0000] {dag.py:3089} INFO - Sync 3 DAGs
[2026-06-14T21:28:36.923+0000] {logging_mixin.py:188} INFO - [2026-06-14T21:28:36.922+0000] {dag.py:3947} INFO - Setting next_dagrun for example_subdag_operator to 2022-01-01 00:00:00+00:00, run_after=2022-01-01 00:00:00+00:00
[2026-06-14T21:28:36.934+0000] {logging_mixin.py:188} INFO - [2026-06-14T21:28:36.933+0000] {dag.py:3947} INFO - Setting next_dagrun for example_subdag_operator.section-1 to None, run_after=None
[2026-06-14T21:28:36.937+0000] {logging_mixin.py:188} INFO - [2026-06-14T21:28:36.936+0000] {dag.py:3947} INFO - Setting next_dagrun for example_subdag_operator.section-2 to None, run_after=None
[2026-06-14T21:28:36.959+0000] {logging_mixin.py:188} INFO - [2026-06-14T21:28:36.958+0000] {dag.py:3089} INFO - Sync 2 DAGs
[2026-06-14T21:28:36.971+0000] {logging_mixin.py:188} INFO - [2026-06-14T21:28:36.970+0000] {dag.py:3947} INFO - Setting next_dagrun for example_subdag_operator.section-1 to None, run_after=None
[2026-06-14T21:28:36.975+0000] {logging_mixin.py:188} INFO - [2026-06-14T21:28:36.974+0000] {dag.py:3947} INFO - Setting next_dagrun for example_subdag_operator.section-2 to None, run_after=None
[2026-06-14T21:28:37.001+0000] {processor.py:183} INFO - Processing /home/airflow/.local/lib/python3.12/site-packages/airflow/example_dags/example_subdag_operator.py took 0.212 seconds
[2026-06-14T21:29:07.737+0000] {processor.py:161} INFO - Started process (PID=389) to work on /home/airflow/.local/lib/python3.12/site-packages/airflow/example_dags/example_subdag_operator.py
[2026-06-14T21:29:07.739+0000] {processor.py:830} INFO - Processing file /home/airflow/.local/lib/python3.12/site-packages/airflow/example_dags/example_subdag_operator.py for tasks to queue
[2026-06-14T21:29:07.743+0000] {logging_mixin.py:188} INFO - [2026-06-14T21:29:07.742+0000] {dagbag.py:545} INFO - Filling up the DagBag from /home/airflow/.local/lib/python3.12/site-packages/airflow/example_dags/example_subdag_operator.py
[2026-06-14T21:29:07.792+0000] {processor.py:840} INFO - DAG(s) 'example_subdag_operator.section-1', 'example_subdag_operator.section-2', 'example_subdag_operator' retrieved from /home/airflow/.local/lib/python3.12/site-packages/airflow/example_dags/example_subdag_operator.py
[2026-06-14T21:29:07.823+0000] {logging_mixin.py:188} INFO - [2026-06-14T21:29:07.823+0000] {dag.py:3089} INFO - Sync 3 DAGs
[2026-06-14T21:29:07.865+0000] {logging_mixin.py:188} INFO - [2026-06-14T21:29:07.865+0000] {dag.py:3947} INFO - Setting next_dagrun for example_subdag_operator to 2022-01-01 00:00:00+00:00, run_after=2022-01-01 00:00:00+00:00
[2026-06-14T21:29:07.873+0000] {logging_mixin.py:188} INFO - [2026-06-14T21:29:07.872+0000] {dag.py:3947} INFO - Setting next_dagrun for example_subdag_operator.section-1 to None, run_after=None
[2026-06-14T21:29:07.876+0000] {logging_mixin.py:188} INFO - [2026-06-14T21:29:07.876+0000] {dag.py:3947} INFO - Setting next_dagrun for example_subdag_operator.section-2 to None, run_after=None
[2026-06-14T21:29:07.892+0000] {logging_mixin.py:188} INFO - [2026-06-14T21:29:07.891+0000] {dag.py:3089} INFO - Sync 2 DAGs
[2026-06-14T21:29:07.903+0000] {logging_mixin.py:188} INFO - [2026-06-14T21:29:07.902+0000] {dag.py:3947} INFO - Setting next_dagrun for example_subdag_operator.section-1 to None, run_after=None
[2026-06-14T21:29:07.904+0000] {logging_mixin.py:188} INFO - [2026-06-14T21:29:07.903+0000] {dag.py:3947} INFO - Setting next_dagrun for example_subdag_operator.section-2 to None, run_after=None
[2026-06-14T21:29:07.921+0000] {processor.py:183} INFO - Processing /home/airflow/.local/lib/python3.12/site-packages/airflow/example_dags/example_subdag_operator.py took 0.198 seconds
[2026-06-14T21:29:38.143+0000] {processor.py:161} INFO - Started process (PID=448) to work on /home/airflow/.local/lib/python3.12/site-packages/airflow/example_dags/example_subdag_operator.py
[2026-06-14T21:29:38.144+0000] {processor.py:830} INFO - Processing file /home/airflow/.local/lib/python3.12/site-packages/airflow/example_dags/example_subdag_operator.py for tasks to queue
[2026-06-14T21:29:38.148+0000] {logging_mixin.py:188} INFO - [2026-06-14T21:29:38.148+0000] {dagbag.py:545} INFO - Filling up the DagBag from /home/airflow/.local/lib/python3.12/site-packages/airflow/example_dags/example_subdag_operator.py
[2026-06-14T21:29:38.189+0000] {processor.py:840} INFO - DAG(s) 'example_subdag_operator.section-1', 'example_subdag_operator.section-2', 'example_subdag_operator' retrieved from /home/airflow/.local/lib/python3.12/site-packages/airflow/example_dags/example_subdag_operator.py
[2026-06-14T21:29:38.217+0000] {logging_mixin.py:188} INFO - [2026-06-14T21:29:38.217+0000] {dag.py:3089} INFO - Sync 3 DAGs
[2026-06-14T21:29:38.261+0000] {logging_mixin.py:188} INFO - [2026-06-14T21:29:38.261+0000] {dag.py:3947} INFO - Setting next_dagrun for example_subdag_operator to 2022-01-01 00:00:00+00:00, run_after=2022-01-01 00:00:00+00:00
[2026-06-14T21:29:38.269+0000] {logging_mixin.py:188} INFO - [2026-06-14T21:29:38.269+0000] {dag.py:3947} INFO - Setting next_dagrun for example_subdag_operator.section-1 to None, run_after=None
[2026-06-14T21:29:38.276+0000] {logging_mixin.py:188} INFO - [2026-06-14T21:29:38.276+0000] {dag.py:3947} INFO - Setting next_dagrun for example_subdag_operator.section-2 to None, run_after=None
[2026-06-14T21:29:38.290+0000] {logging_mixin.py:188} INFO - [2026-06-14T21:29:38.290+0000] {dag.py:3089} INFO - Sync 2 DAGs
[2026-06-14T21:29:38.299+0000] {logging_mixin.py:188} INFO - [2026-06-14T21:29:38.299+0000] {dag.py:3947} INFO - Setting next_dagrun for example_subdag_operator.section-1 to None, run_after=None
[2026-06-14T21:29:38.304+0000] {logging_mixin.py:188} INFO - [2026-06-14T21:29:38.303+0000] {dag.py:3947} INFO - Setting next_dagrun for example_subdag_operator.section-2 to None, run_after=None
[2026-06-14T21:29:38.325+0000] {processor.py:183} INFO - Processing /home/airflow/.local/lib/python3.12/site-packages/airflow/example_dags/example_subdag_operator.py took 0.192 seconds
[2026-06-14T21:30:08.815+0000] {processor.py:161} INFO - Started process (PID=506) to work on /home/airflow/.local/lib/python3.12/site-packages/airflow/example_dags/example_subdag_operator.py
[2026-06-14T21:30:08.816+0000] {processor.py:830} INFO - Processing file /home/airflow/.local/lib/python3.12/site-packages/airflow/example_dags/example_subdag_operator.py for tasks to queue
[2026-06-14T21:30:08.818+0000] {logging_mixin.py:188} INFO - [2026-06-14T21:30:08.818+0000] {dagbag.py:545} INFO - Filling up the DagBag from /home/airflow/.local/lib/python3.12/site-packages/airflow/example_dags/example_subdag_operator.py
[2026-06-14T21:30:08.859+0000] {processor.py:840} INFO - DAG(s) 'example_subdag_operator.section-1', 'example_subdag_operator.section-2', 'example_subdag_operator' retrieved from /home/airflow/.local/lib/python3.12/site-packages/airflow/example_dags/example_subdag_operator.py
[2026-06-14T21:30:08.883+0000] {logging_mixin.py:188} INFO - [2026-06-14T21:30:08.883+0000] {dag.py:3089} INFO - Sync 3 DAGs
[2026-06-14T21:30:08.911+0000] {logging_mixin.py:188} INFO - [2026-06-14T21:30:08.911+0000] {dag.py:3947} INFO - Setting next_dagrun for example_subdag_operator to 2022-01-01 00:00:00+00:00, run_after=2022-01-01 00:00:00+00:00
[2026-06-14T21:30:08.917+0000] {logging_mixin.py:188} INFO - [2026-06-14T21:30:08.917+0000] {dag.py:3947} INFO - Setting next_dagrun for example_subdag_operator.section-1 to None, run_after=None
[2026-06-14T21:30:08.920+0000] {logging_mixin.py:188} INFO - [2026-06-14T21:30:08.920+0000] {dag.py:3947} INFO - Setting next_dagrun for example_subdag_operator.section-2 to None, run_after=None
[2026-06-14T21:30:08.931+0000] {logging_mixin.py:188} INFO - [2026-06-14T21:30:08.931+0000] {dag.py:3089} INFO - Sync 2 DAGs
[2026-06-14T21:30:08.939+0000] {logging_mixin.py:188} INFO - [2026-06-14T21:30:08.939+0000] {dag.py:3947} INFO - Setting next_dagrun for example_subdag_operator.section-1 to None, run_after=None
[2026-06-14T21:30:08.940+0000] {logging_mixin.py:188} INFO - [2026-06-14T21:30:08.940+0000] {dag.py:3947} INFO - Setting next_dagrun for example_subdag_operator.section-2 to None, run_after=None
[2026-06-14T21:30:08.956+0000] {processor.py:183} INFO - Processing /home/airflow/.local/lib/python3.12/site-packages/airflow/example_dags/example_subdag_operator.py took 0.151 seconds
[2026-06-14T21:30:39.305+0000] {processor.py:161} INFO - Started process (PID=564) to work on /home/airflow/.local/lib/python3.12/site-packages/airflow/example_dags/example_subdag_operator.py
[2026-06-14T21:30:39.307+0000] {processor.py:830} INFO - Processing file /home/airflow/.local/lib/python3.12/site-packages/airflow/example_dags/example_subdag_operator.py for tasks to queue
[2026-06-14T21:30:39.309+0000] {logging_mixin.py:188} INFO - [2026-06-14T21:30:39.309+0000] {dagbag.py:545} INFO - Filling up the DagBag from /home/airflow/.local/lib/python3.12/site-packages/airflow/example_dags/example_subdag_operator.py
[2026-06-14T21:30:39.340+0000] {processor.py:840} INFO - DAG(s) 'example_subdag_operator.section-1', 'example_subdag_operator.section-2', 'example_subdag_operator' retrieved from /home/airflow/.local/lib/python3.12/site-packages/airflow/example_dags/example_subdag_operator.py
[2026-06-14T21:30:39.360+0000] {logging_mixin.py:188} INFO - [2026-06-14T21:30:39.360+0000] {dag.py:3089} INFO - Sync 3 DAGs
[2026-06-14T21:30:39.387+0000] {logging_mixin.py:188} INFO - [2026-06-14T21:30:39.387+0000] {dag.py:3947} INFO - Setting next_dagrun for example_subdag_operator to 2022-01-01 00:00:00+00:00, run_after=2022-01-01 00:00:00+00:00
[2026-06-14T21:30:39.395+0000] {logging_mixin.py:188} INFO - [2026-06-14T21:30:39.394+0000] {dag.py:3947} INFO - Setting next_dagrun for example_subdag_operator.section-1 to None, run_after=None
[2026-06-14T21:30:39.397+0000] {logging_mixin.py:188} INFO - [2026-06-14T21:30:39.397+0000] {dag.py:3947} INFO - Setting next_dagrun for example_subdag_operator.section-2 to None, run_after=None
[2026-06-14T21:30:39.407+0000] {logging_mixin.py:188} INFO - [2026-06-14T21:30:39.407+0000] {dag.py:3089} INFO - Sync 2 DAGs
[2026-06-14T21:30:39.414+0000] {logging_mixin.py:188} INFO - [2026-06-14T21:30:39.414+0000] {dag.py:3947} INFO - Setting next_dagrun for example_subdag_operator.section-1 to None, run_after=None
[2026-06-14T21:30:39.415+0000] {logging_mixin.py:188} INFO - [2026-06-14T21:30:39.414+0000] {dag.py:3947} INFO - Setting next_dagrun for example_subdag_operator.section-2 to None, run_after=None
[2026-06-14T21:30:39.428+0000] {processor.py:183} INFO - Processing /home/airflow/.local/lib/python3.12/site-packages/airflow/example_dags/example_subdag_operator.py took 0.131 seconds
[2026-06-14T21:31:09.558+0000] {processor.py:161} INFO - Started process (PID=623) to work on /home/airflow/.local/lib/python3.12/site-packages/airflow/example_dags/example_subdag_operator.py
[2026-06-14T21:31:09.560+0000] {processor.py:830} INFO - Processing file /home/airflow/.local/lib/python3.12/site-packages/airflow/example_dags/example_subdag_operator.py for tasks to queue
[2026-06-14T21:31:09.562+0000] {logging_mixin.py:188} INFO - [2026-06-14T21:31:09.561+0000] {dagbag.py:545} INFO - Filling up the DagBag from /home/airflow/.local/lib/python3.12/site-packages/airflow/example_dags/example_subdag_operator.py
[2026-06-14T21:31:09.599+0000] {processor.py:840} INFO - DAG(s) 'example_subdag_operator.section-1', 'example_subdag_operator.section-2', 'example_subdag_operator' retrieved from /home/airflow/.local/lib/python3.12/site-packages/airflow/example_dags/example_subdag_operator.py
[2026-06-14T21:31:09.627+0000] {logging_mixin.py:188} INFO - [2026-06-14T21:31:09.627+0000] {dag.py:3089} INFO - Sync 3 DAGs
[2026-06-14T21:31:09.669+0000] {logging_mixin.py:188} INFO - [2026-06-14T21:31:09.668+0000] {dag.py:3947} INFO - Setting next_dagrun for example_subdag_operator to 2022-01-01 00:00:00+00:00, run_after=2022-01-01 00:00:00+00:00
[2026-06-14T21:31:09.677+0000] {logging_mixin.py:188} INFO - [2026-06-14T21:31:09.677+0000] {dag.py:3947} INFO - Setting next_dagrun for example_subdag_operator.section-1 to None, run_after=None
[2026-06-14T21:31:09.680+0000] {logging_mixin.py:188} INFO - [2026-06-14T21:31:09.679+0000] {dag.py:3947} INFO - Setting next_dagrun for example_subdag_operator.section-2 to None, run_after=None
[2026-06-14T21:31:09.694+0000] {logging_mixin.py:188} INFO - [2026-06-14T21:31:09.693+0000] {dag.py:3089} INFO - Sync 2 DAGs
[2026-06-14T21:31:09.703+0000] {logging_mixin.py:188} INFO - [2026-06-14T21:31:09.702+0000] {dag.py:3947} INFO - Setting next_dagrun for example_subdag_operator.section-1 to None, run_after=None
[2026-06-14T21:31:09.704+0000] {logging_mixin.py:188} INFO - [2026-06-14T21:31:09.703+0000] {dag.py:3947} INFO - Setting next_dagrun for example_subdag_operator.section-2 to None, run_after=None
[2026-06-14T21:31:09.723+0000] {processor.py:183} INFO - Processing /home/airflow/.local/lib/python3.12/site-packages/airflow/example_dags/example_subdag_operator.py took 0.177 seconds
[2026-06-14T21:31:40.522+0000] {processor.py:161} INFO - Started process (PID=681) to work on /home/airflow/.local/lib/python3.12/site-packages/airflow/example_dags/example_subdag_operator.py
[2026-06-14T21:31:40.524+0000] {processor.py:830} INFO - Processing file /home/airflow/.local/lib/python3.12/site-packages/airflow/example_dags/example_subdag_operator.py for tasks to queue
[2026-06-14T21:31:40.526+0000] {logging_mixin.py:188} INFO - [2026-06-14T21:31:40.525+0000] {dagbag.py:545} INFO - Filling up the DagBag from /home/airflow/.local/lib/python3.12/site-packages/airflow/example_dags/example_subdag_operator.py
[2026-06-14T21:31:40.578+0000] {processor.py:840} INFO - DAG(s) 'example_subdag_operator.section-1', 'example_subdag_operator.section-2', 'example_subdag_operator' retrieved from /home/airflow/.local/lib/python3.12/site-packages/airflow/example_dags/example_subdag_operator.py
[2026-06-14T21:31:40.613+0000] {logging_mixin.py:188} INFO - [2026-06-14T21:31:40.613+0000] {dag.py:3089} INFO - Sync 3 DAGs
[2026-06-14T21:31:40.659+0000] {logging_mixin.py:188} INFO - [2026-06-14T21:31:40.659+0000] {dag.py:3947} INFO - Setting next_dagrun for example_subdag_operator to 2022-01-01 00:00:00+00:00, run_after=2022-01-01 00:00:00+00:00
[2026-06-14T21:31:40.668+0000] {logging_mixin.py:188} INFO - [2026-06-14T21:31:40.667+0000] {dag.py:3947} INFO - Setting next_dagrun for example_subdag_operator.section-1 to None, run_after=None
[2026-06-14T21:31:40.672+0000] {logging_mixin.py:188} INFO - [2026-06-14T21:31:40.671+0000] {dag.py:3947} INFO - Setting next_dagrun for example_subdag_operator.section-2 to None, run_after=None
[2026-06-14T21:31:40.688+0000] {logging_mixin.py:188} INFO - [2026-06-14T21:31:40.687+0000] {dag.py:3089} INFO - Sync 2 DAGs
[2026-06-14T21:31:40.700+0000] {logging_mixin.py:188} INFO - [2026-06-14T21:31:40.699+0000] {dag.py:3947} INFO - Setting next_dagrun for example_subdag_operator.section-1 to None, run_after=None
[2026-06-14T21:31:40.701+0000] {logging_mixin.py:188} INFO - [2026-06-14T21:31:40.701+0000] {dag.py:3947} INFO - Setting next_dagrun for example_subdag_operator.section-2 to None, run_after=None
[2026-06-14T21:31:40.727+0000] {processor.py:183} INFO - Processing /home/airflow/.local/lib/python3.12/site-packages/airflow/example_dags/example_subdag_operator.py took 0.217 seconds
[2026-06-14T21:32:11.197+0000] {processor.py:161} INFO - Started process (PID=738) to work on /home/airflow/.local/lib/python3.12/site-packages/airflow/example_dags/example_subdag_operator.py
[2026-06-14T21:32:11.199+0000] {processor.py:830} INFO - Processing file /home/airflow/.local/lib/python3.12/site-packages/airflow/example_dags/example_subdag_operator.py for tasks to queue
[2026-06-14T21:32:11.201+0000] {logging_mixin.py:188} INFO - [2026-06-14T21:32:11.200+0000] {dagbag.py:545} INFO - Filling up the DagBag from /home/airflow/.local/lib/python3.12/site-packages/airflow/example_dags/example_subdag_operator.py
[2026-06-14T21:32:11.254+0000] {processor.py:840} INFO - DAG(s) 'example_subdag_operator.section-1', 'example_subdag_operator.section-2', 'example_subdag_operator' retrieved from /home/airflow/.local/lib/python3.12/site-packages/airflow/example_dags/example_subdag_operator.py
[2026-06-14T21:32:11.292+0000] {logging_mixin.py:188} INFO - [2026-06-14T21:32:11.292+0000] {dag.py:3089} INFO - Sync 3 DAGs
[2026-06-14T21:32:11.334+0000] {logging_mixin.py:188} INFO - [2026-06-14T21:32:11.334+0000] {dag.py:3947} INFO - Setting next_dagrun for example_subdag_operator to 2022-01-01 00:00:00+00:00, run_after=2022-01-01 00:00:00+00:00
[2026-06-14T21:32:11.340+0000] {logging_mixin.py:188} INFO - [2026-06-14T21:32:11.340+0000] {dag.py:3947} INFO - Setting next_dagrun for example_subdag_operator.section-1 to None, run_after=None
[2026-06-14T21:32:11.343+0000] {logging_mixin.py:188} INFO - [2026-06-14T21:32:11.342+0000] {dag.py:3947} INFO - Setting next_dagrun for example_subdag_operator.section-2 to None, run_after=None
[2026-06-14T21:32:11.357+0000] {logging_mixin.py:188} INFO - [2026-06-14T21:32:11.357+0000] {dag.py:3089} INFO - Sync 2 DAGs
[2026-06-14T21:32:11.368+0000] {logging_mixin.py:188} INFO - [2026-06-14T21:32:11.368+0000] {dag.py:3947} INFO - Setting next_dagrun for example_subdag_operator.section-1 to None, run_after=None
[2026-06-14T21:32:11.370+0000] {logging_mixin.py:188} INFO - [2026-06-14T21:32:11.369+0000] {dag.py:3947} INFO - Setting next_dagrun for example_subdag_operator.section-2 to None, run_after=None
[2026-06-14T21:32:11.392+0000] {processor.py:183} INFO - Processing /home/airflow/.local/lib/python3.12/site-packages/airflow/example_dags/example_subdag_operator.py took 0.206 seconds
[2026-06-14T21:40:02.441+0000] {processor.py:161} INFO - Started process (PID=95) to work on /home/airflow/.local/lib/python3.12/site-packages/airflow/example_dags/example_subdag_operator.py
[2026-06-14T21:40:02.443+0000] {processor.py:830} INFO - Processing file /home/airflow/.local/lib/python3.12/site-packages/airflow/example_dags/example_subdag_operator.py for tasks to queue
[2026-06-14T21:40:02.446+0000] {logging_mixin.py:188} INFO - [2026-06-14T21:40:02.445+0000] {dagbag.py:545} INFO - Filling up the DagBag from /home/airflow/.local/lib/python3.12/site-packages/airflow/example_dags/example_subdag_operator.py
[2026-06-14T21:40:02.481+0000] {processor.py:840} INFO - DAG(s) 'example_subdag_operator.section-1', 'example_subdag_operator.section-2', 'example_subdag_operator' retrieved from /home/airflow/.local/lib/python3.12/site-packages/airflow/example_dags/example_subdag_operator.py
[2026-06-14T21:40:02.659+0000] {logging_mixin.py:188} INFO - [2026-06-14T21:40:02.659+0000] {dag.py:3089} INFO - Sync 3 DAGs
[2026-06-14T21:40:02.692+0000] {logging_mixin.py:188} INFO - [2026-06-14T21:40:02.691+0000] {dag.py:3947} INFO - Setting next_dagrun for example_subdag_operator to 2022-01-01 00:00:00+00:00, run_after=2022-01-01 00:00:00+00:00
[2026-06-14T21:40:02.697+0000] {logging_mixin.py:188} INFO - [2026-06-14T21:40:02.696+0000] {dag.py:3947} INFO - Setting next_dagrun for example_subdag_operator.section-1 to None, run_after=None
[2026-06-14T21:40:02.699+0000] {logging_mixin.py:188} INFO - [2026-06-14T21:40:02.699+0000] {dag.py:3947} INFO - Setting next_dagrun for example_subdag_operator.section-2 to None, run_after=None
[2026-06-14T21:40:02.714+0000] {logging_mixin.py:188} INFO - [2026-06-14T21:40:02.713+0000] {dag.py:3089} INFO - Sync 2 DAGs
[2026-06-14T21:40:02.722+0000] {logging_mixin.py:188} INFO - [2026-06-14T21:40:02.721+0000] {dag.py:3947} INFO - Setting next_dagrun for example_subdag_operator.section-1 to None, run_after=None
[2026-06-14T21:40:02.723+0000] {logging_mixin.py:188} INFO - [2026-06-14T21:40:02.723+0000] {dag.py:3947} INFO - Setting next_dagrun for example_subdag_operator.section-2 to None, run_after=None
[2026-06-14T21:40:02.746+0000] {processor.py:183} INFO - Processing /home/airflow/.local/lib/python3.12/site-packages/airflow/example_dags/example_subdag_operator.py took 0.313 seconds
[2026-06-14T21:40:33.386+0000] {processor.py:161} INFO - Started process (PID=154) to work on /home/airflow/.local/lib/python3.12/site-packages/airflow/example_dags/example_subdag_operator.py
[2026-06-14T21:40:33.388+0000] {processor.py:830} INFO - Processing file /home/airflow/.local/lib/python3.12/site-packages/airflow/example_dags/example_subdag_operator.py for tasks to queue
[2026-06-14T21:40:33.391+0000] {logging_mixin.py:188} INFO - [2026-06-14T21:40:33.390+0000] {dagbag.py:545} INFO - Filling up the DagBag from /home/airflow/.local/lib/python3.12/site-packages/airflow/example_dags/example_subdag_operator.py
[2026-06-14T21:40:33.427+0000] {processor.py:840} INFO - DAG(s) 'example_subdag_operator.section-1', 'example_subdag_operator.section-2', 'example_subdag_operator' retrieved from /home/airflow/.local/lib/python3.12/site-packages/airflow/example_dags/example_subdag_operator.py
[2026-06-14T21:40:33.454+0000] {logging_mixin.py:188} INFO - [2026-06-14T21:40:33.454+0000] {dag.py:3089} INFO - Sync 3 DAGs
[2026-06-14T21:40:33.487+0000] {logging_mixin.py:188} INFO - [2026-06-14T21:40:33.486+0000] {dag.py:3947} INFO - Setting next_dagrun for example_subdag_operator to 2022-01-01 00:00:00+00:00, run_after=2022-01-01 00:00:00+00:00
[2026-06-14T21:40:33.492+0000] {logging_mixin.py:188} INFO - [2026-06-14T21:40:33.492+0000] {dag.py:3947} INFO - Setting next_dagrun for example_subdag_operator.section-1 to None, run_after=None
[2026-06-14T21:40:33.495+0000] {logging_mixin.py:188} INFO - [2026-06-14T21:40:33.495+0000] {dag.py:3947} INFO - Setting next_dagrun for example_subdag_operator.section-2 to None, run_after=None
[2026-06-14T21:40:33.505+0000] {logging_mixin.py:188} INFO - [2026-06-14T21:40:33.505+0000] {dag.py:3089} INFO - Sync 2 DAGs
[2026-06-14T21:40:33.513+0000] {logging_mixin.py:188} INFO - [2026-06-14T21:40:33.513+0000] {dag.py:3947} INFO - Setting next_dagrun for example_subdag_operator.section-1 to None, run_after=None
[2026-06-14T21:40:33.516+0000] {logging_mixin.py:188} INFO - [2026-06-14T21:40:33.515+0000] {dag.py:3947} INFO - Setting next_dagrun for example_subdag_operator.section-2 to None, run_after=None
[2026-06-14T21:40:33.538+0000] {processor.py:183} INFO - Processing /home/airflow/.local/lib/python3.12/site-packages/airflow/example_dags/example_subdag_operator.py took 0.160 seconds
[2026-06-14T21:41:04.004+0000] {processor.py:161} INFO - Started process (PID=213) to work on /home/airflow/.local/lib/python3.12/site-packages/airflow/example_dags/example_subdag_operator.py
[2026-06-14T21:41:04.006+0000] {processor.py:830} INFO - Processing file /home/airflow/.local/lib/python3.12/site-packages/airflow/example_dags/example_subdag_operator.py for tasks to queue
[2026-06-14T21:41:04.011+0000] {logging_mixin.py:188} INFO - [2026-06-14T21:41:04.011+0000] {dagbag.py:545} INFO - Filling up the DagBag from /home/airflow/.local/lib/python3.12/site-packages/airflow/example_dags/example_subdag_operator.py
[2026-06-14T21:41:04.055+0000] {processor.py:840} INFO - DAG(s) 'example_subdag_operator.section-1', 'example_subdag_operator.section-2', 'example_subdag_operator' retrieved from /home/airflow/.local/lib/python3.12/site-packages/airflow/example_dags/example_subdag_operator.py
[2026-06-14T21:41:04.078+0000] {logging_mixin.py:188} INFO - [2026-06-14T21:41:04.077+0000] {dag.py:3089} INFO - Sync 3 DAGs
[2026-06-14T21:41:04.125+0000] {logging_mixin.py:188} INFO - [2026-06-14T21:41:04.125+0000] {dag.py:3947} INFO - Setting next_dagrun for example_subdag_operator to 2022-01-01 00:00:00+00:00, run_after=2022-01-01 00:00:00+00:00
[2026-06-14T21:41:04.134+0000] {logging_mixin.py:188} INFO - [2026-06-14T21:41:04.133+0000] {dag.py:3947} INFO - Setting next_dagrun for example_subdag_operator.section-1 to None, run_after=None
[2026-06-14T21:41:04.137+0000] {logging_mixin.py:188} INFO - [2026-06-14T21:41:04.136+0000] {dag.py:3947} INFO - Setting next_dagrun for example_subdag_operator.section-2 to None, run_after=None
[2026-06-14T21:41:04.150+0000] {logging_mixin.py:188} INFO - [2026-06-14T21:41:04.149+0000] {dag.py:3089} INFO - Sync 2 DAGs
[2026-06-14T21:41:04.158+0000] {logging_mixin.py:188} INFO - [2026-06-14T21:41:04.158+0000] {dag.py:3947} INFO - Setting next_dagrun for example_subdag_operator.section-1 to None, run_after=None
[2026-06-14T21:41:04.159+0000] {logging_mixin.py:188} INFO - [2026-06-14T21:41:04.159+0000] {dag.py:3947} INFO - Setting next_dagrun for example_subdag_operator.section-2 to None, run_after=None
[2026-06-14T21:41:04.182+0000] {processor.py:183} INFO - Processing /home/airflow/.local/lib/python3.12/site-packages/airflow/example_dags/example_subdag_operator.py took 0.190 seconds
[2026-06-14T21:41:34.944+0000] {processor.py:161} INFO - Started process (PID=272) to work on /home/airflow/.local/lib/python3.12/site-packages/airflow/example_dags/example_subdag_operator.py
[2026-06-14T21:41:34.945+0000] {processor.py:830} INFO - Processing file /home/airflow/.local/lib/python3.12/site-packages/airflow/example_dags/example_subdag_operator.py for tasks to queue
[2026-06-14T21:41:34.948+0000] {logging_mixin.py:188} INFO - [2026-06-14T21:41:34.947+0000] {dagbag.py:545} INFO - Filling up the DagBag from /home/airflow/.local/lib/python3.12/site-packages/airflow/example_dags/example_subdag_operator.py
[2026-06-14T21:41:34.980+0000] {processor.py:840} INFO - DAG(s) 'example_subdag_operator.section-1', 'example_subdag_operator.section-2', 'example_subdag_operator' retrieved from /home/airflow/.local/lib/python3.12/site-packages/airflow/example_dags/example_subdag_operator.py
[2026-06-14T21:41:34.998+0000] {logging_mixin.py:188} INFO - [2026-06-14T21:41:34.997+0000] {dag.py:3089} INFO - Sync 3 DAGs
[2026-06-14T21:41:35.030+0000] {logging_mixin.py:188} INFO - [2026-06-14T21:41:35.029+0000] {dag.py:3947} INFO - Setting next_dagrun for example_subdag_operator to 2022-01-01 00:00:00+00:00, run_after=2022-01-01 00:00:00+00:00
[2026-06-14T21:41:35.035+0000] {logging_mixin.py:188} INFO - [2026-06-14T21:41:35.034+0000] {dag.py:3947} INFO - Setting next_dagrun for example_subdag_operator.section-1 to None, run_after=None
[2026-06-14T21:41:35.037+0000] {logging_mixin.py:188} INFO - [2026-06-14T21:41:35.037+0000] {dag.py:3947} INFO - Setting next_dagrun for example_subdag_operator.section-2 to None, run_after=None
[2026-06-14T21:41:35.048+0000] {logging_mixin.py:188} INFO - [2026-06-14T21:41:35.047+0000] {dag.py:3089} INFO - Sync 2 DAGs
[2026-06-14T21:41:35.054+0000] {logging_mixin.py:188} INFO - [2026-06-14T21:41:35.054+0000] {dag.py:3947} INFO - Setting next_dagrun for example_subdag_operator.section-1 to None, run_after=None
[2026-06-14T21:41:35.055+0000] {logging_mixin.py:188} INFO - [2026-06-14T21:41:35.055+0000] {dag.py:3947} INFO - Setting next_dagrun for example_subdag_operator.section-2 to None, run_after=None
[2026-06-14T21:41:35.069+0000] {processor.py:183} INFO - Processing /home/airflow/.local/lib/python3.12/site-packages/airflow/example_dags/example_subdag_operator.py took 0.133 seconds
[2026-06-14T21:42:05.575+0000] {processor.py:161} INFO - Started process (PID=331) to work on /home/airflow/.local/lib/python3.12/site-packages/airflow/example_dags/example_subdag_operator.py
[2026-06-14T21:42:05.577+0000] {processor.py:830} INFO - Processing file /home/airflow/.local/lib/python3.12/site-packages/airflow/example_dags/example_subdag_operator.py for tasks to queue
[2026-06-14T21:42:05.582+0000] {logging_mixin.py:188} INFO - [2026-06-14T21:42:05.581+0000] {dagbag.py:545} INFO - Filling up the DagBag from /home/airflow/.local/lib/python3.12/site-packages/airflow/example_dags/example_subdag_operator.py
[2026-06-14T21:42:05.626+0000] {processor.py:840} INFO - DAG(s) 'example_subdag_operator.section-1', 'example_subdag_operator.section-2', 'example_subdag_operator' retrieved from /home/airflow/.local/lib/python3.12/site-packages/airflow/example_dags/example_subdag_operator.py
[2026-06-14T21:42:05.660+0000] {logging_mixin.py:188} INFO - [2026-06-14T21:42:05.659+0000] {dag.py:3089} INFO - Sync 3 DAGs
[2026-06-14T21:42:05.706+0000] {logging_mixin.py:188} INFO - [2026-06-14T21:42:05.705+0000] {dag.py:3947} INFO - Setting next_dagrun for example_subdag_operator to 2022-01-01 00:00:00+00:00, run_after=2022-01-01 00:00:00+00:00
[2026-06-14T21:42:05.716+0000] {logging_mixin.py:188} INFO - [2026-06-14T21:42:05.715+0000] {dag.py:3947} INFO - Setting next_dagrun for example_subdag_operator.section-1 to None, run_after=None
[2026-06-14T21:42:05.719+0000] {logging_mixin.py:188} INFO - [2026-06-14T21:42:05.718+0000] {dag.py:3947} INFO - Setting next_dagrun for example_subdag_operator.section-2 to None, run_after=None
[2026-06-14T21:42:05.732+0000] {logging_mixin.py:188} INFO - [2026-06-14T21:42:05.732+0000] {dag.py:3089} INFO - Sync 2 DAGs
[2026-06-14T21:42:05.742+0000] {logging_mixin.py:188} INFO - [2026-06-14T21:42:05.741+0000] {dag.py:3947} INFO - Setting next_dagrun for example_subdag_operator.section-1 to None, run_after=None
[2026-06-14T21:42:05.743+0000] {logging_mixin.py:188} INFO - [2026-06-14T21:42:05.742+0000] {dag.py:3947} INFO - Setting next_dagrun for example_subdag_operator.section-2 to None, run_after=None
[2026-06-14T21:42:05.764+0000] {processor.py:183} INFO - Processing /home/airflow/.local/lib/python3.12/site-packages/airflow/example_dags/example_subdag_operator.py took 0.205 seconds
[2026-06-14T21:42:36.324+0000] {processor.py:161} INFO - Started process (PID=390) to work on /home/airflow/.local/lib/python3.12/site-packages/airflow/example_dags/example_subdag_operator.py
[2026-06-14T21:42:36.326+0000] {processor.py:830} INFO - Processing file /home/airflow/.local/lib/python3.12/site-packages/airflow/example_dags/example_subdag_operator.py for tasks to queue
[2026-06-14T21:42:36.329+0000] {logging_mixin.py:188} INFO - [2026-06-14T21:42:36.329+0000] {dagbag.py:545} INFO - Filling up the DagBag from /home/airflow/.local/lib/python3.12/site-packages/airflow/example_dags/example_subdag_operator.py
[2026-06-14T21:42:36.358+0000] {processor.py:840} INFO - DAG(s) 'example_subdag_operator.section-1', 'example_subdag_operator.section-2', 'example_subdag_operator' retrieved from /home/airflow/.local/lib/python3.12/site-packages/airflow/example_dags/example_subdag_operator.py
[2026-06-14T21:42:36.376+0000] {logging_mixin.py:188} INFO - [2026-06-14T21:42:36.375+0000] {dag.py:3089} INFO - Sync 3 DAGs
[2026-06-14T21:42:36.404+0000] {logging_mixin.py:188} INFO - [2026-06-14T21:42:36.404+0000] {dag.py:3947} INFO - Setting next_dagrun for example_subdag_operator to 2022-01-01 00:00:00+00:00, run_after=2022-01-01 00:00:00+00:00
[2026-06-14T21:42:36.408+0000] {logging_mixin.py:188} INFO - [2026-06-14T21:42:36.408+0000] {dag.py:3947} INFO - Setting next_dagrun for example_subdag_operator.section-1 to None, run_after=None
[2026-06-14T21:42:36.411+0000] {logging_mixin.py:188} INFO - [2026-06-14T21:42:36.410+0000] {dag.py:3947} INFO - Setting next_dagrun for example_subdag_operator.section-2 to None, run_after=None
[2026-06-14T21:42:36.420+0000] {logging_mixin.py:188} INFO - [2026-06-14T21:42:36.420+0000] {dag.py:3089} INFO - Sync 2 DAGs
[2026-06-14T21:42:36.427+0000] {logging_mixin.py:188} INFO - [2026-06-14T21:42:36.426+0000] {dag.py:3947} INFO - Setting next_dagrun for example_subdag_operator.section-1 to None, run_after=None
[2026-06-14T21:42:36.427+0000] {logging_mixin.py:188} INFO - [2026-06-14T21:42:36.427+0000] {dag.py:3947} INFO - Setting next_dagrun for example_subdag_operator.section-2 to None, run_after=None
[2026-06-14T21:42:36.444+0000] {processor.py:183} INFO - Processing /home/airflow/.local/lib/python3.12/site-packages/airflow/example_dags/example_subdag_operator.py took 0.129 seconds
[2026-06-14T21:43:06.809+0000] {processor.py:161} INFO - Started process (PID=449) to work on /home/airflow/.local/lib/python3.12/site-packages/airflow/example_dags/example_subdag_operator.py
[2026-06-14T21:43:06.810+0000] {processor.py:830} INFO - Processing file /home/airflow/.local/lib/python3.12/site-packages/airflow/example_dags/example_subdag_operator.py for tasks to queue
[2026-06-14T21:43:06.813+0000] {logging_mixin.py:188} INFO - [2026-06-14T21:43:06.813+0000] {dagbag.py:545} INFO - Filling up the DagBag from /home/airflow/.local/lib/python3.12/site-packages/airflow/example_dags/example_subdag_operator.py
[2026-06-14T21:43:06.850+0000] {processor.py:840} INFO - DAG(s) 'example_subdag_operator.section-1', 'example_subdag_operator.section-2', 'example_subdag_operator' retrieved from /home/airflow/.local/lib/python3.12/site-packages/airflow/example_dags/example_subdag_operator.py
[2026-06-14T21:43:06.877+0000] {logging_mixin.py:188} INFO - [2026-06-14T21:43:06.876+0000] {dag.py:3089} INFO - Sync 3 DAGs
[2026-06-14T21:43:06.911+0000] {logging_mixin.py:188} INFO - [2026-06-14T21:43:06.911+0000] {dag.py:3947} INFO - Setting next_dagrun for example_subdag_operator to 2022-01-01 00:00:00+00:00, run_after=2022-01-01 00:00:00+00:00
[2026-06-14T21:43:06.917+0000] {logging_mixin.py:188} INFO - [2026-06-14T21:43:06.917+0000] {dag.py:3947} INFO - Setting next_dagrun for example_subdag_operator.section-1 to None, run_after=None
[2026-06-14T21:43:06.920+0000] {logging_mixin.py:188} INFO - [2026-06-14T21:43:06.920+0000] {dag.py:3947} INFO - Setting next_dagrun for example_subdag_operator.section-2 to None, run_after=None
[2026-06-14T21:43:06.930+0000] {logging_mixin.py:188} INFO - [2026-06-14T21:43:06.930+0000] {dag.py:3089} INFO - Sync 2 DAGs
[2026-06-14T21:43:06.938+0000] {logging_mixin.py:188} INFO - [2026-06-14T21:43:06.938+0000] {dag.py:3947} INFO - Setting next_dagrun for example_subdag_operator.section-1 to None, run_after=None
[2026-06-14T21:43:06.939+0000] {logging_mixin.py:188} INFO - [2026-06-14T21:43:06.939+0000] {dag.py:3947} INFO - Setting next_dagrun for example_subdag_operator.section-2 to None, run_after=None
[2026-06-14T21:43:06.955+0000] {processor.py:183} INFO - Processing /home/airflow/.local/lib/python3.12/site-packages/airflow/example_dags/example_subdag_operator.py took 0.155 seconds
[2026-06-14T21:43:37.774+0000] {processor.py:161} INFO - Started process (PID=508) to work on /home/airflow/.local/lib/python3.12/site-packages/airflow/example_dags/example_subdag_operator.py
[2026-06-14T21:43:37.776+0000] {processor.py:830} INFO - Processing file /home/airflow/.local/lib/python3.12/site-packages/airflow/example_dags/example_subdag_operator.py for tasks to queue
[2026-06-14T21:43:37.780+0000] {logging_mixin.py:188} INFO - [2026-06-14T21:43:37.779+0000] {dagbag.py:545} INFO - Filling up the DagBag from /home/airflow/.local/lib/python3.12/site-packages/airflow/example_dags/example_subdag_operator.py
[2026-06-14T21:43:37.827+0000] {processor.py:840} INFO - DAG(s) 'example_subdag_operator.section-1', 'example_subdag_operator.section-2', 'example_subdag_operator' retrieved from /home/airflow/.local/lib/python3.12/site-packages/airflow/example_dags/example_subdag_operator.py
[2026-06-14T21:43:37.863+0000] {logging_mixin.py:188} INFO - [2026-06-14T21:43:37.863+0000] {dag.py:3089} INFO - Sync 3 DAGs
[2026-06-14T21:43:37.916+0000] {logging_mixin.py:188} INFO - [2026-06-14T21:43:37.916+0000] {dag.py:3947} INFO - Setting next_dagrun for example_subdag_operator to 2022-01-01 00:00:00+00:00, run_after=2022-01-01 00:00:00+00:00
[2026-06-14T21:43:37.924+0000] {logging_mixin.py:188} INFO - [2026-06-14T21:43:37.924+0000] {dag.py:3947} INFO - Setting next_dagrun for example_subdag_operator.section-1 to None, run_after=None
[2026-06-14T21:43:37.927+0000] {logging_mixin.py:188} INFO - [2026-06-14T21:43:37.927+0000] {dag.py:3947} INFO - Setting next_dagrun for example_subdag_operator.section-2 to None, run_after=None
[2026-06-14T21:43:37.943+0000] {logging_mixin.py:188} INFO - [2026-06-14T21:43:37.943+0000] {dag.py:3089} INFO - Sync 2 DAGs
[2026-06-14T21:43:37.951+0000] {logging_mixin.py:188} INFO - [2026-06-14T21:43:37.950+0000] {dag.py:3947} INFO - Setting next_dagrun for example_subdag_operator.section-1 to None, run_after=None
[2026-06-14T21:43:37.952+0000] {logging_mixin.py:188} INFO - [2026-06-14T21:43:37.951+0000] {dag.py:3947} INFO - Setting next_dagrun for example_subdag_operator.section-2 to None, run_after=None
[2026-06-14T21:43:37.972+0000] {processor.py:183} INFO - Processing /home/airflow/.local/lib/python3.12/site-packages/airflow/example_dags/example_subdag_operator.py took 0.209 seconds
[2026-06-14T21:44:08.516+0000] {processor.py:161} INFO - Started process (PID=567) to work on /home/airflow/.local/lib/python3.12/site-packages/airflow/example_dags/example_subdag_operator.py
[2026-06-14T21:44:08.517+0000] {processor.py:830} INFO - Processing file /home/airflow/.local/lib/python3.12/site-packages/airflow/example_dags/example_subdag_operator.py for tasks to queue
[2026-06-14T21:44:08.520+0000] {logging_mixin.py:188} INFO - [2026-06-14T21:44:08.519+0000] {dagbag.py:545} INFO - Filling up the DagBag from /home/airflow/.local/lib/python3.12/site-packages/airflow/example_dags/example_subdag_operator.py
[2026-06-14T21:44:08.549+0000] {processor.py:840} INFO - DAG(s) 'example_subdag_operator.section-1', 'example_subdag_operator.section-2', 'example_subdag_operator' retrieved from /home/airflow/.local/lib/python3.12/site-packages/airflow/example_dags/example_subdag_operator.py
[2026-06-14T21:44:08.567+0000] {logging_mixin.py:188} INFO - [2026-06-14T21:44:08.566+0000] {dag.py:3089} INFO - Sync 3 DAGs
[2026-06-14T21:44:08.597+0000] {logging_mixin.py:188} INFO - [2026-06-14T21:44:08.596+0000] {dag.py:3947} INFO - Setting next_dagrun for example_subdag_operator to 2022-01-01 00:00:00+00:00, run_after=2022-01-01 00:00:00+00:00
[2026-06-14T21:44:08.601+0000] {logging_mixin.py:188} INFO - [2026-06-14T21:44:08.601+0000] {dag.py:3947} INFO - Setting next_dagrun for example_subdag_operator.section-1 to None, run_after=None
[2026-06-14T21:44:08.603+0000] {logging_mixin.py:188} INFO - [2026-06-14T21:44:08.603+0000] {dag.py:3947} INFO - Setting next_dagrun for example_subdag_operator.section-2 to None, run_after=None
[2026-06-14T21:44:08.612+0000] {logging_mixin.py:188} INFO - [2026-06-14T21:44:08.612+0000] {dag.py:3089} INFO - Sync 2 DAGs
[2026-06-14T21:44:08.619+0000] {logging_mixin.py:188} INFO - [2026-06-14T21:44:08.618+0000] {dag.py:3947} INFO - Setting next_dagrun for example_subdag_operator.section-1 to None, run_after=None
[2026-06-14T21:44:08.619+0000] {logging_mixin.py:188} INFO - [2026-06-14T21:44:08.619+0000] {dag.py:3947} INFO - Setting next_dagrun for example_subdag_operator.section-2 to None, run_after=None
[2026-06-14T21:44:08.634+0000] {processor.py:183} INFO - Processing /home/airflow/.local/lib/python3.12/site-packages/airflow/example_dags/example_subdag_operator.py took 0.125 seconds
[2026-06-14T21:44:39.214+0000] {processor.py:161} INFO - Started process (PID=626) to work on /home/airflow/.local/lib/python3.12/site-packages/airflow/example_dags/example_subdag_operator.py
[2026-06-14T21:44:39.216+0000] {processor.py:830} INFO - Processing file /home/airflow/.local/lib/python3.12/site-packages/airflow/example_dags/example_subdag_operator.py for tasks to queue
[2026-06-14T21:44:39.220+0000] {logging_mixin.py:188} INFO - [2026-06-14T21:44:39.219+0000] {dagbag.py:545} INFO - Filling up the DagBag from /home/airflow/.local/lib/python3.12/site-packages/airflow/example_dags/example_subdag_operator.py
[2026-06-14T21:44:39.262+0000] {processor.py:840} INFO - DAG(s) 'example_subdag_operator.section-1', 'example_subdag_operator.section-2', 'example_subdag_operator' retrieved from /home/airflow/.local/lib/python3.12/site-packages/airflow/example_dags/example_subdag_operator.py
[2026-06-14T21:44:39.287+0000] {logging_mixin.py:188} INFO - [2026-06-14T21:44:39.286+0000] {dag.py:3089} INFO - Sync 3 DAGs
[2026-06-14T21:44:39.331+0000] {logging_mixin.py:188} INFO - [2026-06-14T21:44:39.331+0000] {dag.py:3947} INFO - Setting next_dagrun for example_subdag_operator to 2022-01-01 00:00:00+00:00, run_after=2022-01-01 00:00:00+00:00
[2026-06-14T21:44:39.338+0000] {logging_mixin.py:188} INFO - [2026-06-14T21:44:39.338+0000] {dag.py:3947} INFO - Setting next_dagrun for example_subdag_operator.section-1 to None, run_after=None
[2026-06-14T21:44:39.345+0000] {logging_mixin.py:188} INFO - [2026-06-14T21:44:39.344+0000] {dag.py:3947} INFO - Setting next_dagrun for example_subdag_operator.section-2 to None, run_after=None
[2026-06-14T21:44:39.356+0000] {logging_mixin.py:188} INFO - [2026-06-14T21:44:39.356+0000] {dag.py:3089} INFO - Sync 2 DAGs
[2026-06-14T21:44:39.364+0000] {logging_mixin.py:188} INFO - [2026-06-14T21:44:39.364+0000] {dag.py:3947} INFO - Setting next_dagrun for example_subdag_operator.section-1 to None, run_after=None
[2026-06-14T21:44:39.365+0000] {logging_mixin.py:188} INFO - [2026-06-14T21:44:39.365+0000] {dag.py:3947} INFO - Setting next_dagrun for example_subdag_operator.section-2 to None, run_after=None
[2026-06-14T21:44:39.382+0000] {processor.py:183} INFO - Processing /home/airflow/.local/lib/python3.12/site-packages/airflow/example_dags/example_subdag_operator.py took 0.179 seconds
[2026-06-14T21:45:09.493+0000] {processor.py:161} INFO - Started process (PID=685) to work on /home/airflow/.local/lib/python3.12/site-packages/airflow/example_dags/example_subdag_operator.py
[2026-06-14T21:45:09.494+0000] {processor.py:830} INFO - Processing file /home/airflow/.local/lib/python3.12/site-packages/airflow/example_dags/example_subdag_operator.py for tasks to queue
[2026-06-14T21:45:09.498+0000] {logging_mixin.py:188} INFO - [2026-06-14T21:45:09.497+0000] {dagbag.py:545} INFO - Filling up the DagBag from /home/airflow/.local/lib/python3.12/site-packages/airflow/example_dags/example_subdag_operator.py
[2026-06-14T21:45:09.529+0000] {processor.py:840} INFO - DAG(s) 'example_subdag_operator.section-1', 'example_subdag_operator.section-2', 'example_subdag_operator' retrieved from /home/airflow/.local/lib/python3.12/site-packages/airflow/example_dags/example_subdag_operator.py
[2026-06-14T21:45:09.547+0000] {logging_mixin.py:188} INFO - [2026-06-14T21:45:09.547+0000] {dag.py:3089} INFO - Sync 3 DAGs
[2026-06-14T21:45:09.573+0000] {logging_mixin.py:188} INFO - [2026-06-14T21:45:09.573+0000] {dag.py:3947} INFO - Setting next_dagrun for example_subdag_operator to 2022-01-01 00:00:00+00:00, run_after=2022-01-01 00:00:00+00:00
[2026-06-14T21:45:09.578+0000] {logging_mixin.py:188} INFO - [2026-06-14T21:45:09.578+0000] {dag.py:3947} INFO - Setting next_dagrun for example_subdag_operator.section-1 to None, run_after=None
[2026-06-14T21:45:09.580+0000] {logging_mixin.py:188} INFO - [2026-06-14T21:45:09.580+0000] {dag.py:3947} INFO - Setting next_dagrun for example_subdag_operator.section-2 to None, run_after=None
[2026-06-14T21:45:09.589+0000] {logging_mixin.py:188} INFO - [2026-06-14T21:45:09.589+0000] {dag.py:3089} INFO - Sync 2 DAGs
[2026-06-14T21:45:09.596+0000] {logging_mixin.py:188} INFO - [2026-06-14T21:45:09.596+0000] {dag.py:3947} INFO - Setting next_dagrun for example_subdag_operator.section-1 to None, run_after=None
[2026-06-14T21:45:09.597+0000] {logging_mixin.py:188} INFO - [2026-06-14T21:45:09.597+0000] {dag.py:3947} INFO - Setting next_dagrun for example_subdag_operator.section-2 to None, run_after=None
[2026-06-14T21:45:09.611+0000] {processor.py:183} INFO - Processing /home/airflow/.local/lib/python3.12/site-packages/airflow/example_dags/example_subdag_operator.py took 0.125 seconds
[2026-06-14T21:45:39.993+0000] {processor.py:161} INFO - Started process (PID=744) to work on /home/airflow/.local/lib/python3.12/site-packages/airflow/example_dags/example_subdag_operator.py
[2026-06-14T21:45:39.994+0000] {processor.py:830} INFO - Processing file /home/airflow/.local/lib/python3.12/site-packages/airflow/example_dags/example_subdag_operator.py for tasks to queue
[2026-06-14T21:45:39.997+0000] {logging_mixin.py:188} INFO - [2026-06-14T21:45:39.996+0000] {dagbag.py:545} INFO - Filling up the DagBag from /home/airflow/.local/lib/python3.12/site-packages/airflow/example_dags/example_subdag_operator.py
[2026-06-14T21:45:40.030+0000] {processor.py:840} INFO - DAG(s) 'example_subdag_operator.section-1', 'example_subdag_operator.section-2', 'example_subdag_operator' retrieved from /home/airflow/.local/lib/python3.12/site-packages/airflow/example_dags/example_subdag_operator.py
[2026-06-14T21:45:40.050+0000] {logging_mixin.py:188} INFO - [2026-06-14T21:45:40.050+0000] {dag.py:3089} INFO - Sync 3 DAGs
[2026-06-14T21:45:40.079+0000] {logging_mixin.py:188} INFO - [2026-06-14T21:45:40.078+0000] {dag.py:3947} INFO - Setting next_dagrun for example_subdag_operator to 2022-01-01 00:00:00+00:00, run_after=2022-01-01 00:00:00+00:00
[2026-06-14T21:45:40.084+0000] {logging_mixin.py:188} INFO - [2026-06-14T21:45:40.083+0000] {dag.py:3947} INFO - Setting next_dagrun for example_subdag_operator.section-1 to None, run_after=None
[2026-06-14T21:45:40.086+0000] {logging_mixin.py:188} INFO - [2026-06-14T21:45:40.086+0000] {dag.py:3947} INFO - Setting next_dagrun for example_subdag_operator.section-2 to None, run_after=None
[2026-06-14T21:45:40.099+0000] {logging_mixin.py:188} INFO - [2026-06-14T21:45:40.099+0000] {dag.py:3089} INFO - Sync 2 DAGs
[2026-06-14T21:45:40.107+0000] {logging_mixin.py:188} INFO - [2026-06-14T21:45:40.107+0000] {dag.py:3947} INFO - Setting next_dagrun for example_subdag_operator.section-1 to None, run_after=None
[2026-06-14T21:45:40.108+0000] {logging_mixin.py:188} INFO - [2026-06-14T21:45:40.108+0000] {dag.py:3947} INFO - Setting next_dagrun for example_subdag_operator.section-2 to None, run_after=None
[2026-06-14T21:45:40.125+0000] {processor.py:183} INFO - Processing /home/airflow/.local/lib/python3.12/site-packages/airflow/example_dags/example_subdag_operator.py took 0.139 seconds
[2026-06-14T21:46:10.772+0000] {processor.py:161} INFO - Started process (PID=803) to work on /home/airflow/.local/lib/python3.12/site-packages/airflow/example_dags/example_subdag_operator.py
[2026-06-14T21:46:10.774+0000] {processor.py:830} INFO - Processing file /home/airflow/.local/lib/python3.12/site-packages/airflow/example_dags/example_subdag_operator.py for tasks to queue
[2026-06-14T21:46:10.779+0000] {logging_mixin.py:188} INFO - [2026-06-14T21:46:10.778+0000] {dagbag.py:545} INFO - Filling up the DagBag from /home/airflow/.local/lib/python3.12/site-packages/airflow/example_dags/example_subdag_operator.py
[2026-06-14T21:46:10.829+0000] {processor.py:840} INFO - DAG(s) 'example_subdag_operator.section-1', 'example_subdag_operator.section-2', 'example_subdag_operator' retrieved from /home/airflow/.local/lib/python3.12/site-packages/airflow/example_dags/example_subdag_operator.py
[2026-06-14T21:46:10.868+0000] {logging_mixin.py:188} INFO - [2026-06-14T21:46:10.867+0000] {dag.py:3089} INFO - Sync 3 DAGs
[2026-06-14T21:46:10.909+0000] {logging_mixin.py:188} INFO - [2026-06-14T21:46:10.909+0000] {dag.py:3947} INFO - Setting next_dagrun for example_subdag_operator to 2022-01-01 00:00:00+00:00, run_after=2022-01-01 00:00:00+00:00
[2026-06-14T21:46:10.921+0000] {logging_mixin.py:188} INFO - [2026-06-14T21:46:10.920+0000] {dag.py:3947} INFO - Setting next_dagrun for example_subdag_operator.section-1 to None, run_after=None
[2026-06-14T21:46:10.924+0000] {logging_mixin.py:188} INFO - [2026-06-14T21:46:10.924+0000] {dag.py:3947} INFO - Setting next_dagrun for example_subdag_operator.section-2 to None, run_after=None
[2026-06-14T21:46:10.939+0000] {logging_mixin.py:188} INFO - [2026-06-14T21:46:10.938+0000] {dag.py:3089} INFO - Sync 2 DAGs
[2026-06-14T21:46:10.950+0000] {logging_mixin.py:188} INFO - [2026-06-14T21:46:10.949+0000] {dag.py:3947} INFO - Setting next_dagrun for example_subdag_operator.section-1 to None, run_after=None
[2026-06-14T21:46:10.951+0000] {logging_mixin.py:188} INFO - [2026-06-14T21:46:10.951+0000] {dag.py:3947} INFO - Setting next_dagrun for example_subdag_operator.section-2 to None, run_after=None
[2026-06-14T21:46:11.021+0000] {processor.py:183} INFO - Processing /home/airflow/.local/lib/python3.12/site-packages/airflow/example_dags/example_subdag_operator.py took 0.262 seconds
[2026-06-14T21:46:41.209+0000] {processor.py:161} INFO - Started process (PID=862) to work on /home/airflow/.local/lib/python3.12/site-packages/airflow/example_dags/example_subdag_operator.py
[2026-06-14T21:46:41.211+0000] {processor.py:830} INFO - Processing file /home/airflow/.local/lib/python3.12/site-packages/airflow/example_dags/example_subdag_operator.py for tasks to queue
[2026-06-14T21:46:41.218+0000] {logging_mixin.py:188} INFO - [2026-06-14T21:46:41.218+0000] {dagbag.py:545} INFO - Filling up the DagBag from /home/airflow/.local/lib/python3.12/site-packages/airflow/example_dags/example_subdag_operator.py
[2026-06-14T21:46:41.310+0000] {processor.py:840} INFO - DAG(s) 'example_subdag_operator.section-1', 'example_subdag_operator.section-2', 'example_subdag_operator' retrieved from /home/airflow/.local/lib/python3.12/site-packages/airflow/example_dags/example_subdag_operator.py
[2026-06-14T21:46:41.363+0000] {logging_mixin.py:188} INFO - [2026-06-14T21:46:41.362+0000] {dag.py:3089} INFO - Sync 3 DAGs
[2026-06-14T21:46:41.426+0000] {logging_mixin.py:188} INFO - [2026-06-14T21:46:41.426+0000] {dag.py:3947} INFO - Setting next_dagrun for example_subdag_operator to 2022-01-01 00:00:00+00:00, run_after=2022-01-01 00:00:00+00:00
[2026-06-14T21:46:41.442+0000] {logging_mixin.py:188} INFO - [2026-06-14T21:46:41.442+0000] {dag.py:3947} INFO - Setting next_dagrun for example_subdag_operator.section-1 to None, run_after=None
[2026-06-14T21:46:41.447+0000] {logging_mixin.py:188} INFO - [2026-06-14T21:46:41.446+0000] {dag.py:3947} INFO - Setting next_dagrun for example_subdag_operator.section-2 to None, run_after=None
[2026-06-14T21:46:41.478+0000] {logging_mixin.py:188} INFO - [2026-06-14T21:46:41.477+0000] {dag.py:3089} INFO - Sync 2 DAGs
[2026-06-14T21:46:41.494+0000] {logging_mixin.py:188} INFO - [2026-06-14T21:46:41.493+0000] {dag.py:3947} INFO - Setting next_dagrun for example_subdag_operator.section-1 to None, run_after=None
[2026-06-14T21:46:41.497+0000] {logging_mixin.py:188} INFO - [2026-06-14T21:46:41.496+0000] {dag.py:3947} INFO - Setting next_dagrun for example_subdag_operator.section-2 to None, run_after=None
[2026-06-14T21:46:41.601+0000] {processor.py:183} INFO - Processing /home/airflow/.local/lib/python3.12/site-packages/airflow/example_dags/example_subdag_operator.py took 0.413 seconds
[2026-06-14T21:47:14.127+0000] {processor.py:161} INFO - Started process (PID=921) to work on /home/airflow/.local/lib/python3.12/site-packages/airflow/example_dags/example_subdag_operator.py
[2026-06-14T21:47:14.130+0000] {processor.py:830} INFO - Processing file /home/airflow/.local/lib/python3.12/site-packages/airflow/example_dags/example_subdag_operator.py for tasks to queue
[2026-06-14T21:47:14.140+0000] {logging_mixin.py:188} INFO - [2026-06-14T21:47:14.138+0000] {dagbag.py:545} INFO - Filling up the DagBag from /home/airflow/.local/lib/python3.12/site-packages/airflow/example_dags/example_subdag_operator.py
[2026-06-14T21:47:14.220+0000] {processor.py:840} INFO - DAG(s) 'example_subdag_operator.section-1', 'example_subdag_operator.section-2', 'example_subdag_operator' retrieved from /home/airflow/.local/lib/python3.12/site-packages/airflow/example_dags/example_subdag_operator.py
[2026-06-14T21:47:14.269+0000] {logging_mixin.py:188} INFO - [2026-06-14T21:47:14.268+0000] {dag.py:3089} INFO - Sync 3 DAGs
[2026-06-14T21:47:14.330+0000] {logging_mixin.py:188} INFO - [2026-06-14T21:47:14.330+0000] {dag.py:3947} INFO - Setting next_dagrun for example_subdag_operator to 2022-01-01 00:00:00+00:00, run_after=2022-01-01 00:00:00+00:00
[2026-06-14T21:47:14.340+0000] {logging_mixin.py:188} INFO - [2026-06-14T21:47:14.340+0000] {dag.py:3947} INFO - Setting next_dagrun for example_subdag_operator.section-1 to None, run_after=None
[2026-06-14T21:47:14.344+0000] {logging_mixin.py:188} INFO - [2026-06-14T21:47:14.344+0000] {dag.py:3947} INFO - Setting next_dagrun for example_subdag_operator.section-2 to None, run_after=None
[2026-06-14T21:47:14.373+0000] {logging_mixin.py:188} INFO - [2026-06-14T21:47:14.372+0000] {dag.py:3089} INFO - Sync 2 DAGs
[2026-06-14T21:47:14.390+0000] {logging_mixin.py:188} INFO - [2026-06-14T21:47:14.389+0000] {dag.py:3947} INFO - Setting next_dagrun for example_subdag_operator.section-1 to None, run_after=None
[2026-06-14T21:47:14.392+0000] {logging_mixin.py:188} INFO - [2026-06-14T21:47:14.391+0000] {dag.py:3947} INFO - Setting next_dagrun for example_subdag_operator.section-2 to None, run_after=None
[2026-06-14T21:47:14.487+0000] {processor.py:183} INFO - Processing /home/airflow/.local/lib/python3.12/site-packages/airflow/example_dags/example_subdag_operator.py took 0.375 seconds
[2026-06-14T21:47:44.766+0000] {processor.py:161} INFO - Started process (PID=980) to work on /home/airflow/.local/lib/python3.12/site-packages/airflow/example_dags/example_subdag_operator.py
[2026-06-14T21:47:44.768+0000] {processor.py:830} INFO - Processing file /home/airflow/.local/lib/python3.12/site-packages/airflow/example_dags/example_subdag_operator.py for tasks to queue
[2026-06-14T21:47:44.772+0000] {logging_mixin.py:188} INFO - [2026-06-14T21:47:44.771+0000] {dagbag.py:545} INFO - Filling up the DagBag from /home/airflow/.local/lib/python3.12/site-packages/airflow/example_dags/example_subdag_operator.py
[2026-06-14T21:47:44.811+0000] {processor.py:840} INFO - DAG(s) 'example_subdag_operator.section-1', 'example_subdag_operator.section-2', 'example_subdag_operator' retrieved from /home/airflow/.local/lib/python3.12/site-packages/airflow/example_dags/example_subdag_operator.py
[2026-06-14T21:47:44.833+0000] {logging_mixin.py:188} INFO - [2026-06-14T21:47:44.833+0000] {dag.py:3089} INFO - Sync 3 DAGs
[2026-06-14T21:47:44.867+0000] {logging_mixin.py:188} INFO - [2026-06-14T21:47:44.866+0000] {dag.py:3947} INFO - Setting next_dagrun for example_subdag_operator to 2022-01-01 00:00:00+00:00, run_after=2022-01-01 00:00:00+00:00
[2026-06-14T21:47:44.872+0000] {logging_mixin.py:188} INFO - [2026-06-14T21:47:44.872+0000] {dag.py:3947} INFO - Setting next_dagrun for example_subdag_operator.section-1 to None, run_after=None
[2026-06-14T21:47:44.880+0000] {logging_mixin.py:188} INFO - [2026-06-14T21:47:44.880+0000] {dag.py:3947} INFO - Setting next_dagrun for example_subdag_operator.section-2 to None, run_after=None
[2026-06-14T21:47:44.893+0000] {logging_mixin.py:188} INFO - [2026-06-14T21:47:44.892+0000] {dag.py:3089} INFO - Sync 2 DAGs
[2026-06-14T21:47:44.902+0000] {logging_mixin.py:188} INFO - [2026-06-14T21:47:44.902+0000] {dag.py:3947} INFO - Setting next_dagrun for example_subdag_operator.section-1 to None, run_after=None
[2026-06-14T21:47:44.904+0000] {logging_mixin.py:188} INFO - [2026-06-14T21:47:44.903+0000] {dag.py:3947} INFO - Setting next_dagrun for example_subdag_operator.section-2 to None, run_after=None
[2026-06-14T21:47:44.926+0000] {processor.py:183} INFO - Processing /home/airflow/.local/lib/python3.12/site-packages/airflow/example_dags/example_subdag_operator.py took 0.170 seconds
[2026-06-14T21:48:15.521+0000] {processor.py:161} INFO - Started process (PID=1038) to work on /home/airflow/.local/lib/python3.12/site-packages/airflow/example_dags/example_subdag_operator.py
[2026-06-14T21:48:15.523+0000] {processor.py:830} INFO - Processing file /home/airflow/.local/lib/python3.12/site-packages/airflow/example_dags/example_subdag_operator.py for tasks to queue
[2026-06-14T21:48:15.525+0000] {logging_mixin.py:188} INFO - [2026-06-14T21:48:15.524+0000] {dagbag.py:545} INFO - Filling up the DagBag from /home/airflow/.local/lib/python3.12/site-packages/airflow/example_dags/example_subdag_operator.py
[2026-06-14T21:48:15.549+0000] {processor.py:840} INFO - DAG(s) 'example_subdag_operator.section-1', 'example_subdag_operator.section-2', 'example_subdag_operator' retrieved from /home/airflow/.local/lib/python3.12/site-packages/airflow/example_dags/example_subdag_operator.py
[2026-06-14T21:48:15.571+0000] {logging_mixin.py:188} INFO - [2026-06-14T21:48:15.571+0000] {dag.py:3089} INFO - Sync 3 DAGs
[2026-06-14T21:48:15.602+0000] {logging_mixin.py:188} INFO - [2026-06-14T21:48:15.602+0000] {dag.py:3947} INFO - Setting next_dagrun for example_subdag_operator to 2022-01-01 00:00:00+00:00, run_after=2022-01-01 00:00:00+00:00
[2026-06-14T21:48:15.607+0000] {logging_mixin.py:188} INFO - [2026-06-14T21:48:15.607+0000] {dag.py:3947} INFO - Setting next_dagrun for example_subdag_operator.section-1 to None, run_after=None
[2026-06-14T21:48:15.609+0000] {logging_mixin.py:188} INFO - [2026-06-14T21:48:15.609+0000] {dag.py:3947} INFO - Setting next_dagrun for example_subdag_operator.section-2 to None, run_after=None
[2026-06-14T21:48:15.619+0000] {logging_mixin.py:188} INFO - [2026-06-14T21:48:15.619+0000] {dag.py:3089} INFO - Sync 2 DAGs
[2026-06-14T21:48:15.626+0000] {logging_mixin.py:188} INFO - [2026-06-14T21:48:15.626+0000] {dag.py:3947} INFO - Setting next_dagrun for example_subdag_operator.section-1 to None, run_after=None
[2026-06-14T21:48:15.627+0000] {logging_mixin.py:188} INFO - [2026-06-14T21:48:15.627+0000] {dag.py:3947} INFO - Setting next_dagrun for example_subdag_operator.section-2 to None, run_after=None
[2026-06-14T21:48:15.645+0000] {processor.py:183} INFO - Processing /home/airflow/.local/lib/python3.12/site-packages/airflow/example_dags/example_subdag_operator.py took 0.129 seconds
[2026-06-14T21:48:46.499+0000] {processor.py:161} INFO - Started process (PID=1102) to work on /home/airflow/.local/lib/python3.12/site-packages/airflow/example_dags/example_subdag_operator.py
[2026-06-14T21:48:46.502+0000] {processor.py:830} INFO - Processing file /home/airflow/.local/lib/python3.12/site-packages/airflow/example_dags/example_subdag_operator.py for tasks to queue
[2026-06-14T21:48:46.510+0000] {logging_mixin.py:188} INFO - [2026-06-14T21:48:46.509+0000] {dagbag.py:545} INFO - Filling up the DagBag from /home/airflow/.local/lib/python3.12/site-packages/airflow/example_dags/example_subdag_operator.py
[2026-06-14T21:48:46.559+0000] {processor.py:840} INFO - DAG(s) 'example_subdag_operator.section-1', 'example_subdag_operator.section-2', 'example_subdag_operator' retrieved from /home/airflow/.local/lib/python3.12/site-packages/airflow/example_dags/example_subdag_operator.py
[2026-06-14T21:48:46.582+0000] {logging_mixin.py:188} INFO - [2026-06-14T21:48:46.582+0000] {dag.py:3089} INFO - Sync 3 DAGs
[2026-06-14T21:48:46.613+0000] {logging_mixin.py:188} INFO - [2026-06-14T21:48:46.613+0000] {dag.py:3947} INFO - Setting next_dagrun for example_subdag_operator to 2022-01-01 00:00:00+00:00, run_after=2022-01-01 00:00:00+00:00
[2026-06-14T21:48:46.619+0000] {logging_mixin.py:188} INFO - [2026-06-14T21:48:46.618+0000] {dag.py:3947} INFO - Setting next_dagrun for example_subdag_operator.section-1 to None, run_after=None
[2026-06-14T21:48:46.622+0000] {logging_mixin.py:188} INFO - [2026-06-14T21:48:46.621+0000] {dag.py:3947} INFO - Setting next_dagrun for example_subdag_operator.section-2 to None, run_after=None
[2026-06-14T21:48:46.635+0000] {logging_mixin.py:188} INFO - [2026-06-14T21:48:46.634+0000] {dag.py:3089} INFO - Sync 2 DAGs
[2026-06-14T21:48:46.644+0000] {logging_mixin.py:188} INFO - [2026-06-14T21:48:46.644+0000] {dag.py:3947} INFO - Setting next_dagrun for example_subdag_operator.section-1 to None, run_after=None
[2026-06-14T21:48:46.645+0000] {logging_mixin.py:188} INFO - [2026-06-14T21:48:46.645+0000] {dag.py:3947} INFO - Setting next_dagrun for example_subdag_operator.section-2 to None, run_after=None
[2026-06-14T21:48:46.665+0000] {processor.py:183} INFO - Processing /home/airflow/.local/lib/python3.12/site-packages/airflow/example_dags/example_subdag_operator.py took 0.173 seconds
[2026-06-14T21:49:16.814+0000] {processor.py:161} INFO - Started process (PID=1161) to work on /home/airflow/.local/lib/python3.12/site-packages/airflow/example_dags/example_subdag_operator.py
[2026-06-14T21:49:16.815+0000] {processor.py:830} INFO - Processing file /home/airflow/.local/lib/python3.12/site-packages/airflow/example_dags/example_subdag_operator.py for tasks to queue
[2026-06-14T21:49:16.818+0000] {logging_mixin.py:188} INFO - [2026-06-14T21:49:16.818+0000] {dagbag.py:545} INFO - Filling up the DagBag from /home/airflow/.local/lib/python3.12/site-packages/airflow/example_dags/example_subdag_operator.py
[2026-06-14T21:49:16.854+0000] {processor.py:840} INFO - DAG(s) 'example_subdag_operator.section-1', 'example_subdag_operator.section-2', 'example_subdag_operator' retrieved from /home/airflow/.local/lib/python3.12/site-packages/airflow/example_dags/example_subdag_operator.py
[2026-06-14T21:49:16.879+0000] {logging_mixin.py:188} INFO - [2026-06-14T21:49:16.879+0000] {dag.py:3089} INFO - Sync 3 DAGs
[2026-06-14T21:49:16.919+0000] {logging_mixin.py:188} INFO - [2026-06-14T21:49:16.918+0000] {dag.py:3947} INFO - Setting next_dagrun for example_subdag_operator to 2022-01-01 00:00:00+00:00, run_after=2022-01-01 00:00:00+00:00
[2026-06-14T21:49:16.924+0000] {logging_mixin.py:188} INFO - [2026-06-14T21:49:16.924+0000] {dag.py:3947} INFO - Setting next_dagrun for example_subdag_operator.section-1 to None, run_after=None
[2026-06-14T21:49:16.927+0000] {logging_mixin.py:188} INFO - [2026-06-14T21:49:16.926+0000] {dag.py:3947} INFO - Setting next_dagrun for example_subdag_operator.section-2 to None, run_after=None
[2026-06-14T21:49:16.937+0000] {logging_mixin.py:188} INFO - [2026-06-14T21:49:16.937+0000] {dag.py:3089} INFO - Sync 2 DAGs
[2026-06-14T21:49:16.944+0000] {logging_mixin.py:188} INFO - [2026-06-14T21:49:16.944+0000] {dag.py:3947} INFO - Setting next_dagrun for example_subdag_operator.section-1 to None, run_after=None
[2026-06-14T21:49:16.946+0000] {logging_mixin.py:188} INFO - [2026-06-14T21:49:16.945+0000] {dag.py:3947} INFO - Setting next_dagrun for example_subdag_operator.section-2 to None, run_after=None
[2026-06-14T21:49:16.967+0000] {processor.py:183} INFO - Processing /home/airflow/.local/lib/python3.12/site-packages/airflow/example_dags/example_subdag_operator.py took 0.162 seconds
