[2026-06-14T21:26:36.480+0000] {processor.py:161} INFO - Started process (PID=106) to work on /home/airflow/.local/lib/python3.12/site-packages/airflow/example_dags/example_branch_operator.py
[2026-06-14T21:26:36.482+0000] {processor.py:830} INFO - Processing file /home/airflow/.local/lib/python3.12/site-packages/airflow/example_dags/example_branch_operator.py for tasks to queue
[2026-06-14T21:26:36.487+0000] {logging_mixin.py:188} INFO - [2026-06-14T21:26:36.486+0000] {dagbag.py:545} INFO - Filling up the DagBag from /home/airflow/.local/lib/python3.12/site-packages/airflow/example_dags/example_branch_operator.py
[2026-06-14T21:26:36.518+0000] {processor.py:840} INFO - DAG(s) 'example_branch_operator' retrieved from /home/airflow/.local/lib/python3.12/site-packages/airflow/example_dags/example_branch_operator.py
[2026-06-14T21:26:36.727+0000] {logging_mixin.py:188} INFO - [2026-06-14T21:26:36.726+0000] {override.py:1858} INFO - Created Permission View: can delete on DAG:example_branch_operator
[2026-06-14T21:26:36.745+0000] {logging_mixin.py:188} INFO - [2026-06-14T21:26:36.745+0000] {override.py:1858} INFO - Created Permission View: can edit on DAG:example_branch_operator
[2026-06-14T21:26:36.760+0000] {logging_mixin.py:188} INFO - [2026-06-14T21:26:36.759+0000] {override.py:1858} INFO - Created Permission View: can read on DAG:example_branch_operator
[2026-06-14T21:26:36.762+0000] {logging_mixin.py:188} INFO - [2026-06-14T21:26:36.761+0000] {dag.py:3089} INFO - Sync 1 DAGs
[2026-06-14T21:26:36.784+0000] {logging_mixin.py:188} INFO - [2026-06-14T21:26:36.783+0000] {dag.py:3111} INFO - Creating ORM DAG for example_branch_operator
[2026-06-14T21:26:36.809+0000] {logging_mixin.py:188} INFO - [2026-06-14T21:26:36.809+0000] {dag.py:3947} INFO - Setting next_dagrun for example_branch_operator to 2026-06-13 00:00:00+00:00, run_after=2026-06-14 00:00:00+00:00
[2026-06-14T21:26:36.850+0000] {processor.py:183} INFO - Processing /home/airflow/.local/lib/python3.12/site-packages/airflow/example_dags/example_branch_operator.py took 0.382 seconds
[2026-06-14T21:27:07.220+0000] {processor.py:161} INFO - Started process (PID=165) to work on /home/airflow/.local/lib/python3.12/site-packages/airflow/example_dags/example_branch_operator.py
[2026-06-14T21:27:07.221+0000] {processor.py:830} INFO - Processing file /home/airflow/.local/lib/python3.12/site-packages/airflow/example_dags/example_branch_operator.py for tasks to queue
[2026-06-14T21:27:07.224+0000] {logging_mixin.py:188} INFO - [2026-06-14T21:27:07.223+0000] {dagbag.py:545} INFO - Filling up the DagBag from /home/airflow/.local/lib/python3.12/site-packages/airflow/example_dags/example_branch_operator.py
[2026-06-14T21:27:07.251+0000] {processor.py:840} INFO - DAG(s) 'example_branch_operator' retrieved from /home/airflow/.local/lib/python3.12/site-packages/airflow/example_dags/example_branch_operator.py
[2026-06-14T21:27:07.293+0000] {logging_mixin.py:188} INFO - [2026-06-14T21:27:07.292+0000] {dag.py:3089} INFO - Sync 1 DAGs
[2026-06-14T21:27:07.326+0000] {logging_mixin.py:188} INFO - [2026-06-14T21:27:07.326+0000] {dag.py:3947} INFO - Setting next_dagrun for example_branch_operator to 2026-06-13 00:00:00+00:00, run_after=2026-06-14 00:00:00+00:00
[2026-06-14T21:27:07.394+0000] {processor.py:183} INFO - Processing /home/airflow/.local/lib/python3.12/site-packages/airflow/example_dags/example_branch_operator.py took 0.183 seconds
[2026-06-14T21:27:38.289+0000] {processor.py:161} INFO - Started process (PID=224) to work on /home/airflow/.local/lib/python3.12/site-packages/airflow/example_dags/example_branch_operator.py
[2026-06-14T21:27:38.291+0000] {processor.py:830} INFO - Processing file /home/airflow/.local/lib/python3.12/site-packages/airflow/example_dags/example_branch_operator.py for tasks to queue
[2026-06-14T21:27:38.293+0000] {logging_mixin.py:188} INFO - [2026-06-14T21:27:38.293+0000] {dagbag.py:545} INFO - Filling up the DagBag from /home/airflow/.local/lib/python3.12/site-packages/airflow/example_dags/example_branch_operator.py
[2026-06-14T21:27:38.311+0000] {processor.py:840} INFO - DAG(s) 'example_branch_operator' retrieved from /home/airflow/.local/lib/python3.12/site-packages/airflow/example_dags/example_branch_operator.py
[2026-06-14T21:27:38.349+0000] {logging_mixin.py:188} INFO - [2026-06-14T21:27:38.349+0000] {dag.py:3089} INFO - Sync 1 DAGs
[2026-06-14T21:27:38.379+0000] {logging_mixin.py:188} INFO - [2026-06-14T21:27:38.378+0000] {dag.py:3947} INFO - Setting next_dagrun for example_branch_operator to 2026-06-13 00:00:00+00:00, run_after=2026-06-14 00:00:00+00:00
[2026-06-14T21:27:38.404+0000] {processor.py:183} INFO - Processing /home/airflow/.local/lib/python3.12/site-packages/airflow/example_dags/example_branch_operator.py took 0.122 seconds
[2026-06-14T21:28:08.587+0000] {processor.py:161} INFO - Started process (PID=283) to work on /home/airflow/.local/lib/python3.12/site-packages/airflow/example_dags/example_branch_operator.py
[2026-06-14T21:28:08.589+0000] {processor.py:830} INFO - Processing file /home/airflow/.local/lib/python3.12/site-packages/airflow/example_dags/example_branch_operator.py for tasks to queue
[2026-06-14T21:28:08.593+0000] {logging_mixin.py:188} INFO - [2026-06-14T21:28:08.592+0000] {dagbag.py:545} INFO - Filling up the DagBag from /home/airflow/.local/lib/python3.12/site-packages/airflow/example_dags/example_branch_operator.py
[2026-06-14T21:28:08.616+0000] {processor.py:840} INFO - DAG(s) 'example_branch_operator' retrieved from /home/airflow/.local/lib/python3.12/site-packages/airflow/example_dags/example_branch_operator.py
[2026-06-14T21:28:08.674+0000] {logging_mixin.py:188} INFO - [2026-06-14T21:28:08.674+0000] {dag.py:3089} INFO - Sync 1 DAGs
[2026-06-14T21:28:08.707+0000] {logging_mixin.py:188} INFO - [2026-06-14T21:28:08.707+0000] {dag.py:3947} INFO - Setting next_dagrun for example_branch_operator to 2026-06-13 00:00:00+00:00, run_after=2026-06-14 00:00:00+00:00
[2026-06-14T21:28:08.748+0000] {processor.py:183} INFO - Processing /home/airflow/.local/lib/python3.12/site-packages/airflow/example_dags/example_branch_operator.py took 0.169 seconds
[2026-06-14T21:28:39.332+0000] {processor.py:161} INFO - Started process (PID=342) to work on /home/airflow/.local/lib/python3.12/site-packages/airflow/example_dags/example_branch_operator.py
[2026-06-14T21:28:39.334+0000] {processor.py:830} INFO - Processing file /home/airflow/.local/lib/python3.12/site-packages/airflow/example_dags/example_branch_operator.py for tasks to queue
[2026-06-14T21:28:39.337+0000] {logging_mixin.py:188} INFO - [2026-06-14T21:28:39.336+0000] {dagbag.py:545} INFO - Filling up the DagBag from /home/airflow/.local/lib/python3.12/site-packages/airflow/example_dags/example_branch_operator.py
[2026-06-14T21:28:39.369+0000] {processor.py:840} INFO - DAG(s) 'example_branch_operator' retrieved from /home/airflow/.local/lib/python3.12/site-packages/airflow/example_dags/example_branch_operator.py
[2026-06-14T21:28:39.418+0000] {logging_mixin.py:188} INFO - [2026-06-14T21:28:39.417+0000] {dag.py:3089} INFO - Sync 1 DAGs
[2026-06-14T21:28:39.457+0000] {logging_mixin.py:188} INFO - [2026-06-14T21:28:39.457+0000] {dag.py:3947} INFO - Setting next_dagrun for example_branch_operator to 2026-06-13 00:00:00+00:00, run_after=2026-06-14 00:00:00+00:00
[2026-06-14T21:28:39.493+0000] {processor.py:183} INFO - Processing /home/airflow/.local/lib/python3.12/site-packages/airflow/example_dags/example_branch_operator.py took 0.172 seconds
[2026-06-14T21:29:10.401+0000] {processor.py:161} INFO - Started process (PID=401) to work on /home/airflow/.local/lib/python3.12/site-packages/airflow/example_dags/example_branch_operator.py
[2026-06-14T21:29:10.403+0000] {processor.py:830} INFO - Processing file /home/airflow/.local/lib/python3.12/site-packages/airflow/example_dags/example_branch_operator.py for tasks to queue
[2026-06-14T21:29:10.414+0000] {logging_mixin.py:188} INFO - [2026-06-14T21:29:10.413+0000] {dagbag.py:545} INFO - Filling up the DagBag from /home/airflow/.local/lib/python3.12/site-packages/airflow/example_dags/example_branch_operator.py
[2026-06-14T21:29:10.479+0000] {processor.py:840} INFO - DAG(s) 'example_branch_operator' retrieved from /home/airflow/.local/lib/python3.12/site-packages/airflow/example_dags/example_branch_operator.py
[2026-06-14T21:29:10.588+0000] {logging_mixin.py:188} INFO - [2026-06-14T21:29:10.588+0000] {dag.py:3089} INFO - Sync 1 DAGs
[2026-06-14T21:29:10.640+0000] {logging_mixin.py:188} INFO - [2026-06-14T21:29:10.640+0000] {dag.py:3947} INFO - Setting next_dagrun for example_branch_operator to 2026-06-13 00:00:00+00:00, run_after=2026-06-14 00:00:00+00:00
[2026-06-14T21:29:10.680+0000] {processor.py:183} INFO - Processing /home/airflow/.local/lib/python3.12/site-packages/airflow/example_dags/example_branch_operator.py took 0.311 seconds
[2026-06-14T21:29:40.960+0000] {processor.py:161} INFO - Started process (PID=460) to work on /home/airflow/.local/lib/python3.12/site-packages/airflow/example_dags/example_branch_operator.py
[2026-06-14T21:29:40.962+0000] {processor.py:830} INFO - Processing file /home/airflow/.local/lib/python3.12/site-packages/airflow/example_dags/example_branch_operator.py for tasks to queue
[2026-06-14T21:29:40.966+0000] {logging_mixin.py:188} INFO - [2026-06-14T21:29:40.965+0000] {dagbag.py:545} INFO - Filling up the DagBag from /home/airflow/.local/lib/python3.12/site-packages/airflow/example_dags/example_branch_operator.py
[2026-06-14T21:29:40.999+0000] {processor.py:840} INFO - DAG(s) 'example_branch_operator' retrieved from /home/airflow/.local/lib/python3.12/site-packages/airflow/example_dags/example_branch_operator.py
[2026-06-14T21:29:41.044+0000] {logging_mixin.py:188} INFO - [2026-06-14T21:29:41.043+0000] {dag.py:3089} INFO - Sync 1 DAGs
[2026-06-14T21:29:41.077+0000] {logging_mixin.py:188} INFO - [2026-06-14T21:29:41.077+0000] {dag.py:3947} INFO - Setting next_dagrun for example_branch_operator to 2026-06-13 00:00:00+00:00, run_after=2026-06-14 00:00:00+00:00
[2026-06-14T21:29:41.151+0000] {processor.py:183} INFO - Processing /home/airflow/.local/lib/python3.12/site-packages/airflow/example_dags/example_branch_operator.py took 0.200 seconds
[2026-06-14T21:30:12.106+0000] {processor.py:161} INFO - Started process (PID=518) to work on /home/airflow/.local/lib/python3.12/site-packages/airflow/example_dags/example_branch_operator.py
[2026-06-14T21:30:12.107+0000] {processor.py:830} INFO - Processing file /home/airflow/.local/lib/python3.12/site-packages/airflow/example_dags/example_branch_operator.py for tasks to queue
[2026-06-14T21:30:12.108+0000] {logging_mixin.py:188} INFO - [2026-06-14T21:30:12.108+0000] {dagbag.py:545} INFO - Filling up the DagBag from /home/airflow/.local/lib/python3.12/site-packages/airflow/example_dags/example_branch_operator.py
[2026-06-14T21:30:12.126+0000] {processor.py:840} INFO - DAG(s) 'example_branch_operator' retrieved from /home/airflow/.local/lib/python3.12/site-packages/airflow/example_dags/example_branch_operator.py
[2026-06-14T21:30:12.166+0000] {logging_mixin.py:188} INFO - [2026-06-14T21:30:12.165+0000] {dag.py:3089} INFO - Sync 1 DAGs
[2026-06-14T21:30:12.192+0000] {logging_mixin.py:188} INFO - [2026-06-14T21:30:12.192+0000] {dag.py:3947} INFO - Setting next_dagrun for example_branch_operator to 2026-06-13 00:00:00+00:00, run_after=2026-06-14 00:00:00+00:00
[2026-06-14T21:30:12.261+0000] {processor.py:183} INFO - Processing /home/airflow/.local/lib/python3.12/site-packages/airflow/example_dags/example_branch_operator.py took 0.161 seconds
[2026-06-14T21:30:43.158+0000] {processor.py:161} INFO - Started process (PID=576) to work on /home/airflow/.local/lib/python3.12/site-packages/airflow/example_dags/example_branch_operator.py
[2026-06-14T21:30:43.159+0000] {processor.py:830} INFO - Processing file /home/airflow/.local/lib/python3.12/site-packages/airflow/example_dags/example_branch_operator.py for tasks to queue
[2026-06-14T21:30:43.161+0000] {logging_mixin.py:188} INFO - [2026-06-14T21:30:43.160+0000] {dagbag.py:545} INFO - Filling up the DagBag from /home/airflow/.local/lib/python3.12/site-packages/airflow/example_dags/example_branch_operator.py
[2026-06-14T21:30:43.186+0000] {processor.py:840} INFO - DAG(s) 'example_branch_operator' retrieved from /home/airflow/.local/lib/python3.12/site-packages/airflow/example_dags/example_branch_operator.py
[2026-06-14T21:30:43.224+0000] {logging_mixin.py:188} INFO - [2026-06-14T21:30:43.223+0000] {dag.py:3089} INFO - Sync 1 DAGs
[2026-06-14T21:30:43.262+0000] {logging_mixin.py:188} INFO - [2026-06-14T21:30:43.262+0000] {dag.py:3947} INFO - Setting next_dagrun for example_branch_operator to 2026-06-13 00:00:00+00:00, run_after=2026-06-14 00:00:00+00:00
[2026-06-14T21:30:43.293+0000] {processor.py:183} INFO - Processing /home/airflow/.local/lib/python3.12/site-packages/airflow/example_dags/example_branch_operator.py took 0.144 seconds
[2026-06-14T21:31:13.613+0000] {processor.py:161} INFO - Started process (PID=635) to work on /home/airflow/.local/lib/python3.12/site-packages/airflow/example_dags/example_branch_operator.py
[2026-06-14T21:31:13.615+0000] {processor.py:830} INFO - Processing file /home/airflow/.local/lib/python3.12/site-packages/airflow/example_dags/example_branch_operator.py for tasks to queue
[2026-06-14T21:31:13.617+0000] {logging_mixin.py:188} INFO - [2026-06-14T21:31:13.616+0000] {dagbag.py:545} INFO - Filling up the DagBag from /home/airflow/.local/lib/python3.12/site-packages/airflow/example_dags/example_branch_operator.py
[2026-06-14T21:31:13.634+0000] {processor.py:840} INFO - DAG(s) 'example_branch_operator' retrieved from /home/airflow/.local/lib/python3.12/site-packages/airflow/example_dags/example_branch_operator.py
[2026-06-14T21:31:13.677+0000] {logging_mixin.py:188} INFO - [2026-06-14T21:31:13.676+0000] {dag.py:3089} INFO - Sync 1 DAGs
[2026-06-14T21:31:13.705+0000] {logging_mixin.py:188} INFO - [2026-06-14T21:31:13.705+0000] {dag.py:3947} INFO - Setting next_dagrun for example_branch_operator to 2026-06-13 00:00:00+00:00, run_after=2026-06-14 00:00:00+00:00
[2026-06-14T21:31:13.739+0000] {processor.py:183} INFO - Processing /home/airflow/.local/lib/python3.12/site-packages/airflow/example_dags/example_branch_operator.py took 0.133 seconds
[2026-06-14T21:31:44.546+0000] {processor.py:161} INFO - Started process (PID=693) to work on /home/airflow/.local/lib/python3.12/site-packages/airflow/example_dags/example_branch_operator.py
[2026-06-14T21:31:44.547+0000] {processor.py:830} INFO - Processing file /home/airflow/.local/lib/python3.12/site-packages/airflow/example_dags/example_branch_operator.py for tasks to queue
[2026-06-14T21:31:44.549+0000] {logging_mixin.py:188} INFO - [2026-06-14T21:31:44.548+0000] {dagbag.py:545} INFO - Filling up the DagBag from /home/airflow/.local/lib/python3.12/site-packages/airflow/example_dags/example_branch_operator.py
[2026-06-14T21:31:44.577+0000] {processor.py:840} INFO - DAG(s) 'example_branch_operator' retrieved from /home/airflow/.local/lib/python3.12/site-packages/airflow/example_dags/example_branch_operator.py
[2026-06-14T21:31:44.616+0000] {logging_mixin.py:188} INFO - [2026-06-14T21:31:44.616+0000] {dag.py:3089} INFO - Sync 1 DAGs
[2026-06-14T21:31:44.651+0000] {logging_mixin.py:188} INFO - [2026-06-14T21:31:44.651+0000] {dag.py:3947} INFO - Setting next_dagrun for example_branch_operator to 2026-06-13 00:00:00+00:00, run_after=2026-06-14 00:00:00+00:00
[2026-06-14T21:31:44.715+0000] {processor.py:183} INFO - Processing /home/airflow/.local/lib/python3.12/site-packages/airflow/example_dags/example_branch_operator.py took 0.179 seconds
[2026-06-14T21:32:15.247+0000] {processor.py:161} INFO - Started process (PID=750) to work on /home/airflow/.local/lib/python3.12/site-packages/airflow/example_dags/example_branch_operator.py
[2026-06-14T21:32:15.249+0000] {processor.py:830} INFO - Processing file /home/airflow/.local/lib/python3.12/site-packages/airflow/example_dags/example_branch_operator.py for tasks to queue
[2026-06-14T21:32:15.251+0000] {logging_mixin.py:188} INFO - [2026-06-14T21:32:15.250+0000] {dagbag.py:545} INFO - Filling up the DagBag from /home/airflow/.local/lib/python3.12/site-packages/airflow/example_dags/example_branch_operator.py
[2026-06-14T21:32:15.282+0000] {processor.py:840} INFO - DAG(s) 'example_branch_operator' retrieved from /home/airflow/.local/lib/python3.12/site-packages/airflow/example_dags/example_branch_operator.py
[2026-06-14T21:32:15.322+0000] {logging_mixin.py:188} INFO - [2026-06-14T21:32:15.322+0000] {dag.py:3089} INFO - Sync 1 DAGs
[2026-06-14T21:32:15.363+0000] {logging_mixin.py:188} INFO - [2026-06-14T21:32:15.363+0000] {dag.py:3947} INFO - Setting next_dagrun for example_branch_operator to 2026-06-13 00:00:00+00:00, run_after=2026-06-14 00:00:00+00:00
[2026-06-14T21:32:15.396+0000] {processor.py:183} INFO - Processing /home/airflow/.local/lib/python3.12/site-packages/airflow/example_dags/example_branch_operator.py took 0.160 seconds
[2026-06-14T21:40:04.194+0000] {processor.py:161} INFO - Started process (PID=107) to work on /home/airflow/.local/lib/python3.12/site-packages/airflow/example_dags/example_branch_operator.py
[2026-06-14T21:40:04.196+0000] {processor.py:830} INFO - Processing file /home/airflow/.local/lib/python3.12/site-packages/airflow/example_dags/example_branch_operator.py for tasks to queue
[2026-06-14T21:40:04.199+0000] {logging_mixin.py:188} INFO - [2026-06-14T21:40:04.198+0000] {dagbag.py:545} INFO - Filling up the DagBag from /home/airflow/.local/lib/python3.12/site-packages/airflow/example_dags/example_branch_operator.py
[2026-06-14T21:40:04.231+0000] {processor.py:840} INFO - DAG(s) 'example_branch_operator' retrieved from /home/airflow/.local/lib/python3.12/site-packages/airflow/example_dags/example_branch_operator.py
[2026-06-14T21:40:04.392+0000] {logging_mixin.py:188} INFO - [2026-06-14T21:40:04.392+0000] {dag.py:3089} INFO - Sync 1 DAGs
[2026-06-14T21:40:04.432+0000] {logging_mixin.py:188} INFO - [2026-06-14T21:40:04.431+0000] {dag.py:3947} INFO - Setting next_dagrun for example_branch_operator to 2026-06-13 00:00:00+00:00, run_after=2026-06-14 00:00:00+00:00
[2026-06-14T21:40:04.469+0000] {processor.py:183} INFO - Processing /home/airflow/.local/lib/python3.12/site-packages/airflow/example_dags/example_branch_operator.py took 0.285 seconds
[2026-06-14T21:40:34.527+0000] {processor.py:161} INFO - Started process (PID=166) to work on /home/airflow/.local/lib/python3.12/site-packages/airflow/example_dags/example_branch_operator.py
[2026-06-14T21:40:34.530+0000] {processor.py:830} INFO - Processing file /home/airflow/.local/lib/python3.12/site-packages/airflow/example_dags/example_branch_operator.py for tasks to queue
[2026-06-14T21:40:34.535+0000] {logging_mixin.py:188} INFO - [2026-06-14T21:40:34.535+0000] {dagbag.py:545} INFO - Filling up the DagBag from /home/airflow/.local/lib/python3.12/site-packages/airflow/example_dags/example_branch_operator.py
[2026-06-14T21:40:34.564+0000] {processor.py:840} INFO - DAG(s) 'example_branch_operator' retrieved from /home/airflow/.local/lib/python3.12/site-packages/airflow/example_dags/example_branch_operator.py
[2026-06-14T21:40:34.604+0000] {logging_mixin.py:188} INFO - [2026-06-14T21:40:34.604+0000] {dag.py:3089} INFO - Sync 1 DAGs
[2026-06-14T21:40:34.635+0000] {logging_mixin.py:188} INFO - [2026-06-14T21:40:34.635+0000] {dag.py:3947} INFO - Setting next_dagrun for example_branch_operator to 2026-06-13 00:00:00+00:00, run_after=2026-06-14 00:00:00+00:00
[2026-06-14T21:40:34.660+0000] {processor.py:183} INFO - Processing /home/airflow/.local/lib/python3.12/site-packages/airflow/example_dags/example_branch_operator.py took 0.141 seconds
[2026-06-14T21:41:05.275+0000] {processor.py:161} INFO - Started process (PID=225) to work on /home/airflow/.local/lib/python3.12/site-packages/airflow/example_dags/example_branch_operator.py
[2026-06-14T21:41:05.276+0000] {processor.py:830} INFO - Processing file /home/airflow/.local/lib/python3.12/site-packages/airflow/example_dags/example_branch_operator.py for tasks to queue
[2026-06-14T21:41:05.280+0000] {logging_mixin.py:188} INFO - [2026-06-14T21:41:05.279+0000] {dagbag.py:545} INFO - Filling up the DagBag from /home/airflow/.local/lib/python3.12/site-packages/airflow/example_dags/example_branch_operator.py
[2026-06-14T21:41:05.322+0000] {processor.py:840} INFO - DAG(s) 'example_branch_operator' retrieved from /home/airflow/.local/lib/python3.12/site-packages/airflow/example_dags/example_branch_operator.py
[2026-06-14T21:41:05.377+0000] {logging_mixin.py:188} INFO - [2026-06-14T21:41:05.376+0000] {dag.py:3089} INFO - Sync 1 DAGs
[2026-06-14T21:41:05.421+0000] {logging_mixin.py:188} INFO - [2026-06-14T21:41:05.421+0000] {dag.py:3947} INFO - Setting next_dagrun for example_branch_operator to 2026-06-13 00:00:00+00:00, run_after=2026-06-14 00:00:00+00:00
[2026-06-14T21:41:05.456+0000] {processor.py:183} INFO - Processing /home/airflow/.local/lib/python3.12/site-packages/airflow/example_dags/example_branch_operator.py took 0.194 seconds
[2026-06-14T21:41:35.900+0000] {processor.py:161} INFO - Started process (PID=284) to work on /home/airflow/.local/lib/python3.12/site-packages/airflow/example_dags/example_branch_operator.py
[2026-06-14T21:41:35.901+0000] {processor.py:830} INFO - Processing file /home/airflow/.local/lib/python3.12/site-packages/airflow/example_dags/example_branch_operator.py for tasks to queue
[2026-06-14T21:41:35.905+0000] {logging_mixin.py:188} INFO - [2026-06-14T21:41:35.904+0000] {dagbag.py:545} INFO - Filling up the DagBag from /home/airflow/.local/lib/python3.12/site-packages/airflow/example_dags/example_branch_operator.py
[2026-06-14T21:41:35.930+0000] {processor.py:840} INFO - DAG(s) 'example_branch_operator' retrieved from /home/airflow/.local/lib/python3.12/site-packages/airflow/example_dags/example_branch_operator.py
[2026-06-14T21:41:35.969+0000] {logging_mixin.py:188} INFO - [2026-06-14T21:41:35.969+0000] {dag.py:3089} INFO - Sync 1 DAGs
[2026-06-14T21:41:36.008+0000] {logging_mixin.py:188} INFO - [2026-06-14T21:41:36.008+0000] {dag.py:3947} INFO - Setting next_dagrun for example_branch_operator to 2026-06-13 00:00:00+00:00, run_after=2026-06-14 00:00:00+00:00
[2026-06-14T21:41:36.040+0000] {processor.py:183} INFO - Processing /home/airflow/.local/lib/python3.12/site-packages/airflow/example_dags/example_branch_operator.py took 0.152 seconds
[2026-06-14T21:42:06.710+0000] {processor.py:161} INFO - Started process (PID=343) to work on /home/airflow/.local/lib/python3.12/site-packages/airflow/example_dags/example_branch_operator.py
[2026-06-14T21:42:06.712+0000] {processor.py:830} INFO - Processing file /home/airflow/.local/lib/python3.12/site-packages/airflow/example_dags/example_branch_operator.py for tasks to queue
[2026-06-14T21:42:06.715+0000] {logging_mixin.py:188} INFO - [2026-06-14T21:42:06.715+0000] {dagbag.py:545} INFO - Filling up the DagBag from /home/airflow/.local/lib/python3.12/site-packages/airflow/example_dags/example_branch_operator.py
[2026-06-14T21:42:06.742+0000] {processor.py:840} INFO - DAG(s) 'example_branch_operator' retrieved from /home/airflow/.local/lib/python3.12/site-packages/airflow/example_dags/example_branch_operator.py
[2026-06-14T21:42:06.789+0000] {logging_mixin.py:188} INFO - [2026-06-14T21:42:06.789+0000] {dag.py:3089} INFO - Sync 1 DAGs
[2026-06-14T21:42:06.826+0000] {logging_mixin.py:188} INFO - [2026-06-14T21:42:06.826+0000] {dag.py:3947} INFO - Setting next_dagrun for example_branch_operator to 2026-06-13 00:00:00+00:00, run_after=2026-06-14 00:00:00+00:00
[2026-06-14T21:42:06.857+0000] {processor.py:183} INFO - Processing /home/airflow/.local/lib/python3.12/site-packages/airflow/example_dags/example_branch_operator.py took 0.160 seconds
[2026-06-14T21:42:37.198+0000] {processor.py:161} INFO - Started process (PID=402) to work on /home/airflow/.local/lib/python3.12/site-packages/airflow/example_dags/example_branch_operator.py
[2026-06-14T21:42:37.199+0000] {processor.py:830} INFO - Processing file /home/airflow/.local/lib/python3.12/site-packages/airflow/example_dags/example_branch_operator.py for tasks to queue
[2026-06-14T21:42:37.202+0000] {logging_mixin.py:188} INFO - [2026-06-14T21:42:37.202+0000] {dagbag.py:545} INFO - Filling up the DagBag from /home/airflow/.local/lib/python3.12/site-packages/airflow/example_dags/example_branch_operator.py
[2026-06-14T21:42:37.227+0000] {processor.py:840} INFO - DAG(s) 'example_branch_operator' retrieved from /home/airflow/.local/lib/python3.12/site-packages/airflow/example_dags/example_branch_operator.py
[2026-06-14T21:42:37.290+0000] {logging_mixin.py:188} INFO - [2026-06-14T21:42:37.289+0000] {dag.py:3089} INFO - Sync 1 DAGs
[2026-06-14T21:42:37.326+0000] {logging_mixin.py:188} INFO - [2026-06-14T21:42:37.326+0000] {dag.py:3947} INFO - Setting next_dagrun for example_branch_operator to 2026-06-13 00:00:00+00:00, run_after=2026-06-14 00:00:00+00:00
[2026-06-14T21:42:37.351+0000] {processor.py:183} INFO - Processing /home/airflow/.local/lib/python3.12/site-packages/airflow/example_dags/example_branch_operator.py took 0.161 seconds
[2026-06-14T21:43:07.881+0000] {processor.py:161} INFO - Started process (PID=461) to work on /home/airflow/.local/lib/python3.12/site-packages/airflow/example_dags/example_branch_operator.py
[2026-06-14T21:43:07.882+0000] {processor.py:830} INFO - Processing file /home/airflow/.local/lib/python3.12/site-packages/airflow/example_dags/example_branch_operator.py for tasks to queue
[2026-06-14T21:43:07.886+0000] {logging_mixin.py:188} INFO - [2026-06-14T21:43:07.885+0000] {dagbag.py:545} INFO - Filling up the DagBag from /home/airflow/.local/lib/python3.12/site-packages/airflow/example_dags/example_branch_operator.py
[2026-06-14T21:43:07.921+0000] {processor.py:840} INFO - DAG(s) 'example_branch_operator' retrieved from /home/airflow/.local/lib/python3.12/site-packages/airflow/example_dags/example_branch_operator.py
[2026-06-14T21:43:07.961+0000] {logging_mixin.py:188} INFO - [2026-06-14T21:43:07.961+0000] {dag.py:3089} INFO - Sync 1 DAGs
[2026-06-14T21:43:07.995+0000] {logging_mixin.py:188} INFO - [2026-06-14T21:43:07.995+0000] {dag.py:3947} INFO - Setting next_dagrun for example_branch_operator to 2026-06-13 00:00:00+00:00, run_after=2026-06-14 00:00:00+00:00
[2026-06-14T21:43:08.026+0000] {processor.py:183} INFO - Processing /home/airflow/.local/lib/python3.12/site-packages/airflow/example_dags/example_branch_operator.py took 0.154 seconds
[2026-06-14T21:43:38.870+0000] {processor.py:161} INFO - Started process (PID=520) to work on /home/airflow/.local/lib/python3.12/site-packages/airflow/example_dags/example_branch_operator.py
[2026-06-14T21:43:38.872+0000] {processor.py:830} INFO - Processing file /home/airflow/.local/lib/python3.12/site-packages/airflow/example_dags/example_branch_operator.py for tasks to queue
[2026-06-14T21:43:38.875+0000] {logging_mixin.py:188} INFO - [2026-06-14T21:43:38.874+0000] {dagbag.py:545} INFO - Filling up the DagBag from /home/airflow/.local/lib/python3.12/site-packages/airflow/example_dags/example_branch_operator.py
[2026-06-14T21:43:38.903+0000] {processor.py:840} INFO - DAG(s) 'example_branch_operator' retrieved from /home/airflow/.local/lib/python3.12/site-packages/airflow/example_dags/example_branch_operator.py
[2026-06-14T21:43:38.953+0000] {logging_mixin.py:188} INFO - [2026-06-14T21:43:38.952+0000] {dag.py:3089} INFO - Sync 1 DAGs
[2026-06-14T21:43:38.990+0000] {logging_mixin.py:188} INFO - [2026-06-14T21:43:38.989+0000] {dag.py:3947} INFO - Setting next_dagrun for example_branch_operator to 2026-06-13 00:00:00+00:00, run_after=2026-06-14 00:00:00+00:00
[2026-06-14T21:43:39.027+0000] {processor.py:183} INFO - Processing /home/airflow/.local/lib/python3.12/site-packages/airflow/example_dags/example_branch_operator.py took 0.165 seconds
[2026-06-14T21:44:09.400+0000] {processor.py:161} INFO - Started process (PID=579) to work on /home/airflow/.local/lib/python3.12/site-packages/airflow/example_dags/example_branch_operator.py
[2026-06-14T21:44:09.401+0000] {processor.py:830} INFO - Processing file /home/airflow/.local/lib/python3.12/site-packages/airflow/example_dags/example_branch_operator.py for tasks to queue
[2026-06-14T21:44:09.404+0000] {logging_mixin.py:188} INFO - [2026-06-14T21:44:09.404+0000] {dagbag.py:545} INFO - Filling up the DagBag from /home/airflow/.local/lib/python3.12/site-packages/airflow/example_dags/example_branch_operator.py
[2026-06-14T21:44:09.426+0000] {processor.py:840} INFO - DAG(s) 'example_branch_operator' retrieved from /home/airflow/.local/lib/python3.12/site-packages/airflow/example_dags/example_branch_operator.py
[2026-06-14T21:44:09.471+0000] {logging_mixin.py:188} INFO - [2026-06-14T21:44:09.471+0000] {dag.py:3089} INFO - Sync 1 DAGs
[2026-06-14T21:44:09.509+0000] {logging_mixin.py:188} INFO - [2026-06-14T21:44:09.508+0000] {dag.py:3947} INFO - Setting next_dagrun for example_branch_operator to 2026-06-13 00:00:00+00:00, run_after=2026-06-14 00:00:00+00:00
[2026-06-14T21:44:09.539+0000] {processor.py:183} INFO - Processing /home/airflow/.local/lib/python3.12/site-packages/airflow/example_dags/example_branch_operator.py took 0.147 seconds
[2026-06-14T21:44:40.281+0000] {processor.py:161} INFO - Started process (PID=638) to work on /home/airflow/.local/lib/python3.12/site-packages/airflow/example_dags/example_branch_operator.py
[2026-06-14T21:44:40.282+0000] {processor.py:830} INFO - Processing file /home/airflow/.local/lib/python3.12/site-packages/airflow/example_dags/example_branch_operator.py for tasks to queue
[2026-06-14T21:44:40.285+0000] {logging_mixin.py:188} INFO - [2026-06-14T21:44:40.285+0000] {dagbag.py:545} INFO - Filling up the DagBag from /home/airflow/.local/lib/python3.12/site-packages/airflow/example_dags/example_branch_operator.py
[2026-06-14T21:44:40.307+0000] {processor.py:840} INFO - DAG(s) 'example_branch_operator' retrieved from /home/airflow/.local/lib/python3.12/site-packages/airflow/example_dags/example_branch_operator.py
[2026-06-14T21:44:40.343+0000] {logging_mixin.py:188} INFO - [2026-06-14T21:44:40.343+0000] {dag.py:3089} INFO - Sync 1 DAGs
[2026-06-14T21:44:40.377+0000] {logging_mixin.py:188} INFO - [2026-06-14T21:44:40.377+0000] {dag.py:3947} INFO - Setting next_dagrun for example_branch_operator to 2026-06-13 00:00:00+00:00, run_after=2026-06-14 00:00:00+00:00
[2026-06-14T21:44:40.405+0000] {processor.py:183} INFO - Processing /home/airflow/.local/lib/python3.12/site-packages/airflow/example_dags/example_branch_operator.py took 0.133 seconds
[2026-06-14T21:45:11.026+0000] {processor.py:161} INFO - Started process (PID=697) to work on /home/airflow/.local/lib/python3.12/site-packages/airflow/example_dags/example_branch_operator.py
[2026-06-14T21:45:11.028+0000] {processor.py:830} INFO - Processing file /home/airflow/.local/lib/python3.12/site-packages/airflow/example_dags/example_branch_operator.py for tasks to queue
[2026-06-14T21:45:11.033+0000] {logging_mixin.py:188} INFO - [2026-06-14T21:45:11.032+0000] {dagbag.py:545} INFO - Filling up the DagBag from /home/airflow/.local/lib/python3.12/site-packages/airflow/example_dags/example_branch_operator.py
[2026-06-14T21:45:11.090+0000] {processor.py:840} INFO - DAG(s) 'example_branch_operator' retrieved from /home/airflow/.local/lib/python3.12/site-packages/airflow/example_dags/example_branch_operator.py
[2026-06-14T21:45:11.167+0000] {logging_mixin.py:188} INFO - [2026-06-14T21:45:11.166+0000] {dag.py:3089} INFO - Sync 1 DAGs
[2026-06-14T21:45:11.220+0000] {logging_mixin.py:188} INFO - [2026-06-14T21:45:11.219+0000] {dag.py:3947} INFO - Setting next_dagrun for example_branch_operator to 2026-06-13 00:00:00+00:00, run_after=2026-06-14 00:00:00+00:00
[2026-06-14T21:45:11.267+0000] {processor.py:183} INFO - Processing /home/airflow/.local/lib/python3.12/site-packages/airflow/example_dags/example_branch_operator.py took 0.255 seconds
[2026-06-14T21:45:41.438+0000] {processor.py:161} INFO - Started process (PID=756) to work on /home/airflow/.local/lib/python3.12/site-packages/airflow/example_dags/example_branch_operator.py
[2026-06-14T21:45:41.440+0000] {processor.py:830} INFO - Processing file /home/airflow/.local/lib/python3.12/site-packages/airflow/example_dags/example_branch_operator.py for tasks to queue
[2026-06-14T21:45:41.443+0000] {logging_mixin.py:188} INFO - [2026-06-14T21:45:41.442+0000] {dagbag.py:545} INFO - Filling up the DagBag from /home/airflow/.local/lib/python3.12/site-packages/airflow/example_dags/example_branch_operator.py
[2026-06-14T21:45:41.466+0000] {processor.py:840} INFO - DAG(s) 'example_branch_operator' retrieved from /home/airflow/.local/lib/python3.12/site-packages/airflow/example_dags/example_branch_operator.py
[2026-06-14T21:45:41.505+0000] {logging_mixin.py:188} INFO - [2026-06-14T21:45:41.505+0000] {dag.py:3089} INFO - Sync 1 DAGs
[2026-06-14T21:45:41.542+0000] {logging_mixin.py:188} INFO - [2026-06-14T21:45:41.541+0000] {dag.py:3947} INFO - Setting next_dagrun for example_branch_operator to 2026-06-13 00:00:00+00:00, run_after=2026-06-14 00:00:00+00:00
[2026-06-14T21:45:41.575+0000] {processor.py:183} INFO - Processing /home/airflow/.local/lib/python3.12/site-packages/airflow/example_dags/example_branch_operator.py took 0.146 seconds
[2026-06-14T21:46:12.868+0000] {processor.py:161} INFO - Started process (PID=815) to work on /home/airflow/.local/lib/python3.12/site-packages/airflow/example_dags/example_branch_operator.py
[2026-06-14T21:46:12.870+0000] {processor.py:830} INFO - Processing file /home/airflow/.local/lib/python3.12/site-packages/airflow/example_dags/example_branch_operator.py for tasks to queue
[2026-06-14T21:46:12.873+0000] {logging_mixin.py:188} INFO - [2026-06-14T21:46:12.872+0000] {dagbag.py:545} INFO - Filling up the DagBag from /home/airflow/.local/lib/python3.12/site-packages/airflow/example_dags/example_branch_operator.py
[2026-06-14T21:46:12.895+0000] {processor.py:840} INFO - DAG(s) 'example_branch_operator' retrieved from /home/airflow/.local/lib/python3.12/site-packages/airflow/example_dags/example_branch_operator.py
[2026-06-14T21:46:12.943+0000] {logging_mixin.py:188} INFO - [2026-06-14T21:46:12.943+0000] {dag.py:3089} INFO - Sync 1 DAGs
[2026-06-14T21:46:13.004+0000] {logging_mixin.py:188} INFO - [2026-06-14T21:46:13.003+0000] {dag.py:3947} INFO - Setting next_dagrun for example_branch_operator to 2026-06-13 00:00:00+00:00, run_after=2026-06-14 00:00:00+00:00
[2026-06-14T21:46:13.046+0000] {processor.py:183} INFO - Processing /home/airflow/.local/lib/python3.12/site-packages/airflow/example_dags/example_branch_operator.py took 0.187 seconds
[2026-06-14T21:46:44.038+0000] {processor.py:161} INFO - Started process (PID=874) to work on /home/airflow/.local/lib/python3.12/site-packages/airflow/example_dags/example_branch_operator.py
[2026-06-14T21:46:44.041+0000] {processor.py:830} INFO - Processing file /home/airflow/.local/lib/python3.12/site-packages/airflow/example_dags/example_branch_operator.py for tasks to queue
[2026-06-14T21:46:44.045+0000] {logging_mixin.py:188} INFO - [2026-06-14T21:46:44.044+0000] {dagbag.py:545} INFO - Filling up the DagBag from /home/airflow/.local/lib/python3.12/site-packages/airflow/example_dags/example_branch_operator.py
[2026-06-14T21:46:44.082+0000] {processor.py:840} INFO - DAG(s) 'example_branch_operator' retrieved from /home/airflow/.local/lib/python3.12/site-packages/airflow/example_dags/example_branch_operator.py
[2026-06-14T21:46:44.145+0000] {logging_mixin.py:188} INFO - [2026-06-14T21:46:44.144+0000] {dag.py:3089} INFO - Sync 1 DAGs
[2026-06-14T21:46:44.187+0000] {logging_mixin.py:188} INFO - [2026-06-14T21:46:44.186+0000] {dag.py:3947} INFO - Setting next_dagrun for example_branch_operator to 2026-06-13 00:00:00+00:00, run_after=2026-06-14 00:00:00+00:00
[2026-06-14T21:46:44.234+0000] {processor.py:183} INFO - Processing /home/airflow/.local/lib/python3.12/site-packages/airflow/example_dags/example_branch_operator.py took 0.208 seconds
[2026-06-14T21:47:16.655+0000] {processor.py:161} INFO - Started process (PID=939) to work on /home/airflow/.local/lib/python3.12/site-packages/airflow/example_dags/example_branch_operator.py
[2026-06-14T21:47:16.658+0000] {processor.py:830} INFO - Processing file /home/airflow/.local/lib/python3.12/site-packages/airflow/example_dags/example_branch_operator.py for tasks to queue
[2026-06-14T21:47:16.663+0000] {logging_mixin.py:188} INFO - [2026-06-14T21:47:16.662+0000] {dagbag.py:545} INFO - Filling up the DagBag from /home/airflow/.local/lib/python3.12/site-packages/airflow/example_dags/example_branch_operator.py
[2026-06-14T21:47:16.717+0000] {processor.py:840} INFO - DAG(s) 'example_branch_operator' retrieved from /home/airflow/.local/lib/python3.12/site-packages/airflow/example_dags/example_branch_operator.py
[2026-06-14T21:47:16.805+0000] {logging_mixin.py:188} INFO - [2026-06-14T21:47:16.804+0000] {dag.py:3089} INFO - Sync 1 DAGs
[2026-06-14T21:47:16.874+0000] {logging_mixin.py:188} INFO - [2026-06-14T21:47:16.873+0000] {dag.py:3947} INFO - Setting next_dagrun for example_branch_operator to 2026-06-13 00:00:00+00:00, run_after=2026-06-14 00:00:00+00:00
[2026-06-14T21:47:16.925+0000] {processor.py:183} INFO - Processing /home/airflow/.local/lib/python3.12/site-packages/airflow/example_dags/example_branch_operator.py took 0.288 seconds
[2026-06-14T21:47:47.296+0000] {processor.py:161} INFO - Started process (PID=997) to work on /home/airflow/.local/lib/python3.12/site-packages/airflow/example_dags/example_branch_operator.py
[2026-06-14T21:47:47.298+0000] {processor.py:830} INFO - Processing file /home/airflow/.local/lib/python3.12/site-packages/airflow/example_dags/example_branch_operator.py for tasks to queue
[2026-06-14T21:47:47.302+0000] {logging_mixin.py:188} INFO - [2026-06-14T21:47:47.301+0000] {dagbag.py:545} INFO - Filling up the DagBag from /home/airflow/.local/lib/python3.12/site-packages/airflow/example_dags/example_branch_operator.py
[2026-06-14T21:47:47.323+0000] {processor.py:840} INFO - DAG(s) 'example_branch_operator' retrieved from /home/airflow/.local/lib/python3.12/site-packages/airflow/example_dags/example_branch_operator.py
[2026-06-14T21:47:47.357+0000] {logging_mixin.py:188} INFO - [2026-06-14T21:47:47.356+0000] {dag.py:3089} INFO - Sync 1 DAGs
[2026-06-14T21:47:47.386+0000] {logging_mixin.py:188} INFO - [2026-06-14T21:47:47.385+0000] {dag.py:3947} INFO - Setting next_dagrun for example_branch_operator to 2026-06-13 00:00:00+00:00, run_after=2026-06-14 00:00:00+00:00
[2026-06-14T21:47:47.411+0000] {processor.py:183} INFO - Processing /home/airflow/.local/lib/python3.12/site-packages/airflow/example_dags/example_branch_operator.py took 0.124 seconds
[2026-06-14T21:48:17.833+0000] {processor.py:161} INFO - Started process (PID=1056) to work on /home/airflow/.local/lib/python3.12/site-packages/airflow/example_dags/example_branch_operator.py
[2026-06-14T21:48:17.834+0000] {processor.py:830} INFO - Processing file /home/airflow/.local/lib/python3.12/site-packages/airflow/example_dags/example_branch_operator.py for tasks to queue
[2026-06-14T21:48:17.837+0000] {logging_mixin.py:188} INFO - [2026-06-14T21:48:17.836+0000] {dagbag.py:545} INFO - Filling up the DagBag from /home/airflow/.local/lib/python3.12/site-packages/airflow/example_dags/example_branch_operator.py
[2026-06-14T21:48:17.858+0000] {processor.py:840} INFO - DAG(s) 'example_branch_operator' retrieved from /home/airflow/.local/lib/python3.12/site-packages/airflow/example_dags/example_branch_operator.py
[2026-06-14T21:48:17.897+0000] {logging_mixin.py:188} INFO - [2026-06-14T21:48:17.897+0000] {dag.py:3089} INFO - Sync 1 DAGs
[2026-06-14T21:48:17.929+0000] {logging_mixin.py:188} INFO - [2026-06-14T21:48:17.928+0000] {dag.py:3947} INFO - Setting next_dagrun for example_branch_operator to 2026-06-13 00:00:00+00:00, run_after=2026-06-14 00:00:00+00:00
[2026-06-14T21:48:17.956+0000] {processor.py:183} INFO - Processing /home/airflow/.local/lib/python3.12/site-packages/airflow/example_dags/example_branch_operator.py took 0.131 seconds
[2026-06-14T21:48:48.926+0000] {processor.py:161} INFO - Started process (PID=1114) to work on /home/airflow/.local/lib/python3.12/site-packages/airflow/example_dags/example_branch_operator.py
[2026-06-14T21:48:48.928+0000] {processor.py:830} INFO - Processing file /home/airflow/.local/lib/python3.12/site-packages/airflow/example_dags/example_branch_operator.py for tasks to queue
[2026-06-14T21:48:48.932+0000] {logging_mixin.py:188} INFO - [2026-06-14T21:48:48.931+0000] {dagbag.py:545} INFO - Filling up the DagBag from /home/airflow/.local/lib/python3.12/site-packages/airflow/example_dags/example_branch_operator.py
[2026-06-14T21:48:48.959+0000] {processor.py:840} INFO - DAG(s) 'example_branch_operator' retrieved from /home/airflow/.local/lib/python3.12/site-packages/airflow/example_dags/example_branch_operator.py
[2026-06-14T21:48:48.999+0000] {logging_mixin.py:188} INFO - [2026-06-14T21:48:48.999+0000] {dag.py:3089} INFO - Sync 1 DAGs
[2026-06-14T21:48:49.035+0000] {logging_mixin.py:188} INFO - [2026-06-14T21:48:49.035+0000] {dag.py:3947} INFO - Setting next_dagrun for example_branch_operator to 2026-06-13 00:00:00+00:00, run_after=2026-06-14 00:00:00+00:00
[2026-06-14T21:48:49.104+0000] {processor.py:183} INFO - Processing /home/airflow/.local/lib/python3.12/site-packages/airflow/example_dags/example_branch_operator.py took 0.184 seconds
[2026-06-14T21:49:19.372+0000] {processor.py:161} INFO - Started process (PID=1173) to work on /home/airflow/.local/lib/python3.12/site-packages/airflow/example_dags/example_branch_operator.py
[2026-06-14T21:49:19.374+0000] {processor.py:830} INFO - Processing file /home/airflow/.local/lib/python3.12/site-packages/airflow/example_dags/example_branch_operator.py for tasks to queue
[2026-06-14T21:49:19.377+0000] {logging_mixin.py:188} INFO - [2026-06-14T21:49:19.376+0000] {dagbag.py:545} INFO - Filling up the DagBag from /home/airflow/.local/lib/python3.12/site-packages/airflow/example_dags/example_branch_operator.py
[2026-06-14T21:49:19.404+0000] {processor.py:840} INFO - DAG(s) 'example_branch_operator' retrieved from /home/airflow/.local/lib/python3.12/site-packages/airflow/example_dags/example_branch_operator.py
[2026-06-14T21:49:19.451+0000] {logging_mixin.py:188} INFO - [2026-06-14T21:49:19.450+0000] {dag.py:3089} INFO - Sync 1 DAGs
[2026-06-14T21:49:19.493+0000] {logging_mixin.py:188} INFO - [2026-06-14T21:49:19.493+0000] {dag.py:3947} INFO - Setting next_dagrun for example_branch_operator to 2026-06-13 00:00:00+00:00, run_after=2026-06-14 00:00:00+00:00
[2026-06-14T21:49:19.532+0000] {processor.py:183} INFO - Processing /home/airflow/.local/lib/python3.12/site-packages/airflow/example_dags/example_branch_operator.py took 0.171 seconds
