[2026-06-14T21:26:37.083+0000] {processor.py:161} INFO - Started process (PID=109) to work on /home/airflow/.local/lib/python3.12/site-packages/airflow/example_dags/example_nested_branch_dag.py
[2026-06-14T21:26:37.085+0000] {processor.py:830} INFO - Processing file /home/airflow/.local/lib/python3.12/site-packages/airflow/example_dags/example_nested_branch_dag.py for tasks to queue
[2026-06-14T21:26:37.088+0000] {logging_mixin.py:188} INFO - [2026-06-14T21:26:37.087+0000] {dagbag.py:545} INFO - Filling up the DagBag from /home/airflow/.local/lib/python3.12/site-packages/airflow/example_dags/example_nested_branch_dag.py
[2026-06-14T21:26:37.112+0000] {processor.py:840} INFO - DAG(s) 'example_nested_branch_dag' retrieved from /home/airflow/.local/lib/python3.12/site-packages/airflow/example_dags/example_nested_branch_dag.py
[2026-06-14T21:26:37.302+0000] {logging_mixin.py:188} INFO - [2026-06-14T21:26:37.301+0000] {override.py:1858} INFO - Created Permission View: can delete on DAG:example_nested_branch_dag
[2026-06-14T21:26:37.322+0000] {logging_mixin.py:188} INFO - [2026-06-14T21:26:37.322+0000] {override.py:1858} INFO - Created Permission View: can edit on DAG:example_nested_branch_dag
[2026-06-14T21:26:37.333+0000] {logging_mixin.py:188} INFO - [2026-06-14T21:26:37.333+0000] {override.py:1858} INFO - Created Permission View: can read on DAG:example_nested_branch_dag
[2026-06-14T21:26:37.334+0000] {logging_mixin.py:188} INFO - [2026-06-14T21:26:37.334+0000] {dag.py:3089} INFO - Sync 1 DAGs
[2026-06-14T21:26:37.353+0000] {logging_mixin.py:188} INFO - [2026-06-14T21:26:37.352+0000] {dag.py:3111} INFO - Creating ORM DAG for example_nested_branch_dag
[2026-06-14T21:26:37.368+0000] {logging_mixin.py:188} INFO - [2026-06-14T21:26:37.368+0000] {dag.py:3947} INFO - Setting next_dagrun for example_nested_branch_dag to 2026-06-13 00:00:00+00:00, run_after=2026-06-14 00:00:00+00:00
[2026-06-14T21:26:37.397+0000] {processor.py:183} INFO - Processing /home/airflow/.local/lib/python3.12/site-packages/airflow/example_dags/example_nested_branch_dag.py took 0.326 seconds
[2026-06-14T21:27:07.958+0000] {processor.py:161} INFO - Started process (PID=168) to work on /home/airflow/.local/lib/python3.12/site-packages/airflow/example_dags/example_nested_branch_dag.py
[2026-06-14T21:27:07.960+0000] {processor.py:830} INFO - Processing file /home/airflow/.local/lib/python3.12/site-packages/airflow/example_dags/example_nested_branch_dag.py for tasks to queue
[2026-06-14T21:27:07.964+0000] {logging_mixin.py:188} INFO - [2026-06-14T21:27:07.963+0000] {dagbag.py:545} INFO - Filling up the DagBag from /home/airflow/.local/lib/python3.12/site-packages/airflow/example_dags/example_nested_branch_dag.py
[2026-06-14T21:27:07.981+0000] {processor.py:840} INFO - DAG(s) 'example_nested_branch_dag' retrieved from /home/airflow/.local/lib/python3.12/site-packages/airflow/example_dags/example_nested_branch_dag.py
[2026-06-14T21:27:08.047+0000] {logging_mixin.py:188} INFO - [2026-06-14T21:27:08.047+0000] {dag.py:3089} INFO - Sync 1 DAGs
[2026-06-14T21:27:08.102+0000] {logging_mixin.py:188} INFO - [2026-06-14T21:27:08.101+0000] {dag.py:3947} INFO - Setting next_dagrun for example_nested_branch_dag to 2026-06-13 00:00:00+00:00, run_after=2026-06-14 00:00:00+00:00
[2026-06-14T21:27:08.145+0000] {processor.py:183} INFO - Processing /home/airflow/.local/lib/python3.12/site-packages/airflow/example_dags/example_nested_branch_dag.py took 0.200 seconds
[2026-06-14T21:27:38.708+0000] {processor.py:161} INFO - Started process (PID=227) to work on /home/airflow/.local/lib/python3.12/site-packages/airflow/example_dags/example_nested_branch_dag.py
[2026-06-14T21:27:38.710+0000] {processor.py:830} INFO - Processing file /home/airflow/.local/lib/python3.12/site-packages/airflow/example_dags/example_nested_branch_dag.py for tasks to queue
[2026-06-14T21:27:38.713+0000] {logging_mixin.py:188} INFO - [2026-06-14T21:27:38.712+0000] {dagbag.py:545} INFO - Filling up the DagBag from /home/airflow/.local/lib/python3.12/site-packages/airflow/example_dags/example_nested_branch_dag.py
[2026-06-14T21:27:38.728+0000] {processor.py:840} INFO - DAG(s) 'example_nested_branch_dag' retrieved from /home/airflow/.local/lib/python3.12/site-packages/airflow/example_dags/example_nested_branch_dag.py
[2026-06-14T21:27:38.757+0000] {logging_mixin.py:188} INFO - [2026-06-14T21:27:38.757+0000] {dag.py:3089} INFO - Sync 1 DAGs
[2026-06-14T21:27:38.784+0000] {logging_mixin.py:188} INFO - [2026-06-14T21:27:38.784+0000] {dag.py:3947} INFO - Setting next_dagrun for example_nested_branch_dag to 2026-06-13 00:00:00+00:00, run_after=2026-06-14 00:00:00+00:00
[2026-06-14T21:27:38.806+0000] {processor.py:183} INFO - Processing /home/airflow/.local/lib/python3.12/site-packages/airflow/example_dags/example_nested_branch_dag.py took 0.106 seconds
[2026-06-14T21:28:09.005+0000] {processor.py:161} INFO - Started process (PID=286) to work on /home/airflow/.local/lib/python3.12/site-packages/airflow/example_dags/example_nested_branch_dag.py
[2026-06-14T21:28:09.006+0000] {processor.py:830} INFO - Processing file /home/airflow/.local/lib/python3.12/site-packages/airflow/example_dags/example_nested_branch_dag.py for tasks to queue
[2026-06-14T21:28:09.009+0000] {logging_mixin.py:188} INFO - [2026-06-14T21:28:09.008+0000] {dagbag.py:545} INFO - Filling up the DagBag from /home/airflow/.local/lib/python3.12/site-packages/airflow/example_dags/example_nested_branch_dag.py
[2026-06-14T21:28:09.021+0000] {processor.py:840} INFO - DAG(s) 'example_nested_branch_dag' retrieved from /home/airflow/.local/lib/python3.12/site-packages/airflow/example_dags/example_nested_branch_dag.py
[2026-06-14T21:28:09.049+0000] {logging_mixin.py:188} INFO - [2026-06-14T21:28:09.048+0000] {dag.py:3089} INFO - Sync 1 DAGs
[2026-06-14T21:28:09.079+0000] {logging_mixin.py:188} INFO - [2026-06-14T21:28:09.079+0000] {dag.py:3947} INFO - Setting next_dagrun for example_nested_branch_dag to 2026-06-13 00:00:00+00:00, run_after=2026-06-14 00:00:00+00:00
[2026-06-14T21:28:09.107+0000] {processor.py:183} INFO - Processing /home/airflow/.local/lib/python3.12/site-packages/airflow/example_dags/example_nested_branch_dag.py took 0.110 seconds
[2026-06-14T21:28:39.796+0000] {processor.py:161} INFO - Started process (PID=345) to work on /home/airflow/.local/lib/python3.12/site-packages/airflow/example_dags/example_nested_branch_dag.py
[2026-06-14T21:28:39.798+0000] {processor.py:830} INFO - Processing file /home/airflow/.local/lib/python3.12/site-packages/airflow/example_dags/example_nested_branch_dag.py for tasks to queue
[2026-06-14T21:28:39.801+0000] {logging_mixin.py:188} INFO - [2026-06-14T21:28:39.801+0000] {dagbag.py:545} INFO - Filling up the DagBag from /home/airflow/.local/lib/python3.12/site-packages/airflow/example_dags/example_nested_branch_dag.py
[2026-06-14T21:28:39.822+0000] {processor.py:840} INFO - DAG(s) 'example_nested_branch_dag' retrieved from /home/airflow/.local/lib/python3.12/site-packages/airflow/example_dags/example_nested_branch_dag.py
[2026-06-14T21:28:39.858+0000] {logging_mixin.py:188} INFO - [2026-06-14T21:28:39.857+0000] {dag.py:3089} INFO - Sync 1 DAGs
[2026-06-14T21:28:39.890+0000] {logging_mixin.py:188} INFO - [2026-06-14T21:28:39.889+0000] {dag.py:3947} INFO - Setting next_dagrun for example_nested_branch_dag to 2026-06-13 00:00:00+00:00, run_after=2026-06-14 00:00:00+00:00
[2026-06-14T21:28:39.916+0000] {processor.py:183} INFO - Processing /home/airflow/.local/lib/python3.12/site-packages/airflow/example_dags/example_nested_branch_dag.py took 0.129 seconds
[2026-06-14T21:29:11.039+0000] {processor.py:161} INFO - Started process (PID=404) to work on /home/airflow/.local/lib/python3.12/site-packages/airflow/example_dags/example_nested_branch_dag.py
[2026-06-14T21:29:11.041+0000] {processor.py:830} INFO - Processing file /home/airflow/.local/lib/python3.12/site-packages/airflow/example_dags/example_nested_branch_dag.py for tasks to queue
[2026-06-14T21:29:11.045+0000] {logging_mixin.py:188} INFO - [2026-06-14T21:29:11.045+0000] {dagbag.py:545} INFO - Filling up the DagBag from /home/airflow/.local/lib/python3.12/site-packages/airflow/example_dags/example_nested_branch_dag.py
[2026-06-14T21:29:11.065+0000] {processor.py:840} INFO - DAG(s) 'example_nested_branch_dag' retrieved from /home/airflow/.local/lib/python3.12/site-packages/airflow/example_dags/example_nested_branch_dag.py
[2026-06-14T21:29:11.100+0000] {logging_mixin.py:188} INFO - [2026-06-14T21:29:11.099+0000] {dag.py:3089} INFO - Sync 1 DAGs
[2026-06-14T21:29:11.138+0000] {logging_mixin.py:188} INFO - [2026-06-14T21:29:11.138+0000] {dag.py:3947} INFO - Setting next_dagrun for example_nested_branch_dag to 2026-06-13 00:00:00+00:00, run_after=2026-06-14 00:00:00+00:00
[2026-06-14T21:29:11.209+0000] {processor.py:183} INFO - Processing /home/airflow/.local/lib/python3.12/site-packages/airflow/example_dags/example_nested_branch_dag.py took 0.183 seconds
[2026-06-14T21:29:41.465+0000] {processor.py:161} INFO - Started process (PID=463) to work on /home/airflow/.local/lib/python3.12/site-packages/airflow/example_dags/example_nested_branch_dag.py
[2026-06-14T21:29:41.467+0000] {processor.py:830} INFO - Processing file /home/airflow/.local/lib/python3.12/site-packages/airflow/example_dags/example_nested_branch_dag.py for tasks to queue
[2026-06-14T21:29:41.470+0000] {logging_mixin.py:188} INFO - [2026-06-14T21:29:41.470+0000] {dagbag.py:545} INFO - Filling up the DagBag from /home/airflow/.local/lib/python3.12/site-packages/airflow/example_dags/example_nested_branch_dag.py
[2026-06-14T21:29:41.484+0000] {processor.py:840} INFO - DAG(s) 'example_nested_branch_dag' retrieved from /home/airflow/.local/lib/python3.12/site-packages/airflow/example_dags/example_nested_branch_dag.py
[2026-06-14T21:29:41.525+0000] {logging_mixin.py:188} INFO - [2026-06-14T21:29:41.524+0000] {dag.py:3089} INFO - Sync 1 DAGs
[2026-06-14T21:29:41.566+0000] {logging_mixin.py:188} INFO - [2026-06-14T21:29:41.565+0000] {dag.py:3947} INFO - Setting next_dagrun for example_nested_branch_dag to 2026-06-13 00:00:00+00:00, run_after=2026-06-14 00:00:00+00:00
[2026-06-14T21:29:41.648+0000] {processor.py:183} INFO - Processing /home/airflow/.local/lib/python3.12/site-packages/airflow/example_dags/example_nested_branch_dag.py took 0.192 seconds
[2026-06-14T21:30:12.475+0000] {processor.py:161} INFO - Started process (PID=521) to work on /home/airflow/.local/lib/python3.12/site-packages/airflow/example_dags/example_nested_branch_dag.py
[2026-06-14T21:30:12.476+0000] {processor.py:830} INFO - Processing file /home/airflow/.local/lib/python3.12/site-packages/airflow/example_dags/example_nested_branch_dag.py for tasks to queue
[2026-06-14T21:30:12.478+0000] {logging_mixin.py:188} INFO - [2026-06-14T21:30:12.477+0000] {dagbag.py:545} INFO - Filling up the DagBag from /home/airflow/.local/lib/python3.12/site-packages/airflow/example_dags/example_nested_branch_dag.py
[2026-06-14T21:30:12.488+0000] {processor.py:840} INFO - DAG(s) 'example_nested_branch_dag' retrieved from /home/airflow/.local/lib/python3.12/site-packages/airflow/example_dags/example_nested_branch_dag.py
[2026-06-14T21:30:12.518+0000] {logging_mixin.py:188} INFO - [2026-06-14T21:30:12.518+0000] {dag.py:3089} INFO - Sync 1 DAGs
[2026-06-14T21:30:12.547+0000] {logging_mixin.py:188} INFO - [2026-06-14T21:30:12.546+0000] {dag.py:3947} INFO - Setting next_dagrun for example_nested_branch_dag to 2026-06-13 00:00:00+00:00, run_after=2026-06-14 00:00:00+00:00
[2026-06-14T21:30:12.615+0000] {processor.py:183} INFO - Processing /home/airflow/.local/lib/python3.12/site-packages/airflow/example_dags/example_nested_branch_dag.py took 0.148 seconds
[2026-06-14T21:30:43.601+0000] {processor.py:161} INFO - Started process (PID=579) to work on /home/airflow/.local/lib/python3.12/site-packages/airflow/example_dags/example_nested_branch_dag.py
[2026-06-14T21:30:43.602+0000] {processor.py:830} INFO - Processing file /home/airflow/.local/lib/python3.12/site-packages/airflow/example_dags/example_nested_branch_dag.py for tasks to queue
[2026-06-14T21:30:43.605+0000] {logging_mixin.py:188} INFO - [2026-06-14T21:30:43.604+0000] {dagbag.py:545} INFO - Filling up the DagBag from /home/airflow/.local/lib/python3.12/site-packages/airflow/example_dags/example_nested_branch_dag.py
[2026-06-14T21:30:43.622+0000] {processor.py:840} INFO - DAG(s) 'example_nested_branch_dag' retrieved from /home/airflow/.local/lib/python3.12/site-packages/airflow/example_dags/example_nested_branch_dag.py
[2026-06-14T21:30:43.657+0000] {logging_mixin.py:188} INFO - [2026-06-14T21:30:43.657+0000] {dag.py:3089} INFO - Sync 1 DAGs
[2026-06-14T21:30:43.698+0000] {logging_mixin.py:188} INFO - [2026-06-14T21:30:43.697+0000] {dag.py:3947} INFO - Setting next_dagrun for example_nested_branch_dag to 2026-06-13 00:00:00+00:00, run_after=2026-06-14 00:00:00+00:00
[2026-06-14T21:30:43.735+0000] {processor.py:183} INFO - Processing /home/airflow/.local/lib/python3.12/site-packages/airflow/example_dags/example_nested_branch_dag.py took 0.141 seconds
[2026-06-14T21:31:13.995+0000] {processor.py:161} INFO - Started process (PID=638) to work on /home/airflow/.local/lib/python3.12/site-packages/airflow/example_dags/example_nested_branch_dag.py
[2026-06-14T21:31:13.996+0000] {processor.py:830} INFO - Processing file /home/airflow/.local/lib/python3.12/site-packages/airflow/example_dags/example_nested_branch_dag.py for tasks to queue
[2026-06-14T21:31:13.997+0000] {logging_mixin.py:188} INFO - [2026-06-14T21:31:13.997+0000] {dagbag.py:545} INFO - Filling up the DagBag from /home/airflow/.local/lib/python3.12/site-packages/airflow/example_dags/example_nested_branch_dag.py
[2026-06-14T21:31:14.024+0000] {processor.py:840} INFO - DAG(s) 'example_nested_branch_dag' retrieved from /home/airflow/.local/lib/python3.12/site-packages/airflow/example_dags/example_nested_branch_dag.py
[2026-06-14T21:31:14.063+0000] {logging_mixin.py:188} INFO - [2026-06-14T21:31:14.063+0000] {dag.py:3089} INFO - Sync 1 DAGs
[2026-06-14T21:31:14.098+0000] {logging_mixin.py:188} INFO - [2026-06-14T21:31:14.097+0000] {dag.py:3947} INFO - Setting next_dagrun for example_nested_branch_dag to 2026-06-13 00:00:00+00:00, run_after=2026-06-14 00:00:00+00:00
[2026-06-14T21:31:14.171+0000] {processor.py:183} INFO - Processing /home/airflow/.local/lib/python3.12/site-packages/airflow/example_dags/example_nested_branch_dag.py took 0.194 seconds
[2026-06-14T21:31:44.999+0000] {processor.py:161} INFO - Started process (PID=696) to work on /home/airflow/.local/lib/python3.12/site-packages/airflow/example_dags/example_nested_branch_dag.py
[2026-06-14T21:31:45.001+0000] {processor.py:830} INFO - Processing file /home/airflow/.local/lib/python3.12/site-packages/airflow/example_dags/example_nested_branch_dag.py for tasks to queue
[2026-06-14T21:31:45.003+0000] {logging_mixin.py:188} INFO - [2026-06-14T21:31:45.002+0000] {dagbag.py:545} INFO - Filling up the DagBag from /home/airflow/.local/lib/python3.12/site-packages/airflow/example_dags/example_nested_branch_dag.py
[2026-06-14T21:31:45.019+0000] {processor.py:840} INFO - DAG(s) 'example_nested_branch_dag' retrieved from /home/airflow/.local/lib/python3.12/site-packages/airflow/example_dags/example_nested_branch_dag.py
[2026-06-14T21:31:45.060+0000] {logging_mixin.py:188} INFO - [2026-06-14T21:31:45.060+0000] {dag.py:3089} INFO - Sync 1 DAGs
[2026-06-14T21:31:45.104+0000] {logging_mixin.py:188} INFO - [2026-06-14T21:31:45.104+0000] {dag.py:3947} INFO - Setting next_dagrun for example_nested_branch_dag to 2026-06-13 00:00:00+00:00, run_after=2026-06-14 00:00:00+00:00
[2026-06-14T21:31:45.139+0000] {processor.py:183} INFO - Processing /home/airflow/.local/lib/python3.12/site-packages/airflow/example_dags/example_nested_branch_dag.py took 0.150 seconds
[2026-06-14T21:32:15.652+0000] {processor.py:161} INFO - Started process (PID=753) to work on /home/airflow/.local/lib/python3.12/site-packages/airflow/example_dags/example_nested_branch_dag.py
[2026-06-14T21:32:15.654+0000] {processor.py:830} INFO - Processing file /home/airflow/.local/lib/python3.12/site-packages/airflow/example_dags/example_nested_branch_dag.py for tasks to queue
[2026-06-14T21:32:15.655+0000] {logging_mixin.py:188} INFO - [2026-06-14T21:32:15.655+0000] {dagbag.py:545} INFO - Filling up the DagBag from /home/airflow/.local/lib/python3.12/site-packages/airflow/example_dags/example_nested_branch_dag.py
[2026-06-14T21:32:15.669+0000] {processor.py:840} INFO - DAG(s) 'example_nested_branch_dag' retrieved from /home/airflow/.local/lib/python3.12/site-packages/airflow/example_dags/example_nested_branch_dag.py
[2026-06-14T21:32:15.704+0000] {logging_mixin.py:188} INFO - [2026-06-14T21:32:15.704+0000] {dag.py:3089} INFO - Sync 1 DAGs
[2026-06-14T21:32:15.742+0000] {logging_mixin.py:188} INFO - [2026-06-14T21:32:15.742+0000] {dag.py:3947} INFO - Setting next_dagrun for example_nested_branch_dag to 2026-06-13 00:00:00+00:00, run_after=2026-06-14 00:00:00+00:00
[2026-06-14T21:32:15.805+0000] {processor.py:183} INFO - Processing /home/airflow/.local/lib/python3.12/site-packages/airflow/example_dags/example_nested_branch_dag.py took 0.165 seconds
[2026-06-14T21:40:04.673+0000] {processor.py:161} INFO - Started process (PID=110) to work on /home/airflow/.local/lib/python3.12/site-packages/airflow/example_dags/example_nested_branch_dag.py
[2026-06-14T21:40:04.676+0000] {processor.py:830} INFO - Processing file /home/airflow/.local/lib/python3.12/site-packages/airflow/example_dags/example_nested_branch_dag.py for tasks to queue
[2026-06-14T21:40:04.681+0000] {logging_mixin.py:188} INFO - [2026-06-14T21:40:04.681+0000] {dagbag.py:545} INFO - Filling up the DagBag from /home/airflow/.local/lib/python3.12/site-packages/airflow/example_dags/example_nested_branch_dag.py
[2026-06-14T21:40:04.711+0000] {processor.py:840} INFO - DAG(s) 'example_nested_branch_dag' retrieved from /home/airflow/.local/lib/python3.12/site-packages/airflow/example_dags/example_nested_branch_dag.py
[2026-06-14T21:40:04.882+0000] {logging_mixin.py:188} INFO - [2026-06-14T21:40:04.881+0000] {dag.py:3089} INFO - Sync 1 DAGs
[2026-06-14T21:40:04.916+0000] {logging_mixin.py:188} INFO - [2026-06-14T21:40:04.915+0000] {dag.py:3947} INFO - Setting next_dagrun for example_nested_branch_dag to 2026-06-13 00:00:00+00:00, run_after=2026-06-14 00:00:00+00:00
[2026-06-14T21:40:04.944+0000] {processor.py:183} INFO - Processing /home/airflow/.local/lib/python3.12/site-packages/airflow/example_dags/example_nested_branch_dag.py took 0.286 seconds
[2026-06-14T21:40:35.080+0000] {processor.py:161} INFO - Started process (PID=169) to work on /home/airflow/.local/lib/python3.12/site-packages/airflow/example_dags/example_nested_branch_dag.py
[2026-06-14T21:40:35.081+0000] {processor.py:830} INFO - Processing file /home/airflow/.local/lib/python3.12/site-packages/airflow/example_dags/example_nested_branch_dag.py for tasks to queue
[2026-06-14T21:40:35.084+0000] {logging_mixin.py:188} INFO - [2026-06-14T21:40:35.084+0000] {dagbag.py:545} INFO - Filling up the DagBag from /home/airflow/.local/lib/python3.12/site-packages/airflow/example_dags/example_nested_branch_dag.py
[2026-06-14T21:40:35.100+0000] {processor.py:840} INFO - DAG(s) 'example_nested_branch_dag' retrieved from /home/airflow/.local/lib/python3.12/site-packages/airflow/example_dags/example_nested_branch_dag.py
[2026-06-14T21:40:35.129+0000] {logging_mixin.py:188} INFO - [2026-06-14T21:40:35.129+0000] {dag.py:3089} INFO - Sync 1 DAGs
[2026-06-14T21:40:35.156+0000] {logging_mixin.py:188} INFO - [2026-06-14T21:40:35.156+0000] {dag.py:3947} INFO - Setting next_dagrun for example_nested_branch_dag to 2026-06-13 00:00:00+00:00, run_after=2026-06-14 00:00:00+00:00
[2026-06-14T21:40:35.181+0000] {processor.py:183} INFO - Processing /home/airflow/.local/lib/python3.12/site-packages/airflow/example_dags/example_nested_branch_dag.py took 0.110 seconds
[2026-06-14T21:41:05.563+0000] {processor.py:161} INFO - Started process (PID=228) to work on /home/airflow/.local/lib/python3.12/site-packages/airflow/example_dags/example_nested_branch_dag.py
[2026-06-14T21:41:05.565+0000] {processor.py:830} INFO - Processing file /home/airflow/.local/lib/python3.12/site-packages/airflow/example_dags/example_nested_branch_dag.py for tasks to queue
[2026-06-14T21:41:05.568+0000] {logging_mixin.py:188} INFO - [2026-06-14T21:41:05.567+0000] {dagbag.py:545} INFO - Filling up the DagBag from /home/airflow/.local/lib/python3.12/site-packages/airflow/example_dags/example_nested_branch_dag.py
[2026-06-14T21:41:05.583+0000] {processor.py:840} INFO - DAG(s) 'example_nested_branch_dag' retrieved from /home/airflow/.local/lib/python3.12/site-packages/airflow/example_dags/example_nested_branch_dag.py
[2026-06-14T21:41:05.626+0000] {logging_mixin.py:188} INFO - [2026-06-14T21:41:05.625+0000] {dag.py:3089} INFO - Sync 1 DAGs
[2026-06-14T21:41:05.661+0000] {logging_mixin.py:188} INFO - [2026-06-14T21:41:05.660+0000] {dag.py:3947} INFO - Setting next_dagrun for example_nested_branch_dag to 2026-06-13 00:00:00+00:00, run_after=2026-06-14 00:00:00+00:00
[2026-06-14T21:41:05.698+0000] {processor.py:183} INFO - Processing /home/airflow/.local/lib/python3.12/site-packages/airflow/example_dags/example_nested_branch_dag.py took 0.144 seconds
[2026-06-14T21:41:36.212+0000] {processor.py:161} INFO - Started process (PID=287) to work on /home/airflow/.local/lib/python3.12/site-packages/airflow/example_dags/example_nested_branch_dag.py
[2026-06-14T21:41:36.215+0000] {processor.py:830} INFO - Processing file /home/airflow/.local/lib/python3.12/site-packages/airflow/example_dags/example_nested_branch_dag.py for tasks to queue
[2026-06-14T21:41:36.219+0000] {logging_mixin.py:188} INFO - [2026-06-14T21:41:36.218+0000] {dagbag.py:545} INFO - Filling up the DagBag from /home/airflow/.local/lib/python3.12/site-packages/airflow/example_dags/example_nested_branch_dag.py
[2026-06-14T21:41:36.236+0000] {processor.py:840} INFO - DAG(s) 'example_nested_branch_dag' retrieved from /home/airflow/.local/lib/python3.12/site-packages/airflow/example_dags/example_nested_branch_dag.py
[2026-06-14T21:41:36.280+0000] {logging_mixin.py:188} INFO - [2026-06-14T21:41:36.280+0000] {dag.py:3089} INFO - Sync 1 DAGs
[2026-06-14T21:41:36.314+0000] {logging_mixin.py:188} INFO - [2026-06-14T21:41:36.313+0000] {dag.py:3947} INFO - Setting next_dagrun for example_nested_branch_dag to 2026-06-13 00:00:00+00:00, run_after=2026-06-14 00:00:00+00:00
[2026-06-14T21:41:36.348+0000] {processor.py:183} INFO - Processing /home/airflow/.local/lib/python3.12/site-packages/airflow/example_dags/example_nested_branch_dag.py took 0.148 seconds
[2026-06-14T21:42:07.005+0000] {processor.py:161} INFO - Started process (PID=346) to work on /home/airflow/.local/lib/python3.12/site-packages/airflow/example_dags/example_nested_branch_dag.py
[2026-06-14T21:42:07.008+0000] {processor.py:830} INFO - Processing file /home/airflow/.local/lib/python3.12/site-packages/airflow/example_dags/example_nested_branch_dag.py for tasks to queue
[2026-06-14T21:42:07.012+0000] {logging_mixin.py:188} INFO - [2026-06-14T21:42:07.011+0000] {dagbag.py:545} INFO - Filling up the DagBag from /home/airflow/.local/lib/python3.12/site-packages/airflow/example_dags/example_nested_branch_dag.py
[2026-06-14T21:42:07.029+0000] {processor.py:840} INFO - DAG(s) 'example_nested_branch_dag' retrieved from /home/airflow/.local/lib/python3.12/site-packages/airflow/example_dags/example_nested_branch_dag.py
[2026-06-14T21:42:07.065+0000] {logging_mixin.py:188} INFO - [2026-06-14T21:42:07.065+0000] {dag.py:3089} INFO - Sync 1 DAGs
[2026-06-14T21:42:07.099+0000] {logging_mixin.py:188} INFO - [2026-06-14T21:42:07.099+0000] {dag.py:3947} INFO - Setting next_dagrun for example_nested_branch_dag to 2026-06-13 00:00:00+00:00, run_after=2026-06-14 00:00:00+00:00
[2026-06-14T21:42:07.130+0000] {processor.py:183} INFO - Processing /home/airflow/.local/lib/python3.12/site-packages/airflow/example_dags/example_nested_branch_dag.py took 0.138 seconds
[2026-06-14T21:42:37.469+0000] {processor.py:161} INFO - Started process (PID=405) to work on /home/airflow/.local/lib/python3.12/site-packages/airflow/example_dags/example_nested_branch_dag.py
[2026-06-14T21:42:37.470+0000] {processor.py:830} INFO - Processing file /home/airflow/.local/lib/python3.12/site-packages/airflow/example_dags/example_nested_branch_dag.py for tasks to queue
[2026-06-14T21:42:37.473+0000] {logging_mixin.py:188} INFO - [2026-06-14T21:42:37.473+0000] {dagbag.py:545} INFO - Filling up the DagBag from /home/airflow/.local/lib/python3.12/site-packages/airflow/example_dags/example_nested_branch_dag.py
[2026-06-14T21:42:37.486+0000] {processor.py:840} INFO - DAG(s) 'example_nested_branch_dag' retrieved from /home/airflow/.local/lib/python3.12/site-packages/airflow/example_dags/example_nested_branch_dag.py
[2026-06-14T21:42:37.515+0000] {logging_mixin.py:188} INFO - [2026-06-14T21:42:37.515+0000] {dag.py:3089} INFO - Sync 1 DAGs
[2026-06-14T21:42:37.547+0000] {logging_mixin.py:188} INFO - [2026-06-14T21:42:37.547+0000] {dag.py:3947} INFO - Setting next_dagrun for example_nested_branch_dag to 2026-06-13 00:00:00+00:00, run_after=2026-06-14 00:00:00+00:00
[2026-06-14T21:42:37.574+0000] {processor.py:183} INFO - Processing /home/airflow/.local/lib/python3.12/site-packages/airflow/example_dags/example_nested_branch_dag.py took 0.113 seconds
[2026-06-14T21:43:08.218+0000] {processor.py:161} INFO - Started process (PID=464) to work on /home/airflow/.local/lib/python3.12/site-packages/airflow/example_dags/example_nested_branch_dag.py
[2026-06-14T21:43:08.220+0000] {processor.py:830} INFO - Processing file /home/airflow/.local/lib/python3.12/site-packages/airflow/example_dags/example_nested_branch_dag.py for tasks to queue
[2026-06-14T21:43:08.223+0000] {logging_mixin.py:188} INFO - [2026-06-14T21:43:08.223+0000] {dagbag.py:545} INFO - Filling up the DagBag from /home/airflow/.local/lib/python3.12/site-packages/airflow/example_dags/example_nested_branch_dag.py
[2026-06-14T21:43:08.245+0000] {processor.py:840} INFO - DAG(s) 'example_nested_branch_dag' retrieved from /home/airflow/.local/lib/python3.12/site-packages/airflow/example_dags/example_nested_branch_dag.py
[2026-06-14T21:43:08.278+0000] {logging_mixin.py:188} INFO - [2026-06-14T21:43:08.278+0000] {dag.py:3089} INFO - Sync 1 DAGs
[2026-06-14T21:43:08.320+0000] {logging_mixin.py:188} INFO - [2026-06-14T21:43:08.319+0000] {dag.py:3947} INFO - Setting next_dagrun for example_nested_branch_dag to 2026-06-13 00:00:00+00:00, run_after=2026-06-14 00:00:00+00:00
[2026-06-14T21:43:08.350+0000] {processor.py:183} INFO - Processing /home/airflow/.local/lib/python3.12/site-packages/airflow/example_dags/example_nested_branch_dag.py took 0.141 seconds
[2026-06-14T21:43:39.185+0000] {processor.py:161} INFO - Started process (PID=523) to work on /home/airflow/.local/lib/python3.12/site-packages/airflow/example_dags/example_nested_branch_dag.py
[2026-06-14T21:43:39.186+0000] {processor.py:830} INFO - Processing file /home/airflow/.local/lib/python3.12/site-packages/airflow/example_dags/example_nested_branch_dag.py for tasks to queue
[2026-06-14T21:43:39.190+0000] {logging_mixin.py:188} INFO - [2026-06-14T21:43:39.190+0000] {dagbag.py:545} INFO - Filling up the DagBag from /home/airflow/.local/lib/python3.12/site-packages/airflow/example_dags/example_nested_branch_dag.py
[2026-06-14T21:43:39.207+0000] {processor.py:840} INFO - DAG(s) 'example_nested_branch_dag' retrieved from /home/airflow/.local/lib/python3.12/site-packages/airflow/example_dags/example_nested_branch_dag.py
[2026-06-14T21:43:39.240+0000] {logging_mixin.py:188} INFO - [2026-06-14T21:43:39.240+0000] {dag.py:3089} INFO - Sync 1 DAGs
[2026-06-14T21:43:39.273+0000] {logging_mixin.py:188} INFO - [2026-06-14T21:43:39.273+0000] {dag.py:3947} INFO - Setting next_dagrun for example_nested_branch_dag to 2026-06-13 00:00:00+00:00, run_after=2026-06-14 00:00:00+00:00
[2026-06-14T21:43:39.308+0000] {processor.py:183} INFO - Processing /home/airflow/.local/lib/python3.12/site-packages/airflow/example_dags/example_nested_branch_dag.py took 0.133 seconds
[2026-06-14T21:44:09.739+0000] {processor.py:161} INFO - Started process (PID=582) to work on /home/airflow/.local/lib/python3.12/site-packages/airflow/example_dags/example_nested_branch_dag.py
[2026-06-14T21:44:09.741+0000] {processor.py:830} INFO - Processing file /home/airflow/.local/lib/python3.12/site-packages/airflow/example_dags/example_nested_branch_dag.py for tasks to queue
[2026-06-14T21:44:09.750+0000] {logging_mixin.py:188} INFO - [2026-06-14T21:44:09.750+0000] {dagbag.py:545} INFO - Filling up the DagBag from /home/airflow/.local/lib/python3.12/site-packages/airflow/example_dags/example_nested_branch_dag.py
[2026-06-14T21:44:09.777+0000] {processor.py:840} INFO - DAG(s) 'example_nested_branch_dag' retrieved from /home/airflow/.local/lib/python3.12/site-packages/airflow/example_dags/example_nested_branch_dag.py
[2026-06-14T21:44:09.853+0000] {logging_mixin.py:188} INFO - [2026-06-14T21:44:09.852+0000] {dag.py:3089} INFO - Sync 1 DAGs
[2026-06-14T21:44:09.895+0000] {logging_mixin.py:188} INFO - [2026-06-14T21:44:09.895+0000] {dag.py:3947} INFO - Setting next_dagrun for example_nested_branch_dag to 2026-06-13 00:00:00+00:00, run_after=2026-06-14 00:00:00+00:00
[2026-06-14T21:44:09.936+0000] {processor.py:183} INFO - Processing /home/airflow/.local/lib/python3.12/site-packages/airflow/example_dags/example_nested_branch_dag.py took 0.218 seconds
[2026-06-14T21:44:40.683+0000] {processor.py:161} INFO - Started process (PID=641) to work on /home/airflow/.local/lib/python3.12/site-packages/airflow/example_dags/example_nested_branch_dag.py
[2026-06-14T21:44:40.688+0000] {processor.py:830} INFO - Processing file /home/airflow/.local/lib/python3.12/site-packages/airflow/example_dags/example_nested_branch_dag.py for tasks to queue
[2026-06-14T21:44:40.693+0000] {logging_mixin.py:188} INFO - [2026-06-14T21:44:40.692+0000] {dagbag.py:545} INFO - Filling up the DagBag from /home/airflow/.local/lib/python3.12/site-packages/airflow/example_dags/example_nested_branch_dag.py
[2026-06-14T21:44:40.723+0000] {processor.py:840} INFO - DAG(s) 'example_nested_branch_dag' retrieved from /home/airflow/.local/lib/python3.12/site-packages/airflow/example_dags/example_nested_branch_dag.py
[2026-06-14T21:44:40.793+0000] {logging_mixin.py:188} INFO - [2026-06-14T21:44:40.792+0000] {dag.py:3089} INFO - Sync 1 DAGs
[2026-06-14T21:44:40.881+0000] {logging_mixin.py:188} INFO - [2026-06-14T21:44:40.881+0000] {dag.py:3947} INFO - Setting next_dagrun for example_nested_branch_dag to 2026-06-13 00:00:00+00:00, run_after=2026-06-14 00:00:00+00:00
[2026-06-14T21:44:40.924+0000] {processor.py:183} INFO - Processing /home/airflow/.local/lib/python3.12/site-packages/airflow/example_dags/example_nested_branch_dag.py took 0.259 seconds
[2026-06-14T21:45:11.601+0000] {processor.py:161} INFO - Started process (PID=700) to work on /home/airflow/.local/lib/python3.12/site-packages/airflow/example_dags/example_nested_branch_dag.py
[2026-06-14T21:45:11.604+0000] {processor.py:830} INFO - Processing file /home/airflow/.local/lib/python3.12/site-packages/airflow/example_dags/example_nested_branch_dag.py for tasks to queue
[2026-06-14T21:45:11.608+0000] {logging_mixin.py:188} INFO - [2026-06-14T21:45:11.608+0000] {dagbag.py:545} INFO - Filling up the DagBag from /home/airflow/.local/lib/python3.12/site-packages/airflow/example_dags/example_nested_branch_dag.py
[2026-06-14T21:45:11.624+0000] {processor.py:840} INFO - DAG(s) 'example_nested_branch_dag' retrieved from /home/airflow/.local/lib/python3.12/site-packages/airflow/example_dags/example_nested_branch_dag.py
[2026-06-14T21:45:11.665+0000] {logging_mixin.py:188} INFO - [2026-06-14T21:45:11.665+0000] {dag.py:3089} INFO - Sync 1 DAGs
[2026-06-14T21:45:11.701+0000] {logging_mixin.py:188} INFO - [2026-06-14T21:45:11.700+0000] {dag.py:3947} INFO - Setting next_dagrun for example_nested_branch_dag to 2026-06-13 00:00:00+00:00, run_after=2026-06-14 00:00:00+00:00
[2026-06-14T21:45:11.733+0000] {processor.py:183} INFO - Processing /home/airflow/.local/lib/python3.12/site-packages/airflow/example_dags/example_nested_branch_dag.py took 0.144 seconds
[2026-06-14T21:45:41.820+0000] {processor.py:161} INFO - Started process (PID=759) to work on /home/airflow/.local/lib/python3.12/site-packages/airflow/example_dags/example_nested_branch_dag.py
[2026-06-14T21:45:41.822+0000] {processor.py:830} INFO - Processing file /home/airflow/.local/lib/python3.12/site-packages/airflow/example_dags/example_nested_branch_dag.py for tasks to queue
[2026-06-14T21:45:41.826+0000] {logging_mixin.py:188} INFO - [2026-06-14T21:45:41.825+0000] {dagbag.py:545} INFO - Filling up the DagBag from /home/airflow/.local/lib/python3.12/site-packages/airflow/example_dags/example_nested_branch_dag.py
[2026-06-14T21:45:41.845+0000] {processor.py:840} INFO - DAG(s) 'example_nested_branch_dag' retrieved from /home/airflow/.local/lib/python3.12/site-packages/airflow/example_dags/example_nested_branch_dag.py
[2026-06-14T21:45:41.876+0000] {logging_mixin.py:188} INFO - [2026-06-14T21:45:41.876+0000] {dag.py:3089} INFO - Sync 1 DAGs
[2026-06-14T21:45:41.910+0000] {logging_mixin.py:188} INFO - [2026-06-14T21:45:41.909+0000] {dag.py:3947} INFO - Setting next_dagrun for example_nested_branch_dag to 2026-06-13 00:00:00+00:00, run_after=2026-06-14 00:00:00+00:00
[2026-06-14T21:45:41.936+0000] {processor.py:183} INFO - Processing /home/airflow/.local/lib/python3.12/site-packages/airflow/example_dags/example_nested_branch_dag.py took 0.126 seconds
[2026-06-14T21:46:13.130+0000] {processor.py:161} INFO - Started process (PID=818) to work on /home/airflow/.local/lib/python3.12/site-packages/airflow/example_dags/example_nested_branch_dag.py
[2026-06-14T21:46:13.132+0000] {processor.py:830} INFO - Processing file /home/airflow/.local/lib/python3.12/site-packages/airflow/example_dags/example_nested_branch_dag.py for tasks to queue
[2026-06-14T21:46:13.136+0000] {logging_mixin.py:188} INFO - [2026-06-14T21:46:13.136+0000] {dagbag.py:545} INFO - Filling up the DagBag from /home/airflow/.local/lib/python3.12/site-packages/airflow/example_dags/example_nested_branch_dag.py
[2026-06-14T21:46:13.153+0000] {processor.py:840} INFO - DAG(s) 'example_nested_branch_dag' retrieved from /home/airflow/.local/lib/python3.12/site-packages/airflow/example_dags/example_nested_branch_dag.py
[2026-06-14T21:46:13.191+0000] {logging_mixin.py:188} INFO - [2026-06-14T21:46:13.191+0000] {dag.py:3089} INFO - Sync 1 DAGs
[2026-06-14T21:46:13.227+0000] {logging_mixin.py:188} INFO - [2026-06-14T21:46:13.226+0000] {dag.py:3947} INFO - Setting next_dagrun for example_nested_branch_dag to 2026-06-13 00:00:00+00:00, run_after=2026-06-14 00:00:00+00:00
[2026-06-14T21:46:13.301+0000] {processor.py:183} INFO - Processing /home/airflow/.local/lib/python3.12/site-packages/airflow/example_dags/example_nested_branch_dag.py took 0.182 seconds
[2026-06-14T21:46:44.563+0000] {processor.py:161} INFO - Started process (PID=877) to work on /home/airflow/.local/lib/python3.12/site-packages/airflow/example_dags/example_nested_branch_dag.py
[2026-06-14T21:46:44.565+0000] {processor.py:830} INFO - Processing file /home/airflow/.local/lib/python3.12/site-packages/airflow/example_dags/example_nested_branch_dag.py for tasks to queue
[2026-06-14T21:46:44.569+0000] {logging_mixin.py:188} INFO - [2026-06-14T21:46:44.568+0000] {dagbag.py:545} INFO - Filling up the DagBag from /home/airflow/.local/lib/python3.12/site-packages/airflow/example_dags/example_nested_branch_dag.py
[2026-06-14T21:46:44.588+0000] {processor.py:840} INFO - DAG(s) 'example_nested_branch_dag' retrieved from /home/airflow/.local/lib/python3.12/site-packages/airflow/example_dags/example_nested_branch_dag.py
[2026-06-14T21:46:44.628+0000] {logging_mixin.py:188} INFO - [2026-06-14T21:46:44.628+0000] {dag.py:3089} INFO - Sync 1 DAGs
[2026-06-14T21:46:44.666+0000] {logging_mixin.py:188} INFO - [2026-06-14T21:46:44.666+0000] {dag.py:3947} INFO - Setting next_dagrun for example_nested_branch_dag to 2026-06-13 00:00:00+00:00, run_after=2026-06-14 00:00:00+00:00
[2026-06-14T21:46:44.740+0000] {processor.py:183} INFO - Processing /home/airflow/.local/lib/python3.12/site-packages/airflow/example_dags/example_nested_branch_dag.py took 0.186 seconds
[2026-06-14T21:47:17.127+0000] {processor.py:161} INFO - Started process (PID=942) to work on /home/airflow/.local/lib/python3.12/site-packages/airflow/example_dags/example_nested_branch_dag.py
[2026-06-14T21:47:17.131+0000] {processor.py:830} INFO - Processing file /home/airflow/.local/lib/python3.12/site-packages/airflow/example_dags/example_nested_branch_dag.py for tasks to queue
[2026-06-14T21:47:17.143+0000] {logging_mixin.py:188} INFO - [2026-06-14T21:47:17.142+0000] {dagbag.py:545} INFO - Filling up the DagBag from /home/airflow/.local/lib/python3.12/site-packages/airflow/example_dags/example_nested_branch_dag.py
[2026-06-14T21:47:17.170+0000] {processor.py:840} INFO - DAG(s) 'example_nested_branch_dag' retrieved from /home/airflow/.local/lib/python3.12/site-packages/airflow/example_dags/example_nested_branch_dag.py
[2026-06-14T21:47:17.231+0000] {logging_mixin.py:188} INFO - [2026-06-14T21:47:17.231+0000] {dag.py:3089} INFO - Sync 1 DAGs
[2026-06-14T21:47:17.297+0000] {logging_mixin.py:188} INFO - [2026-06-14T21:47:17.296+0000] {dag.py:3947} INFO - Setting next_dagrun for example_nested_branch_dag to 2026-06-13 00:00:00+00:00, run_after=2026-06-14 00:00:00+00:00
[2026-06-14T21:47:17.406+0000] {processor.py:183} INFO - Processing /home/airflow/.local/lib/python3.12/site-packages/airflow/example_dags/example_nested_branch_dag.py took 0.296 seconds
[2026-06-14T21:47:48.326+0000] {processor.py:161} INFO - Started process (PID=1000) to work on /home/airflow/.local/lib/python3.12/site-packages/airflow/example_dags/example_nested_branch_dag.py
[2026-06-14T21:47:48.327+0000] {processor.py:830} INFO - Processing file /home/airflow/.local/lib/python3.12/site-packages/airflow/example_dags/example_nested_branch_dag.py for tasks to queue
[2026-06-14T21:47:48.330+0000] {logging_mixin.py:188} INFO - [2026-06-14T21:47:48.329+0000] {dagbag.py:545} INFO - Filling up the DagBag from /home/airflow/.local/lib/python3.12/site-packages/airflow/example_dags/example_nested_branch_dag.py
[2026-06-14T21:47:48.341+0000] {processor.py:840} INFO - DAG(s) 'example_nested_branch_dag' retrieved from /home/airflow/.local/lib/python3.12/site-packages/airflow/example_dags/example_nested_branch_dag.py
[2026-06-14T21:47:48.372+0000] {logging_mixin.py:188} INFO - [2026-06-14T21:47:48.371+0000] {dag.py:3089} INFO - Sync 1 DAGs
[2026-06-14T21:47:48.402+0000] {logging_mixin.py:188} INFO - [2026-06-14T21:47:48.401+0000] {dag.py:3947} INFO - Setting next_dagrun for example_nested_branch_dag to 2026-06-13 00:00:00+00:00, run_after=2026-06-14 00:00:00+00:00
[2026-06-14T21:47:48.470+0000] {processor.py:183} INFO - Processing /home/airflow/.local/lib/python3.12/site-packages/airflow/example_dags/example_nested_branch_dag.py took 0.152 seconds
[2026-06-14T21:48:19.023+0000] {processor.py:161} INFO - Started process (PID=1059) to work on /home/airflow/.local/lib/python3.12/site-packages/airflow/example_dags/example_nested_branch_dag.py
[2026-06-14T21:48:19.024+0000] {processor.py:830} INFO - Processing file /home/airflow/.local/lib/python3.12/site-packages/airflow/example_dags/example_nested_branch_dag.py for tasks to queue
[2026-06-14T21:48:19.028+0000] {logging_mixin.py:188} INFO - [2026-06-14T21:48:19.027+0000] {dagbag.py:545} INFO - Filling up the DagBag from /home/airflow/.local/lib/python3.12/site-packages/airflow/example_dags/example_nested_branch_dag.py
[2026-06-14T21:48:19.042+0000] {processor.py:840} INFO - DAG(s) 'example_nested_branch_dag' retrieved from /home/airflow/.local/lib/python3.12/site-packages/airflow/example_dags/example_nested_branch_dag.py
[2026-06-14T21:48:19.072+0000] {logging_mixin.py:188} INFO - [2026-06-14T21:48:19.071+0000] {dag.py:3089} INFO - Sync 1 DAGs
[2026-06-14T21:48:19.104+0000] {logging_mixin.py:188} INFO - [2026-06-14T21:48:19.104+0000] {dag.py:3947} INFO - Setting next_dagrun for example_nested_branch_dag to 2026-06-13 00:00:00+00:00, run_after=2026-06-14 00:00:00+00:00
[2026-06-14T21:48:19.174+0000] {processor.py:183} INFO - Processing /home/airflow/.local/lib/python3.12/site-packages/airflow/example_dags/example_nested_branch_dag.py took 0.160 seconds
[2026-06-14T21:48:49.986+0000] {processor.py:161} INFO - Started process (PID=1117) to work on /home/airflow/.local/lib/python3.12/site-packages/airflow/example_dags/example_nested_branch_dag.py
[2026-06-14T21:48:49.989+0000] {processor.py:830} INFO - Processing file /home/airflow/.local/lib/python3.12/site-packages/airflow/example_dags/example_nested_branch_dag.py for tasks to queue
[2026-06-14T21:48:49.995+0000] {logging_mixin.py:188} INFO - [2026-06-14T21:48:49.994+0000] {dagbag.py:545} INFO - Filling up the DagBag from /home/airflow/.local/lib/python3.12/site-packages/airflow/example_dags/example_nested_branch_dag.py
[2026-06-14T21:48:50.011+0000] {processor.py:840} INFO - DAG(s) 'example_nested_branch_dag' retrieved from /home/airflow/.local/lib/python3.12/site-packages/airflow/example_dags/example_nested_branch_dag.py
[2026-06-14T21:48:50.049+0000] {logging_mixin.py:188} INFO - [2026-06-14T21:48:50.049+0000] {dag.py:3089} INFO - Sync 1 DAGs
[2026-06-14T21:48:50.079+0000] {logging_mixin.py:188} INFO - [2026-06-14T21:48:50.078+0000] {dag.py:3947} INFO - Setting next_dagrun for example_nested_branch_dag to 2026-06-13 00:00:00+00:00, run_after=2026-06-14 00:00:00+00:00
[2026-06-14T21:48:50.146+0000] {processor.py:183} INFO - Processing /home/airflow/.local/lib/python3.12/site-packages/airflow/example_dags/example_nested_branch_dag.py took 0.167 seconds
[2026-06-14T21:49:20.395+0000] {processor.py:161} INFO - Started process (PID=1176) to work on /home/airflow/.local/lib/python3.12/site-packages/airflow/example_dags/example_nested_branch_dag.py
[2026-06-14T21:49:20.396+0000] {processor.py:830} INFO - Processing file /home/airflow/.local/lib/python3.12/site-packages/airflow/example_dags/example_nested_branch_dag.py for tasks to queue
[2026-06-14T21:49:20.399+0000] {logging_mixin.py:188} INFO - [2026-06-14T21:49:20.398+0000] {dagbag.py:545} INFO - Filling up the DagBag from /home/airflow/.local/lib/python3.12/site-packages/airflow/example_dags/example_nested_branch_dag.py
[2026-06-14T21:49:20.409+0000] {processor.py:840} INFO - DAG(s) 'example_nested_branch_dag' retrieved from /home/airflow/.local/lib/python3.12/site-packages/airflow/example_dags/example_nested_branch_dag.py
[2026-06-14T21:49:20.439+0000] {logging_mixin.py:188} INFO - [2026-06-14T21:49:20.439+0000] {dag.py:3089} INFO - Sync 1 DAGs
[2026-06-14T21:49:20.468+0000] {logging_mixin.py:188} INFO - [2026-06-14T21:49:20.467+0000] {dag.py:3947} INFO - Setting next_dagrun for example_nested_branch_dag to 2026-06-13 00:00:00+00:00, run_after=2026-06-14 00:00:00+00:00
[2026-06-14T21:49:20.547+0000] {processor.py:183} INFO - Processing /home/airflow/.local/lib/python3.12/site-packages/airflow/example_dags/example_nested_branch_dag.py took 0.159 seconds
