[2026-06-14T21:26:34.790+0000] {processor.py:161} INFO - Started process (PID=97) to work on /home/airflow/.local/lib/python3.12/site-packages/airflow/example_dags/example_branch_python_dop_operator_3.py
[2026-06-14T21:26:34.792+0000] {processor.py:830} INFO - Processing file /home/airflow/.local/lib/python3.12/site-packages/airflow/example_dags/example_branch_python_dop_operator_3.py for tasks to queue
[2026-06-14T21:26:34.797+0000] {logging_mixin.py:188} INFO - [2026-06-14T21:26:34.796+0000] {dagbag.py:545} INFO - Filling up the DagBag from /home/airflow/.local/lib/python3.12/site-packages/airflow/example_dags/example_branch_python_dop_operator_3.py
[2026-06-14T21:26:34.812+0000] {processor.py:840} INFO - DAG(s) 'example_branch_dop_operator_v3' retrieved from /home/airflow/.local/lib/python3.12/site-packages/airflow/example_dags/example_branch_python_dop_operator_3.py
[2026-06-14T21:26:35.007+0000] {logging_mixin.py:188} INFO - [2026-06-14T21:26:35.006+0000] {override.py:1858} INFO - Created Permission View: can delete on DAG:example_branch_dop_operator_v3
[2026-06-14T21:26:35.027+0000] {logging_mixin.py:188} INFO - [2026-06-14T21:26:35.027+0000] {override.py:1858} INFO - Created Permission View: can edit on DAG:example_branch_dop_operator_v3
[2026-06-14T21:26:35.041+0000] {logging_mixin.py:188} INFO - [2026-06-14T21:26:35.040+0000] {override.py:1858} INFO - Created Permission View: can read on DAG:example_branch_dop_operator_v3
[2026-06-14T21:26:35.042+0000] {logging_mixin.py:188} INFO - [2026-06-14T21:26:35.042+0000] {dag.py:3089} INFO - Sync 1 DAGs
[2026-06-14T21:26:35.068+0000] {logging_mixin.py:188} INFO - [2026-06-14T21:26:35.068+0000] {dag.py:3111} INFO - Creating ORM DAG for example_branch_dop_operator_v3
[2026-06-14T21:26:35.097+0000] {logging_mixin.py:188} INFO - [2026-06-14T21:26:35.097+0000] {dag.py:3947} INFO - Setting next_dagrun for example_branch_dop_operator_v3 to 2026-06-14 21:25:00+00:00, run_after=2026-06-14 21:26:00+00:00
[2026-06-14T21:26:35.125+0000] {processor.py:183} INFO - Processing /home/airflow/.local/lib/python3.12/site-packages/airflow/example_dags/example_branch_python_dop_operator_3.py took 0.348 seconds
[2026-06-14T21:27:05.416+0000] {processor.py:161} INFO - Started process (PID=156) to work on /home/airflow/.local/lib/python3.12/site-packages/airflow/example_dags/example_branch_python_dop_operator_3.py
[2026-06-14T21:27:05.417+0000] {processor.py:830} INFO - Processing file /home/airflow/.local/lib/python3.12/site-packages/airflow/example_dags/example_branch_python_dop_operator_3.py for tasks to queue
[2026-06-14T21:27:05.421+0000] {logging_mixin.py:188} INFO - [2026-06-14T21:27:05.420+0000] {dagbag.py:545} INFO - Filling up the DagBag from /home/airflow/.local/lib/python3.12/site-packages/airflow/example_dags/example_branch_python_dop_operator_3.py
[2026-06-14T21:27:05.436+0000] {processor.py:840} INFO - DAG(s) 'example_branch_dop_operator_v3' retrieved from /home/airflow/.local/lib/python3.12/site-packages/airflow/example_dags/example_branch_python_dop_operator_3.py
[2026-06-14T21:27:05.474+0000] {logging_mixin.py:188} INFO - [2026-06-14T21:27:05.473+0000] {dag.py:3089} INFO - Sync 1 DAGs
[2026-06-14T21:27:05.517+0000] {logging_mixin.py:188} INFO - [2026-06-14T21:27:05.517+0000] {dag.py:3947} INFO - Setting next_dagrun for example_branch_dop_operator_v3 to 2026-06-14 21:26:00+00:00, run_after=2026-06-14 21:27:00+00:00
[2026-06-14T21:27:05.554+0000] {processor.py:183} INFO - Processing /home/airflow/.local/lib/python3.12/site-packages/airflow/example_dags/example_branch_python_dop_operator_3.py took 0.146 seconds
[2026-06-14T21:27:35.647+0000] {processor.py:161} INFO - Started process (PID=215) to work on /home/airflow/.local/lib/python3.12/site-packages/airflow/example_dags/example_branch_python_dop_operator_3.py
[2026-06-14T21:27:35.648+0000] {processor.py:830} INFO - Processing file /home/airflow/.local/lib/python3.12/site-packages/airflow/example_dags/example_branch_python_dop_operator_3.py for tasks to queue
[2026-06-14T21:27:35.651+0000] {logging_mixin.py:188} INFO - [2026-06-14T21:27:35.650+0000] {dagbag.py:545} INFO - Filling up the DagBag from /home/airflow/.local/lib/python3.12/site-packages/airflow/example_dags/example_branch_python_dop_operator_3.py
[2026-06-14T21:27:35.661+0000] {processor.py:840} INFO - DAG(s) 'example_branch_dop_operator_v3' retrieved from /home/airflow/.local/lib/python3.12/site-packages/airflow/example_dags/example_branch_python_dop_operator_3.py
[2026-06-14T21:27:35.685+0000] {logging_mixin.py:188} INFO - [2026-06-14T21:27:35.685+0000] {dag.py:3089} INFO - Sync 1 DAGs
[2026-06-14T21:27:35.716+0000] {logging_mixin.py:188} INFO - [2026-06-14T21:27:35.716+0000] {dag.py:3947} INFO - Setting next_dagrun for example_branch_dop_operator_v3 to 2026-06-14 21:26:00+00:00, run_after=2026-06-14 21:27:00+00:00
[2026-06-14T21:27:35.742+0000] {processor.py:183} INFO - Processing /home/airflow/.local/lib/python3.12/site-packages/airflow/example_dags/example_branch_python_dop_operator_3.py took 0.101 seconds
[2026-06-14T21:28:06.670+0000] {processor.py:161} INFO - Started process (PID=274) to work on /home/airflow/.local/lib/python3.12/site-packages/airflow/example_dags/example_branch_python_dop_operator_3.py
[2026-06-14T21:28:06.672+0000] {processor.py:830} INFO - Processing file /home/airflow/.local/lib/python3.12/site-packages/airflow/example_dags/example_branch_python_dop_operator_3.py for tasks to queue
[2026-06-14T21:28:06.677+0000] {logging_mixin.py:188} INFO - [2026-06-14T21:28:06.676+0000] {dagbag.py:545} INFO - Filling up the DagBag from /home/airflow/.local/lib/python3.12/site-packages/airflow/example_dags/example_branch_python_dop_operator_3.py
[2026-06-14T21:28:06.687+0000] {processor.py:840} INFO - DAG(s) 'example_branch_dop_operator_v3' retrieved from /home/airflow/.local/lib/python3.12/site-packages/airflow/example_dags/example_branch_python_dop_operator_3.py
[2026-06-14T21:28:06.722+0000] {logging_mixin.py:188} INFO - [2026-06-14T21:28:06.721+0000] {dag.py:3089} INFO - Sync 1 DAGs
[2026-06-14T21:28:06.759+0000] {logging_mixin.py:188} INFO - [2026-06-14T21:28:06.758+0000] {dag.py:3947} INFO - Setting next_dagrun for example_branch_dop_operator_v3 to 2026-06-14 21:27:00+00:00, run_after=2026-06-14 21:28:00+00:00
[2026-06-14T21:28:06.837+0000] {processor.py:183} INFO - Processing /home/airflow/.local/lib/python3.12/site-packages/airflow/example_dags/example_branch_python_dop_operator_3.py took 0.176 seconds
[2026-06-14T21:28:37.217+0000] {processor.py:161} INFO - Started process (PID=333) to work on /home/airflow/.local/lib/python3.12/site-packages/airflow/example_dags/example_branch_python_dop_operator_3.py
[2026-06-14T21:28:37.219+0000] {processor.py:830} INFO - Processing file /home/airflow/.local/lib/python3.12/site-packages/airflow/example_dags/example_branch_python_dop_operator_3.py for tasks to queue
[2026-06-14T21:28:37.223+0000] {logging_mixin.py:188} INFO - [2026-06-14T21:28:37.222+0000] {dagbag.py:545} INFO - Filling up the DagBag from /home/airflow/.local/lib/python3.12/site-packages/airflow/example_dags/example_branch_python_dop_operator_3.py
[2026-06-14T21:28:37.236+0000] {processor.py:840} INFO - DAG(s) 'example_branch_dop_operator_v3' retrieved from /home/airflow/.local/lib/python3.12/site-packages/airflow/example_dags/example_branch_python_dop_operator_3.py
[2026-06-14T21:28:37.272+0000] {logging_mixin.py:188} INFO - [2026-06-14T21:28:37.272+0000] {dag.py:3089} INFO - Sync 1 DAGs
[2026-06-14T21:28:37.328+0000] {logging_mixin.py:188} INFO - [2026-06-14T21:28:37.327+0000] {dag.py:3947} INFO - Setting next_dagrun for example_branch_dop_operator_v3 to 2026-06-14 21:27:00+00:00, run_after=2026-06-14 21:28:00+00:00
[2026-06-14T21:28:37.415+0000] {processor.py:183} INFO - Processing /home/airflow/.local/lib/python3.12/site-packages/airflow/example_dags/example_branch_python_dop_operator_3.py took 0.211 seconds
[2026-06-14T21:29:08.121+0000] {processor.py:161} INFO - Started process (PID=392) to work on /home/airflow/.local/lib/python3.12/site-packages/airflow/example_dags/example_branch_python_dop_operator_3.py
[2026-06-14T21:29:08.124+0000] {processor.py:830} INFO - Processing file /home/airflow/.local/lib/python3.12/site-packages/airflow/example_dags/example_branch_python_dop_operator_3.py for tasks to queue
[2026-06-14T21:29:08.129+0000] {logging_mixin.py:188} INFO - [2026-06-14T21:29:08.128+0000] {dagbag.py:545} INFO - Filling up the DagBag from /home/airflow/.local/lib/python3.12/site-packages/airflow/example_dags/example_branch_python_dop_operator_3.py
[2026-06-14T21:29:08.150+0000] {processor.py:840} INFO - DAG(s) 'example_branch_dop_operator_v3' retrieved from /home/airflow/.local/lib/python3.12/site-packages/airflow/example_dags/example_branch_python_dop_operator_3.py
[2026-06-14T21:29:08.196+0000] {logging_mixin.py:188} INFO - [2026-06-14T21:29:08.196+0000] {dag.py:3089} INFO - Sync 1 DAGs
[2026-06-14T21:29:08.255+0000] {logging_mixin.py:188} INFO - [2026-06-14T21:29:08.254+0000] {dag.py:3947} INFO - Setting next_dagrun for example_branch_dop_operator_v3 to 2026-06-14 21:28:00+00:00, run_after=2026-06-14 21:29:00+00:00
[2026-06-14T21:29:08.350+0000] {processor.py:183} INFO - Processing /home/airflow/.local/lib/python3.12/site-packages/airflow/example_dags/example_branch_python_dop_operator_3.py took 0.243 seconds
[2026-06-14T21:29:38.584+0000] {processor.py:161} INFO - Started process (PID=451) to work on /home/airflow/.local/lib/python3.12/site-packages/airflow/example_dags/example_branch_python_dop_operator_3.py
[2026-06-14T21:29:38.586+0000] {processor.py:830} INFO - Processing file /home/airflow/.local/lib/python3.12/site-packages/airflow/example_dags/example_branch_python_dop_operator_3.py for tasks to queue
[2026-06-14T21:29:38.590+0000] {logging_mixin.py:188} INFO - [2026-06-14T21:29:38.590+0000] {dagbag.py:545} INFO - Filling up the DagBag from /home/airflow/.local/lib/python3.12/site-packages/airflow/example_dags/example_branch_python_dop_operator_3.py
[2026-06-14T21:29:38.610+0000] {processor.py:840} INFO - DAG(s) 'example_branch_dop_operator_v3' retrieved from /home/airflow/.local/lib/python3.12/site-packages/airflow/example_dags/example_branch_python_dop_operator_3.py
[2026-06-14T21:29:38.651+0000] {logging_mixin.py:188} INFO - [2026-06-14T21:29:38.650+0000] {dag.py:3089} INFO - Sync 1 DAGs
[2026-06-14T21:29:38.706+0000] {logging_mixin.py:188} INFO - [2026-06-14T21:29:38.706+0000] {dag.py:3947} INFO - Setting next_dagrun for example_branch_dop_operator_v3 to 2026-06-14 21:28:00+00:00, run_after=2026-06-14 21:29:00+00:00
[2026-06-14T21:29:38.750+0000] {processor.py:183} INFO - Processing /home/airflow/.local/lib/python3.12/site-packages/airflow/example_dags/example_branch_python_dop_operator_3.py took 0.178 seconds
[2026-06-14T21:30:09.168+0000] {processor.py:161} INFO - Started process (PID=509) to work on /home/airflow/.local/lib/python3.12/site-packages/airflow/example_dags/example_branch_python_dop_operator_3.py
[2026-06-14T21:30:09.169+0000] {processor.py:830} INFO - Processing file /home/airflow/.local/lib/python3.12/site-packages/airflow/example_dags/example_branch_python_dop_operator_3.py for tasks to queue
[2026-06-14T21:30:09.171+0000] {logging_mixin.py:188} INFO - [2026-06-14T21:30:09.170+0000] {dagbag.py:545} INFO - Filling up the DagBag from /home/airflow/.local/lib/python3.12/site-packages/airflow/example_dags/example_branch_python_dop_operator_3.py
[2026-06-14T21:30:09.182+0000] {processor.py:840} INFO - DAG(s) 'example_branch_dop_operator_v3' retrieved from /home/airflow/.local/lib/python3.12/site-packages/airflow/example_dags/example_branch_python_dop_operator_3.py
[2026-06-14T21:30:09.212+0000] {logging_mixin.py:188} INFO - [2026-06-14T21:30:09.211+0000] {dag.py:3089} INFO - Sync 1 DAGs
[2026-06-14T21:30:09.249+0000] {logging_mixin.py:188} INFO - [2026-06-14T21:30:09.249+0000] {dag.py:3947} INFO - Setting next_dagrun for example_branch_dop_operator_v3 to 2026-06-14 21:29:00+00:00, run_after=2026-06-14 21:30:00+00:00
[2026-06-14T21:30:09.286+0000] {processor.py:183} INFO - Processing /home/airflow/.local/lib/python3.12/site-packages/airflow/example_dags/example_branch_python_dop_operator_3.py took 0.125 seconds
[2026-06-14T21:30:39.540+0000] {processor.py:161} INFO - Started process (PID=567) to work on /home/airflow/.local/lib/python3.12/site-packages/airflow/example_dags/example_branch_python_dop_operator_3.py
[2026-06-14T21:30:39.541+0000] {processor.py:830} INFO - Processing file /home/airflow/.local/lib/python3.12/site-packages/airflow/example_dags/example_branch_python_dop_operator_3.py for tasks to queue
[2026-06-14T21:30:39.543+0000] {logging_mixin.py:188} INFO - [2026-06-14T21:30:39.542+0000] {dagbag.py:545} INFO - Filling up the DagBag from /home/airflow/.local/lib/python3.12/site-packages/airflow/example_dags/example_branch_python_dop_operator_3.py
[2026-06-14T21:30:39.553+0000] {processor.py:840} INFO - DAG(s) 'example_branch_dop_operator_v3' retrieved from /home/airflow/.local/lib/python3.12/site-packages/airflow/example_dags/example_branch_python_dop_operator_3.py
[2026-06-14T21:30:39.581+0000] {logging_mixin.py:188} INFO - [2026-06-14T21:30:39.580+0000] {dag.py:3089} INFO - Sync 1 DAGs
[2026-06-14T21:30:39.615+0000] {logging_mixin.py:188} INFO - [2026-06-14T21:30:39.614+0000] {dag.py:3947} INFO - Setting next_dagrun for example_branch_dop_operator_v3 to 2026-06-14 21:29:00+00:00, run_after=2026-06-14 21:30:00+00:00
[2026-06-14T21:30:39.639+0000] {processor.py:183} INFO - Processing /home/airflow/.local/lib/python3.12/site-packages/airflow/example_dags/example_branch_python_dop_operator_3.py took 0.106 seconds
[2026-06-14T21:31:09.901+0000] {processor.py:161} INFO - Started process (PID=626) to work on /home/airflow/.local/lib/python3.12/site-packages/airflow/example_dags/example_branch_python_dop_operator_3.py
[2026-06-14T21:31:09.905+0000] {processor.py:830} INFO - Processing file /home/airflow/.local/lib/python3.12/site-packages/airflow/example_dags/example_branch_python_dop_operator_3.py for tasks to queue
[2026-06-14T21:31:09.907+0000] {logging_mixin.py:188} INFO - [2026-06-14T21:31:09.907+0000] {dagbag.py:545} INFO - Filling up the DagBag from /home/airflow/.local/lib/python3.12/site-packages/airflow/example_dags/example_branch_python_dop_operator_3.py
[2026-06-14T21:31:09.923+0000] {processor.py:840} INFO - DAG(s) 'example_branch_dop_operator_v3' retrieved from /home/airflow/.local/lib/python3.12/site-packages/airflow/example_dags/example_branch_python_dop_operator_3.py
[2026-06-14T21:31:09.961+0000] {logging_mixin.py:188} INFO - [2026-06-14T21:31:09.960+0000] {dag.py:3089} INFO - Sync 1 DAGs
[2026-06-14T21:31:10.011+0000] {logging_mixin.py:188} INFO - [2026-06-14T21:31:10.011+0000] {dag.py:3947} INFO - Setting next_dagrun for example_branch_dop_operator_v3 to 2026-06-14 21:30:00+00:00, run_after=2026-06-14 21:31:00+00:00
[2026-06-14T21:31:10.049+0000] {processor.py:183} INFO - Processing /home/airflow/.local/lib/python3.12/site-packages/airflow/example_dags/example_branch_python_dop_operator_3.py took 0.160 seconds
[2026-06-14T21:31:40.975+0000] {processor.py:161} INFO - Started process (PID=684) to work on /home/airflow/.local/lib/python3.12/site-packages/airflow/example_dags/example_branch_python_dop_operator_3.py
[2026-06-14T21:31:40.976+0000] {processor.py:830} INFO - Processing file /home/airflow/.local/lib/python3.12/site-packages/airflow/example_dags/example_branch_python_dop_operator_3.py for tasks to queue
[2026-06-14T21:31:40.978+0000] {logging_mixin.py:188} INFO - [2026-06-14T21:31:40.977+0000] {dagbag.py:545} INFO - Filling up the DagBag from /home/airflow/.local/lib/python3.12/site-packages/airflow/example_dags/example_branch_python_dop_operator_3.py
[2026-06-14T21:31:40.991+0000] {processor.py:840} INFO - DAG(s) 'example_branch_dop_operator_v3' retrieved from /home/airflow/.local/lib/python3.12/site-packages/airflow/example_dags/example_branch_python_dop_operator_3.py
[2026-06-14T21:31:41.028+0000] {logging_mixin.py:188} INFO - [2026-06-14T21:31:41.028+0000] {dag.py:3089} INFO - Sync 1 DAGs
[2026-06-14T21:31:41.067+0000] {logging_mixin.py:188} INFO - [2026-06-14T21:31:41.067+0000] {dag.py:3947} INFO - Setting next_dagrun for example_branch_dop_operator_v3 to 2026-06-14 21:30:00+00:00, run_after=2026-06-14 21:31:00+00:00
[2026-06-14T21:31:41.099+0000] {processor.py:183} INFO - Processing /home/airflow/.local/lib/python3.12/site-packages/airflow/example_dags/example_branch_python_dop_operator_3.py took 0.133 seconds
[2026-06-14T21:32:11.688+0000] {processor.py:161} INFO - Started process (PID=741) to work on /home/airflow/.local/lib/python3.12/site-packages/airflow/example_dags/example_branch_python_dop_operator_3.py
[2026-06-14T21:32:11.690+0000] {processor.py:830} INFO - Processing file /home/airflow/.local/lib/python3.12/site-packages/airflow/example_dags/example_branch_python_dop_operator_3.py for tasks to queue
[2026-06-14T21:32:11.692+0000] {logging_mixin.py:188} INFO - [2026-06-14T21:32:11.691+0000] {dagbag.py:545} INFO - Filling up the DagBag from /home/airflow/.local/lib/python3.12/site-packages/airflow/example_dags/example_branch_python_dop_operator_3.py
[2026-06-14T21:32:11.706+0000] {processor.py:840} INFO - DAG(s) 'example_branch_dop_operator_v3' retrieved from /home/airflow/.local/lib/python3.12/site-packages/airflow/example_dags/example_branch_python_dop_operator_3.py
[2026-06-14T21:32:11.740+0000] {logging_mixin.py:188} INFO - [2026-06-14T21:32:11.739+0000] {dag.py:3089} INFO - Sync 1 DAGs
[2026-06-14T21:32:11.780+0000] {logging_mixin.py:188} INFO - [2026-06-14T21:32:11.780+0000] {dag.py:3947} INFO - Setting next_dagrun for example_branch_dop_operator_v3 to 2026-06-14 21:31:00+00:00, run_after=2026-06-14 21:32:00+00:00
[2026-06-14T21:32:11.813+0000] {processor.py:183} INFO - Processing /home/airflow/.local/lib/python3.12/site-packages/airflow/example_dags/example_branch_python_dop_operator_3.py took 0.136 seconds
[2026-06-14T21:40:02.988+0000] {processor.py:161} INFO - Started process (PID=98) to work on /home/airflow/.local/lib/python3.12/site-packages/airflow/example_dags/example_branch_python_dop_operator_3.py
[2026-06-14T21:40:02.990+0000] {processor.py:830} INFO - Processing file /home/airflow/.local/lib/python3.12/site-packages/airflow/example_dags/example_branch_python_dop_operator_3.py for tasks to queue
[2026-06-14T21:40:02.994+0000] {logging_mixin.py:188} INFO - [2026-06-14T21:40:02.993+0000] {dagbag.py:545} INFO - Filling up the DagBag from /home/airflow/.local/lib/python3.12/site-packages/airflow/example_dags/example_branch_python_dop_operator_3.py
[2026-06-14T21:40:03.006+0000] {processor.py:840} INFO - DAG(s) 'example_branch_dop_operator_v3' retrieved from /home/airflow/.local/lib/python3.12/site-packages/airflow/example_dags/example_branch_python_dop_operator_3.py
[2026-06-14T21:40:03.175+0000] {logging_mixin.py:188} INFO - [2026-06-14T21:40:03.174+0000] {dag.py:3089} INFO - Sync 1 DAGs
[2026-06-14T21:40:03.220+0000] {logging_mixin.py:188} INFO - [2026-06-14T21:40:03.220+0000] {dag.py:3947} INFO - Setting next_dagrun for example_branch_dop_operator_v3 to 2026-06-14 21:39:00+00:00, run_after=2026-06-14 21:40:00+00:00
[2026-06-14T21:40:03.246+0000] {processor.py:183} INFO - Processing /home/airflow/.local/lib/python3.12/site-packages/airflow/example_dags/example_branch_python_dop_operator_3.py took 0.266 seconds
[2026-06-14T21:40:33.681+0000] {processor.py:161} INFO - Started process (PID=157) to work on /home/airflow/.local/lib/python3.12/site-packages/airflow/example_dags/example_branch_python_dop_operator_3.py
[2026-06-14T21:40:33.683+0000] {processor.py:830} INFO - Processing file /home/airflow/.local/lib/python3.12/site-packages/airflow/example_dags/example_branch_python_dop_operator_3.py for tasks to queue
[2026-06-14T21:40:33.687+0000] {logging_mixin.py:188} INFO - [2026-06-14T21:40:33.686+0000] {dagbag.py:545} INFO - Filling up the DagBag from /home/airflow/.local/lib/python3.12/site-packages/airflow/example_dags/example_branch_python_dop_operator_3.py
[2026-06-14T21:40:33.704+0000] {processor.py:840} INFO - DAG(s) 'example_branch_dop_operator_v3' retrieved from /home/airflow/.local/lib/python3.12/site-packages/airflow/example_dags/example_branch_python_dop_operator_3.py
[2026-06-14T21:40:33.743+0000] {logging_mixin.py:188} INFO - [2026-06-14T21:40:33.743+0000] {dag.py:3089} INFO - Sync 1 DAGs
[2026-06-14T21:40:33.800+0000] {logging_mixin.py:188} INFO - [2026-06-14T21:40:33.799+0000] {dag.py:3947} INFO - Setting next_dagrun for example_branch_dop_operator_v3 to 2026-06-14 21:39:00+00:00, run_after=2026-06-14 21:40:00+00:00
[2026-06-14T21:40:33.840+0000] {processor.py:183} INFO - Processing /home/airflow/.local/lib/python3.12/site-packages/airflow/example_dags/example_branch_python_dop_operator_3.py took 0.169 seconds
[2026-06-14T21:41:04.398+0000] {processor.py:161} INFO - Started process (PID=216) to work on /home/airflow/.local/lib/python3.12/site-packages/airflow/example_dags/example_branch_python_dop_operator_3.py
[2026-06-14T21:41:04.400+0000] {processor.py:830} INFO - Processing file /home/airflow/.local/lib/python3.12/site-packages/airflow/example_dags/example_branch_python_dop_operator_3.py for tasks to queue
[2026-06-14T21:41:04.404+0000] {logging_mixin.py:188} INFO - [2026-06-14T21:41:04.403+0000] {dagbag.py:545} INFO - Filling up the DagBag from /home/airflow/.local/lib/python3.12/site-packages/airflow/example_dags/example_branch_python_dop_operator_3.py
[2026-06-14T21:41:04.419+0000] {processor.py:840} INFO - DAG(s) 'example_branch_dop_operator_v3' retrieved from /home/airflow/.local/lib/python3.12/site-packages/airflow/example_dags/example_branch_python_dop_operator_3.py
[2026-06-14T21:41:04.453+0000] {logging_mixin.py:188} INFO - [2026-06-14T21:41:04.453+0000] {dag.py:3089} INFO - Sync 1 DAGs
[2026-06-14T21:41:04.504+0000] {logging_mixin.py:188} INFO - [2026-06-14T21:41:04.503+0000] {dag.py:3947} INFO - Setting next_dagrun for example_branch_dop_operator_v3 to 2026-06-14 21:40:00+00:00, run_after=2026-06-14 21:41:00+00:00
[2026-06-14T21:41:04.540+0000] {processor.py:183} INFO - Processing /home/airflow/.local/lib/python3.12/site-packages/airflow/example_dags/example_branch_python_dop_operator_3.py took 0.155 seconds
[2026-06-14T21:41:35.182+0000] {processor.py:161} INFO - Started process (PID=275) to work on /home/airflow/.local/lib/python3.12/site-packages/airflow/example_dags/example_branch_python_dop_operator_3.py
[2026-06-14T21:41:35.184+0000] {processor.py:830} INFO - Processing file /home/airflow/.local/lib/python3.12/site-packages/airflow/example_dags/example_branch_python_dop_operator_3.py for tasks to queue
[2026-06-14T21:41:35.186+0000] {logging_mixin.py:188} INFO - [2026-06-14T21:41:35.186+0000] {dagbag.py:545} INFO - Filling up the DagBag from /home/airflow/.local/lib/python3.12/site-packages/airflow/example_dags/example_branch_python_dop_operator_3.py
[2026-06-14T21:41:35.197+0000] {processor.py:840} INFO - DAG(s) 'example_branch_dop_operator_v3' retrieved from /home/airflow/.local/lib/python3.12/site-packages/airflow/example_dags/example_branch_python_dop_operator_3.py
[2026-06-14T21:41:35.226+0000] {logging_mixin.py:188} INFO - [2026-06-14T21:41:35.226+0000] {dag.py:3089} INFO - Sync 1 DAGs
[2026-06-14T21:41:35.261+0000] {logging_mixin.py:188} INFO - [2026-06-14T21:41:35.260+0000] {dag.py:3947} INFO - Setting next_dagrun for example_branch_dop_operator_v3 to 2026-06-14 21:40:00+00:00, run_after=2026-06-14 21:41:00+00:00
[2026-06-14T21:41:35.288+0000] {processor.py:183} INFO - Processing /home/airflow/.local/lib/python3.12/site-packages/airflow/example_dags/example_branch_python_dop_operator_3.py took 0.114 seconds
[2026-06-14T21:42:05.911+0000] {processor.py:161} INFO - Started process (PID=334) to work on /home/airflow/.local/lib/python3.12/site-packages/airflow/example_dags/example_branch_python_dop_operator_3.py
[2026-06-14T21:42:05.915+0000] {processor.py:830} INFO - Processing file /home/airflow/.local/lib/python3.12/site-packages/airflow/example_dags/example_branch_python_dop_operator_3.py for tasks to queue
[2026-06-14T21:42:05.919+0000] {logging_mixin.py:188} INFO - [2026-06-14T21:42:05.918+0000] {dagbag.py:545} INFO - Filling up the DagBag from /home/airflow/.local/lib/python3.12/site-packages/airflow/example_dags/example_branch_python_dop_operator_3.py
[2026-06-14T21:42:05.942+0000] {processor.py:840} INFO - DAG(s) 'example_branch_dop_operator_v3' retrieved from /home/airflow/.local/lib/python3.12/site-packages/airflow/example_dags/example_branch_python_dop_operator_3.py
[2026-06-14T21:42:05.986+0000] {logging_mixin.py:188} INFO - [2026-06-14T21:42:05.986+0000] {dag.py:3089} INFO - Sync 1 DAGs
[2026-06-14T21:42:06.026+0000] {logging_mixin.py:188} INFO - [2026-06-14T21:42:06.026+0000] {dag.py:3947} INFO - Setting next_dagrun for example_branch_dop_operator_v3 to 2026-06-14 21:41:00+00:00, run_after=2026-06-14 21:42:00+00:00
[2026-06-14T21:42:06.058+0000] {processor.py:183} INFO - Processing /home/airflow/.local/lib/python3.12/site-packages/airflow/example_dags/example_branch_python_dop_operator_3.py took 0.155 seconds
[2026-06-14T21:42:36.563+0000] {processor.py:161} INFO - Started process (PID=393) to work on /home/airflow/.local/lib/python3.12/site-packages/airflow/example_dags/example_branch_python_dop_operator_3.py
[2026-06-14T21:42:36.564+0000] {processor.py:830} INFO - Processing file /home/airflow/.local/lib/python3.12/site-packages/airflow/example_dags/example_branch_python_dop_operator_3.py for tasks to queue
[2026-06-14T21:42:36.566+0000] {logging_mixin.py:188} INFO - [2026-06-14T21:42:36.566+0000] {dagbag.py:545} INFO - Filling up the DagBag from /home/airflow/.local/lib/python3.12/site-packages/airflow/example_dags/example_branch_python_dop_operator_3.py
[2026-06-14T21:42:36.578+0000] {processor.py:840} INFO - DAG(s) 'example_branch_dop_operator_v3' retrieved from /home/airflow/.local/lib/python3.12/site-packages/airflow/example_dags/example_branch_python_dop_operator_3.py
[2026-06-14T21:42:36.606+0000] {logging_mixin.py:188} INFO - [2026-06-14T21:42:36.605+0000] {dag.py:3089} INFO - Sync 1 DAGs
[2026-06-14T21:42:36.637+0000] {logging_mixin.py:188} INFO - [2026-06-14T21:42:36.637+0000] {dag.py:3947} INFO - Setting next_dagrun for example_branch_dop_operator_v3 to 2026-06-14 21:41:00+00:00, run_after=2026-06-14 21:42:00+00:00
[2026-06-14T21:42:36.661+0000] {processor.py:183} INFO - Processing /home/airflow/.local/lib/python3.12/site-packages/airflow/example_dags/example_branch_python_dop_operator_3.py took 0.106 seconds
[2026-06-14T21:43:07.148+0000] {processor.py:161} INFO - Started process (PID=452) to work on /home/airflow/.local/lib/python3.12/site-packages/airflow/example_dags/example_branch_python_dop_operator_3.py
[2026-06-14T21:43:07.150+0000] {processor.py:830} INFO - Processing file /home/airflow/.local/lib/python3.12/site-packages/airflow/example_dags/example_branch_python_dop_operator_3.py for tasks to queue
[2026-06-14T21:43:07.152+0000] {logging_mixin.py:188} INFO - [2026-06-14T21:43:07.152+0000] {dagbag.py:545} INFO - Filling up the DagBag from /home/airflow/.local/lib/python3.12/site-packages/airflow/example_dags/example_branch_python_dop_operator_3.py
[2026-06-14T21:43:07.167+0000] {processor.py:840} INFO - DAG(s) 'example_branch_dop_operator_v3' retrieved from /home/airflow/.local/lib/python3.12/site-packages/airflow/example_dags/example_branch_python_dop_operator_3.py
[2026-06-14T21:43:07.200+0000] {logging_mixin.py:188} INFO - [2026-06-14T21:43:07.200+0000] {dag.py:3089} INFO - Sync 1 DAGs
[2026-06-14T21:43:07.246+0000] {logging_mixin.py:188} INFO - [2026-06-14T21:43:07.246+0000] {dag.py:3947} INFO - Setting next_dagrun for example_branch_dop_operator_v3 to 2026-06-14 21:42:00+00:00, run_after=2026-06-14 21:43:00+00:00
[2026-06-14T21:43:07.280+0000] {processor.py:183} INFO - Processing /home/airflow/.local/lib/python3.12/site-packages/airflow/example_dags/example_branch_python_dop_operator_3.py took 0.141 seconds
[2026-06-14T21:43:38.126+0000] {processor.py:161} INFO - Started process (PID=511) to work on /home/airflow/.local/lib/python3.12/site-packages/airflow/example_dags/example_branch_python_dop_operator_3.py
[2026-06-14T21:43:38.128+0000] {processor.py:830} INFO - Processing file /home/airflow/.local/lib/python3.12/site-packages/airflow/example_dags/example_branch_python_dop_operator_3.py for tasks to queue
[2026-06-14T21:43:38.131+0000] {logging_mixin.py:188} INFO - [2026-06-14T21:43:38.130+0000] {dagbag.py:545} INFO - Filling up the DagBag from /home/airflow/.local/lib/python3.12/site-packages/airflow/example_dags/example_branch_python_dop_operator_3.py
[2026-06-14T21:43:38.146+0000] {processor.py:840} INFO - DAG(s) 'example_branch_dop_operator_v3' retrieved from /home/airflow/.local/lib/python3.12/site-packages/airflow/example_dags/example_branch_python_dop_operator_3.py
[2026-06-14T21:43:38.179+0000] {logging_mixin.py:188} INFO - [2026-06-14T21:43:38.179+0000] {dag.py:3089} INFO - Sync 1 DAGs
[2026-06-14T21:43:38.215+0000] {logging_mixin.py:188} INFO - [2026-06-14T21:43:38.215+0000] {dag.py:3947} INFO - Setting next_dagrun for example_branch_dop_operator_v3 to 2026-06-14 21:42:00+00:00, run_after=2026-06-14 21:43:00+00:00
[2026-06-14T21:43:38.243+0000] {processor.py:183} INFO - Processing /home/airflow/.local/lib/python3.12/site-packages/airflow/example_dags/example_branch_python_dop_operator_3.py took 0.125 seconds
[2026-06-14T21:44:08.757+0000] {processor.py:161} INFO - Started process (PID=570) to work on /home/airflow/.local/lib/python3.12/site-packages/airflow/example_dags/example_branch_python_dop_operator_3.py
[2026-06-14T21:44:08.759+0000] {processor.py:830} INFO - Processing file /home/airflow/.local/lib/python3.12/site-packages/airflow/example_dags/example_branch_python_dop_operator_3.py for tasks to queue
[2026-06-14T21:44:08.761+0000] {logging_mixin.py:188} INFO - [2026-06-14T21:44:08.761+0000] {dagbag.py:545} INFO - Filling up the DagBag from /home/airflow/.local/lib/python3.12/site-packages/airflow/example_dags/example_branch_python_dop_operator_3.py
[2026-06-14T21:44:08.772+0000] {processor.py:840} INFO - DAG(s) 'example_branch_dop_operator_v3' retrieved from /home/airflow/.local/lib/python3.12/site-packages/airflow/example_dags/example_branch_python_dop_operator_3.py
[2026-06-14T21:44:08.798+0000] {logging_mixin.py:188} INFO - [2026-06-14T21:44:08.798+0000] {dag.py:3089} INFO - Sync 1 DAGs
[2026-06-14T21:44:08.831+0000] {logging_mixin.py:188} INFO - [2026-06-14T21:44:08.831+0000] {dag.py:3947} INFO - Setting next_dagrun for example_branch_dop_operator_v3 to 2026-06-14 21:43:00+00:00, run_after=2026-06-14 21:44:00+00:00
[2026-06-14T21:44:08.856+0000] {processor.py:183} INFO - Processing /home/airflow/.local/lib/python3.12/site-packages/airflow/example_dags/example_branch_python_dop_operator_3.py took 0.106 seconds
[2026-06-14T21:44:39.520+0000] {processor.py:161} INFO - Started process (PID=629) to work on /home/airflow/.local/lib/python3.12/site-packages/airflow/example_dags/example_branch_python_dop_operator_3.py
[2026-06-14T21:44:39.522+0000] {processor.py:830} INFO - Processing file /home/airflow/.local/lib/python3.12/site-packages/airflow/example_dags/example_branch_python_dop_operator_3.py for tasks to queue
[2026-06-14T21:44:39.525+0000] {logging_mixin.py:188} INFO - [2026-06-14T21:44:39.525+0000] {dagbag.py:545} INFO - Filling up the DagBag from /home/airflow/.local/lib/python3.12/site-packages/airflow/example_dags/example_branch_python_dop_operator_3.py
[2026-06-14T21:44:39.540+0000] {processor.py:840} INFO - DAG(s) 'example_branch_dop_operator_v3' retrieved from /home/airflow/.local/lib/python3.12/site-packages/airflow/example_dags/example_branch_python_dop_operator_3.py
[2026-06-14T21:44:39.573+0000] {logging_mixin.py:188} INFO - [2026-06-14T21:44:39.572+0000] {dag.py:3089} INFO - Sync 1 DAGs
[2026-06-14T21:44:39.605+0000] {logging_mixin.py:188} INFO - [2026-06-14T21:44:39.605+0000] {dag.py:3947} INFO - Setting next_dagrun for example_branch_dop_operator_v3 to 2026-06-14 21:43:00+00:00, run_after=2026-06-14 21:44:00+00:00
[2026-06-14T21:44:39.639+0000] {processor.py:183} INFO - Processing /home/airflow/.local/lib/python3.12/site-packages/airflow/example_dags/example_branch_python_dop_operator_3.py took 0.132 seconds
[2026-06-14T21:45:09.813+0000] {processor.py:161} INFO - Started process (PID=688) to work on /home/airflow/.local/lib/python3.12/site-packages/airflow/example_dags/example_branch_python_dop_operator_3.py
[2026-06-14T21:45:09.814+0000] {processor.py:830} INFO - Processing file /home/airflow/.local/lib/python3.12/site-packages/airflow/example_dags/example_branch_python_dop_operator_3.py for tasks to queue
[2026-06-14T21:45:09.817+0000] {logging_mixin.py:188} INFO - [2026-06-14T21:45:09.817+0000] {dagbag.py:545} INFO - Filling up the DagBag from /home/airflow/.local/lib/python3.12/site-packages/airflow/example_dags/example_branch_python_dop_operator_3.py
[2026-06-14T21:45:09.828+0000] {processor.py:840} INFO - DAG(s) 'example_branch_dop_operator_v3' retrieved from /home/airflow/.local/lib/python3.12/site-packages/airflow/example_dags/example_branch_python_dop_operator_3.py
[2026-06-14T21:45:09.856+0000] {logging_mixin.py:188} INFO - [2026-06-14T21:45:09.856+0000] {dag.py:3089} INFO - Sync 1 DAGs
[2026-06-14T21:45:09.886+0000] {logging_mixin.py:188} INFO - [2026-06-14T21:45:09.886+0000] {dag.py:3947} INFO - Setting next_dagrun for example_branch_dop_operator_v3 to 2026-06-14 21:44:00+00:00, run_after=2026-06-14 21:45:00+00:00
[2026-06-14T21:45:09.914+0000] {processor.py:183} INFO - Processing /home/airflow/.local/lib/python3.12/site-packages/airflow/example_dags/example_branch_python_dop_operator_3.py took 0.110 seconds
[2026-06-14T21:45:40.326+0000] {processor.py:161} INFO - Started process (PID=747) to work on /home/airflow/.local/lib/python3.12/site-packages/airflow/example_dags/example_branch_python_dop_operator_3.py
[2026-06-14T21:45:40.327+0000] {processor.py:830} INFO - Processing file /home/airflow/.local/lib/python3.12/site-packages/airflow/example_dags/example_branch_python_dop_operator_3.py for tasks to queue
[2026-06-14T21:45:40.331+0000] {logging_mixin.py:188} INFO - [2026-06-14T21:45:40.330+0000] {dagbag.py:545} INFO - Filling up the DagBag from /home/airflow/.local/lib/python3.12/site-packages/airflow/example_dags/example_branch_python_dop_operator_3.py
[2026-06-14T21:45:40.341+0000] {processor.py:840} INFO - DAG(s) 'example_branch_dop_operator_v3' retrieved from /home/airflow/.local/lib/python3.12/site-packages/airflow/example_dags/example_branch_python_dop_operator_3.py
[2026-06-14T21:45:40.368+0000] {logging_mixin.py:188} INFO - [2026-06-14T21:45:40.367+0000] {dag.py:3089} INFO - Sync 1 DAGs
[2026-06-14T21:45:40.405+0000] {logging_mixin.py:188} INFO - [2026-06-14T21:45:40.405+0000] {dag.py:3947} INFO - Setting next_dagrun for example_branch_dop_operator_v3 to 2026-06-14 21:44:00+00:00, run_after=2026-06-14 21:45:00+00:00
[2026-06-14T21:45:40.430+0000] {processor.py:183} INFO - Processing /home/airflow/.local/lib/python3.12/site-packages/airflow/example_dags/example_branch_python_dop_operator_3.py took 0.113 seconds
[2026-06-14T21:46:11.459+0000] {processor.py:161} INFO - Started process (PID=806) to work on /home/airflow/.local/lib/python3.12/site-packages/airflow/example_dags/example_branch_python_dop_operator_3.py
[2026-06-14T21:46:11.462+0000] {processor.py:830} INFO - Processing file /home/airflow/.local/lib/python3.12/site-packages/airflow/example_dags/example_branch_python_dop_operator_3.py for tasks to queue
[2026-06-14T21:46:11.467+0000] {logging_mixin.py:188} INFO - [2026-06-14T21:46:11.465+0000] {dagbag.py:545} INFO - Filling up the DagBag from /home/airflow/.local/lib/python3.12/site-packages/airflow/example_dags/example_branch_python_dop_operator_3.py
[2026-06-14T21:46:11.491+0000] {processor.py:840} INFO - DAG(s) 'example_branch_dop_operator_v3' retrieved from /home/airflow/.local/lib/python3.12/site-packages/airflow/example_dags/example_branch_python_dop_operator_3.py
[2026-06-14T21:46:11.541+0000] {logging_mixin.py:188} INFO - [2026-06-14T21:46:11.540+0000] {dag.py:3089} INFO - Sync 1 DAGs
[2026-06-14T21:46:11.596+0000] {logging_mixin.py:188} INFO - [2026-06-14T21:46:11.596+0000] {dag.py:3947} INFO - Setting next_dagrun for example_branch_dop_operator_v3 to 2026-06-14 21:45:00+00:00, run_after=2026-06-14 21:46:00+00:00
[2026-06-14T21:46:11.675+0000] {processor.py:183} INFO - Processing /home/airflow/.local/lib/python3.12/site-packages/airflow/example_dags/example_branch_python_dop_operator_3.py took 0.234 seconds
[2026-06-14T21:46:41.771+0000] {processor.py:161} INFO - Started process (PID=865) to work on /home/airflow/.local/lib/python3.12/site-packages/airflow/example_dags/example_branch_python_dop_operator_3.py
[2026-06-14T21:46:41.773+0000] {processor.py:830} INFO - Processing file /home/airflow/.local/lib/python3.12/site-packages/airflow/example_dags/example_branch_python_dop_operator_3.py for tasks to queue
[2026-06-14T21:46:41.777+0000] {logging_mixin.py:188} INFO - [2026-06-14T21:46:41.776+0000] {dagbag.py:545} INFO - Filling up the DagBag from /home/airflow/.local/lib/python3.12/site-packages/airflow/example_dags/example_branch_python_dop_operator_3.py
[2026-06-14T21:46:41.790+0000] {processor.py:840} INFO - DAG(s) 'example_branch_dop_operator_v3' retrieved from /home/airflow/.local/lib/python3.12/site-packages/airflow/example_dags/example_branch_python_dop_operator_3.py
[2026-06-14T21:46:41.823+0000] {logging_mixin.py:188} INFO - [2026-06-14T21:46:41.823+0000] {dag.py:3089} INFO - Sync 1 DAGs
[2026-06-14T21:46:41.859+0000] {logging_mixin.py:188} INFO - [2026-06-14T21:46:41.859+0000] {dag.py:3947} INFO - Setting next_dagrun for example_branch_dop_operator_v3 to 2026-06-14 21:45:00+00:00, run_after=2026-06-14 21:46:00+00:00
[2026-06-14T21:46:41.890+0000] {processor.py:183} INFO - Processing /home/airflow/.local/lib/python3.12/site-packages/airflow/example_dags/example_branch_python_dop_operator_3.py took 0.129 seconds
[2026-06-14T21:47:15.130+0000] {processor.py:161} INFO - Started process (PID=924) to work on /home/airflow/.local/lib/python3.12/site-packages/airflow/example_dags/example_branch_python_dop_operator_3.py
[2026-06-14T21:47:15.132+0000] {processor.py:830} INFO - Processing file /home/airflow/.local/lib/python3.12/site-packages/airflow/example_dags/example_branch_python_dop_operator_3.py for tasks to queue
[2026-06-14T21:47:15.136+0000] {logging_mixin.py:188} INFO - [2026-06-14T21:47:15.136+0000] {dagbag.py:545} INFO - Filling up the DagBag from /home/airflow/.local/lib/python3.12/site-packages/airflow/example_dags/example_branch_python_dop_operator_3.py
[2026-06-14T21:47:15.168+0000] {processor.py:840} INFO - DAG(s) 'example_branch_dop_operator_v3' retrieved from /home/airflow/.local/lib/python3.12/site-packages/airflow/example_dags/example_branch_python_dop_operator_3.py
[2026-06-14T21:47:15.225+0000] {logging_mixin.py:188} INFO - [2026-06-14T21:47:15.224+0000] {dag.py:3089} INFO - Sync 1 DAGs
[2026-06-14T21:47:15.300+0000] {logging_mixin.py:188} INFO - [2026-06-14T21:47:15.299+0000] {dag.py:3947} INFO - Setting next_dagrun for example_branch_dop_operator_v3 to 2026-06-14 21:46:00+00:00, run_after=2026-06-14 21:47:00+00:00
[2026-06-14T21:47:15.361+0000] {processor.py:183} INFO - Processing /home/airflow/.local/lib/python3.12/site-packages/airflow/example_dags/example_branch_python_dop_operator_3.py took 0.245 seconds
[2026-06-14T21:47:46.183+0000] {processor.py:161} INFO - Started process (PID=988) to work on /home/airflow/.local/lib/python3.12/site-packages/airflow/example_dags/example_branch_python_dop_operator_3.py
[2026-06-14T21:47:46.184+0000] {processor.py:830} INFO - Processing file /home/airflow/.local/lib/python3.12/site-packages/airflow/example_dags/example_branch_python_dop_operator_3.py for tasks to queue
[2026-06-14T21:47:46.188+0000] {logging_mixin.py:188} INFO - [2026-06-14T21:47:46.187+0000] {dagbag.py:545} INFO - Filling up the DagBag from /home/airflow/.local/lib/python3.12/site-packages/airflow/example_dags/example_branch_python_dop_operator_3.py
[2026-06-14T21:47:46.202+0000] {processor.py:840} INFO - DAG(s) 'example_branch_dop_operator_v3' retrieved from /home/airflow/.local/lib/python3.12/site-packages/airflow/example_dags/example_branch_python_dop_operator_3.py
[2026-06-14T21:47:46.232+0000] {logging_mixin.py:188} INFO - [2026-06-14T21:47:46.232+0000] {dag.py:3089} INFO - Sync 1 DAGs
[2026-06-14T21:47:46.263+0000] {logging_mixin.py:188} INFO - [2026-06-14T21:47:46.263+0000] {dag.py:3947} INFO - Setting next_dagrun for example_branch_dop_operator_v3 to 2026-06-14 21:46:00+00:00, run_after=2026-06-14 21:47:00+00:00
[2026-06-14T21:47:46.334+0000] {processor.py:183} INFO - Processing /home/airflow/.local/lib/python3.12/site-packages/airflow/example_dags/example_branch_python_dop_operator_3.py took 0.159 seconds
[2026-06-14T21:48:16.888+0000] {processor.py:161} INFO - Started process (PID=1047) to work on /home/airflow/.local/lib/python3.12/site-packages/airflow/example_dags/example_branch_python_dop_operator_3.py
[2026-06-14T21:48:16.889+0000] {processor.py:830} INFO - Processing file /home/airflow/.local/lib/python3.12/site-packages/airflow/example_dags/example_branch_python_dop_operator_3.py for tasks to queue
[2026-06-14T21:48:16.892+0000] {logging_mixin.py:188} INFO - [2026-06-14T21:48:16.891+0000] {dagbag.py:545} INFO - Filling up the DagBag from /home/airflow/.local/lib/python3.12/site-packages/airflow/example_dags/example_branch_python_dop_operator_3.py
[2026-06-14T21:48:16.901+0000] {processor.py:840} INFO - DAG(s) 'example_branch_dop_operator_v3' retrieved from /home/airflow/.local/lib/python3.12/site-packages/airflow/example_dags/example_branch_python_dop_operator_3.py
[2026-06-14T21:48:16.925+0000] {logging_mixin.py:188} INFO - [2026-06-14T21:48:16.925+0000] {dag.py:3089} INFO - Sync 1 DAGs
[2026-06-14T21:48:16.957+0000] {logging_mixin.py:188} INFO - [2026-06-14T21:48:16.956+0000] {dag.py:3947} INFO - Setting next_dagrun for example_branch_dop_operator_v3 to 2026-06-14 21:47:00+00:00, run_after=2026-06-14 21:48:00+00:00
[2026-06-14T21:48:16.983+0000] {processor.py:183} INFO - Processing /home/airflow/.local/lib/python3.12/site-packages/airflow/example_dags/example_branch_python_dop_operator_3.py took 0.103 seconds
[2026-06-14T21:48:47.866+0000] {processor.py:161} INFO - Started process (PID=1105) to work on /home/airflow/.local/lib/python3.12/site-packages/airflow/example_dags/example_branch_python_dop_operator_3.py
[2026-06-14T21:48:47.867+0000] {processor.py:830} INFO - Processing file /home/airflow/.local/lib/python3.12/site-packages/airflow/example_dags/example_branch_python_dop_operator_3.py for tasks to queue
[2026-06-14T21:48:47.870+0000] {logging_mixin.py:188} INFO - [2026-06-14T21:48:47.870+0000] {dagbag.py:545} INFO - Filling up the DagBag from /home/airflow/.local/lib/python3.12/site-packages/airflow/example_dags/example_branch_python_dop_operator_3.py
[2026-06-14T21:48:47.906+0000] {processor.py:840} INFO - DAG(s) 'example_branch_dop_operator_v3' retrieved from /home/airflow/.local/lib/python3.12/site-packages/airflow/example_dags/example_branch_python_dop_operator_3.py
[2026-06-14T21:48:47.945+0000] {logging_mixin.py:188} INFO - [2026-06-14T21:48:47.945+0000] {dag.py:3089} INFO - Sync 1 DAGs
[2026-06-14T21:48:47.983+0000] {logging_mixin.py:188} INFO - [2026-06-14T21:48:47.983+0000] {dag.py:3947} INFO - Setting next_dagrun for example_branch_dop_operator_v3 to 2026-06-14 21:47:00+00:00, run_after=2026-06-14 21:48:00+00:00
[2026-06-14T21:48:48.049+0000] {processor.py:183} INFO - Processing /home/airflow/.local/lib/python3.12/site-packages/airflow/example_dags/example_branch_python_dop_operator_3.py took 0.189 seconds
[2026-06-14T21:49:18.226+0000] {processor.py:161} INFO - Started process (PID=1164) to work on /home/airflow/.local/lib/python3.12/site-packages/airflow/example_dags/example_branch_python_dop_operator_3.py
[2026-06-14T21:49:18.228+0000] {processor.py:830} INFO - Processing file /home/airflow/.local/lib/python3.12/site-packages/airflow/example_dags/example_branch_python_dop_operator_3.py for tasks to queue
[2026-06-14T21:49:18.231+0000] {logging_mixin.py:188} INFO - [2026-06-14T21:49:18.231+0000] {dagbag.py:545} INFO - Filling up the DagBag from /home/airflow/.local/lib/python3.12/site-packages/airflow/example_dags/example_branch_python_dop_operator_3.py
[2026-06-14T21:49:18.242+0000] {processor.py:840} INFO - DAG(s) 'example_branch_dop_operator_v3' retrieved from /home/airflow/.local/lib/python3.12/site-packages/airflow/example_dags/example_branch_python_dop_operator_3.py
[2026-06-14T21:49:18.272+0000] {logging_mixin.py:188} INFO - [2026-06-14T21:49:18.271+0000] {dag.py:3089} INFO - Sync 1 DAGs
[2026-06-14T21:49:18.307+0000] {logging_mixin.py:188} INFO - [2026-06-14T21:49:18.307+0000] {dag.py:3947} INFO - Setting next_dagrun for example_branch_dop_operator_v3 to 2026-06-14 21:48:00+00:00, run_after=2026-06-14 21:49:00+00:00
[2026-06-14T21:49:18.342+0000] {processor.py:183} INFO - Processing /home/airflow/.local/lib/python3.12/site-packages/airflow/example_dags/example_branch_python_dop_operator_3.py took 0.122 seconds
