[2026-06-14T21:26:27.496+0000] {processor.py:161} INFO - Started process (PID=68) to work on /home/airflow/.local/lib/python3.12/site-packages/airflow/example_dags/example_short_circuit_operator.py
[2026-06-14T21:26:27.498+0000] {processor.py:830} INFO - Processing file /home/airflow/.local/lib/python3.12/site-packages/airflow/example_dags/example_short_circuit_operator.py for tasks to queue
[2026-06-14T21:26:27.502+0000] {logging_mixin.py:188} INFO - [2026-06-14T21:26:27.501+0000] {dagbag.py:545} INFO - Filling up the DagBag from /home/airflow/.local/lib/python3.12/site-packages/airflow/example_dags/example_short_circuit_operator.py
[2026-06-14T21:26:27.564+0000] {processor.py:840} INFO - DAG(s) 'example_short_circuit_operator' retrieved from /home/airflow/.local/lib/python3.12/site-packages/airflow/example_dags/example_short_circuit_operator.py
[2026-06-14T21:26:27.748+0000] {logging_mixin.py:188} INFO - [2026-06-14T21:26:27.746+0000] {override.py:1858} INFO - Created Permission View: can delete on DAG:example_short_circuit_operator
[2026-06-14T21:26:27.769+0000] {logging_mixin.py:188} INFO - [2026-06-14T21:26:27.769+0000] {override.py:1858} INFO - Created Permission View: can edit on DAG:example_short_circuit_operator
[2026-06-14T21:26:27.783+0000] {logging_mixin.py:188} INFO - [2026-06-14T21:26:27.782+0000] {override.py:1858} INFO - Created Permission View: can read on DAG:example_short_circuit_operator
[2026-06-14T21:26:27.784+0000] {logging_mixin.py:188} INFO - [2026-06-14T21:26:27.783+0000] {dag.py:3089} INFO - Sync 1 DAGs
[2026-06-14T21:26:27.805+0000] {logging_mixin.py:188} INFO - [2026-06-14T21:26:27.804+0000] {dag.py:3111} INFO - Creating ORM DAG for example_short_circuit_operator
[2026-06-14T21:26:27.820+0000] {logging_mixin.py:188} INFO - [2026-06-14T21:26:27.820+0000] {dag.py:3947} INFO - Setting next_dagrun for example_short_circuit_operator to 2026-06-13 00:00:00+00:00, run_after=2026-06-14 00:00:00+00:00
[2026-06-14T21:26:27.846+0000] {processor.py:183} INFO - Processing /home/airflow/.local/lib/python3.12/site-packages/airflow/example_dags/example_short_circuit_operator.py took 0.361 seconds
[2026-06-14T21:26:58.385+0000] {processor.py:161} INFO - Started process (PID=127) to work on /home/airflow/.local/lib/python3.12/site-packages/airflow/example_dags/example_short_circuit_operator.py
[2026-06-14T21:26:58.387+0000] {processor.py:830} INFO - Processing file /home/airflow/.local/lib/python3.12/site-packages/airflow/example_dags/example_short_circuit_operator.py for tasks to queue
[2026-06-14T21:26:58.391+0000] {logging_mixin.py:188} INFO - [2026-06-14T21:26:58.391+0000] {dagbag.py:545} INFO - Filling up the DagBag from /home/airflow/.local/lib/python3.12/site-packages/airflow/example_dags/example_short_circuit_operator.py
[2026-06-14T21:26:58.407+0000] {processor.py:840} INFO - DAG(s) 'example_short_circuit_operator' retrieved from /home/airflow/.local/lib/python3.12/site-packages/airflow/example_dags/example_short_circuit_operator.py
[2026-06-14T21:26:58.480+0000] {logging_mixin.py:188} INFO - [2026-06-14T21:26:58.479+0000] {dag.py:3089} INFO - Sync 1 DAGs
[2026-06-14T21:26:58.561+0000] {logging_mixin.py:188} INFO - [2026-06-14T21:26:58.560+0000] {dag.py:3947} INFO - Setting next_dagrun for example_short_circuit_operator to 2026-06-13 00:00:00+00:00, run_after=2026-06-14 00:00:00+00:00
[2026-06-14T21:26:58.633+0000] {processor.py:183} INFO - Processing /home/airflow/.local/lib/python3.12/site-packages/airflow/example_dags/example_short_circuit_operator.py took 0.259 seconds
[2026-06-14T21:27:28.907+0000] {processor.py:161} INFO - Started process (PID=186) to work on /home/airflow/.local/lib/python3.12/site-packages/airflow/example_dags/example_short_circuit_operator.py
[2026-06-14T21:27:28.909+0000] {processor.py:830} INFO - Processing file /home/airflow/.local/lib/python3.12/site-packages/airflow/example_dags/example_short_circuit_operator.py for tasks to queue
[2026-06-14T21:27:28.912+0000] {logging_mixin.py:188} INFO - [2026-06-14T21:27:28.911+0000] {dagbag.py:545} INFO - Filling up the DagBag from /home/airflow/.local/lib/python3.12/site-packages/airflow/example_dags/example_short_circuit_operator.py
[2026-06-14T21:27:28.922+0000] {processor.py:840} INFO - DAG(s) 'example_short_circuit_operator' retrieved from /home/airflow/.local/lib/python3.12/site-packages/airflow/example_dags/example_short_circuit_operator.py
[2026-06-14T21:27:28.954+0000] {logging_mixin.py:188} INFO - [2026-06-14T21:27:28.954+0000] {dag.py:3089} INFO - Sync 1 DAGs
[2026-06-14T21:27:28.991+0000] {logging_mixin.py:188} INFO - [2026-06-14T21:27:28.991+0000] {dag.py:3947} INFO - Setting next_dagrun for example_short_circuit_operator to 2026-06-13 00:00:00+00:00, run_after=2026-06-14 00:00:00+00:00
[2026-06-14T21:27:29.016+0000] {processor.py:183} INFO - Processing /home/airflow/.local/lib/python3.12/site-packages/airflow/example_dags/example_short_circuit_operator.py took 0.119 seconds
[2026-06-14T21:27:59.136+0000] {processor.py:161} INFO - Started process (PID=245) to work on /home/airflow/.local/lib/python3.12/site-packages/airflow/example_dags/example_short_circuit_operator.py
[2026-06-14T21:27:59.138+0000] {processor.py:830} INFO - Processing file /home/airflow/.local/lib/python3.12/site-packages/airflow/example_dags/example_short_circuit_operator.py for tasks to queue
[2026-06-14T21:27:59.140+0000] {logging_mixin.py:188} INFO - [2026-06-14T21:27:59.140+0000] {dagbag.py:545} INFO - Filling up the DagBag from /home/airflow/.local/lib/python3.12/site-packages/airflow/example_dags/example_short_circuit_operator.py
[2026-06-14T21:27:59.151+0000] {processor.py:840} INFO - DAG(s) 'example_short_circuit_operator' retrieved from /home/airflow/.local/lib/python3.12/site-packages/airflow/example_dags/example_short_circuit_operator.py
[2026-06-14T21:27:59.193+0000] {logging_mixin.py:188} INFO - [2026-06-14T21:27:59.193+0000] {dag.py:3089} INFO - Sync 1 DAGs
[2026-06-14T21:27:59.226+0000] {logging_mixin.py:188} INFO - [2026-06-14T21:27:59.226+0000] {dag.py:3947} INFO - Setting next_dagrun for example_short_circuit_operator to 2026-06-13 00:00:00+00:00, run_after=2026-06-14 00:00:00+00:00
[2026-06-14T21:27:59.295+0000] {processor.py:183} INFO - Processing /home/airflow/.local/lib/python3.12/site-packages/airflow/example_dags/example_short_circuit_operator.py took 0.169 seconds
[2026-06-14T21:28:29.417+0000] {processor.py:161} INFO - Started process (PID=304) to work on /home/airflow/.local/lib/python3.12/site-packages/airflow/example_dags/example_short_circuit_operator.py
[2026-06-14T21:28:29.419+0000] {processor.py:830} INFO - Processing file /home/airflow/.local/lib/python3.12/site-packages/airflow/example_dags/example_short_circuit_operator.py for tasks to queue
[2026-06-14T21:28:29.422+0000] {logging_mixin.py:188} INFO - [2026-06-14T21:28:29.422+0000] {dagbag.py:545} INFO - Filling up the DagBag from /home/airflow/.local/lib/python3.12/site-packages/airflow/example_dags/example_short_circuit_operator.py
[2026-06-14T21:28:29.432+0000] {processor.py:840} INFO - DAG(s) 'example_short_circuit_operator' retrieved from /home/airflow/.local/lib/python3.12/site-packages/airflow/example_dags/example_short_circuit_operator.py
[2026-06-14T21:28:29.466+0000] {logging_mixin.py:188} INFO - [2026-06-14T21:28:29.465+0000] {dag.py:3089} INFO - Sync 1 DAGs
[2026-06-14T21:28:29.496+0000] {logging_mixin.py:188} INFO - [2026-06-14T21:28:29.496+0000] {dag.py:3947} INFO - Setting next_dagrun for example_short_circuit_operator to 2026-06-13 00:00:00+00:00, run_after=2026-06-14 00:00:00+00:00
[2026-06-14T21:28:29.566+0000] {processor.py:183} INFO - Processing /home/airflow/.local/lib/python3.12/site-packages/airflow/example_dags/example_short_circuit_operator.py took 0.157 seconds
[2026-06-14T21:28:59.939+0000] {processor.py:161} INFO - Started process (PID=363) to work on /home/airflow/.local/lib/python3.12/site-packages/airflow/example_dags/example_short_circuit_operator.py
[2026-06-14T21:28:59.943+0000] {processor.py:830} INFO - Processing file /home/airflow/.local/lib/python3.12/site-packages/airflow/example_dags/example_short_circuit_operator.py for tasks to queue
[2026-06-14T21:28:59.949+0000] {logging_mixin.py:188} INFO - [2026-06-14T21:28:59.948+0000] {dagbag.py:545} INFO - Filling up the DagBag from /home/airflow/.local/lib/python3.12/site-packages/airflow/example_dags/example_short_circuit_operator.py
[2026-06-14T21:28:59.966+0000] {processor.py:840} INFO - DAG(s) 'example_short_circuit_operator' retrieved from /home/airflow/.local/lib/python3.12/site-packages/airflow/example_dags/example_short_circuit_operator.py
[2026-06-14T21:29:00.012+0000] {logging_mixin.py:188} INFO - [2026-06-14T21:29:00.011+0000] {dag.py:3089} INFO - Sync 1 DAGs
[2026-06-14T21:29:00.060+0000] {logging_mixin.py:188} INFO - [2026-06-14T21:29:00.059+0000] {dag.py:3947} INFO - Setting next_dagrun for example_short_circuit_operator to 2026-06-13 00:00:00+00:00, run_after=2026-06-14 00:00:00+00:00
[2026-06-14T21:29:00.095+0000] {processor.py:183} INFO - Processing /home/airflow/.local/lib/python3.12/site-packages/airflow/example_dags/example_short_circuit_operator.py took 0.169 seconds
[2026-06-14T21:29:30.622+0000] {processor.py:161} INFO - Started process (PID=422) to work on /home/airflow/.local/lib/python3.12/site-packages/airflow/example_dags/example_short_circuit_operator.py
[2026-06-14T21:29:30.624+0000] {processor.py:830} INFO - Processing file /home/airflow/.local/lib/python3.12/site-packages/airflow/example_dags/example_short_circuit_operator.py for tasks to queue
[2026-06-14T21:29:30.627+0000] {logging_mixin.py:188} INFO - [2026-06-14T21:29:30.627+0000] {dagbag.py:545} INFO - Filling up the DagBag from /home/airflow/.local/lib/python3.12/site-packages/airflow/example_dags/example_short_circuit_operator.py
[2026-06-14T21:29:30.637+0000] {processor.py:840} INFO - DAG(s) 'example_short_circuit_operator' retrieved from /home/airflow/.local/lib/python3.12/site-packages/airflow/example_dags/example_short_circuit_operator.py
[2026-06-14T21:29:30.678+0000] {logging_mixin.py:188} INFO - [2026-06-14T21:29:30.677+0000] {dag.py:3089} INFO - Sync 1 DAGs
[2026-06-14T21:29:30.717+0000] {logging_mixin.py:188} INFO - [2026-06-14T21:29:30.716+0000] {dag.py:3947} INFO - Setting next_dagrun for example_short_circuit_operator to 2026-06-13 00:00:00+00:00, run_after=2026-06-14 00:00:00+00:00
[2026-06-14T21:29:30.790+0000] {processor.py:183} INFO - Processing /home/airflow/.local/lib/python3.12/site-packages/airflow/example_dags/example_short_circuit_operator.py took 0.175 seconds
[2026-06-14T21:30:01.332+0000] {processor.py:161} INFO - Started process (PID=480) to work on /home/airflow/.local/lib/python3.12/site-packages/airflow/example_dags/example_short_circuit_operator.py
[2026-06-14T21:30:01.334+0000] {processor.py:830} INFO - Processing file /home/airflow/.local/lib/python3.12/site-packages/airflow/example_dags/example_short_circuit_operator.py for tasks to queue
[2026-06-14T21:30:01.335+0000] {logging_mixin.py:188} INFO - [2026-06-14T21:30:01.335+0000] {dagbag.py:545} INFO - Filling up the DagBag from /home/airflow/.local/lib/python3.12/site-packages/airflow/example_dags/example_short_circuit_operator.py
[2026-06-14T21:30:01.350+0000] {processor.py:840} INFO - DAG(s) 'example_short_circuit_operator' retrieved from /home/airflow/.local/lib/python3.12/site-packages/airflow/example_dags/example_short_circuit_operator.py
[2026-06-14T21:30:01.388+0000] {logging_mixin.py:188} INFO - [2026-06-14T21:30:01.388+0000] {dag.py:3089} INFO - Sync 1 DAGs
[2026-06-14T21:30:01.425+0000] {logging_mixin.py:188} INFO - [2026-06-14T21:30:01.424+0000] {dag.py:3947} INFO - Setting next_dagrun for example_short_circuit_operator to 2026-06-13 00:00:00+00:00, run_after=2026-06-14 00:00:00+00:00
[2026-06-14T21:30:01.454+0000] {processor.py:183} INFO - Processing /home/airflow/.local/lib/python3.12/site-packages/airflow/example_dags/example_short_circuit_operator.py took 0.130 seconds
[2026-06-14T21:30:32.015+0000] {processor.py:161} INFO - Started process (PID=538) to work on /home/airflow/.local/lib/python3.12/site-packages/airflow/example_dags/example_short_circuit_operator.py
[2026-06-14T21:30:32.016+0000] {processor.py:830} INFO - Processing file /home/airflow/.local/lib/python3.12/site-packages/airflow/example_dags/example_short_circuit_operator.py for tasks to queue
[2026-06-14T21:30:32.018+0000] {logging_mixin.py:188} INFO - [2026-06-14T21:30:32.017+0000] {dagbag.py:545} INFO - Filling up the DagBag from /home/airflow/.local/lib/python3.12/site-packages/airflow/example_dags/example_short_circuit_operator.py
[2026-06-14T21:30:32.026+0000] {processor.py:840} INFO - DAG(s) 'example_short_circuit_operator' retrieved from /home/airflow/.local/lib/python3.12/site-packages/airflow/example_dags/example_short_circuit_operator.py
[2026-06-14T21:30:32.053+0000] {logging_mixin.py:188} INFO - [2026-06-14T21:30:32.053+0000] {dag.py:3089} INFO - Sync 1 DAGs
[2026-06-14T21:30:32.079+0000] {logging_mixin.py:188} INFO - [2026-06-14T21:30:32.079+0000] {dag.py:3947} INFO - Setting next_dagrun for example_short_circuit_operator to 2026-06-13 00:00:00+00:00, run_after=2026-06-14 00:00:00+00:00
[2026-06-14T21:30:32.147+0000] {processor.py:183} INFO - Processing /home/airflow/.local/lib/python3.12/site-packages/airflow/example_dags/example_short_circuit_operator.py took 0.141 seconds
[2026-06-14T21:31:02.293+0000] {processor.py:161} INFO - Started process (PID=597) to work on /home/airflow/.local/lib/python3.12/site-packages/airflow/example_dags/example_short_circuit_operator.py
[2026-06-14T21:31:02.300+0000] {processor.py:830} INFO - Processing file /home/airflow/.local/lib/python3.12/site-packages/airflow/example_dags/example_short_circuit_operator.py for tasks to queue
[2026-06-14T21:31:02.301+0000] {logging_mixin.py:188} INFO - [2026-06-14T21:31:02.301+0000] {dagbag.py:545} INFO - Filling up the DagBag from /home/airflow/.local/lib/python3.12/site-packages/airflow/example_dags/example_short_circuit_operator.py
[2026-06-14T21:31:02.313+0000] {processor.py:840} INFO - DAG(s) 'example_short_circuit_operator' retrieved from /home/airflow/.local/lib/python3.12/site-packages/airflow/example_dags/example_short_circuit_operator.py
[2026-06-14T21:31:02.354+0000] {logging_mixin.py:188} INFO - [2026-06-14T21:31:02.354+0000] {dag.py:3089} INFO - Sync 1 DAGs
[2026-06-14T21:31:02.396+0000] {logging_mixin.py:188} INFO - [2026-06-14T21:31:02.396+0000] {dag.py:3947} INFO - Setting next_dagrun for example_short_circuit_operator to 2026-06-13 00:00:00+00:00, run_after=2026-06-14 00:00:00+00:00
[2026-06-14T21:31:02.460+0000] {processor.py:183} INFO - Processing /home/airflow/.local/lib/python3.12/site-packages/airflow/example_dags/example_short_circuit_operator.py took 0.181 seconds
[2026-06-14T21:31:32.759+0000] {processor.py:161} INFO - Started process (PID=655) to work on /home/airflow/.local/lib/python3.12/site-packages/airflow/example_dags/example_short_circuit_operator.py
[2026-06-14T21:31:32.761+0000] {processor.py:830} INFO - Processing file /home/airflow/.local/lib/python3.12/site-packages/airflow/example_dags/example_short_circuit_operator.py for tasks to queue
[2026-06-14T21:31:32.763+0000] {logging_mixin.py:188} INFO - [2026-06-14T21:31:32.762+0000] {dagbag.py:545} INFO - Filling up the DagBag from /home/airflow/.local/lib/python3.12/site-packages/airflow/example_dags/example_short_circuit_operator.py
[2026-06-14T21:31:32.776+0000] {processor.py:840} INFO - DAG(s) 'example_short_circuit_operator' retrieved from /home/airflow/.local/lib/python3.12/site-packages/airflow/example_dags/example_short_circuit_operator.py
[2026-06-14T21:31:32.822+0000] {logging_mixin.py:188} INFO - [2026-06-14T21:31:32.821+0000] {dag.py:3089} INFO - Sync 1 DAGs
[2026-06-14T21:31:32.903+0000] {logging_mixin.py:188} INFO - [2026-06-14T21:31:32.902+0000] {dag.py:3947} INFO - Setting next_dagrun for example_short_circuit_operator to 2026-06-13 00:00:00+00:00, run_after=2026-06-14 00:00:00+00:00
[2026-06-14T21:31:32.936+0000] {processor.py:183} INFO - Processing /home/airflow/.local/lib/python3.12/site-packages/airflow/example_dags/example_short_circuit_operator.py took 0.186 seconds
[2026-06-14T21:32:03.086+0000] {processor.py:161} INFO - Started process (PID=712) to work on /home/airflow/.local/lib/python3.12/site-packages/airflow/example_dags/example_short_circuit_operator.py
[2026-06-14T21:32:03.090+0000] {processor.py:830} INFO - Processing file /home/airflow/.local/lib/python3.12/site-packages/airflow/example_dags/example_short_circuit_operator.py for tasks to queue
[2026-06-14T21:32:03.092+0000] {logging_mixin.py:188} INFO - [2026-06-14T21:32:03.091+0000] {dagbag.py:545} INFO - Filling up the DagBag from /home/airflow/.local/lib/python3.12/site-packages/airflow/example_dags/example_short_circuit_operator.py
[2026-06-14T21:32:03.105+0000] {processor.py:840} INFO - DAG(s) 'example_short_circuit_operator' retrieved from /home/airflow/.local/lib/python3.12/site-packages/airflow/example_dags/example_short_circuit_operator.py
[2026-06-14T21:32:03.147+0000] {logging_mixin.py:188} INFO - [2026-06-14T21:32:03.146+0000] {dag.py:3089} INFO - Sync 1 DAGs
[2026-06-14T21:32:03.188+0000] {logging_mixin.py:188} INFO - [2026-06-14T21:32:03.188+0000] {dag.py:3947} INFO - Setting next_dagrun for example_short_circuit_operator to 2026-06-13 00:00:00+00:00, run_after=2026-06-14 00:00:00+00:00
[2026-06-14T21:32:03.269+0000] {processor.py:183} INFO - Processing /home/airflow/.local/lib/python3.12/site-packages/airflow/example_dags/example_short_circuit_operator.py took 0.196 seconds
[2026-06-14T21:39:56.722+0000] {processor.py:161} INFO - Started process (PID=69) to work on /home/airflow/.local/lib/python3.12/site-packages/airflow/example_dags/example_short_circuit_operator.py
[2026-06-14T21:39:56.724+0000] {processor.py:830} INFO - Processing file /home/airflow/.local/lib/python3.12/site-packages/airflow/example_dags/example_short_circuit_operator.py for tasks to queue
[2026-06-14T21:39:56.728+0000] {logging_mixin.py:188} INFO - [2026-06-14T21:39:56.727+0000] {dagbag.py:545} INFO - Filling up the DagBag from /home/airflow/.local/lib/python3.12/site-packages/airflow/example_dags/example_short_circuit_operator.py
[2026-06-14T21:39:56.748+0000] {processor.py:840} INFO - DAG(s) 'example_short_circuit_operator' retrieved from /home/airflow/.local/lib/python3.12/site-packages/airflow/example_dags/example_short_circuit_operator.py
[2026-06-14T21:39:57.005+0000] {logging_mixin.py:188} INFO - [2026-06-14T21:39:57.005+0000] {dag.py:3089} INFO - Sync 1 DAGs
[2026-06-14T21:39:57.043+0000] {logging_mixin.py:188} INFO - [2026-06-14T21:39:57.042+0000] {dag.py:3947} INFO - Setting next_dagrun for example_short_circuit_operator to 2026-06-13 00:00:00+00:00, run_after=2026-06-14 00:00:00+00:00
[2026-06-14T21:39:57.082+0000] {processor.py:183} INFO - Processing /home/airflow/.local/lib/python3.12/site-packages/airflow/example_dags/example_short_circuit_operator.py took 0.369 seconds
[2026-06-14T21:40:27.239+0000] {processor.py:161} INFO - Started process (PID=128) to work on /home/airflow/.local/lib/python3.12/site-packages/airflow/example_dags/example_short_circuit_operator.py
[2026-06-14T21:40:27.241+0000] {processor.py:830} INFO - Processing file /home/airflow/.local/lib/python3.12/site-packages/airflow/example_dags/example_short_circuit_operator.py for tasks to queue
[2026-06-14T21:40:27.243+0000] {logging_mixin.py:188} INFO - [2026-06-14T21:40:27.243+0000] {dagbag.py:545} INFO - Filling up the DagBag from /home/airflow/.local/lib/python3.12/site-packages/airflow/example_dags/example_short_circuit_operator.py
[2026-06-14T21:40:27.251+0000] {processor.py:840} INFO - DAG(s) 'example_short_circuit_operator' retrieved from /home/airflow/.local/lib/python3.12/site-packages/airflow/example_dags/example_short_circuit_operator.py
[2026-06-14T21:40:27.288+0000] {logging_mixin.py:188} INFO - [2026-06-14T21:40:27.288+0000] {dag.py:3089} INFO - Sync 1 DAGs
[2026-06-14T21:40:27.324+0000] {logging_mixin.py:188} INFO - [2026-06-14T21:40:27.323+0000] {dag.py:3947} INFO - Setting next_dagrun for example_short_circuit_operator to 2026-06-13 00:00:00+00:00, run_after=2026-06-14 00:00:00+00:00
[2026-06-14T21:40:27.358+0000] {processor.py:183} INFO - Processing /home/airflow/.local/lib/python3.12/site-packages/airflow/example_dags/example_short_circuit_operator.py took 0.125 seconds
[2026-06-14T21:40:57.518+0000] {processor.py:161} INFO - Started process (PID=187) to work on /home/airflow/.local/lib/python3.12/site-packages/airflow/example_dags/example_short_circuit_operator.py
[2026-06-14T21:40:57.520+0000] {processor.py:830} INFO - Processing file /home/airflow/.local/lib/python3.12/site-packages/airflow/example_dags/example_short_circuit_operator.py for tasks to queue
[2026-06-14T21:40:57.525+0000] {logging_mixin.py:188} INFO - [2026-06-14T21:40:57.524+0000] {dagbag.py:545} INFO - Filling up the DagBag from /home/airflow/.local/lib/python3.12/site-packages/airflow/example_dags/example_short_circuit_operator.py
[2026-06-14T21:40:57.539+0000] {processor.py:840} INFO - DAG(s) 'example_short_circuit_operator' retrieved from /home/airflow/.local/lib/python3.12/site-packages/airflow/example_dags/example_short_circuit_operator.py
[2026-06-14T21:40:57.584+0000] {logging_mixin.py:188} INFO - [2026-06-14T21:40:57.584+0000] {dag.py:3089} INFO - Sync 1 DAGs
[2026-06-14T21:40:57.633+0000] {logging_mixin.py:188} INFO - [2026-06-14T21:40:57.633+0000] {dag.py:3947} INFO - Setting next_dagrun for example_short_circuit_operator to 2026-06-13 00:00:00+00:00, run_after=2026-06-14 00:00:00+00:00
[2026-06-14T21:40:57.674+0000] {processor.py:183} INFO - Processing /home/airflow/.local/lib/python3.12/site-packages/airflow/example_dags/example_short_circuit_operator.py took 0.168 seconds
[2026-06-14T21:41:27.838+0000] {processor.py:161} INFO - Started process (PID=246) to work on /home/airflow/.local/lib/python3.12/site-packages/airflow/example_dags/example_short_circuit_operator.py
[2026-06-14T21:41:27.839+0000] {processor.py:830} INFO - Processing file /home/airflow/.local/lib/python3.12/site-packages/airflow/example_dags/example_short_circuit_operator.py for tasks to queue
[2026-06-14T21:41:27.841+0000] {logging_mixin.py:188} INFO - [2026-06-14T21:41:27.841+0000] {dagbag.py:545} INFO - Filling up the DagBag from /home/airflow/.local/lib/python3.12/site-packages/airflow/example_dags/example_short_circuit_operator.py
[2026-06-14T21:41:27.850+0000] {processor.py:840} INFO - DAG(s) 'example_short_circuit_operator' retrieved from /home/airflow/.local/lib/python3.12/site-packages/airflow/example_dags/example_short_circuit_operator.py
[2026-06-14T21:41:27.889+0000] {logging_mixin.py:188} INFO - [2026-06-14T21:41:27.888+0000] {dag.py:3089} INFO - Sync 1 DAGs
[2026-06-14T21:41:27.918+0000] {logging_mixin.py:188} INFO - [2026-06-14T21:41:27.918+0000] {dag.py:3947} INFO - Setting next_dagrun for example_short_circuit_operator to 2026-06-13 00:00:00+00:00, run_after=2026-06-14 00:00:00+00:00
[2026-06-14T21:41:27.952+0000] {processor.py:183} INFO - Processing /home/airflow/.local/lib/python3.12/site-packages/airflow/example_dags/example_short_circuit_operator.py took 0.122 seconds
[2026-06-14T21:41:58.100+0000] {processor.py:161} INFO - Started process (PID=305) to work on /home/airflow/.local/lib/python3.12/site-packages/airflow/example_dags/example_short_circuit_operator.py
[2026-06-14T21:41:58.102+0000] {processor.py:830} INFO - Processing file /home/airflow/.local/lib/python3.12/site-packages/airflow/example_dags/example_short_circuit_operator.py for tasks to queue
[2026-06-14T21:41:58.106+0000] {logging_mixin.py:188} INFO - [2026-06-14T21:41:58.105+0000] {dagbag.py:545} INFO - Filling up the DagBag from /home/airflow/.local/lib/python3.12/site-packages/airflow/example_dags/example_short_circuit_operator.py
[2026-06-14T21:41:58.123+0000] {processor.py:840} INFO - DAG(s) 'example_short_circuit_operator' retrieved from /home/airflow/.local/lib/python3.12/site-packages/airflow/example_dags/example_short_circuit_operator.py
[2026-06-14T21:41:58.197+0000] {logging_mixin.py:188} INFO - [2026-06-14T21:41:58.197+0000] {dag.py:3089} INFO - Sync 1 DAGs
[2026-06-14T21:41:58.236+0000] {logging_mixin.py:188} INFO - [2026-06-14T21:41:58.235+0000] {dag.py:3947} INFO - Setting next_dagrun for example_short_circuit_operator to 2026-06-13 00:00:00+00:00, run_after=2026-06-14 00:00:00+00:00
[2026-06-14T21:41:58.268+0000] {processor.py:183} INFO - Processing /home/airflow/.local/lib/python3.12/site-packages/airflow/example_dags/example_short_circuit_operator.py took 0.181 seconds
[2026-06-14T21:42:28.593+0000] {processor.py:161} INFO - Started process (PID=364) to work on /home/airflow/.local/lib/python3.12/site-packages/airflow/example_dags/example_short_circuit_operator.py
[2026-06-14T21:42:28.594+0000] {processor.py:830} INFO - Processing file /home/airflow/.local/lib/python3.12/site-packages/airflow/example_dags/example_short_circuit_operator.py for tasks to queue
[2026-06-14T21:42:28.598+0000] {logging_mixin.py:188} INFO - [2026-06-14T21:42:28.597+0000] {dagbag.py:545} INFO - Filling up the DagBag from /home/airflow/.local/lib/python3.12/site-packages/airflow/example_dags/example_short_circuit_operator.py
[2026-06-14T21:42:28.613+0000] {processor.py:840} INFO - DAG(s) 'example_short_circuit_operator' retrieved from /home/airflow/.local/lib/python3.12/site-packages/airflow/example_dags/example_short_circuit_operator.py
[2026-06-14T21:42:28.659+0000] {logging_mixin.py:188} INFO - [2026-06-14T21:42:28.658+0000] {dag.py:3089} INFO - Sync 1 DAGs
[2026-06-14T21:42:28.707+0000] {logging_mixin.py:188} INFO - [2026-06-14T21:42:28.706+0000] {dag.py:3947} INFO - Setting next_dagrun for example_short_circuit_operator to 2026-06-13 00:00:00+00:00, run_after=2026-06-14 00:00:00+00:00
[2026-06-14T21:42:28.785+0000] {processor.py:183} INFO - Processing /home/airflow/.local/lib/python3.12/site-packages/airflow/example_dags/example_short_circuit_operator.py took 0.202 seconds
[2026-06-14T21:42:58.833+0000] {processor.py:161} INFO - Started process (PID=423) to work on /home/airflow/.local/lib/python3.12/site-packages/airflow/example_dags/example_short_circuit_operator.py
[2026-06-14T21:42:58.835+0000] {processor.py:830} INFO - Processing file /home/airflow/.local/lib/python3.12/site-packages/airflow/example_dags/example_short_circuit_operator.py for tasks to queue
[2026-06-14T21:42:58.837+0000] {logging_mixin.py:188} INFO - [2026-06-14T21:42:58.836+0000] {dagbag.py:545} INFO - Filling up the DagBag from /home/airflow/.local/lib/python3.12/site-packages/airflow/example_dags/example_short_circuit_operator.py
[2026-06-14T21:42:58.845+0000] {processor.py:840} INFO - DAG(s) 'example_short_circuit_operator' retrieved from /home/airflow/.local/lib/python3.12/site-packages/airflow/example_dags/example_short_circuit_operator.py
[2026-06-14T21:42:58.870+0000] {logging_mixin.py:188} INFO - [2026-06-14T21:42:58.870+0000] {dag.py:3089} INFO - Sync 1 DAGs
[2026-06-14T21:42:58.907+0000] {logging_mixin.py:188} INFO - [2026-06-14T21:42:58.906+0000] {dag.py:3947} INFO - Setting next_dagrun for example_short_circuit_operator to 2026-06-13 00:00:00+00:00, run_after=2026-06-14 00:00:00+00:00
[2026-06-14T21:42:58.941+0000] {processor.py:183} INFO - Processing /home/airflow/.local/lib/python3.12/site-packages/airflow/example_dags/example_short_circuit_operator.py took 0.114 seconds
[2026-06-14T21:43:29.032+0000] {processor.py:161} INFO - Started process (PID=482) to work on /home/airflow/.local/lib/python3.12/site-packages/airflow/example_dags/example_short_circuit_operator.py
[2026-06-14T21:43:29.033+0000] {processor.py:830} INFO - Processing file /home/airflow/.local/lib/python3.12/site-packages/airflow/example_dags/example_short_circuit_operator.py for tasks to queue
[2026-06-14T21:43:29.036+0000] {logging_mixin.py:188} INFO - [2026-06-14T21:43:29.035+0000] {dagbag.py:545} INFO - Filling up the DagBag from /home/airflow/.local/lib/python3.12/site-packages/airflow/example_dags/example_short_circuit_operator.py
[2026-06-14T21:43:29.047+0000] {processor.py:840} INFO - DAG(s) 'example_short_circuit_operator' retrieved from /home/airflow/.local/lib/python3.12/site-packages/airflow/example_dags/example_short_circuit_operator.py
[2026-06-14T21:43:29.085+0000] {logging_mixin.py:188} INFO - [2026-06-14T21:43:29.085+0000] {dag.py:3089} INFO - Sync 1 DAGs
[2026-06-14T21:43:29.141+0000] {logging_mixin.py:188} INFO - [2026-06-14T21:43:29.141+0000] {dag.py:3947} INFO - Setting next_dagrun for example_short_circuit_operator to 2026-06-13 00:00:00+00:00, run_after=2026-06-14 00:00:00+00:00
[2026-06-14T21:43:29.168+0000] {processor.py:183} INFO - Processing /home/airflow/.local/lib/python3.12/site-packages/airflow/example_dags/example_short_circuit_operator.py took 0.144 seconds
[2026-06-14T21:43:59.237+0000] {processor.py:161} INFO - Started process (PID=541) to work on /home/airflow/.local/lib/python3.12/site-packages/airflow/example_dags/example_short_circuit_operator.py
[2026-06-14T21:43:59.239+0000] {processor.py:830} INFO - Processing file /home/airflow/.local/lib/python3.12/site-packages/airflow/example_dags/example_short_circuit_operator.py for tasks to queue
[2026-06-14T21:43:59.243+0000] {logging_mixin.py:188} INFO - [2026-06-14T21:43:59.243+0000] {dagbag.py:545} INFO - Filling up the DagBag from /home/airflow/.local/lib/python3.12/site-packages/airflow/example_dags/example_short_circuit_operator.py
[2026-06-14T21:43:59.275+0000] {processor.py:840} INFO - DAG(s) 'example_short_circuit_operator' retrieved from /home/airflow/.local/lib/python3.12/site-packages/airflow/example_dags/example_short_circuit_operator.py
[2026-06-14T21:43:59.340+0000] {logging_mixin.py:188} INFO - [2026-06-14T21:43:59.340+0000] {dag.py:3089} INFO - Sync 1 DAGs
[2026-06-14T21:43:59.372+0000] {logging_mixin.py:188} INFO - [2026-06-14T21:43:59.372+0000] {dag.py:3947} INFO - Setting next_dagrun for example_short_circuit_operator to 2026-06-13 00:00:00+00:00, run_after=2026-06-14 00:00:00+00:00
[2026-06-14T21:43:59.401+0000] {processor.py:183} INFO - Processing /home/airflow/.local/lib/python3.12/site-packages/airflow/example_dags/example_short_circuit_operator.py took 0.177 seconds
[2026-06-14T21:44:30.259+0000] {processor.py:161} INFO - Started process (PID=600) to work on /home/airflow/.local/lib/python3.12/site-packages/airflow/example_dags/example_short_circuit_operator.py
[2026-06-14T21:44:30.260+0000] {processor.py:830} INFO - Processing file /home/airflow/.local/lib/python3.12/site-packages/airflow/example_dags/example_short_circuit_operator.py for tasks to queue
[2026-06-14T21:44:30.263+0000] {logging_mixin.py:188} INFO - [2026-06-14T21:44:30.262+0000] {dagbag.py:545} INFO - Filling up the DagBag from /home/airflow/.local/lib/python3.12/site-packages/airflow/example_dags/example_short_circuit_operator.py
[2026-06-14T21:44:30.271+0000] {processor.py:840} INFO - DAG(s) 'example_short_circuit_operator' retrieved from /home/airflow/.local/lib/python3.12/site-packages/airflow/example_dags/example_short_circuit_operator.py
[2026-06-14T21:44:30.301+0000] {logging_mixin.py:188} INFO - [2026-06-14T21:44:30.301+0000] {dag.py:3089} INFO - Sync 1 DAGs
[2026-06-14T21:44:30.329+0000] {logging_mixin.py:188} INFO - [2026-06-14T21:44:30.329+0000] {dag.py:3947} INFO - Setting next_dagrun for example_short_circuit_operator to 2026-06-13 00:00:00+00:00, run_after=2026-06-14 00:00:00+00:00
[2026-06-14T21:44:30.358+0000] {processor.py:183} INFO - Processing /home/airflow/.local/lib/python3.12/site-packages/airflow/example_dags/example_short_circuit_operator.py took 0.106 seconds
[2026-06-14T21:45:00.867+0000] {processor.py:161} INFO - Started process (PID=659) to work on /home/airflow/.local/lib/python3.12/site-packages/airflow/example_dags/example_short_circuit_operator.py
[2026-06-14T21:45:00.869+0000] {processor.py:830} INFO - Processing file /home/airflow/.local/lib/python3.12/site-packages/airflow/example_dags/example_short_circuit_operator.py for tasks to queue
[2026-06-14T21:45:00.872+0000] {logging_mixin.py:188} INFO - [2026-06-14T21:45:00.871+0000] {dagbag.py:545} INFO - Filling up the DagBag from /home/airflow/.local/lib/python3.12/site-packages/airflow/example_dags/example_short_circuit_operator.py
[2026-06-14T21:45:00.885+0000] {processor.py:840} INFO - DAG(s) 'example_short_circuit_operator' retrieved from /home/airflow/.local/lib/python3.12/site-packages/airflow/example_dags/example_short_circuit_operator.py
[2026-06-14T21:45:00.919+0000] {logging_mixin.py:188} INFO - [2026-06-14T21:45:00.919+0000] {dag.py:3089} INFO - Sync 1 DAGs
[2026-06-14T21:45:00.951+0000] {logging_mixin.py:188} INFO - [2026-06-14T21:45:00.951+0000] {dag.py:3947} INFO - Setting next_dagrun for example_short_circuit_operator to 2026-06-13 00:00:00+00:00, run_after=2026-06-14 00:00:00+00:00
[2026-06-14T21:45:00.982+0000] {processor.py:183} INFO - Processing /home/airflow/.local/lib/python3.12/site-packages/airflow/example_dags/example_short_circuit_operator.py took 0.123 seconds
[2026-06-14T21:45:31.091+0000] {processor.py:161} INFO - Started process (PID=718) to work on /home/airflow/.local/lib/python3.12/site-packages/airflow/example_dags/example_short_circuit_operator.py
[2026-06-14T21:45:31.094+0000] {processor.py:830} INFO - Processing file /home/airflow/.local/lib/python3.12/site-packages/airflow/example_dags/example_short_circuit_operator.py for tasks to queue
[2026-06-14T21:45:31.101+0000] {logging_mixin.py:188} INFO - [2026-06-14T21:45:31.100+0000] {dagbag.py:545} INFO - Filling up the DagBag from /home/airflow/.local/lib/python3.12/site-packages/airflow/example_dags/example_short_circuit_operator.py
[2026-06-14T21:45:31.124+0000] {processor.py:840} INFO - DAG(s) 'example_short_circuit_operator' retrieved from /home/airflow/.local/lib/python3.12/site-packages/airflow/example_dags/example_short_circuit_operator.py
[2026-06-14T21:45:31.195+0000] {logging_mixin.py:188} INFO - [2026-06-14T21:45:31.194+0000] {dag.py:3089} INFO - Sync 1 DAGs
[2026-06-14T21:45:31.319+0000] {logging_mixin.py:188} INFO - [2026-06-14T21:45:31.318+0000] {dag.py:3947} INFO - Setting next_dagrun for example_short_circuit_operator to 2026-06-13 00:00:00+00:00, run_after=2026-06-14 00:00:00+00:00
[2026-06-14T21:45:31.423+0000] {processor.py:183} INFO - Processing /home/airflow/.local/lib/python3.12/site-packages/airflow/example_dags/example_short_circuit_operator.py took 0.346 seconds
[2026-06-14T21:46:02.346+0000] {processor.py:161} INFO - Started process (PID=777) to work on /home/airflow/.local/lib/python3.12/site-packages/airflow/example_dags/example_short_circuit_operator.py
[2026-06-14T21:46:02.347+0000] {processor.py:830} INFO - Processing file /home/airflow/.local/lib/python3.12/site-packages/airflow/example_dags/example_short_circuit_operator.py for tasks to queue
[2026-06-14T21:46:02.349+0000] {logging_mixin.py:188} INFO - [2026-06-14T21:46:02.349+0000] {dagbag.py:545} INFO - Filling up the DagBag from /home/airflow/.local/lib/python3.12/site-packages/airflow/example_dags/example_short_circuit_operator.py
[2026-06-14T21:46:02.360+0000] {processor.py:840} INFO - DAG(s) 'example_short_circuit_operator' retrieved from /home/airflow/.local/lib/python3.12/site-packages/airflow/example_dags/example_short_circuit_operator.py
[2026-06-14T21:46:02.396+0000] {logging_mixin.py:188} INFO - [2026-06-14T21:46:02.395+0000] {dag.py:3089} INFO - Sync 1 DAGs
[2026-06-14T21:46:02.450+0000] {logging_mixin.py:188} INFO - [2026-06-14T21:46:02.450+0000] {dag.py:3947} INFO - Setting next_dagrun for example_short_circuit_operator to 2026-06-13 00:00:00+00:00, run_after=2026-06-14 00:00:00+00:00
[2026-06-14T21:46:02.484+0000] {processor.py:183} INFO - Processing /home/airflow/.local/lib/python3.12/site-packages/airflow/example_dags/example_short_circuit_operator.py took 0.146 seconds
[2026-06-14T21:46:32.774+0000] {processor.py:161} INFO - Started process (PID=836) to work on /home/airflow/.local/lib/python3.12/site-packages/airflow/example_dags/example_short_circuit_operator.py
[2026-06-14T21:46:32.776+0000] {processor.py:830} INFO - Processing file /home/airflow/.local/lib/python3.12/site-packages/airflow/example_dags/example_short_circuit_operator.py for tasks to queue
[2026-06-14T21:46:32.780+0000] {logging_mixin.py:188} INFO - [2026-06-14T21:46:32.779+0000] {dagbag.py:545} INFO - Filling up the DagBag from /home/airflow/.local/lib/python3.12/site-packages/airflow/example_dags/example_short_circuit_operator.py
[2026-06-14T21:46:32.799+0000] {processor.py:840} INFO - DAG(s) 'example_short_circuit_operator' retrieved from /home/airflow/.local/lib/python3.12/site-packages/airflow/example_dags/example_short_circuit_operator.py
[2026-06-14T21:46:32.842+0000] {logging_mixin.py:188} INFO - [2026-06-14T21:46:32.842+0000] {dag.py:3089} INFO - Sync 1 DAGs
[2026-06-14T21:46:32.885+0000] {logging_mixin.py:188} INFO - [2026-06-14T21:46:32.884+0000] {dag.py:3947} INFO - Setting next_dagrun for example_short_circuit_operator to 2026-06-13 00:00:00+00:00, run_after=2026-06-14 00:00:00+00:00
[2026-06-14T21:46:32.948+0000] {processor.py:183} INFO - Processing /home/airflow/.local/lib/python3.12/site-packages/airflow/example_dags/example_short_circuit_operator.py took 0.187 seconds
[2026-06-14T21:47:03.697+0000] {processor.py:161} INFO - Started process (PID=895) to work on /home/airflow/.local/lib/python3.12/site-packages/airflow/example_dags/example_short_circuit_operator.py
[2026-06-14T21:47:03.699+0000] {processor.py:830} INFO - Processing file /home/airflow/.local/lib/python3.12/site-packages/airflow/example_dags/example_short_circuit_operator.py for tasks to queue
[2026-06-14T21:47:03.701+0000] {logging_mixin.py:188} INFO - [2026-06-14T21:47:03.701+0000] {dagbag.py:545} INFO - Filling up the DagBag from /home/airflow/.local/lib/python3.12/site-packages/airflow/example_dags/example_short_circuit_operator.py
[2026-06-14T21:47:03.713+0000] {processor.py:840} INFO - DAG(s) 'example_short_circuit_operator' retrieved from /home/airflow/.local/lib/python3.12/site-packages/airflow/example_dags/example_short_circuit_operator.py
[2026-06-14T21:47:03.749+0000] {logging_mixin.py:188} INFO - [2026-06-14T21:47:03.749+0000] {dag.py:3089} INFO - Sync 1 DAGs
[2026-06-14T21:47:03.797+0000] {logging_mixin.py:188} INFO - [2026-06-14T21:47:03.796+0000] {dag.py:3947} INFO - Setting next_dagrun for example_short_circuit_operator to 2026-06-13 00:00:00+00:00, run_after=2026-06-14 00:00:00+00:00
[2026-06-14T21:47:03.875+0000] {processor.py:183} INFO - Processing /home/airflow/.local/lib/python3.12/site-packages/airflow/example_dags/example_short_circuit_operator.py took 0.186 seconds
[2026-06-14T21:47:34.299+0000] {processor.py:161} INFO - Started process (PID=954) to work on /home/airflow/.local/lib/python3.12/site-packages/airflow/example_dags/example_short_circuit_operator.py
[2026-06-14T21:47:34.300+0000] {processor.py:830} INFO - Processing file /home/airflow/.local/lib/python3.12/site-packages/airflow/example_dags/example_short_circuit_operator.py for tasks to queue
[2026-06-14T21:47:34.303+0000] {logging_mixin.py:188} INFO - [2026-06-14T21:47:34.303+0000] {dagbag.py:545} INFO - Filling up the DagBag from /home/airflow/.local/lib/python3.12/site-packages/airflow/example_dags/example_short_circuit_operator.py
[2026-06-14T21:47:34.315+0000] {processor.py:840} INFO - DAG(s) 'example_short_circuit_operator' retrieved from /home/airflow/.local/lib/python3.12/site-packages/airflow/example_dags/example_short_circuit_operator.py
[2026-06-14T21:47:34.344+0000] {logging_mixin.py:188} INFO - [2026-06-14T21:47:34.344+0000] {dag.py:3089} INFO - Sync 1 DAGs
[2026-06-14T21:47:34.370+0000] {logging_mixin.py:188} INFO - [2026-06-14T21:47:34.369+0000] {dag.py:3947} INFO - Setting next_dagrun for example_short_circuit_operator to 2026-06-13 00:00:00+00:00, run_after=2026-06-14 00:00:00+00:00
[2026-06-14T21:47:34.401+0000] {processor.py:183} INFO - Processing /home/airflow/.local/lib/python3.12/site-packages/airflow/example_dags/example_short_circuit_operator.py took 0.111 seconds
[2026-06-14T21:48:04.830+0000] {processor.py:161} INFO - Started process (PID=1012) to work on /home/airflow/.local/lib/python3.12/site-packages/airflow/example_dags/example_short_circuit_operator.py
[2026-06-14T21:48:04.832+0000] {processor.py:830} INFO - Processing file /home/airflow/.local/lib/python3.12/site-packages/airflow/example_dags/example_short_circuit_operator.py for tasks to queue
[2026-06-14T21:48:04.835+0000] {logging_mixin.py:188} INFO - [2026-06-14T21:48:04.835+0000] {dagbag.py:545} INFO - Filling up the DagBag from /home/airflow/.local/lib/python3.12/site-packages/airflow/example_dags/example_short_circuit_operator.py
[2026-06-14T21:48:04.845+0000] {processor.py:840} INFO - DAG(s) 'example_short_circuit_operator' retrieved from /home/airflow/.local/lib/python3.12/site-packages/airflow/example_dags/example_short_circuit_operator.py
[2026-06-14T21:48:04.876+0000] {logging_mixin.py:188} INFO - [2026-06-14T21:48:04.876+0000] {dag.py:3089} INFO - Sync 1 DAGs
[2026-06-14T21:48:04.904+0000] {logging_mixin.py:188} INFO - [2026-06-14T21:48:04.904+0000] {dag.py:3947} INFO - Setting next_dagrun for example_short_circuit_operator to 2026-06-13 00:00:00+00:00, run_after=2026-06-14 00:00:00+00:00
[2026-06-14T21:48:04.926+0000] {processor.py:183} INFO - Processing /home/airflow/.local/lib/python3.12/site-packages/airflow/example_dags/example_short_circuit_operator.py took 0.106 seconds
[2026-06-14T21:48:35.454+0000] {processor.py:161} INFO - Started process (PID=1071) to work on /home/airflow/.local/lib/python3.12/site-packages/airflow/example_dags/example_short_circuit_operator.py
[2026-06-14T21:48:35.455+0000] {processor.py:830} INFO - Processing file /home/airflow/.local/lib/python3.12/site-packages/airflow/example_dags/example_short_circuit_operator.py for tasks to queue
[2026-06-14T21:48:35.457+0000] {logging_mixin.py:188} INFO - [2026-06-14T21:48:35.457+0000] {dagbag.py:545} INFO - Filling up the DagBag from /home/airflow/.local/lib/python3.12/site-packages/airflow/example_dags/example_short_circuit_operator.py
[2026-06-14T21:48:35.465+0000] {processor.py:840} INFO - DAG(s) 'example_short_circuit_operator' retrieved from /home/airflow/.local/lib/python3.12/site-packages/airflow/example_dags/example_short_circuit_operator.py
[2026-06-14T21:48:35.496+0000] {logging_mixin.py:188} INFO - [2026-06-14T21:48:35.496+0000] {dag.py:3089} INFO - Sync 1 DAGs
[2026-06-14T21:48:35.526+0000] {logging_mixin.py:188} INFO - [2026-06-14T21:48:35.525+0000] {dag.py:3947} INFO - Setting next_dagrun for example_short_circuit_operator to 2026-06-13 00:00:00+00:00, run_after=2026-06-14 00:00:00+00:00
[2026-06-14T21:48:35.590+0000] {processor.py:183} INFO - Processing /home/airflow/.local/lib/python3.12/site-packages/airflow/example_dags/example_short_circuit_operator.py took 0.143 seconds
[2026-06-14T21:49:05.743+0000] {processor.py:161} INFO - Started process (PID=1129) to work on /home/airflow/.local/lib/python3.12/site-packages/airflow/example_dags/example_short_circuit_operator.py
[2026-06-14T21:49:05.744+0000] {processor.py:830} INFO - Processing file /home/airflow/.local/lib/python3.12/site-packages/airflow/example_dags/example_short_circuit_operator.py for tasks to queue
[2026-06-14T21:49:05.747+0000] {logging_mixin.py:188} INFO - [2026-06-14T21:49:05.747+0000] {dagbag.py:545} INFO - Filling up the DagBag from /home/airflow/.local/lib/python3.12/site-packages/airflow/example_dags/example_short_circuit_operator.py
[2026-06-14T21:49:05.758+0000] {processor.py:840} INFO - DAG(s) 'example_short_circuit_operator' retrieved from /home/airflow/.local/lib/python3.12/site-packages/airflow/example_dags/example_short_circuit_operator.py
[2026-06-14T21:49:05.790+0000] {logging_mixin.py:188} INFO - [2026-06-14T21:49:05.789+0000] {dag.py:3089} INFO - Sync 1 DAGs
[2026-06-14T21:49:05.819+0000] {logging_mixin.py:188} INFO - [2026-06-14T21:49:05.819+0000] {dag.py:3947} INFO - Setting next_dagrun for example_short_circuit_operator to 2026-06-13 00:00:00+00:00, run_after=2026-06-14 00:00:00+00:00
[2026-06-14T21:49:05.882+0000] {processor.py:183} INFO - Processing /home/airflow/.local/lib/python3.12/site-packages/airflow/example_dags/example_short_circuit_operator.py took 0.148 seconds
[2026-06-14T21:49:35.997+0000] {processor.py:161} INFO - Started process (PID=1188) to work on /home/airflow/.local/lib/python3.12/site-packages/airflow/example_dags/example_short_circuit_operator.py
[2026-06-14T21:49:35.999+0000] {processor.py:830} INFO - Processing file /home/airflow/.local/lib/python3.12/site-packages/airflow/example_dags/example_short_circuit_operator.py for tasks to queue
[2026-06-14T21:49:36.044+0000] {logging_mixin.py:188} INFO - [2026-06-14T21:49:36.043+0000] {dagbag.py:545} INFO - Filling up the DagBag from /home/airflow/.local/lib/python3.12/site-packages/airflow/example_dags/example_short_circuit_operator.py
[2026-06-14T21:49:36.057+0000] {processor.py:840} INFO - DAG(s) 'example_short_circuit_operator' retrieved from /home/airflow/.local/lib/python3.12/site-packages/airflow/example_dags/example_short_circuit_operator.py
[2026-06-14T21:49:36.096+0000] {logging_mixin.py:188} INFO - [2026-06-14T21:49:36.096+0000] {dag.py:3089} INFO - Sync 1 DAGs
[2026-06-14T21:49:36.135+0000] {logging_mixin.py:188} INFO - [2026-06-14T21:49:36.134+0000] {dag.py:3947} INFO - Setting next_dagrun for example_short_circuit_operator to 2026-06-13 00:00:00+00:00, run_after=2026-06-14 00:00:00+00:00
[2026-06-14T21:49:36.166+0000] {processor.py:183} INFO - Processing /home/airflow/.local/lib/python3.12/site-packages/airflow/example_dags/example_short_circuit_operator.py took 0.177 seconds
