[2026-06-14T21:26:33.993+0000] {processor.py:161} INFO - Started process (PID=93) to work on /home/airflow/.local/lib/python3.12/site-packages/airflow/example_dags/example_xcom.py
[2026-06-14T21:26:33.994+0000] {processor.py:830} INFO - Processing file /home/airflow/.local/lib/python3.12/site-packages/airflow/example_dags/example_xcom.py for tasks to queue
[2026-06-14T21:26:33.997+0000] {logging_mixin.py:188} INFO - [2026-06-14T21:26:33.997+0000] {dagbag.py:545} INFO - Filling up the DagBag from /home/airflow/.local/lib/python3.12/site-packages/airflow/example_dags/example_xcom.py
[2026-06-14T21:26:34.013+0000] {processor.py:840} INFO - DAG(s) 'example_xcom' retrieved from /home/airflow/.local/lib/python3.12/site-packages/airflow/example_dags/example_xcom.py
[2026-06-14T21:26:34.187+0000] {logging_mixin.py:188} INFO - [2026-06-14T21:26:34.185+0000] {override.py:1858} INFO - Created Permission View: can delete on DAG:example_xcom
[2026-06-14T21:26:34.203+0000] {logging_mixin.py:188} INFO - [2026-06-14T21:26:34.203+0000] {override.py:1858} INFO - Created Permission View: can edit on DAG:example_xcom
[2026-06-14T21:26:34.215+0000] {logging_mixin.py:188} INFO - [2026-06-14T21:26:34.214+0000] {override.py:1858} INFO - Created Permission View: can read on DAG:example_xcom
[2026-06-14T21:26:34.216+0000] {logging_mixin.py:188} INFO - [2026-06-14T21:26:34.216+0000] {dag.py:3089} INFO - Sync 1 DAGs
[2026-06-14T21:26:34.237+0000] {logging_mixin.py:188} INFO - [2026-06-14T21:26:34.236+0000] {dag.py:3111} INFO - Creating ORM DAG for example_xcom
[2026-06-14T21:26:34.257+0000] {logging_mixin.py:188} INFO - [2026-06-14T21:26:34.257+0000] {dag.py:3947} INFO - Setting next_dagrun for example_xcom to 2021-01-01 00:00:00+00:00, run_after=2021-01-01 00:00:00+00:00
[2026-06-14T21:26:34.299+0000] {processor.py:183} INFO - Processing /home/airflow/.local/lib/python3.12/site-packages/airflow/example_dags/example_xcom.py took 0.316 seconds
[2026-06-14T21:27:05.066+0000] {processor.py:161} INFO - Started process (PID=152) to work on /home/airflow/.local/lib/python3.12/site-packages/airflow/example_dags/example_xcom.py
[2026-06-14T21:27:05.068+0000] {processor.py:830} INFO - Processing file /home/airflow/.local/lib/python3.12/site-packages/airflow/example_dags/example_xcom.py for tasks to queue
[2026-06-14T21:27:05.072+0000] {logging_mixin.py:188} INFO - [2026-06-14T21:27:05.071+0000] {dagbag.py:545} INFO - Filling up the DagBag from /home/airflow/.local/lib/python3.12/site-packages/airflow/example_dags/example_xcom.py
[2026-06-14T21:27:05.081+0000] {processor.py:840} INFO - DAG(s) 'example_xcom' retrieved from /home/airflow/.local/lib/python3.12/site-packages/airflow/example_dags/example_xcom.py
[2026-06-14T21:27:05.118+0000] {logging_mixin.py:188} INFO - [2026-06-14T21:27:05.118+0000] {dag.py:3089} INFO - Sync 1 DAGs
[2026-06-14T21:27:05.153+0000] {logging_mixin.py:188} INFO - [2026-06-14T21:27:05.153+0000] {dag.py:3947} INFO - Setting next_dagrun for example_xcom to 2021-01-01 00:00:00+00:00, run_after=2021-01-01 00:00:00+00:00
[2026-06-14T21:27:05.178+0000] {processor.py:183} INFO - Processing /home/airflow/.local/lib/python3.12/site-packages/airflow/example_dags/example_xcom.py took 0.130 seconds
[2026-06-14T21:27:35.338+0000] {processor.py:161} INFO - Started process (PID=211) to work on /home/airflow/.local/lib/python3.12/site-packages/airflow/example_dags/example_xcom.py
[2026-06-14T21:27:35.340+0000] {processor.py:830} INFO - Processing file /home/airflow/.local/lib/python3.12/site-packages/airflow/example_dags/example_xcom.py for tasks to queue
[2026-06-14T21:27:35.344+0000] {logging_mixin.py:188} INFO - [2026-06-14T21:27:35.343+0000] {dagbag.py:545} INFO - Filling up the DagBag from /home/airflow/.local/lib/python3.12/site-packages/airflow/example_dags/example_xcom.py
[2026-06-14T21:27:35.356+0000] {processor.py:840} INFO - DAG(s) 'example_xcom' retrieved from /home/airflow/.local/lib/python3.12/site-packages/airflow/example_dags/example_xcom.py
[2026-06-14T21:27:35.392+0000] {logging_mixin.py:188} INFO - [2026-06-14T21:27:35.392+0000] {dag.py:3089} INFO - Sync 1 DAGs
[2026-06-14T21:27:35.425+0000] {logging_mixin.py:188} INFO - [2026-06-14T21:27:35.425+0000] {dag.py:3947} INFO - Setting next_dagrun for example_xcom to 2021-01-01 00:00:00+00:00, run_after=2021-01-01 00:00:00+00:00
[2026-06-14T21:27:35.459+0000] {processor.py:183} INFO - Processing /home/airflow/.local/lib/python3.12/site-packages/airflow/example_dags/example_xcom.py took 0.130 seconds
[2026-06-14T21:28:06.397+0000] {processor.py:161} INFO - Started process (PID=270) to work on /home/airflow/.local/lib/python3.12/site-packages/airflow/example_dags/example_xcom.py
[2026-06-14T21:28:06.398+0000] {processor.py:830} INFO - Processing file /home/airflow/.local/lib/python3.12/site-packages/airflow/example_dags/example_xcom.py for tasks to queue
[2026-06-14T21:28:06.403+0000] {logging_mixin.py:188} INFO - [2026-06-14T21:28:06.402+0000] {dagbag.py:545} INFO - Filling up the DagBag from /home/airflow/.local/lib/python3.12/site-packages/airflow/example_dags/example_xcom.py
[2026-06-14T21:28:06.411+0000] {processor.py:840} INFO - DAG(s) 'example_xcom' retrieved from /home/airflow/.local/lib/python3.12/site-packages/airflow/example_dags/example_xcom.py
[2026-06-14T21:28:06.439+0000] {logging_mixin.py:188} INFO - [2026-06-14T21:28:06.439+0000] {dag.py:3089} INFO - Sync 1 DAGs
[2026-06-14T21:28:06.469+0000] {logging_mixin.py:188} INFO - [2026-06-14T21:28:06.469+0000] {dag.py:3947} INFO - Setting next_dagrun for example_xcom to 2021-01-01 00:00:00+00:00, run_after=2021-01-01 00:00:00+00:00
[2026-06-14T21:28:06.494+0000] {processor.py:183} INFO - Processing /home/airflow/.local/lib/python3.12/site-packages/airflow/example_dags/example_xcom.py took 0.104 seconds
[2026-06-14T21:28:36.771+0000] {processor.py:161} INFO - Started process (PID=329) to work on /home/airflow/.local/lib/python3.12/site-packages/airflow/example_dags/example_xcom.py
[2026-06-14T21:28:36.773+0000] {processor.py:830} INFO - Processing file /home/airflow/.local/lib/python3.12/site-packages/airflow/example_dags/example_xcom.py for tasks to queue
[2026-06-14T21:28:36.777+0000] {logging_mixin.py:188} INFO - [2026-06-14T21:28:36.776+0000] {dagbag.py:545} INFO - Filling up the DagBag from /home/airflow/.local/lib/python3.12/site-packages/airflow/example_dags/example_xcom.py
[2026-06-14T21:28:36.791+0000] {processor.py:840} INFO - DAG(s) 'example_xcom' retrieved from /home/airflow/.local/lib/python3.12/site-packages/airflow/example_dags/example_xcom.py
[2026-06-14T21:28:36.829+0000] {logging_mixin.py:188} INFO - [2026-06-14T21:28:36.829+0000] {dag.py:3089} INFO - Sync 1 DAGs
[2026-06-14T21:28:36.863+0000] {logging_mixin.py:188} INFO - [2026-06-14T21:28:36.863+0000] {dag.py:3947} INFO - Setting next_dagrun for example_xcom to 2021-01-01 00:00:00+00:00, run_after=2021-01-01 00:00:00+00:00
[2026-06-14T21:28:36.943+0000] {processor.py:183} INFO - Processing /home/airflow/.local/lib/python3.12/site-packages/airflow/example_dags/example_xcom.py took 0.183 seconds
[2026-06-14T21:29:07.678+0000] {processor.py:161} INFO - Started process (PID=388) to work on /home/airflow/.local/lib/python3.12/site-packages/airflow/example_dags/example_xcom.py
[2026-06-14T21:29:07.680+0000] {processor.py:830} INFO - Processing file /home/airflow/.local/lib/python3.12/site-packages/airflow/example_dags/example_xcom.py for tasks to queue
[2026-06-14T21:29:07.684+0000] {logging_mixin.py:188} INFO - [2026-06-14T21:29:07.683+0000] {dagbag.py:545} INFO - Filling up the DagBag from /home/airflow/.local/lib/python3.12/site-packages/airflow/example_dags/example_xcom.py
[2026-06-14T21:29:07.701+0000] {processor.py:840} INFO - DAG(s) 'example_xcom' retrieved from /home/airflow/.local/lib/python3.12/site-packages/airflow/example_dags/example_xcom.py
[2026-06-14T21:29:07.742+0000] {logging_mixin.py:188} INFO - [2026-06-14T21:29:07.741+0000] {dag.py:3089} INFO - Sync 1 DAGs
[2026-06-14T21:29:07.791+0000] {logging_mixin.py:188} INFO - [2026-06-14T21:29:07.790+0000] {dag.py:3947} INFO - Setting next_dagrun for example_xcom to 2021-01-01 00:00:00+00:00, run_after=2021-01-01 00:00:00+00:00
[2026-06-14T21:29:07.867+0000] {processor.py:183} INFO - Processing /home/airflow/.local/lib/python3.12/site-packages/airflow/example_dags/example_xcom.py took 0.199 seconds
[2026-06-14T21:29:37.970+0000] {processor.py:161} INFO - Started process (PID=447) to work on /home/airflow/.local/lib/python3.12/site-packages/airflow/example_dags/example_xcom.py
[2026-06-14T21:29:37.972+0000] {processor.py:830} INFO - Processing file /home/airflow/.local/lib/python3.12/site-packages/airflow/example_dags/example_xcom.py for tasks to queue
[2026-06-14T21:29:37.976+0000] {logging_mixin.py:188} INFO - [2026-06-14T21:29:37.975+0000] {dagbag.py:545} INFO - Filling up the DagBag from /home/airflow/.local/lib/python3.12/site-packages/airflow/example_dags/example_xcom.py
[2026-06-14T21:29:37.989+0000] {processor.py:840} INFO - DAG(s) 'example_xcom' retrieved from /home/airflow/.local/lib/python3.12/site-packages/airflow/example_dags/example_xcom.py
[2026-06-14T21:29:38.021+0000] {logging_mixin.py:188} INFO - [2026-06-14T21:29:38.020+0000] {dag.py:3089} INFO - Sync 1 DAGs
[2026-06-14T21:29:38.052+0000] {logging_mixin.py:188} INFO - [2026-06-14T21:29:38.052+0000] {dag.py:3947} INFO - Setting next_dagrun for example_xcom to 2021-01-01 00:00:00+00:00, run_after=2021-01-01 00:00:00+00:00
[2026-06-14T21:29:38.083+0000] {processor.py:183} INFO - Processing /home/airflow/.local/lib/python3.12/site-packages/airflow/example_dags/example_xcom.py took 0.122 seconds
[2026-06-14T21:30:08.587+0000] {processor.py:161} INFO - Started process (PID=505) to work on /home/airflow/.local/lib/python3.12/site-packages/airflow/example_dags/example_xcom.py
[2026-06-14T21:30:08.590+0000] {processor.py:830} INFO - Processing file /home/airflow/.local/lib/python3.12/site-packages/airflow/example_dags/example_xcom.py for tasks to queue
[2026-06-14T21:30:08.592+0000] {logging_mixin.py:188} INFO - [2026-06-14T21:30:08.591+0000] {dagbag.py:545} INFO - Filling up the DagBag from /home/airflow/.local/lib/python3.12/site-packages/airflow/example_dags/example_xcom.py
[2026-06-14T21:30:08.606+0000] {processor.py:840} INFO - DAG(s) 'example_xcom' retrieved from /home/airflow/.local/lib/python3.12/site-packages/airflow/example_dags/example_xcom.py
[2026-06-14T21:30:08.644+0000] {logging_mixin.py:188} INFO - [2026-06-14T21:30:08.644+0000] {dag.py:3089} INFO - Sync 1 DAGs
[2026-06-14T21:30:08.685+0000] {logging_mixin.py:188} INFO - [2026-06-14T21:30:08.685+0000] {dag.py:3947} INFO - Setting next_dagrun for example_xcom to 2021-01-01 00:00:00+00:00, run_after=2021-01-01 00:00:00+00:00
[2026-06-14T21:30:08.723+0000] {processor.py:183} INFO - Processing /home/airflow/.local/lib/python3.12/site-packages/airflow/example_dags/example_xcom.py took 0.150 seconds
[2026-06-14T21:30:39.280+0000] {processor.py:161} INFO - Started process (PID=563) to work on /home/airflow/.local/lib/python3.12/site-packages/airflow/example_dags/example_xcom.py
[2026-06-14T21:30:39.281+0000] {processor.py:830} INFO - Processing file /home/airflow/.local/lib/python3.12/site-packages/airflow/example_dags/example_xcom.py for tasks to queue
[2026-06-14T21:30:39.283+0000] {logging_mixin.py:188} INFO - [2026-06-14T21:30:39.283+0000] {dagbag.py:545} INFO - Filling up the DagBag from /home/airflow/.local/lib/python3.12/site-packages/airflow/example_dags/example_xcom.py
[2026-06-14T21:30:39.298+0000] {processor.py:840} INFO - DAG(s) 'example_xcom' retrieved from /home/airflow/.local/lib/python3.12/site-packages/airflow/example_dags/example_xcom.py
[2026-06-14T21:30:39.326+0000] {logging_mixin.py:188} INFO - [2026-06-14T21:30:39.326+0000] {dag.py:3089} INFO - Sync 1 DAGs
[2026-06-14T21:30:39.353+0000] {logging_mixin.py:188} INFO - [2026-06-14T21:30:39.353+0000] {dag.py:3947} INFO - Setting next_dagrun for example_xcom to 2021-01-01 00:00:00+00:00, run_after=2021-01-01 00:00:00+00:00
[2026-06-14T21:30:39.382+0000] {processor.py:183} INFO - Processing /home/airflow/.local/lib/python3.12/site-packages/airflow/example_dags/example_xcom.py took 0.109 seconds
[2026-06-14T21:31:09.525+0000] {processor.py:161} INFO - Started process (PID=622) to work on /home/airflow/.local/lib/python3.12/site-packages/airflow/example_dags/example_xcom.py
[2026-06-14T21:31:09.527+0000] {processor.py:830} INFO - Processing file /home/airflow/.local/lib/python3.12/site-packages/airflow/example_dags/example_xcom.py for tasks to queue
[2026-06-14T21:31:09.528+0000] {logging_mixin.py:188} INFO - [2026-06-14T21:31:09.528+0000] {dagbag.py:545} INFO - Filling up the DagBag from /home/airflow/.local/lib/python3.12/site-packages/airflow/example_dags/example_xcom.py
[2026-06-14T21:31:09.543+0000] {processor.py:840} INFO - DAG(s) 'example_xcom' retrieved from /home/airflow/.local/lib/python3.12/site-packages/airflow/example_dags/example_xcom.py
[2026-06-14T21:31:09.591+0000] {logging_mixin.py:188} INFO - [2026-06-14T21:31:09.590+0000] {dag.py:3089} INFO - Sync 1 DAGs
[2026-06-14T21:31:09.624+0000] {logging_mixin.py:188} INFO - [2026-06-14T21:31:09.624+0000] {dag.py:3947} INFO - Setting next_dagrun for example_xcom to 2021-01-01 00:00:00+00:00, run_after=2021-01-01 00:00:00+00:00
[2026-06-14T21:31:09.673+0000] {processor.py:183} INFO - Processing /home/airflow/.local/lib/python3.12/site-packages/airflow/example_dags/example_xcom.py took 0.159 seconds
[2026-06-14T21:31:40.313+0000] {processor.py:161} INFO - Started process (PID=680) to work on /home/airflow/.local/lib/python3.12/site-packages/airflow/example_dags/example_xcom.py
[2026-06-14T21:31:40.314+0000] {processor.py:830} INFO - Processing file /home/airflow/.local/lib/python3.12/site-packages/airflow/example_dags/example_xcom.py for tasks to queue
[2026-06-14T21:31:40.316+0000] {logging_mixin.py:188} INFO - [2026-06-14T21:31:40.315+0000] {dagbag.py:545} INFO - Filling up the DagBag from /home/airflow/.local/lib/python3.12/site-packages/airflow/example_dags/example_xcom.py
[2026-06-14T21:31:40.327+0000] {processor.py:840} INFO - DAG(s) 'example_xcom' retrieved from /home/airflow/.local/lib/python3.12/site-packages/airflow/example_dags/example_xcom.py
[2026-06-14T21:31:40.358+0000] {logging_mixin.py:188} INFO - [2026-06-14T21:31:40.358+0000] {dag.py:3089} INFO - Sync 1 DAGs
[2026-06-14T21:31:40.394+0000] {logging_mixin.py:188} INFO - [2026-06-14T21:31:40.394+0000] {dag.py:3947} INFO - Setting next_dagrun for example_xcom to 2021-01-01 00:00:00+00:00, run_after=2021-01-01 00:00:00+00:00
[2026-06-14T21:31:40.443+0000] {processor.py:183} INFO - Processing /home/airflow/.local/lib/python3.12/site-packages/airflow/example_dags/example_xcom.py took 0.139 seconds
[2026-06-14T21:32:11.199+0000] {processor.py:161} INFO - Started process (PID=737) to work on /home/airflow/.local/lib/python3.12/site-packages/airflow/example_dags/example_xcom.py
[2026-06-14T21:32:11.200+0000] {processor.py:830} INFO - Processing file /home/airflow/.local/lib/python3.12/site-packages/airflow/example_dags/example_xcom.py for tasks to queue
[2026-06-14T21:32:11.202+0000] {logging_mixin.py:188} INFO - [2026-06-14T21:32:11.201+0000] {dagbag.py:545} INFO - Filling up the DagBag from /home/airflow/.local/lib/python3.12/site-packages/airflow/example_dags/example_xcom.py
[2026-06-14T21:32:11.219+0000] {processor.py:840} INFO - DAG(s) 'example_xcom' retrieved from /home/airflow/.local/lib/python3.12/site-packages/airflow/example_dags/example_xcom.py
[2026-06-14T21:32:11.264+0000] {logging_mixin.py:188} INFO - [2026-06-14T21:32:11.263+0000] {dag.py:3089} INFO - Sync 1 DAGs
[2026-06-14T21:32:11.303+0000] {logging_mixin.py:188} INFO - [2026-06-14T21:32:11.302+0000] {dag.py:3947} INFO - Setting next_dagrun for example_xcom to 2021-01-01 00:00:00+00:00, run_after=2021-01-01 00:00:00+00:00
[2026-06-14T21:32:11.381+0000] {processor.py:183} INFO - Processing /home/airflow/.local/lib/python3.12/site-packages/airflow/example_dags/example_xcom.py took 0.196 seconds
[2026-06-14T21:40:02.375+0000] {processor.py:161} INFO - Started process (PID=94) to work on /home/airflow/.local/lib/python3.12/site-packages/airflow/example_dags/example_xcom.py
[2026-06-14T21:40:02.377+0000] {processor.py:830} INFO - Processing file /home/airflow/.local/lib/python3.12/site-packages/airflow/example_dags/example_xcom.py for tasks to queue
[2026-06-14T21:40:02.380+0000] {logging_mixin.py:188} INFO - [2026-06-14T21:40:02.379+0000] {dagbag.py:545} INFO - Filling up the DagBag from /home/airflow/.local/lib/python3.12/site-packages/airflow/example_dags/example_xcom.py
[2026-06-14T21:40:02.395+0000] {processor.py:840} INFO - DAG(s) 'example_xcom' retrieved from /home/airflow/.local/lib/python3.12/site-packages/airflow/example_dags/example_xcom.py
[2026-06-14T21:40:02.576+0000] {logging_mixin.py:188} INFO - [2026-06-14T21:40:02.575+0000] {dag.py:3089} INFO - Sync 1 DAGs
[2026-06-14T21:40:02.614+0000] {logging_mixin.py:188} INFO - [2026-06-14T21:40:02.614+0000] {dag.py:3947} INFO - Setting next_dagrun for example_xcom to 2021-01-01 00:00:00+00:00, run_after=2021-01-01 00:00:00+00:00
[2026-06-14T21:40:02.656+0000] {processor.py:183} INFO - Processing /home/airflow/.local/lib/python3.12/site-packages/airflow/example_dags/example_xcom.py took 0.289 seconds
[2026-06-14T21:40:33.345+0000] {processor.py:161} INFO - Started process (PID=153) to work on /home/airflow/.local/lib/python3.12/site-packages/airflow/example_dags/example_xcom.py
[2026-06-14T21:40:33.346+0000] {processor.py:830} INFO - Processing file /home/airflow/.local/lib/python3.12/site-packages/airflow/example_dags/example_xcom.py for tasks to queue
[2026-06-14T21:40:33.349+0000] {logging_mixin.py:188} INFO - [2026-06-14T21:40:33.349+0000] {dagbag.py:545} INFO - Filling up the DagBag from /home/airflow/.local/lib/python3.12/site-packages/airflow/example_dags/example_xcom.py
[2026-06-14T21:40:33.360+0000] {processor.py:840} INFO - DAG(s) 'example_xcom' retrieved from /home/airflow/.local/lib/python3.12/site-packages/airflow/example_dags/example_xcom.py
[2026-06-14T21:40:33.396+0000] {logging_mixin.py:188} INFO - [2026-06-14T21:40:33.396+0000] {dag.py:3089} INFO - Sync 1 DAGs
[2026-06-14T21:40:33.425+0000] {logging_mixin.py:188} INFO - [2026-06-14T21:40:33.425+0000] {dag.py:3947} INFO - Setting next_dagrun for example_xcom to 2021-01-01 00:00:00+00:00, run_after=2021-01-01 00:00:00+00:00
[2026-06-14T21:40:33.457+0000] {processor.py:183} INFO - Processing /home/airflow/.local/lib/python3.12/site-packages/airflow/example_dags/example_xcom.py took 0.120 seconds
[2026-06-14T21:41:03.968+0000] {processor.py:161} INFO - Started process (PID=212) to work on /home/airflow/.local/lib/python3.12/site-packages/airflow/example_dags/example_xcom.py
[2026-06-14T21:41:03.971+0000] {processor.py:830} INFO - Processing file /home/airflow/.local/lib/python3.12/site-packages/airflow/example_dags/example_xcom.py for tasks to queue
[2026-06-14T21:41:03.975+0000] {logging_mixin.py:188} INFO - [2026-06-14T21:41:03.974+0000] {dagbag.py:545} INFO - Filling up the DagBag from /home/airflow/.local/lib/python3.12/site-packages/airflow/example_dags/example_xcom.py
[2026-06-14T21:41:03.994+0000] {processor.py:840} INFO - DAG(s) 'example_xcom' retrieved from /home/airflow/.local/lib/python3.12/site-packages/airflow/example_dags/example_xcom.py
[2026-06-14T21:41:04.037+0000] {logging_mixin.py:188} INFO - [2026-06-14T21:41:04.037+0000] {dag.py:3089} INFO - Sync 1 DAGs
[2026-06-14T21:41:04.084+0000] {logging_mixin.py:188} INFO - [2026-06-14T21:41:04.083+0000] {dag.py:3947} INFO - Setting next_dagrun for example_xcom to 2021-01-01 00:00:00+00:00, run_after=2021-01-01 00:00:00+00:00
[2026-06-14T21:41:04.123+0000] {processor.py:183} INFO - Processing /home/airflow/.local/lib/python3.12/site-packages/airflow/example_dags/example_xcom.py took 0.165 seconds
[2026-06-14T21:41:34.915+0000] {processor.py:161} INFO - Started process (PID=271) to work on /home/airflow/.local/lib/python3.12/site-packages/airflow/example_dags/example_xcom.py
[2026-06-14T21:41:34.917+0000] {processor.py:830} INFO - Processing file /home/airflow/.local/lib/python3.12/site-packages/airflow/example_dags/example_xcom.py for tasks to queue
[2026-06-14T21:41:34.920+0000] {logging_mixin.py:188} INFO - [2026-06-14T21:41:34.920+0000] {dagbag.py:545} INFO - Filling up the DagBag from /home/airflow/.local/lib/python3.12/site-packages/airflow/example_dags/example_xcom.py
[2026-06-14T21:41:34.936+0000] {processor.py:840} INFO - DAG(s) 'example_xcom' retrieved from /home/airflow/.local/lib/python3.12/site-packages/airflow/example_dags/example_xcom.py
[2026-06-14T21:41:34.961+0000] {logging_mixin.py:188} INFO - [2026-06-14T21:41:34.961+0000] {dag.py:3089} INFO - Sync 1 DAGs
[2026-06-14T21:41:34.990+0000] {logging_mixin.py:188} INFO - [2026-06-14T21:41:34.989+0000] {dag.py:3947} INFO - Setting next_dagrun for example_xcom to 2021-01-01 00:00:00+00:00, run_after=2021-01-01 00:00:00+00:00
[2026-06-14T21:41:35.014+0000] {processor.py:183} INFO - Processing /home/airflow/.local/lib/python3.12/site-packages/airflow/example_dags/example_xcom.py took 0.107 seconds
[2026-06-14T21:42:05.523+0000] {processor.py:161} INFO - Started process (PID=330) to work on /home/airflow/.local/lib/python3.12/site-packages/airflow/example_dags/example_xcom.py
[2026-06-14T21:42:05.525+0000] {processor.py:830} INFO - Processing file /home/airflow/.local/lib/python3.12/site-packages/airflow/example_dags/example_xcom.py for tasks to queue
[2026-06-14T21:42:05.529+0000] {logging_mixin.py:188} INFO - [2026-06-14T21:42:05.528+0000] {dagbag.py:545} INFO - Filling up the DagBag from /home/airflow/.local/lib/python3.12/site-packages/airflow/example_dags/example_xcom.py
[2026-06-14T21:42:05.544+0000] {processor.py:840} INFO - DAG(s) 'example_xcom' retrieved from /home/airflow/.local/lib/python3.12/site-packages/airflow/example_dags/example_xcom.py
[2026-06-14T21:42:05.580+0000] {logging_mixin.py:188} INFO - [2026-06-14T21:42:05.580+0000] {dag.py:3089} INFO - Sync 1 DAGs
[2026-06-14T21:42:05.619+0000] {logging_mixin.py:188} INFO - [2026-06-14T21:42:05.619+0000] {dag.py:3947} INFO - Setting next_dagrun for example_xcom to 2021-01-01 00:00:00+00:00, run_after=2021-01-01 00:00:00+00:00
[2026-06-14T21:42:05.657+0000] {processor.py:183} INFO - Processing /home/airflow/.local/lib/python3.12/site-packages/airflow/example_dags/example_xcom.py took 0.142 seconds
[2026-06-14T21:42:36.303+0000] {processor.py:161} INFO - Started process (PID=389) to work on /home/airflow/.local/lib/python3.12/site-packages/airflow/example_dags/example_xcom.py
[2026-06-14T21:42:36.304+0000] {processor.py:830} INFO - Processing file /home/airflow/.local/lib/python3.12/site-packages/airflow/example_dags/example_xcom.py for tasks to queue
[2026-06-14T21:42:36.308+0000] {logging_mixin.py:188} INFO - [2026-06-14T21:42:36.307+0000] {dagbag.py:545} INFO - Filling up the DagBag from /home/airflow/.local/lib/python3.12/site-packages/airflow/example_dags/example_xcom.py
[2026-06-14T21:42:36.319+0000] {processor.py:840} INFO - DAG(s) 'example_xcom' retrieved from /home/airflow/.local/lib/python3.12/site-packages/airflow/example_dags/example_xcom.py
[2026-06-14T21:42:36.345+0000] {logging_mixin.py:188} INFO - [2026-06-14T21:42:36.344+0000] {dag.py:3089} INFO - Sync 1 DAGs
[2026-06-14T21:42:36.370+0000] {logging_mixin.py:188} INFO - [2026-06-14T21:42:36.370+0000] {dag.py:3947} INFO - Setting next_dagrun for example_xcom to 2021-01-01 00:00:00+00:00, run_after=2021-01-01 00:00:00+00:00
[2026-06-14T21:42:36.395+0000] {processor.py:183} INFO - Processing /home/airflow/.local/lib/python3.12/site-packages/airflow/example_dags/example_xcom.py took 0.104 seconds
[2026-06-14T21:43:06.803+0000] {processor.py:161} INFO - Started process (PID=448) to work on /home/airflow/.local/lib/python3.12/site-packages/airflow/example_dags/example_xcom.py
[2026-06-14T21:43:06.804+0000] {processor.py:830} INFO - Processing file /home/airflow/.local/lib/python3.12/site-packages/airflow/example_dags/example_xcom.py for tasks to queue
[2026-06-14T21:43:06.807+0000] {logging_mixin.py:188} INFO - [2026-06-14T21:43:06.807+0000] {dagbag.py:545} INFO - Filling up the DagBag from /home/airflow/.local/lib/python3.12/site-packages/airflow/example_dags/example_xcom.py
[2026-06-14T21:43:06.822+0000] {processor.py:840} INFO - DAG(s) 'example_xcom' retrieved from /home/airflow/.local/lib/python3.12/site-packages/airflow/example_dags/example_xcom.py
[2026-06-14T21:43:06.862+0000] {logging_mixin.py:188} INFO - [2026-06-14T21:43:06.861+0000] {dag.py:3089} INFO - Sync 1 DAGs
[2026-06-14T21:43:06.896+0000] {logging_mixin.py:188} INFO - [2026-06-14T21:43:06.896+0000] {dag.py:3947} INFO - Setting next_dagrun for example_xcom to 2021-01-01 00:00:00+00:00, run_after=2021-01-01 00:00:00+00:00
[2026-06-14T21:43:06.924+0000] {processor.py:183} INFO - Processing /home/airflow/.local/lib/python3.12/site-packages/airflow/example_dags/example_xcom.py took 0.130 seconds
[2026-06-14T21:43:37.764+0000] {processor.py:161} INFO - Started process (PID=507) to work on /home/airflow/.local/lib/python3.12/site-packages/airflow/example_dags/example_xcom.py
[2026-06-14T21:43:37.766+0000] {processor.py:830} INFO - Processing file /home/airflow/.local/lib/python3.12/site-packages/airflow/example_dags/example_xcom.py for tasks to queue
[2026-06-14T21:43:37.769+0000] {logging_mixin.py:188} INFO - [2026-06-14T21:43:37.769+0000] {dagbag.py:545} INFO - Filling up the DagBag from /home/airflow/.local/lib/python3.12/site-packages/airflow/example_dags/example_xcom.py
[2026-06-14T21:43:37.783+0000] {processor.py:840} INFO - DAG(s) 'example_xcom' retrieved from /home/airflow/.local/lib/python3.12/site-packages/airflow/example_dags/example_xcom.py
[2026-06-14T21:43:37.825+0000] {logging_mixin.py:188} INFO - [2026-06-14T21:43:37.825+0000] {dag.py:3089} INFO - Sync 1 DAGs
[2026-06-14T21:43:37.873+0000] {logging_mixin.py:188} INFO - [2026-06-14T21:43:37.872+0000] {dag.py:3947} INFO - Setting next_dagrun for example_xcom to 2021-01-01 00:00:00+00:00, run_after=2021-01-01 00:00:00+00:00
[2026-06-14T21:43:37.918+0000] {processor.py:183} INFO - Processing /home/airflow/.local/lib/python3.12/site-packages/airflow/example_dags/example_xcom.py took 0.165 seconds
[2026-06-14T21:44:08.496+0000] {processor.py:161} INFO - Started process (PID=566) to work on /home/airflow/.local/lib/python3.12/site-packages/airflow/example_dags/example_xcom.py
[2026-06-14T21:44:08.497+0000] {processor.py:830} INFO - Processing file /home/airflow/.local/lib/python3.12/site-packages/airflow/example_dags/example_xcom.py for tasks to queue
[2026-06-14T21:44:08.499+0000] {logging_mixin.py:188} INFO - [2026-06-14T21:44:08.499+0000] {dagbag.py:545} INFO - Filling up the DagBag from /home/airflow/.local/lib/python3.12/site-packages/airflow/example_dags/example_xcom.py
[2026-06-14T21:44:08.509+0000] {processor.py:840} INFO - DAG(s) 'example_xcom' retrieved from /home/airflow/.local/lib/python3.12/site-packages/airflow/example_dags/example_xcom.py
[2026-06-14T21:44:08.531+0000] {logging_mixin.py:188} INFO - [2026-06-14T21:44:08.531+0000] {dag.py:3089} INFO - Sync 1 DAGs
[2026-06-14T21:44:08.558+0000] {logging_mixin.py:188} INFO - [2026-06-14T21:44:08.558+0000] {dag.py:3947} INFO - Setting next_dagrun for example_xcom to 2021-01-01 00:00:00+00:00, run_after=2021-01-01 00:00:00+00:00
[2026-06-14T21:44:08.584+0000] {processor.py:183} INFO - Processing /home/airflow/.local/lib/python3.12/site-packages/airflow/example_dags/example_xcom.py took 0.094 seconds
[2026-06-14T21:44:39.168+0000] {processor.py:161} INFO - Started process (PID=625) to work on /home/airflow/.local/lib/python3.12/site-packages/airflow/example_dags/example_xcom.py
[2026-06-14T21:44:39.171+0000] {processor.py:830} INFO - Processing file /home/airflow/.local/lib/python3.12/site-packages/airflow/example_dags/example_xcom.py for tasks to queue
[2026-06-14T21:44:39.175+0000] {logging_mixin.py:188} INFO - [2026-06-14T21:44:39.175+0000] {dagbag.py:545} INFO - Filling up the DagBag from /home/airflow/.local/lib/python3.12/site-packages/airflow/example_dags/example_xcom.py
[2026-06-14T21:44:39.189+0000] {processor.py:840} INFO - DAG(s) 'example_xcom' retrieved from /home/airflow/.local/lib/python3.12/site-packages/airflow/example_dags/example_xcom.py
[2026-06-14T21:44:39.227+0000] {logging_mixin.py:188} INFO - [2026-06-14T21:44:39.227+0000] {dag.py:3089} INFO - Sync 1 DAGs
[2026-06-14T21:44:39.263+0000] {logging_mixin.py:188} INFO - [2026-06-14T21:44:39.262+0000] {dag.py:3947} INFO - Setting next_dagrun for example_xcom to 2021-01-01 00:00:00+00:00, run_after=2021-01-01 00:00:00+00:00
[2026-06-14T21:44:39.299+0000] {processor.py:183} INFO - Processing /home/airflow/.local/lib/python3.12/site-packages/airflow/example_dags/example_xcom.py took 0.149 seconds
[2026-06-14T21:45:09.353+0000] {processor.py:161} INFO - Started process (PID=684) to work on /home/airflow/.local/lib/python3.12/site-packages/airflow/example_dags/example_xcom.py
[2026-06-14T21:45:09.355+0000] {processor.py:830} INFO - Processing file /home/airflow/.local/lib/python3.12/site-packages/airflow/example_dags/example_xcom.py for tasks to queue
[2026-06-14T21:45:09.359+0000] {logging_mixin.py:188} INFO - [2026-06-14T21:45:09.358+0000] {dagbag.py:545} INFO - Filling up the DagBag from /home/airflow/.local/lib/python3.12/site-packages/airflow/example_dags/example_xcom.py
[2026-06-14T21:45:09.371+0000] {processor.py:840} INFO - DAG(s) 'example_xcom' retrieved from /home/airflow/.local/lib/python3.12/site-packages/airflow/example_dags/example_xcom.py
[2026-06-14T21:45:09.396+0000] {logging_mixin.py:188} INFO - [2026-06-14T21:45:09.396+0000] {dag.py:3089} INFO - Sync 1 DAGs
[2026-06-14T21:45:09.423+0000] {logging_mixin.py:188} INFO - [2026-06-14T21:45:09.422+0000] {dag.py:3947} INFO - Setting next_dagrun for example_xcom to 2021-01-01 00:00:00+00:00, run_after=2021-01-01 00:00:00+00:00
[2026-06-14T21:45:09.448+0000] {processor.py:183} INFO - Processing /home/airflow/.local/lib/python3.12/site-packages/airflow/example_dags/example_xcom.py took 0.106 seconds
[2026-06-14T21:45:39.972+0000] {processor.py:161} INFO - Started process (PID=743) to work on /home/airflow/.local/lib/python3.12/site-packages/airflow/example_dags/example_xcom.py
[2026-06-14T21:45:39.974+0000] {processor.py:830} INFO - Processing file /home/airflow/.local/lib/python3.12/site-packages/airflow/example_dags/example_xcom.py for tasks to queue
[2026-06-14T21:45:39.980+0000] {logging_mixin.py:188} INFO - [2026-06-14T21:45:39.979+0000] {dagbag.py:545} INFO - Filling up the DagBag from /home/airflow/.local/lib/python3.12/site-packages/airflow/example_dags/example_xcom.py
[2026-06-14T21:45:39.992+0000] {processor.py:840} INFO - DAG(s) 'example_xcom' retrieved from /home/airflow/.local/lib/python3.12/site-packages/airflow/example_dags/example_xcom.py
[2026-06-14T21:45:40.022+0000] {logging_mixin.py:188} INFO - [2026-06-14T21:45:40.021+0000] {dag.py:3089} INFO - Sync 1 DAGs
[2026-06-14T21:45:40.053+0000] {logging_mixin.py:188} INFO - [2026-06-14T21:45:40.052+0000] {dag.py:3947} INFO - Setting next_dagrun for example_xcom to 2021-01-01 00:00:00+00:00, run_after=2021-01-01 00:00:00+00:00
[2026-06-14T21:45:40.082+0000] {processor.py:183} INFO - Processing /home/airflow/.local/lib/python3.12/site-packages/airflow/example_dags/example_xcom.py took 0.118 seconds
[2026-06-14T21:46:10.513+0000] {processor.py:161} INFO - Started process (PID=802) to work on /home/airflow/.local/lib/python3.12/site-packages/airflow/example_dags/example_xcom.py
[2026-06-14T21:46:10.515+0000] {processor.py:830} INFO - Processing file /home/airflow/.local/lib/python3.12/site-packages/airflow/example_dags/example_xcom.py for tasks to queue
[2026-06-14T21:46:10.519+0000] {logging_mixin.py:188} INFO - [2026-06-14T21:46:10.518+0000] {dagbag.py:545} INFO - Filling up the DagBag from /home/airflow/.local/lib/python3.12/site-packages/airflow/example_dags/example_xcom.py
[2026-06-14T21:46:10.536+0000] {processor.py:840} INFO - DAG(s) 'example_xcom' retrieved from /home/airflow/.local/lib/python3.12/site-packages/airflow/example_dags/example_xcom.py
[2026-06-14T21:46:10.581+0000] {logging_mixin.py:188} INFO - [2026-06-14T21:46:10.580+0000] {dag.py:3089} INFO - Sync 1 DAGs
[2026-06-14T21:46:10.629+0000] {logging_mixin.py:188} INFO - [2026-06-14T21:46:10.628+0000] {dag.py:3947} INFO - Setting next_dagrun for example_xcom to 2021-01-01 00:00:00+00:00, run_after=2021-01-01 00:00:00+00:00
[2026-06-14T21:46:10.700+0000] {processor.py:183} INFO - Processing /home/airflow/.local/lib/python3.12/site-packages/airflow/example_dags/example_xcom.py took 0.199 seconds
[2026-06-14T21:46:41.134+0000] {processor.py:161} INFO - Started process (PID=861) to work on /home/airflow/.local/lib/python3.12/site-packages/airflow/example_dags/example_xcom.py
[2026-06-14T21:46:41.138+0000] {processor.py:830} INFO - Processing file /home/airflow/.local/lib/python3.12/site-packages/airflow/example_dags/example_xcom.py for tasks to queue
[2026-06-14T21:46:41.144+0000] {logging_mixin.py:188} INFO - [2026-06-14T21:46:41.142+0000] {dagbag.py:545} INFO - Filling up the DagBag from /home/airflow/.local/lib/python3.12/site-packages/airflow/example_dags/example_xcom.py
[2026-06-14T21:46:41.165+0000] {processor.py:840} INFO - DAG(s) 'example_xcom' retrieved from /home/airflow/.local/lib/python3.12/site-packages/airflow/example_dags/example_xcom.py
[2026-06-14T21:46:41.244+0000] {logging_mixin.py:188} INFO - [2026-06-14T21:46:41.242+0000] {dag.py:3089} INFO - Sync 1 DAGs
[2026-06-14T21:46:41.319+0000] {logging_mixin.py:188} INFO - [2026-06-14T21:46:41.318+0000] {dag.py:3947} INFO - Setting next_dagrun for example_xcom to 2021-01-01 00:00:00+00:00, run_after=2021-01-01 00:00:00+00:00
[2026-06-14T21:46:41.380+0000] {processor.py:183} INFO - Processing /home/airflow/.local/lib/python3.12/site-packages/airflow/example_dags/example_xcom.py took 0.260 seconds
[2026-06-14T21:47:13.639+0000] {processor.py:161} INFO - Started process (PID=920) to work on /home/airflow/.local/lib/python3.12/site-packages/airflow/example_dags/example_xcom.py
[2026-06-14T21:47:13.641+0000] {processor.py:830} INFO - Processing file /home/airflow/.local/lib/python3.12/site-packages/airflow/example_dags/example_xcom.py for tasks to queue
[2026-06-14T21:47:13.648+0000] {logging_mixin.py:188} INFO - [2026-06-14T21:47:13.647+0000] {dagbag.py:545} INFO - Filling up the DagBag from /home/airflow/.local/lib/python3.12/site-packages/airflow/example_dags/example_xcom.py
[2026-06-14T21:47:13.668+0000] {processor.py:840} INFO - DAG(s) 'example_xcom' retrieved from /home/airflow/.local/lib/python3.12/site-packages/airflow/example_dags/example_xcom.py
[2026-06-14T21:47:13.738+0000] {logging_mixin.py:188} INFO - [2026-06-14T21:47:13.738+0000] {dag.py:3089} INFO - Sync 1 DAGs
[2026-06-14T21:47:13.835+0000] {logging_mixin.py:188} INFO - [2026-06-14T21:47:13.834+0000] {dag.py:3947} INFO - Setting next_dagrun for example_xcom to 2021-01-01 00:00:00+00:00, run_after=2021-01-01 00:00:00+00:00
[2026-06-14T21:47:14.006+0000] {processor.py:183} INFO - Processing /home/airflow/.local/lib/python3.12/site-packages/airflow/example_dags/example_xcom.py took 0.387 seconds
[2026-06-14T21:47:44.559+0000] {processor.py:161} INFO - Started process (PID=979) to work on /home/airflow/.local/lib/python3.12/site-packages/airflow/example_dags/example_xcom.py
[2026-06-14T21:47:44.560+0000] {processor.py:830} INFO - Processing file /home/airflow/.local/lib/python3.12/site-packages/airflow/example_dags/example_xcom.py for tasks to queue
[2026-06-14T21:47:44.563+0000] {logging_mixin.py:188} INFO - [2026-06-14T21:47:44.563+0000] {dagbag.py:545} INFO - Filling up the DagBag from /home/airflow/.local/lib/python3.12/site-packages/airflow/example_dags/example_xcom.py
[2026-06-14T21:47:44.575+0000] {processor.py:840} INFO - DAG(s) 'example_xcom' retrieved from /home/airflow/.local/lib/python3.12/site-packages/airflow/example_dags/example_xcom.py
[2026-06-14T21:47:44.608+0000] {logging_mixin.py:188} INFO - [2026-06-14T21:47:44.607+0000] {dag.py:3089} INFO - Sync 1 DAGs
[2026-06-14T21:47:44.641+0000] {logging_mixin.py:188} INFO - [2026-06-14T21:47:44.641+0000] {dag.py:3947} INFO - Setting next_dagrun for example_xcom to 2021-01-01 00:00:00+00:00, run_after=2021-01-01 00:00:00+00:00
[2026-06-14T21:47:44.716+0000] {processor.py:183} INFO - Processing /home/airflow/.local/lib/python3.12/site-packages/airflow/example_dags/example_xcom.py took 0.164 seconds
[2026-06-14T21:48:15.393+0000] {processor.py:161} INFO - Started process (PID=1037) to work on /home/airflow/.local/lib/python3.12/site-packages/airflow/example_dags/example_xcom.py
[2026-06-14T21:48:15.395+0000] {processor.py:830} INFO - Processing file /home/airflow/.local/lib/python3.12/site-packages/airflow/example_dags/example_xcom.py for tasks to queue
[2026-06-14T21:48:15.397+0000] {logging_mixin.py:188} INFO - [2026-06-14T21:48:15.397+0000] {dagbag.py:545} INFO - Filling up the DagBag from /home/airflow/.local/lib/python3.12/site-packages/airflow/example_dags/example_xcom.py
[2026-06-14T21:48:15.405+0000] {processor.py:840} INFO - DAG(s) 'example_xcom' retrieved from /home/airflow/.local/lib/python3.12/site-packages/airflow/example_dags/example_xcom.py
[2026-06-14T21:48:15.434+0000] {logging_mixin.py:188} INFO - [2026-06-14T21:48:15.433+0000] {dag.py:3089} INFO - Sync 1 DAGs
[2026-06-14T21:48:15.465+0000] {logging_mixin.py:188} INFO - [2026-06-14T21:48:15.465+0000] {dag.py:3947} INFO - Setting next_dagrun for example_xcom to 2021-01-01 00:00:00+00:00, run_after=2021-01-01 00:00:00+00:00
[2026-06-14T21:48:15.490+0000] {processor.py:183} INFO - Processing /home/airflow/.local/lib/python3.12/site-packages/airflow/example_dags/example_xcom.py took 0.103 seconds
[2026-06-14T21:48:46.318+0000] {processor.py:161} INFO - Started process (PID=1101) to work on /home/airflow/.local/lib/python3.12/site-packages/airflow/example_dags/example_xcom.py
[2026-06-14T21:48:46.320+0000] {processor.py:830} INFO - Processing file /home/airflow/.local/lib/python3.12/site-packages/airflow/example_dags/example_xcom.py for tasks to queue
[2026-06-14T21:48:46.325+0000] {logging_mixin.py:188} INFO - [2026-06-14T21:48:46.324+0000] {dagbag.py:545} INFO - Filling up the DagBag from /home/airflow/.local/lib/python3.12/site-packages/airflow/example_dags/example_xcom.py
[2026-06-14T21:48:46.339+0000] {processor.py:840} INFO - DAG(s) 'example_xcom' retrieved from /home/airflow/.local/lib/python3.12/site-packages/airflow/example_dags/example_xcom.py
[2026-06-14T21:48:46.378+0000] {logging_mixin.py:188} INFO - [2026-06-14T21:48:46.377+0000] {dag.py:3089} INFO - Sync 1 DAGs
[2026-06-14T21:48:46.414+0000] {logging_mixin.py:188} INFO - [2026-06-14T21:48:46.413+0000] {dag.py:3947} INFO - Setting next_dagrun for example_xcom to 2021-01-01 00:00:00+00:00, run_after=2021-01-01 00:00:00+00:00
[2026-06-14T21:48:46.448+0000] {processor.py:183} INFO - Processing /home/airflow/.local/lib/python3.12/site-packages/airflow/example_dags/example_xcom.py took 0.140 seconds
[2026-06-14T21:49:16.642+0000] {processor.py:161} INFO - Started process (PID=1159) to work on /home/airflow/.local/lib/python3.12/site-packages/airflow/example_dags/example_xcom.py
[2026-06-14T21:49:16.644+0000] {processor.py:830} INFO - Processing file /home/airflow/.local/lib/python3.12/site-packages/airflow/example_dags/example_xcom.py for tasks to queue
[2026-06-14T21:49:16.647+0000] {logging_mixin.py:188} INFO - [2026-06-14T21:49:16.646+0000] {dagbag.py:545} INFO - Filling up the DagBag from /home/airflow/.local/lib/python3.12/site-packages/airflow/example_dags/example_xcom.py
[2026-06-14T21:49:16.659+0000] {processor.py:840} INFO - DAG(s) 'example_xcom' retrieved from /home/airflow/.local/lib/python3.12/site-packages/airflow/example_dags/example_xcom.py
[2026-06-14T21:49:16.690+0000] {logging_mixin.py:188} INFO - [2026-06-14T21:49:16.690+0000] {dag.py:3089} INFO - Sync 1 DAGs
[2026-06-14T21:49:16.727+0000] {logging_mixin.py:188} INFO - [2026-06-14T21:49:16.727+0000] {dag.py:3947} INFO - Setting next_dagrun for example_xcom to 2021-01-01 00:00:00+00:00, run_after=2021-01-01 00:00:00+00:00
[2026-06-14T21:49:16.761+0000] {processor.py:183} INFO - Processing /home/airflow/.local/lib/python3.12/site-packages/airflow/example_dags/example_xcom.py took 0.127 seconds
