[2026-06-14T21:26:30.169+0000] {processor.py:161} INFO - Started process (PID=78) to work on /home/airflow/.local/lib/python3.12/site-packages/airflow/example_dags/example_latest_only.py
[2026-06-14T21:26:30.172+0000] {processor.py:830} INFO - Processing file /home/airflow/.local/lib/python3.12/site-packages/airflow/example_dags/example_latest_only.py for tasks to queue
[2026-06-14T21:26:30.177+0000] {logging_mixin.py:188} INFO - [2026-06-14T21:26:30.177+0000] {dagbag.py:545} INFO - Filling up the DagBag from /home/airflow/.local/lib/python3.12/site-packages/airflow/example_dags/example_latest_only.py
[2026-06-14T21:26:30.197+0000] {processor.py:840} INFO - DAG(s) 'latest_only' retrieved from /home/airflow/.local/lib/python3.12/site-packages/airflow/example_dags/example_latest_only.py
[2026-06-14T21:26:30.417+0000] {logging_mixin.py:188} INFO - [2026-06-14T21:26:30.416+0000] {override.py:1858} INFO - Created Permission View: can delete on DAG:latest_only
[2026-06-14T21:26:30.437+0000] {logging_mixin.py:188} INFO - [2026-06-14T21:26:30.436+0000] {override.py:1858} INFO - Created Permission View: can edit on DAG:latest_only
[2026-06-14T21:26:30.450+0000] {logging_mixin.py:188} INFO - [2026-06-14T21:26:30.450+0000] {override.py:1858} INFO - Created Permission View: can read on DAG:latest_only
[2026-06-14T21:26:30.452+0000] {logging_mixin.py:188} INFO - [2026-06-14T21:26:30.452+0000] {dag.py:3089} INFO - Sync 1 DAGs
[2026-06-14T21:26:30.472+0000] {logging_mixin.py:188} INFO - [2026-06-14T21:26:30.472+0000] {dag.py:3111} INFO - Creating ORM DAG for latest_only
[2026-06-14T21:26:30.492+0000] {logging_mixin.py:188} INFO - [2026-06-14T21:26:30.491+0000] {dag.py:3947} INFO - Setting next_dagrun for latest_only to 2026-06-14 16:00:00+00:00, run_after=2026-06-14 20:00:00+00:00
[2026-06-14T21:26:30.523+0000] {processor.py:183} INFO - Processing /home/airflow/.local/lib/python3.12/site-packages/airflow/example_dags/example_latest_only.py took 0.368 seconds
[2026-06-14T21:27:01.482+0000] {processor.py:161} INFO - Started process (PID=137) to work on /home/airflow/.local/lib/python3.12/site-packages/airflow/example_dags/example_latest_only.py
[2026-06-14T21:27:01.484+0000] {processor.py:830} INFO - Processing file /home/airflow/.local/lib/python3.12/site-packages/airflow/example_dags/example_latest_only.py for tasks to queue
[2026-06-14T21:27:01.489+0000] {logging_mixin.py:188} INFO - [2026-06-14T21:27:01.488+0000] {dagbag.py:545} INFO - Filling up the DagBag from /home/airflow/.local/lib/python3.12/site-packages/airflow/example_dags/example_latest_only.py
[2026-06-14T21:27:01.499+0000] {processor.py:840} INFO - DAG(s) 'latest_only' retrieved from /home/airflow/.local/lib/python3.12/site-packages/airflow/example_dags/example_latest_only.py
[2026-06-14T21:27:01.528+0000] {logging_mixin.py:188} INFO - [2026-06-14T21:27:01.527+0000] {dag.py:3089} INFO - Sync 1 DAGs
[2026-06-14T21:27:01.561+0000] {logging_mixin.py:188} INFO - [2026-06-14T21:27:01.560+0000] {dag.py:3947} INFO - Setting next_dagrun for latest_only to 2026-06-14 16:00:00+00:00, run_after=2026-06-14 20:00:00+00:00
[2026-06-14T21:27:01.585+0000] {processor.py:183} INFO - Processing /home/airflow/.local/lib/python3.12/site-packages/airflow/example_dags/example_latest_only.py took 0.110 seconds
[2026-06-14T21:27:31.745+0000] {processor.py:161} INFO - Started process (PID=195) to work on /home/airflow/.local/lib/python3.12/site-packages/airflow/example_dags/example_latest_only.py
[2026-06-14T21:27:31.746+0000] {processor.py:830} INFO - Processing file /home/airflow/.local/lib/python3.12/site-packages/airflow/example_dags/example_latest_only.py for tasks to queue
[2026-06-14T21:27:31.749+0000] {logging_mixin.py:188} INFO - [2026-06-14T21:27:31.748+0000] {dagbag.py:545} INFO - Filling up the DagBag from /home/airflow/.local/lib/python3.12/site-packages/airflow/example_dags/example_latest_only.py
[2026-06-14T21:27:31.756+0000] {processor.py:840} INFO - DAG(s) 'latest_only' retrieved from /home/airflow/.local/lib/python3.12/site-packages/airflow/example_dags/example_latest_only.py
[2026-06-14T21:27:31.784+0000] {logging_mixin.py:188} INFO - [2026-06-14T21:27:31.783+0000] {dag.py:3089} INFO - Sync 1 DAGs
[2026-06-14T21:27:31.819+0000] {logging_mixin.py:188} INFO - [2026-06-14T21:27:31.819+0000] {dag.py:3947} INFO - Setting next_dagrun for latest_only to 2026-06-14 16:00:00+00:00, run_after=2026-06-14 20:00:00+00:00
[2026-06-14T21:27:31.894+0000] {processor.py:183} INFO - Processing /home/airflow/.local/lib/python3.12/site-packages/airflow/example_dags/example_latest_only.py took 0.159 seconds
[2026-06-14T21:28:01.949+0000] {processor.py:161} INFO - Started process (PID=254) to work on /home/airflow/.local/lib/python3.12/site-packages/airflow/example_dags/example_latest_only.py
[2026-06-14T21:28:01.951+0000] {processor.py:830} INFO - Processing file /home/airflow/.local/lib/python3.12/site-packages/airflow/example_dags/example_latest_only.py for tasks to queue
[2026-06-14T21:28:01.953+0000] {logging_mixin.py:188} INFO - [2026-06-14T21:28:01.953+0000] {dagbag.py:545} INFO - Filling up the DagBag from /home/airflow/.local/lib/python3.12/site-packages/airflow/example_dags/example_latest_only.py
[2026-06-14T21:28:01.958+0000] {processor.py:840} INFO - DAG(s) 'latest_only' retrieved from /home/airflow/.local/lib/python3.12/site-packages/airflow/example_dags/example_latest_only.py
[2026-06-14T21:28:01.993+0000] {logging_mixin.py:188} INFO - [2026-06-14T21:28:01.992+0000] {dag.py:3089} INFO - Sync 1 DAGs
[2026-06-14T21:28:02.026+0000] {logging_mixin.py:188} INFO - [2026-06-14T21:28:02.026+0000] {dag.py:3947} INFO - Setting next_dagrun for latest_only to 2026-06-14 16:00:00+00:00, run_after=2026-06-14 20:00:00+00:00
[2026-06-14T21:28:02.056+0000] {processor.py:183} INFO - Processing /home/airflow/.local/lib/python3.12/site-packages/airflow/example_dags/example_latest_only.py took 0.114 seconds
[2026-06-14T21:28:32.239+0000] {processor.py:161} INFO - Started process (PID=313) to work on /home/airflow/.local/lib/python3.12/site-packages/airflow/example_dags/example_latest_only.py
[2026-06-14T21:28:32.241+0000] {processor.py:830} INFO - Processing file /home/airflow/.local/lib/python3.12/site-packages/airflow/example_dags/example_latest_only.py for tasks to queue
[2026-06-14T21:28:32.245+0000] {logging_mixin.py:188} INFO - [2026-06-14T21:28:32.244+0000] {dagbag.py:545} INFO - Filling up the DagBag from /home/airflow/.local/lib/python3.12/site-packages/airflow/example_dags/example_latest_only.py
[2026-06-14T21:28:32.252+0000] {processor.py:840} INFO - DAG(s) 'latest_only' retrieved from /home/airflow/.local/lib/python3.12/site-packages/airflow/example_dags/example_latest_only.py
[2026-06-14T21:28:32.289+0000] {logging_mixin.py:188} INFO - [2026-06-14T21:28:32.288+0000] {dag.py:3089} INFO - Sync 1 DAGs
[2026-06-14T21:28:32.329+0000] {logging_mixin.py:188} INFO - [2026-06-14T21:28:32.329+0000] {dag.py:3947} INFO - Setting next_dagrun for latest_only to 2026-06-14 16:00:00+00:00, run_after=2026-06-14 20:00:00+00:00
[2026-06-14T21:28:32.404+0000] {processor.py:183} INFO - Processing /home/airflow/.local/lib/python3.12/site-packages/airflow/example_dags/example_latest_only.py took 0.176 seconds
[2026-06-14T21:29:02.727+0000] {processor.py:161} INFO - Started process (PID=372) to work on /home/airflow/.local/lib/python3.12/site-packages/airflow/example_dags/example_latest_only.py
[2026-06-14T21:29:02.728+0000] {processor.py:830} INFO - Processing file /home/airflow/.local/lib/python3.12/site-packages/airflow/example_dags/example_latest_only.py for tasks to queue
[2026-06-14T21:29:02.731+0000] {logging_mixin.py:188} INFO - [2026-06-14T21:29:02.730+0000] {dagbag.py:545} INFO - Filling up the DagBag from /home/airflow/.local/lib/python3.12/site-packages/airflow/example_dags/example_latest_only.py
[2026-06-14T21:29:02.737+0000] {processor.py:840} INFO - DAG(s) 'latest_only' retrieved from /home/airflow/.local/lib/python3.12/site-packages/airflow/example_dags/example_latest_only.py
[2026-06-14T21:29:02.767+0000] {logging_mixin.py:188} INFO - [2026-06-14T21:29:02.767+0000] {dag.py:3089} INFO - Sync 1 DAGs
[2026-06-14T21:29:02.798+0000] {logging_mixin.py:188} INFO - [2026-06-14T21:29:02.798+0000] {dag.py:3947} INFO - Setting next_dagrun for latest_only to 2026-06-14 16:00:00+00:00, run_after=2026-06-14 20:00:00+00:00
[2026-06-14T21:29:02.871+0000] {processor.py:183} INFO - Processing /home/airflow/.local/lib/python3.12/site-packages/airflow/example_dags/example_latest_only.py took 0.154 seconds
[2026-06-14T21:29:33.275+0000] {processor.py:161} INFO - Started process (PID=431) to work on /home/airflow/.local/lib/python3.12/site-packages/airflow/example_dags/example_latest_only.py
[2026-06-14T21:29:33.276+0000] {processor.py:830} INFO - Processing file /home/airflow/.local/lib/python3.12/site-packages/airflow/example_dags/example_latest_only.py for tasks to queue
[2026-06-14T21:29:33.279+0000] {logging_mixin.py:188} INFO - [2026-06-14T21:29:33.279+0000] {dagbag.py:545} INFO - Filling up the DagBag from /home/airflow/.local/lib/python3.12/site-packages/airflow/example_dags/example_latest_only.py
[2026-06-14T21:29:33.285+0000] {processor.py:840} INFO - DAG(s) 'latest_only' retrieved from /home/airflow/.local/lib/python3.12/site-packages/airflow/example_dags/example_latest_only.py
[2026-06-14T21:29:33.311+0000] {logging_mixin.py:188} INFO - [2026-06-14T21:29:33.311+0000] {dag.py:3089} INFO - Sync 1 DAGs
[2026-06-14T21:29:33.346+0000] {logging_mixin.py:188} INFO - [2026-06-14T21:29:33.346+0000] {dag.py:3947} INFO - Setting next_dagrun for latest_only to 2026-06-14 16:00:00+00:00, run_after=2026-06-14 20:00:00+00:00
[2026-06-14T21:29:33.420+0000] {processor.py:183} INFO - Processing /home/airflow/.local/lib/python3.12/site-packages/airflow/example_dags/example_latest_only.py took 0.152 seconds
[2026-06-14T21:30:04.009+0000] {processor.py:161} INFO - Started process (PID=489) to work on /home/airflow/.local/lib/python3.12/site-packages/airflow/example_dags/example_latest_only.py
[2026-06-14T21:30:04.012+0000] {processor.py:830} INFO - Processing file /home/airflow/.local/lib/python3.12/site-packages/airflow/example_dags/example_latest_only.py for tasks to queue
[2026-06-14T21:30:04.015+0000] {logging_mixin.py:188} INFO - [2026-06-14T21:30:04.014+0000] {dagbag.py:545} INFO - Filling up the DagBag from /home/airflow/.local/lib/python3.12/site-packages/airflow/example_dags/example_latest_only.py
[2026-06-14T21:30:04.024+0000] {processor.py:840} INFO - DAG(s) 'latest_only' retrieved from /home/airflow/.local/lib/python3.12/site-packages/airflow/example_dags/example_latest_only.py
[2026-06-14T21:30:04.052+0000] {logging_mixin.py:188} INFO - [2026-06-14T21:30:04.052+0000] {dag.py:3089} INFO - Sync 1 DAGs
[2026-06-14T21:30:04.077+0000] {logging_mixin.py:188} INFO - [2026-06-14T21:30:04.077+0000] {dag.py:3947} INFO - Setting next_dagrun for latest_only to 2026-06-14 16:00:00+00:00, run_after=2026-06-14 20:00:00+00:00
[2026-06-14T21:30:04.105+0000] {processor.py:183} INFO - Processing /home/airflow/.local/lib/python3.12/site-packages/airflow/example_dags/example_latest_only.py took 0.104 seconds
[2026-06-14T21:30:34.667+0000] {processor.py:161} INFO - Started process (PID=547) to work on /home/airflow/.local/lib/python3.12/site-packages/airflow/example_dags/example_latest_only.py
[2026-06-14T21:30:34.669+0000] {processor.py:830} INFO - Processing file /home/airflow/.local/lib/python3.12/site-packages/airflow/example_dags/example_latest_only.py for tasks to queue
[2026-06-14T21:30:34.670+0000] {logging_mixin.py:188} INFO - [2026-06-14T21:30:34.670+0000] {dagbag.py:545} INFO - Filling up the DagBag from /home/airflow/.local/lib/python3.12/site-packages/airflow/example_dags/example_latest_only.py
[2026-06-14T21:30:34.679+0000] {processor.py:840} INFO - DAG(s) 'latest_only' retrieved from /home/airflow/.local/lib/python3.12/site-packages/airflow/example_dags/example_latest_only.py
[2026-06-14T21:30:34.709+0000] {logging_mixin.py:188} INFO - [2026-06-14T21:30:34.708+0000] {dag.py:3089} INFO - Sync 1 DAGs
[2026-06-14T21:30:34.745+0000] {logging_mixin.py:188} INFO - [2026-06-14T21:30:34.744+0000] {dag.py:3947} INFO - Setting next_dagrun for latest_only to 2026-06-14 16:00:00+00:00, run_after=2026-06-14 20:00:00+00:00
[2026-06-14T21:30:34.770+0000] {processor.py:183} INFO - Processing /home/airflow/.local/lib/python3.12/site-packages/airflow/example_dags/example_latest_only.py took 0.111 seconds
[2026-06-14T21:31:05.021+0000] {processor.py:161} INFO - Started process (PID=606) to work on /home/airflow/.local/lib/python3.12/site-packages/airflow/example_dags/example_latest_only.py
[2026-06-14T21:31:05.022+0000] {processor.py:830} INFO - Processing file /home/airflow/.local/lib/python3.12/site-packages/airflow/example_dags/example_latest_only.py for tasks to queue
[2026-06-14T21:31:05.023+0000] {logging_mixin.py:188} INFO - [2026-06-14T21:31:05.023+0000] {dagbag.py:545} INFO - Filling up the DagBag from /home/airflow/.local/lib/python3.12/site-packages/airflow/example_dags/example_latest_only.py
[2026-06-14T21:31:05.033+0000] {processor.py:840} INFO - DAG(s) 'latest_only' retrieved from /home/airflow/.local/lib/python3.12/site-packages/airflow/example_dags/example_latest_only.py
[2026-06-14T21:31:05.058+0000] {logging_mixin.py:188} INFO - [2026-06-14T21:31:05.058+0000] {dag.py:3089} INFO - Sync 1 DAGs
[2026-06-14T21:31:05.090+0000] {logging_mixin.py:188} INFO - [2026-06-14T21:31:05.090+0000] {dag.py:3947} INFO - Setting next_dagrun for latest_only to 2026-06-14 16:00:00+00:00, run_after=2026-06-14 20:00:00+00:00
[2026-06-14T21:31:05.163+0000] {processor.py:183} INFO - Processing /home/airflow/.local/lib/python3.12/site-packages/airflow/example_dags/example_latest_only.py took 0.148 seconds
[2026-06-14T21:31:35.624+0000] {processor.py:161} INFO - Started process (PID=664) to work on /home/airflow/.local/lib/python3.12/site-packages/airflow/example_dags/example_latest_only.py
[2026-06-14T21:31:35.625+0000] {processor.py:830} INFO - Processing file /home/airflow/.local/lib/python3.12/site-packages/airflow/example_dags/example_latest_only.py for tasks to queue
[2026-06-14T21:31:35.627+0000] {logging_mixin.py:188} INFO - [2026-06-14T21:31:35.627+0000] {dagbag.py:545} INFO - Filling up the DagBag from /home/airflow/.local/lib/python3.12/site-packages/airflow/example_dags/example_latest_only.py
[2026-06-14T21:31:35.636+0000] {processor.py:840} INFO - DAG(s) 'latest_only' retrieved from /home/airflow/.local/lib/python3.12/site-packages/airflow/example_dags/example_latest_only.py
[2026-06-14T21:31:35.670+0000] {logging_mixin.py:188} INFO - [2026-06-14T21:31:35.669+0000] {dag.py:3089} INFO - Sync 1 DAGs
[2026-06-14T21:31:35.708+0000] {logging_mixin.py:188} INFO - [2026-06-14T21:31:35.707+0000] {dag.py:3947} INFO - Setting next_dagrun for latest_only to 2026-06-14 16:00:00+00:00, run_after=2026-06-14 20:00:00+00:00
[2026-06-14T21:31:35.735+0000] {processor.py:183} INFO - Processing /home/airflow/.local/lib/python3.12/site-packages/airflow/example_dags/example_latest_only.py took 0.122 seconds
[2026-06-14T21:32:05.958+0000] {processor.py:161} INFO - Started process (PID=721) to work on /home/airflow/.local/lib/python3.12/site-packages/airflow/example_dags/example_latest_only.py
[2026-06-14T21:32:05.959+0000] {processor.py:830} INFO - Processing file /home/airflow/.local/lib/python3.12/site-packages/airflow/example_dags/example_latest_only.py for tasks to queue
[2026-06-14T21:32:05.960+0000] {logging_mixin.py:188} INFO - [2026-06-14T21:32:05.960+0000] {dagbag.py:545} INFO - Filling up the DagBag from /home/airflow/.local/lib/python3.12/site-packages/airflow/example_dags/example_latest_only.py
[2026-06-14T21:32:05.970+0000] {processor.py:840} INFO - DAG(s) 'latest_only' retrieved from /home/airflow/.local/lib/python3.12/site-packages/airflow/example_dags/example_latest_only.py
[2026-06-14T21:32:05.995+0000] {logging_mixin.py:188} INFO - [2026-06-14T21:32:05.995+0000] {dag.py:3089} INFO - Sync 1 DAGs
[2026-06-14T21:32:06.025+0000] {logging_mixin.py:188} INFO - [2026-06-14T21:32:06.024+0000] {dag.py:3947} INFO - Setting next_dagrun for latest_only to 2026-06-14 16:00:00+00:00, run_after=2026-06-14 20:00:00+00:00
[2026-06-14T21:32:06.057+0000] {processor.py:183} INFO - Processing /home/airflow/.local/lib/python3.12/site-packages/airflow/example_dags/example_latest_only.py took 0.106 seconds
[2026-06-14T21:39:59.204+0000] {processor.py:161} INFO - Started process (PID=79) to work on /home/airflow/.local/lib/python3.12/site-packages/airflow/example_dags/example_latest_only.py
[2026-06-14T21:39:59.206+0000] {processor.py:830} INFO - Processing file /home/airflow/.local/lib/python3.12/site-packages/airflow/example_dags/example_latest_only.py for tasks to queue
[2026-06-14T21:39:59.211+0000] {logging_mixin.py:188} INFO - [2026-06-14T21:39:59.210+0000] {dagbag.py:545} INFO - Filling up the DagBag from /home/airflow/.local/lib/python3.12/site-packages/airflow/example_dags/example_latest_only.py
[2026-06-14T21:39:59.236+0000] {processor.py:840} INFO - DAG(s) 'latest_only' retrieved from /home/airflow/.local/lib/python3.12/site-packages/airflow/example_dags/example_latest_only.py
[2026-06-14T21:39:59.474+0000] {logging_mixin.py:188} INFO - [2026-06-14T21:39:59.473+0000] {dag.py:3089} INFO - Sync 1 DAGs
[2026-06-14T21:39:59.514+0000] {logging_mixin.py:188} INFO - [2026-06-14T21:39:59.514+0000] {dag.py:3947} INFO - Setting next_dagrun for latest_only to 2026-06-14 16:00:00+00:00, run_after=2026-06-14 20:00:00+00:00
[2026-06-14T21:39:59.551+0000] {processor.py:183} INFO - Processing /home/airflow/.local/lib/python3.12/site-packages/airflow/example_dags/example_latest_only.py took 0.359 seconds
[2026-06-14T21:40:29.780+0000] {processor.py:161} INFO - Started process (PID=137) to work on /home/airflow/.local/lib/python3.12/site-packages/airflow/example_dags/example_latest_only.py
[2026-06-14T21:40:29.781+0000] {processor.py:830} INFO - Processing file /home/airflow/.local/lib/python3.12/site-packages/airflow/example_dags/example_latest_only.py for tasks to queue
[2026-06-14T21:40:29.785+0000] {logging_mixin.py:188} INFO - [2026-06-14T21:40:29.784+0000] {dagbag.py:545} INFO - Filling up the DagBag from /home/airflow/.local/lib/python3.12/site-packages/airflow/example_dags/example_latest_only.py
[2026-06-14T21:40:29.792+0000] {processor.py:840} INFO - DAG(s) 'latest_only' retrieved from /home/airflow/.local/lib/python3.12/site-packages/airflow/example_dags/example_latest_only.py
[2026-06-14T21:40:29.820+0000] {logging_mixin.py:188} INFO - [2026-06-14T21:40:29.820+0000] {dag.py:3089} INFO - Sync 1 DAGs
[2026-06-14T21:40:29.863+0000] {logging_mixin.py:188} INFO - [2026-06-14T21:40:29.862+0000] {dag.py:3947} INFO - Setting next_dagrun for latest_only to 2026-06-14 16:00:00+00:00, run_after=2026-06-14 20:00:00+00:00
[2026-06-14T21:40:29.900+0000] {processor.py:183} INFO - Processing /home/airflow/.local/lib/python3.12/site-packages/airflow/example_dags/example_latest_only.py took 0.132 seconds
[2026-06-14T21:41:00.176+0000] {processor.py:161} INFO - Started process (PID=196) to work on /home/airflow/.local/lib/python3.12/site-packages/airflow/example_dags/example_latest_only.py
[2026-06-14T21:41:00.177+0000] {processor.py:830} INFO - Processing file /home/airflow/.local/lib/python3.12/site-packages/airflow/example_dags/example_latest_only.py for tasks to queue
[2026-06-14T21:41:00.183+0000] {logging_mixin.py:188} INFO - [2026-06-14T21:41:00.182+0000] {dagbag.py:545} INFO - Filling up the DagBag from /home/airflow/.local/lib/python3.12/site-packages/airflow/example_dags/example_latest_only.py
[2026-06-14T21:41:00.191+0000] {processor.py:840} INFO - DAG(s) 'latest_only' retrieved from /home/airflow/.local/lib/python3.12/site-packages/airflow/example_dags/example_latest_only.py
[2026-06-14T21:41:00.221+0000] {logging_mixin.py:188} INFO - [2026-06-14T21:41:00.221+0000] {dag.py:3089} INFO - Sync 1 DAGs
[2026-06-14T21:41:00.258+0000] {logging_mixin.py:188} INFO - [2026-06-14T21:41:00.257+0000] {dag.py:3947} INFO - Setting next_dagrun for latest_only to 2026-06-14 16:00:00+00:00, run_after=2026-06-14 20:00:00+00:00
[2026-06-14T21:41:00.284+0000] {processor.py:183} INFO - Processing /home/airflow/.local/lib/python3.12/site-packages/airflow/example_dags/example_latest_only.py took 0.116 seconds
[2026-06-14T21:41:30.734+0000] {processor.py:161} INFO - Started process (PID=255) to work on /home/airflow/.local/lib/python3.12/site-packages/airflow/example_dags/example_latest_only.py
[2026-06-14T21:41:30.736+0000] {processor.py:830} INFO - Processing file /home/airflow/.local/lib/python3.12/site-packages/airflow/example_dags/example_latest_only.py for tasks to queue
[2026-06-14T21:41:30.739+0000] {logging_mixin.py:188} INFO - [2026-06-14T21:41:30.739+0000] {dagbag.py:545} INFO - Filling up the DagBag from /home/airflow/.local/lib/python3.12/site-packages/airflow/example_dags/example_latest_only.py
[2026-06-14T21:41:30.747+0000] {processor.py:840} INFO - DAG(s) 'latest_only' retrieved from /home/airflow/.local/lib/python3.12/site-packages/airflow/example_dags/example_latest_only.py
[2026-06-14T21:41:30.780+0000] {logging_mixin.py:188} INFO - [2026-06-14T21:41:30.780+0000] {dag.py:3089} INFO - Sync 1 DAGs
[2026-06-14T21:41:30.821+0000] {logging_mixin.py:188} INFO - [2026-06-14T21:41:30.821+0000] {dag.py:3947} INFO - Setting next_dagrun for latest_only to 2026-06-14 16:00:00+00:00, run_after=2026-06-14 20:00:00+00:00
[2026-06-14T21:41:30.855+0000] {processor.py:183} INFO - Processing /home/airflow/.local/lib/python3.12/site-packages/airflow/example_dags/example_latest_only.py took 0.129 seconds
[2026-06-14T21:42:01.061+0000] {processor.py:161} INFO - Started process (PID=314) to work on /home/airflow/.local/lib/python3.12/site-packages/airflow/example_dags/example_latest_only.py
[2026-06-14T21:42:01.063+0000] {processor.py:830} INFO - Processing file /home/airflow/.local/lib/python3.12/site-packages/airflow/example_dags/example_latest_only.py for tasks to queue
[2026-06-14T21:42:01.067+0000] {logging_mixin.py:188} INFO - [2026-06-14T21:42:01.067+0000] {dagbag.py:545} INFO - Filling up the DagBag from /home/airflow/.local/lib/python3.12/site-packages/airflow/example_dags/example_latest_only.py
[2026-06-14T21:42:01.078+0000] {processor.py:840} INFO - DAG(s) 'latest_only' retrieved from /home/airflow/.local/lib/python3.12/site-packages/airflow/example_dags/example_latest_only.py
[2026-06-14T21:42:01.121+0000] {logging_mixin.py:188} INFO - [2026-06-14T21:42:01.120+0000] {dag.py:3089} INFO - Sync 1 DAGs
[2026-06-14T21:42:01.165+0000] {logging_mixin.py:188} INFO - [2026-06-14T21:42:01.164+0000] {dag.py:3947} INFO - Setting next_dagrun for latest_only to 2026-06-14 16:00:00+00:00, run_after=2026-06-14 20:00:00+00:00
[2026-06-14T21:42:01.216+0000] {processor.py:183} INFO - Processing /home/airflow/.local/lib/python3.12/site-packages/airflow/example_dags/example_latest_only.py took 0.168 seconds
[2026-06-14T21:42:31.339+0000] {processor.py:161} INFO - Started process (PID=373) to work on /home/airflow/.local/lib/python3.12/site-packages/airflow/example_dags/example_latest_only.py
[2026-06-14T21:42:31.341+0000] {processor.py:830} INFO - Processing file /home/airflow/.local/lib/python3.12/site-packages/airflow/example_dags/example_latest_only.py for tasks to queue
[2026-06-14T21:42:31.346+0000] {logging_mixin.py:188} INFO - [2026-06-14T21:42:31.346+0000] {dagbag.py:545} INFO - Filling up the DagBag from /home/airflow/.local/lib/python3.12/site-packages/airflow/example_dags/example_latest_only.py
[2026-06-14T21:42:31.369+0000] {processor.py:840} INFO - DAG(s) 'latest_only' retrieved from /home/airflow/.local/lib/python3.12/site-packages/airflow/example_dags/example_latest_only.py
[2026-06-14T21:42:31.449+0000] {logging_mixin.py:188} INFO - [2026-06-14T21:42:31.448+0000] {dag.py:3089} INFO - Sync 1 DAGs
[2026-06-14T21:42:31.511+0000] {logging_mixin.py:188} INFO - [2026-06-14T21:42:31.510+0000] {dag.py:3947} INFO - Setting next_dagrun for latest_only to 2026-06-14 16:00:00+00:00, run_after=2026-06-14 20:00:00+00:00
[2026-06-14T21:42:31.548+0000] {processor.py:183} INFO - Processing /home/airflow/.local/lib/python3.12/site-packages/airflow/example_dags/example_latest_only.py took 0.223 seconds
[2026-06-14T21:43:01.610+0000] {processor.py:161} INFO - Started process (PID=431) to work on /home/airflow/.local/lib/python3.12/site-packages/airflow/example_dags/example_latest_only.py
[2026-06-14T21:43:01.612+0000] {processor.py:830} INFO - Processing file /home/airflow/.local/lib/python3.12/site-packages/airflow/example_dags/example_latest_only.py for tasks to queue
[2026-06-14T21:43:01.615+0000] {logging_mixin.py:188} INFO - [2026-06-14T21:43:01.615+0000] {dagbag.py:545} INFO - Filling up the DagBag from /home/airflow/.local/lib/python3.12/site-packages/airflow/example_dags/example_latest_only.py
[2026-06-14T21:43:01.622+0000] {processor.py:840} INFO - DAG(s) 'latest_only' retrieved from /home/airflow/.local/lib/python3.12/site-packages/airflow/example_dags/example_latest_only.py
[2026-06-14T21:43:01.659+0000] {logging_mixin.py:188} INFO - [2026-06-14T21:43:01.658+0000] {dag.py:3089} INFO - Sync 1 DAGs
[2026-06-14T21:43:01.700+0000] {logging_mixin.py:188} INFO - [2026-06-14T21:43:01.700+0000] {dag.py:3947} INFO - Setting next_dagrun for latest_only to 2026-06-14 16:00:00+00:00, run_after=2026-06-14 20:00:00+00:00
[2026-06-14T21:43:01.732+0000] {processor.py:183} INFO - Processing /home/airflow/.local/lib/python3.12/site-packages/airflow/example_dags/example_latest_only.py took 0.131 seconds
[2026-06-14T21:43:31.931+0000] {processor.py:161} INFO - Started process (PID=490) to work on /home/airflow/.local/lib/python3.12/site-packages/airflow/example_dags/example_latest_only.py
[2026-06-14T21:43:31.933+0000] {processor.py:830} INFO - Processing file /home/airflow/.local/lib/python3.12/site-packages/airflow/example_dags/example_latest_only.py for tasks to queue
[2026-06-14T21:43:31.936+0000] {logging_mixin.py:188} INFO - [2026-06-14T21:43:31.935+0000] {dagbag.py:545} INFO - Filling up the DagBag from /home/airflow/.local/lib/python3.12/site-packages/airflow/example_dags/example_latest_only.py
[2026-06-14T21:43:31.943+0000] {processor.py:840} INFO - DAG(s) 'latest_only' retrieved from /home/airflow/.local/lib/python3.12/site-packages/airflow/example_dags/example_latest_only.py
[2026-06-14T21:43:31.970+0000] {logging_mixin.py:188} INFO - [2026-06-14T21:43:31.970+0000] {dag.py:3089} INFO - Sync 1 DAGs
[2026-06-14T21:43:32.000+0000] {logging_mixin.py:188} INFO - [2026-06-14T21:43:31.999+0000] {dag.py:3947} INFO - Setting next_dagrun for latest_only to 2026-06-14 16:00:00+00:00, run_after=2026-06-14 20:00:00+00:00
[2026-06-14T21:43:32.028+0000] {processor.py:183} INFO - Processing /home/airflow/.local/lib/python3.12/site-packages/airflow/example_dags/example_latest_only.py took 0.105 seconds
[2026-06-14T21:44:02.090+0000] {processor.py:161} INFO - Started process (PID=549) to work on /home/airflow/.local/lib/python3.12/site-packages/airflow/example_dags/example_latest_only.py
[2026-06-14T21:44:02.091+0000] {processor.py:830} INFO - Processing file /home/airflow/.local/lib/python3.12/site-packages/airflow/example_dags/example_latest_only.py for tasks to queue
[2026-06-14T21:44:02.094+0000] {logging_mixin.py:188} INFO - [2026-06-14T21:44:02.094+0000] {dagbag.py:545} INFO - Filling up the DagBag from /home/airflow/.local/lib/python3.12/site-packages/airflow/example_dags/example_latest_only.py
[2026-06-14T21:44:02.100+0000] {processor.py:840} INFO - DAG(s) 'latest_only' retrieved from /home/airflow/.local/lib/python3.12/site-packages/airflow/example_dags/example_latest_only.py
[2026-06-14T21:44:02.132+0000] {logging_mixin.py:188} INFO - [2026-06-14T21:44:02.132+0000] {dag.py:3089} INFO - Sync 1 DAGs
[2026-06-14T21:44:02.157+0000] {logging_mixin.py:188} INFO - [2026-06-14T21:44:02.157+0000] {dag.py:3947} INFO - Setting next_dagrun for latest_only to 2026-06-14 16:00:00+00:00, run_after=2026-06-14 20:00:00+00:00
[2026-06-14T21:44:02.188+0000] {processor.py:183} INFO - Processing /home/airflow/.local/lib/python3.12/site-packages/airflow/example_dags/example_latest_only.py took 0.105 seconds
[2026-06-14T21:44:32.276+0000] {processor.py:161} INFO - Started process (PID=608) to work on /home/airflow/.local/lib/python3.12/site-packages/airflow/example_dags/example_latest_only.py
[2026-06-14T21:44:32.277+0000] {processor.py:830} INFO - Processing file /home/airflow/.local/lib/python3.12/site-packages/airflow/example_dags/example_latest_only.py for tasks to queue
[2026-06-14T21:44:32.280+0000] {logging_mixin.py:188} INFO - [2026-06-14T21:44:32.280+0000] {dagbag.py:545} INFO - Filling up the DagBag from /home/airflow/.local/lib/python3.12/site-packages/airflow/example_dags/example_latest_only.py
[2026-06-14T21:44:32.285+0000] {processor.py:840} INFO - DAG(s) 'latest_only' retrieved from /home/airflow/.local/lib/python3.12/site-packages/airflow/example_dags/example_latest_only.py
[2026-06-14T21:44:32.312+0000] {logging_mixin.py:188} INFO - [2026-06-14T21:44:32.311+0000] {dag.py:3089} INFO - Sync 1 DAGs
[2026-06-14T21:44:32.337+0000] {logging_mixin.py:188} INFO - [2026-06-14T21:44:32.337+0000] {dag.py:3947} INFO - Setting next_dagrun for latest_only to 2026-06-14 16:00:00+00:00, run_after=2026-06-14 20:00:00+00:00
[2026-06-14T21:44:32.358+0000] {processor.py:183} INFO - Processing /home/airflow/.local/lib/python3.12/site-packages/airflow/example_dags/example_latest_only.py took 0.090 seconds
[2026-06-14T21:45:02.869+0000] {processor.py:161} INFO - Started process (PID=667) to work on /home/airflow/.local/lib/python3.12/site-packages/airflow/example_dags/example_latest_only.py
[2026-06-14T21:45:02.871+0000] {processor.py:830} INFO - Processing file /home/airflow/.local/lib/python3.12/site-packages/airflow/example_dags/example_latest_only.py for tasks to queue
[2026-06-14T21:45:02.875+0000] {logging_mixin.py:188} INFO - [2026-06-14T21:45:02.874+0000] {dagbag.py:545} INFO - Filling up the DagBag from /home/airflow/.local/lib/python3.12/site-packages/airflow/example_dags/example_latest_only.py
[2026-06-14T21:45:02.883+0000] {processor.py:840} INFO - DAG(s) 'latest_only' retrieved from /home/airflow/.local/lib/python3.12/site-packages/airflow/example_dags/example_latest_only.py
[2026-06-14T21:45:02.912+0000] {logging_mixin.py:188} INFO - [2026-06-14T21:45:02.911+0000] {dag.py:3089} INFO - Sync 1 DAGs
[2026-06-14T21:45:02.943+0000] {logging_mixin.py:188} INFO - [2026-06-14T21:45:02.943+0000] {dag.py:3947} INFO - Setting next_dagrun for latest_only to 2026-06-14 16:00:00+00:00, run_after=2026-06-14 20:00:00+00:00
[2026-06-14T21:45:02.978+0000] {processor.py:183} INFO - Processing /home/airflow/.local/lib/python3.12/site-packages/airflow/example_dags/example_latest_only.py took 0.119 seconds
[2026-06-14T21:45:33.445+0000] {processor.py:161} INFO - Started process (PID=726) to work on /home/airflow/.local/lib/python3.12/site-packages/airflow/example_dags/example_latest_only.py
[2026-06-14T21:45:33.447+0000] {processor.py:830} INFO - Processing file /home/airflow/.local/lib/python3.12/site-packages/airflow/example_dags/example_latest_only.py for tasks to queue
[2026-06-14T21:45:33.453+0000] {logging_mixin.py:188} INFO - [2026-06-14T21:45:33.452+0000] {dagbag.py:545} INFO - Filling up the DagBag from /home/airflow/.local/lib/python3.12/site-packages/airflow/example_dags/example_latest_only.py
[2026-06-14T21:45:33.466+0000] {processor.py:840} INFO - DAG(s) 'latest_only' retrieved from /home/airflow/.local/lib/python3.12/site-packages/airflow/example_dags/example_latest_only.py
[2026-06-14T21:45:33.515+0000] {logging_mixin.py:188} INFO - [2026-06-14T21:45:33.514+0000] {dag.py:3089} INFO - Sync 1 DAGs
[2026-06-14T21:45:33.569+0000] {logging_mixin.py:188} INFO - [2026-06-14T21:45:33.568+0000] {dag.py:3947} INFO - Setting next_dagrun for latest_only to 2026-06-14 16:00:00+00:00, run_after=2026-06-14 20:00:00+00:00
[2026-06-14T21:45:33.628+0000] {processor.py:183} INFO - Processing /home/airflow/.local/lib/python3.12/site-packages/airflow/example_dags/example_latest_only.py took 0.200 seconds
[2026-06-14T21:46:04.215+0000] {processor.py:161} INFO - Started process (PID=785) to work on /home/airflow/.local/lib/python3.12/site-packages/airflow/example_dags/example_latest_only.py
[2026-06-14T21:46:04.216+0000] {processor.py:830} INFO - Processing file /home/airflow/.local/lib/python3.12/site-packages/airflow/example_dags/example_latest_only.py for tasks to queue
[2026-06-14T21:46:04.219+0000] {logging_mixin.py:188} INFO - [2026-06-14T21:46:04.219+0000] {dagbag.py:545} INFO - Filling up the DagBag from /home/airflow/.local/lib/python3.12/site-packages/airflow/example_dags/example_latest_only.py
[2026-06-14T21:46:04.226+0000] {processor.py:840} INFO - DAG(s) 'latest_only' retrieved from /home/airflow/.local/lib/python3.12/site-packages/airflow/example_dags/example_latest_only.py
[2026-06-14T21:46:04.262+0000] {logging_mixin.py:188} INFO - [2026-06-14T21:46:04.262+0000] {dag.py:3089} INFO - Sync 1 DAGs
[2026-06-14T21:46:04.313+0000] {logging_mixin.py:188} INFO - [2026-06-14T21:46:04.312+0000] {dag.py:3947} INFO - Setting next_dagrun for latest_only to 2026-06-14 16:00:00+00:00, run_after=2026-06-14 20:00:00+00:00
[2026-06-14T21:46:04.346+0000] {processor.py:183} INFO - Processing /home/airflow/.local/lib/python3.12/site-packages/airflow/example_dags/example_latest_only.py took 0.139 seconds
[2026-06-14T21:46:34.797+0000] {processor.py:161} INFO - Started process (PID=844) to work on /home/airflow/.local/lib/python3.12/site-packages/airflow/example_dags/example_latest_only.py
[2026-06-14T21:46:34.800+0000] {processor.py:830} INFO - Processing file /home/airflow/.local/lib/python3.12/site-packages/airflow/example_dags/example_latest_only.py for tasks to queue
[2026-06-14T21:46:34.804+0000] {logging_mixin.py:188} INFO - [2026-06-14T21:46:34.803+0000] {dagbag.py:545} INFO - Filling up the DagBag from /home/airflow/.local/lib/python3.12/site-packages/airflow/example_dags/example_latest_only.py
[2026-06-14T21:46:34.812+0000] {processor.py:840} INFO - DAG(s) 'latest_only' retrieved from /home/airflow/.local/lib/python3.12/site-packages/airflow/example_dags/example_latest_only.py
[2026-06-14T21:46:34.856+0000] {logging_mixin.py:188} INFO - [2026-06-14T21:46:34.855+0000] {dag.py:3089} INFO - Sync 1 DAGs
[2026-06-14T21:46:34.899+0000] {logging_mixin.py:188} INFO - [2026-06-14T21:46:34.898+0000] {dag.py:3947} INFO - Setting next_dagrun for latest_only to 2026-06-14 16:00:00+00:00, run_after=2026-06-14 20:00:00+00:00
[2026-06-14T21:46:34.974+0000] {processor.py:183} INFO - Processing /home/airflow/.local/lib/python3.12/site-packages/airflow/example_dags/example_latest_only.py took 0.185 seconds
[2026-06-14T21:47:05.430+0000] {processor.py:161} INFO - Started process (PID=903) to work on /home/airflow/.local/lib/python3.12/site-packages/airflow/example_dags/example_latest_only.py
[2026-06-14T21:47:05.431+0000] {processor.py:830} INFO - Processing file /home/airflow/.local/lib/python3.12/site-packages/airflow/example_dags/example_latest_only.py for tasks to queue
[2026-06-14T21:47:05.433+0000] {logging_mixin.py:188} INFO - [2026-06-14T21:47:05.433+0000] {dagbag.py:545} INFO - Filling up the DagBag from /home/airflow/.local/lib/python3.12/site-packages/airflow/example_dags/example_latest_only.py
[2026-06-14T21:47:05.438+0000] {processor.py:840} INFO - DAG(s) 'latest_only' retrieved from /home/airflow/.local/lib/python3.12/site-packages/airflow/example_dags/example_latest_only.py
[2026-06-14T21:47:05.464+0000] {logging_mixin.py:188} INFO - [2026-06-14T21:47:05.464+0000] {dag.py:3089} INFO - Sync 1 DAGs
[2026-06-14T21:47:05.491+0000] {logging_mixin.py:188} INFO - [2026-06-14T21:47:05.490+0000] {dag.py:3947} INFO - Setting next_dagrun for latest_only to 2026-06-14 16:00:00+00:00, run_after=2026-06-14 20:00:00+00:00
[2026-06-14T21:47:05.515+0000] {processor.py:183} INFO - Processing /home/airflow/.local/lib/python3.12/site-packages/airflow/example_dags/example_latest_only.py took 0.092 seconds
[2026-06-14T21:47:36.812+0000] {processor.py:161} INFO - Started process (PID=962) to work on /home/airflow/.local/lib/python3.12/site-packages/airflow/example_dags/example_latest_only.py
[2026-06-14T21:47:36.813+0000] {processor.py:830} INFO - Processing file /home/airflow/.local/lib/python3.12/site-packages/airflow/example_dags/example_latest_only.py for tasks to queue
[2026-06-14T21:47:36.816+0000] {logging_mixin.py:188} INFO - [2026-06-14T21:47:36.815+0000] {dagbag.py:545} INFO - Filling up the DagBag from /home/airflow/.local/lib/python3.12/site-packages/airflow/example_dags/example_latest_only.py
[2026-06-14T21:47:36.821+0000] {processor.py:840} INFO - DAG(s) 'latest_only' retrieved from /home/airflow/.local/lib/python3.12/site-packages/airflow/example_dags/example_latest_only.py
[2026-06-14T21:47:36.850+0000] {logging_mixin.py:188} INFO - [2026-06-14T21:47:36.850+0000] {dag.py:3089} INFO - Sync 1 DAGs
[2026-06-14T21:47:36.886+0000] {logging_mixin.py:188} INFO - [2026-06-14T21:47:36.886+0000] {dag.py:3947} INFO - Setting next_dagrun for latest_only to 2026-06-14 16:00:00+00:00, run_after=2026-06-14 20:00:00+00:00
[2026-06-14T21:47:36.955+0000] {processor.py:183} INFO - Processing /home/airflow/.local/lib/python3.12/site-packages/airflow/example_dags/example_latest_only.py took 0.150 seconds
[2026-06-14T21:48:07.466+0000] {processor.py:161} INFO - Started process (PID=1021) to work on /home/airflow/.local/lib/python3.12/site-packages/airflow/example_dags/example_latest_only.py
[2026-06-14T21:48:07.467+0000] {processor.py:830} INFO - Processing file /home/airflow/.local/lib/python3.12/site-packages/airflow/example_dags/example_latest_only.py for tasks to queue
[2026-06-14T21:48:07.470+0000] {logging_mixin.py:188} INFO - [2026-06-14T21:48:07.470+0000] {dagbag.py:545} INFO - Filling up the DagBag from /home/airflow/.local/lib/python3.12/site-packages/airflow/example_dags/example_latest_only.py
[2026-06-14T21:48:07.475+0000] {processor.py:840} INFO - DAG(s) 'latest_only' retrieved from /home/airflow/.local/lib/python3.12/site-packages/airflow/example_dags/example_latest_only.py
[2026-06-14T21:48:07.499+0000] {logging_mixin.py:188} INFO - [2026-06-14T21:48:07.498+0000] {dag.py:3089} INFO - Sync 1 DAGs
[2026-06-14T21:48:07.527+0000] {logging_mixin.py:188} INFO - [2026-06-14T21:48:07.526+0000] {dag.py:3947} INFO - Setting next_dagrun for latest_only to 2026-06-14 16:00:00+00:00, run_after=2026-06-14 20:00:00+00:00
[2026-06-14T21:48:07.593+0000] {processor.py:183} INFO - Processing /home/airflow/.local/lib/python3.12/site-packages/airflow/example_dags/example_latest_only.py took 0.135 seconds
[2026-06-14T21:48:37.937+0000] {processor.py:161} INFO - Started process (PID=1080) to work on /home/airflow/.local/lib/python3.12/site-packages/airflow/example_dags/example_latest_only.py
[2026-06-14T21:48:37.938+0000] {processor.py:830} INFO - Processing file /home/airflow/.local/lib/python3.12/site-packages/airflow/example_dags/example_latest_only.py for tasks to queue
[2026-06-14T21:48:37.941+0000] {logging_mixin.py:188} INFO - [2026-06-14T21:48:37.940+0000] {dagbag.py:545} INFO - Filling up the DagBag from /home/airflow/.local/lib/python3.12/site-packages/airflow/example_dags/example_latest_only.py
[2026-06-14T21:48:37.947+0000] {processor.py:840} INFO - DAG(s) 'latest_only' retrieved from /home/airflow/.local/lib/python3.12/site-packages/airflow/example_dags/example_latest_only.py
[2026-06-14T21:48:37.972+0000] {logging_mixin.py:188} INFO - [2026-06-14T21:48:37.972+0000] {dag.py:3089} INFO - Sync 1 DAGs
[2026-06-14T21:48:37.996+0000] {logging_mixin.py:188} INFO - [2026-06-14T21:48:37.996+0000] {dag.py:3947} INFO - Setting next_dagrun for latest_only to 2026-06-14 16:00:00+00:00, run_after=2026-06-14 20:00:00+00:00
[2026-06-14T21:48:38.020+0000] {processor.py:183} INFO - Processing /home/airflow/.local/lib/python3.12/site-packages/airflow/example_dags/example_latest_only.py took 0.092 seconds
[2026-06-14T21:49:08.432+0000] {processor.py:161} INFO - Started process (PID=1138) to work on /home/airflow/.local/lib/python3.12/site-packages/airflow/example_dags/example_latest_only.py
[2026-06-14T21:49:08.433+0000] {processor.py:830} INFO - Processing file /home/airflow/.local/lib/python3.12/site-packages/airflow/example_dags/example_latest_only.py for tasks to queue
[2026-06-14T21:49:08.437+0000] {logging_mixin.py:188} INFO - [2026-06-14T21:49:08.436+0000] {dagbag.py:545} INFO - Filling up the DagBag from /home/airflow/.local/lib/python3.12/site-packages/airflow/example_dags/example_latest_only.py
[2026-06-14T21:49:08.444+0000] {processor.py:840} INFO - DAG(s) 'latest_only' retrieved from /home/airflow/.local/lib/python3.12/site-packages/airflow/example_dags/example_latest_only.py
[2026-06-14T21:49:08.491+0000] {logging_mixin.py:188} INFO - [2026-06-14T21:49:08.490+0000] {dag.py:3089} INFO - Sync 1 DAGs
[2026-06-14T21:49:08.524+0000] {logging_mixin.py:188} INFO - [2026-06-14T21:49:08.524+0000] {dag.py:3947} INFO - Setting next_dagrun for latest_only to 2026-06-14 16:00:00+00:00, run_after=2026-06-14 20:00:00+00:00
[2026-06-14T21:49:08.561+0000] {processor.py:183} INFO - Processing /home/airflow/.local/lib/python3.12/site-packages/airflow/example_dags/example_latest_only.py took 0.142 seconds
[2026-06-14T21:49:38.720+0000] {processor.py:161} INFO - Started process (PID=1197) to work on /home/airflow/.local/lib/python3.12/site-packages/airflow/example_dags/example_latest_only.py
[2026-06-14T21:49:38.722+0000] {processor.py:830} INFO - Processing file /home/airflow/.local/lib/python3.12/site-packages/airflow/example_dags/example_latest_only.py for tasks to queue
[2026-06-14T21:49:38.727+0000] {logging_mixin.py:188} INFO - [2026-06-14T21:49:38.726+0000] {dagbag.py:545} INFO - Filling up the DagBag from /home/airflow/.local/lib/python3.12/site-packages/airflow/example_dags/example_latest_only.py
[2026-06-14T21:49:38.735+0000] {processor.py:840} INFO - DAG(s) 'latest_only' retrieved from /home/airflow/.local/lib/python3.12/site-packages/airflow/example_dags/example_latest_only.py
[2026-06-14T21:49:38.769+0000] {logging_mixin.py:188} INFO - [2026-06-14T21:49:38.769+0000] {dag.py:3089} INFO - Sync 1 DAGs
[2026-06-14T21:49:38.801+0000] {logging_mixin.py:188} INFO - [2026-06-14T21:49:38.801+0000] {dag.py:3947} INFO - Setting next_dagrun for latest_only to 2026-06-14 16:00:00+00:00, run_after=2026-06-14 20:00:00+00:00
[2026-06-14T21:49:38.835+0000] {processor.py:183} INFO - Processing /home/airflow/.local/lib/python3.12/site-packages/airflow/example_dags/example_latest_only.py took 0.126 seconds
