[2026-06-14T21:26:29.733+0000] {processor.py:161} INFO - Started process (PID=76) to work on /home/airflow/.local/lib/python3.12/site-packages/airflow/example_dags/example_params_ui_tutorial.py
[2026-06-14T21:26:29.735+0000] {processor.py:830} INFO - Processing file /home/airflow/.local/lib/python3.12/site-packages/airflow/example_dags/example_params_ui_tutorial.py for tasks to queue
[2026-06-14T21:26:29.739+0000] {logging_mixin.py:188} INFO - [2026-06-14T21:26:29.738+0000] {dagbag.py:545} INFO - Filling up the DagBag from /home/airflow/.local/lib/python3.12/site-packages/airflow/example_dags/example_params_ui_tutorial.py
[2026-06-14T21:26:29.765+0000] {processor.py:840} INFO - DAG(s) 'example_params_ui_tutorial' retrieved from /home/airflow/.local/lib/python3.12/site-packages/airflow/example_dags/example_params_ui_tutorial.py
[2026-06-14T21:26:29.987+0000] {logging_mixin.py:188} INFO - [2026-06-14T21:26:29.987+0000] {override.py:1858} INFO - Created Permission View: can delete on DAG:example_params_ui_tutorial
[2026-06-14T21:26:30.008+0000] {logging_mixin.py:188} INFO - [2026-06-14T21:26:30.008+0000] {override.py:1858} INFO - Created Permission View: can edit on DAG:example_params_ui_tutorial
[2026-06-14T21:26:30.017+0000] {logging_mixin.py:188} INFO - [2026-06-14T21:26:30.017+0000] {override.py:1858} INFO - Created Permission View: can read on DAG:example_params_ui_tutorial
[2026-06-14T21:26:30.018+0000] {logging_mixin.py:188} INFO - [2026-06-14T21:26:30.018+0000] {dag.py:3089} INFO - Sync 1 DAGs
[2026-06-14T21:26:30.036+0000] {logging_mixin.py:188} INFO - [2026-06-14T21:26:30.036+0000] {dag.py:3111} INFO - Creating ORM DAG for example_params_ui_tutorial
[2026-06-14T21:26:30.038+0000] {logging_mixin.py:188} INFO - [2026-06-14T21:26:30.037+0000] {dag.py:3947} INFO - Setting next_dagrun for example_params_ui_tutorial to None, run_after=None
[2026-06-14T21:26:30.081+0000] {processor.py:183} INFO - Processing /home/airflow/.local/lib/python3.12/site-packages/airflow/example_dags/example_params_ui_tutorial.py took 0.360 seconds
[2026-06-14T21:27:00.256+0000] {processor.py:161} INFO - Started process (PID=135) to work on /home/airflow/.local/lib/python3.12/site-packages/airflow/example_dags/example_params_ui_tutorial.py
[2026-06-14T21:27:00.259+0000] {processor.py:830} INFO - Processing file /home/airflow/.local/lib/python3.12/site-packages/airflow/example_dags/example_params_ui_tutorial.py for tasks to queue
[2026-06-14T21:27:00.264+0000] {logging_mixin.py:188} INFO - [2026-06-14T21:27:00.263+0000] {dagbag.py:545} INFO - Filling up the DagBag from /home/airflow/.local/lib/python3.12/site-packages/airflow/example_dags/example_params_ui_tutorial.py
[2026-06-14T21:27:00.282+0000] {processor.py:840} INFO - DAG(s) 'example_params_ui_tutorial' retrieved from /home/airflow/.local/lib/python3.12/site-packages/airflow/example_dags/example_params_ui_tutorial.py
[2026-06-14T21:27:00.388+0000] {logging_mixin.py:188} INFO - [2026-06-14T21:27:00.388+0000] {dag.py:3089} INFO - Sync 1 DAGs
[2026-06-14T21:27:00.414+0000] {logging_mixin.py:188} INFO - [2026-06-14T21:27:00.413+0000] {dag.py:3947} INFO - Setting next_dagrun for example_params_ui_tutorial to None, run_after=None
[2026-06-14T21:27:00.447+0000] {processor.py:183} INFO - Processing /home/airflow/.local/lib/python3.12/site-packages/airflow/example_dags/example_params_ui_tutorial.py took 0.205 seconds
[2026-06-14T21:27:30.741+0000] {processor.py:161} INFO - Started process (PID=194) to work on /home/airflow/.local/lib/python3.12/site-packages/airflow/example_dags/example_params_ui_tutorial.py
[2026-06-14T21:27:30.746+0000] {processor.py:830} INFO - Processing file /home/airflow/.local/lib/python3.12/site-packages/airflow/example_dags/example_params_ui_tutorial.py for tasks to queue
[2026-06-14T21:27:30.750+0000] {logging_mixin.py:188} INFO - [2026-06-14T21:27:30.749+0000] {dagbag.py:545} INFO - Filling up the DagBag from /home/airflow/.local/lib/python3.12/site-packages/airflow/example_dags/example_params_ui_tutorial.py
[2026-06-14T21:27:30.763+0000] {processor.py:840} INFO - DAG(s) 'example_params_ui_tutorial' retrieved from /home/airflow/.local/lib/python3.12/site-packages/airflow/example_dags/example_params_ui_tutorial.py
[2026-06-14T21:27:30.865+0000] {logging_mixin.py:188} INFO - [2026-06-14T21:27:30.864+0000] {dag.py:3089} INFO - Sync 1 DAGs
[2026-06-14T21:27:30.887+0000] {logging_mixin.py:188} INFO - [2026-06-14T21:27:30.886+0000] {dag.py:3947} INFO - Setting next_dagrun for example_params_ui_tutorial to None, run_after=None
[2026-06-14T21:27:30.917+0000] {processor.py:183} INFO - Processing /home/airflow/.local/lib/python3.12/site-packages/airflow/example_dags/example_params_ui_tutorial.py took 0.186 seconds
[2026-06-14T21:28:01.941+0000] {processor.py:161} INFO - Started process (PID=253) to work on /home/airflow/.local/lib/python3.12/site-packages/airflow/example_dags/example_params_ui_tutorial.py
[2026-06-14T21:28:01.943+0000] {processor.py:830} INFO - Processing file /home/airflow/.local/lib/python3.12/site-packages/airflow/example_dags/example_params_ui_tutorial.py for tasks to queue
[2026-06-14T21:28:01.946+0000] {logging_mixin.py:188} INFO - [2026-06-14T21:28:01.945+0000] {dagbag.py:545} INFO - Filling up the DagBag from /home/airflow/.local/lib/python3.12/site-packages/airflow/example_dags/example_params_ui_tutorial.py
[2026-06-14T21:28:01.961+0000] {processor.py:840} INFO - DAG(s) 'example_params_ui_tutorial' retrieved from /home/airflow/.local/lib/python3.12/site-packages/airflow/example_dags/example_params_ui_tutorial.py
[2026-06-14T21:28:02.028+0000] {logging_mixin.py:188} INFO - [2026-06-14T21:28:02.028+0000] {dag.py:3089} INFO - Sync 1 DAGs
[2026-06-14T21:28:02.045+0000] {logging_mixin.py:188} INFO - [2026-06-14T21:28:02.044+0000] {dag.py:3947} INFO - Setting next_dagrun for example_params_ui_tutorial to None, run_after=None
[2026-06-14T21:28:02.072+0000] {processor.py:183} INFO - Processing /home/airflow/.local/lib/python3.12/site-packages/airflow/example_dags/example_params_ui_tutorial.py took 0.141 seconds
[2026-06-14T21:28:32.233+0000] {processor.py:161} INFO - Started process (PID=312) to work on /home/airflow/.local/lib/python3.12/site-packages/airflow/example_dags/example_params_ui_tutorial.py
[2026-06-14T21:28:32.234+0000] {processor.py:830} INFO - Processing file /home/airflow/.local/lib/python3.12/site-packages/airflow/example_dags/example_params_ui_tutorial.py for tasks to queue
[2026-06-14T21:28:32.237+0000] {logging_mixin.py:188} INFO - [2026-06-14T21:28:32.237+0000] {dagbag.py:545} INFO - Filling up the DagBag from /home/airflow/.local/lib/python3.12/site-packages/airflow/example_dags/example_params_ui_tutorial.py
[2026-06-14T21:28:32.251+0000] {processor.py:840} INFO - DAG(s) 'example_params_ui_tutorial' retrieved from /home/airflow/.local/lib/python3.12/site-packages/airflow/example_dags/example_params_ui_tutorial.py
[2026-06-14T21:28:32.353+0000] {logging_mixin.py:188} INFO - [2026-06-14T21:28:32.353+0000] {dag.py:3089} INFO - Sync 1 DAGs
[2026-06-14T21:28:32.380+0000] {logging_mixin.py:188} INFO - [2026-06-14T21:28:32.379+0000] {dag.py:3947} INFO - Setting next_dagrun for example_params_ui_tutorial to None, run_after=None
[2026-06-14T21:28:32.410+0000] {processor.py:183} INFO - Processing /home/airflow/.local/lib/python3.12/site-packages/airflow/example_dags/example_params_ui_tutorial.py took 0.187 seconds
[2026-06-14T21:29:02.731+0000] {processor.py:161} INFO - Started process (PID=371) to work on /home/airflow/.local/lib/python3.12/site-packages/airflow/example_dags/example_params_ui_tutorial.py
[2026-06-14T21:29:02.732+0000] {processor.py:830} INFO - Processing file /home/airflow/.local/lib/python3.12/site-packages/airflow/example_dags/example_params_ui_tutorial.py for tasks to queue
[2026-06-14T21:29:02.734+0000] {logging_mixin.py:188} INFO - [2026-06-14T21:29:02.734+0000] {dagbag.py:545} INFO - Filling up the DagBag from /home/airflow/.local/lib/python3.12/site-packages/airflow/example_dags/example_params_ui_tutorial.py
[2026-06-14T21:29:02.745+0000] {processor.py:840} INFO - DAG(s) 'example_params_ui_tutorial' retrieved from /home/airflow/.local/lib/python3.12/site-packages/airflow/example_dags/example_params_ui_tutorial.py
[2026-06-14T21:29:02.806+0000] {logging_mixin.py:188} INFO - [2026-06-14T21:29:02.806+0000] {dag.py:3089} INFO - Sync 1 DAGs
[2026-06-14T21:29:02.822+0000] {logging_mixin.py:188} INFO - [2026-06-14T21:29:02.822+0000] {dag.py:3947} INFO - Setting next_dagrun for example_params_ui_tutorial to None, run_after=None
[2026-06-14T21:29:02.870+0000] {processor.py:183} INFO - Processing /home/airflow/.local/lib/python3.12/site-packages/airflow/example_dags/example_params_ui_tutorial.py took 0.147 seconds
[2026-06-14T21:29:33.274+0000] {processor.py:161} INFO - Started process (PID=430) to work on /home/airflow/.local/lib/python3.12/site-packages/airflow/example_dags/example_params_ui_tutorial.py
[2026-06-14T21:29:33.276+0000] {processor.py:830} INFO - Processing file /home/airflow/.local/lib/python3.12/site-packages/airflow/example_dags/example_params_ui_tutorial.py for tasks to queue
[2026-06-14T21:29:33.279+0000] {logging_mixin.py:188} INFO - [2026-06-14T21:29:33.279+0000] {dagbag.py:545} INFO - Filling up the DagBag from /home/airflow/.local/lib/python3.12/site-packages/airflow/example_dags/example_params_ui_tutorial.py
[2026-06-14T21:29:33.288+0000] {processor.py:840} INFO - DAG(s) 'example_params_ui_tutorial' retrieved from /home/airflow/.local/lib/python3.12/site-packages/airflow/example_dags/example_params_ui_tutorial.py
[2026-06-14T21:29:33.356+0000] {logging_mixin.py:188} INFO - [2026-06-14T21:29:33.356+0000] {dag.py:3089} INFO - Sync 1 DAGs
[2026-06-14T21:29:33.372+0000] {logging_mixin.py:188} INFO - [2026-06-14T21:29:33.371+0000] {dag.py:3947} INFO - Setting next_dagrun for example_params_ui_tutorial to None, run_after=None
[2026-06-14T21:29:33.421+0000] {processor.py:183} INFO - Processing /home/airflow/.local/lib/python3.12/site-packages/airflow/example_dags/example_params_ui_tutorial.py took 0.153 seconds
[2026-06-14T21:30:04.009+0000] {processor.py:161} INFO - Started process (PID=488) to work on /home/airflow/.local/lib/python3.12/site-packages/airflow/example_dags/example_params_ui_tutorial.py
[2026-06-14T21:30:04.011+0000] {processor.py:830} INFO - Processing file /home/airflow/.local/lib/python3.12/site-packages/airflow/example_dags/example_params_ui_tutorial.py for tasks to queue
[2026-06-14T21:30:04.015+0000] {logging_mixin.py:188} INFO - [2026-06-14T21:30:04.014+0000] {dagbag.py:545} INFO - Filling up the DagBag from /home/airflow/.local/lib/python3.12/site-packages/airflow/example_dags/example_params_ui_tutorial.py
[2026-06-14T21:30:04.027+0000] {processor.py:840} INFO - DAG(s) 'example_params_ui_tutorial' retrieved from /home/airflow/.local/lib/python3.12/site-packages/airflow/example_dags/example_params_ui_tutorial.py
[2026-06-14T21:30:04.095+0000] {logging_mixin.py:188} INFO - [2026-06-14T21:30:04.095+0000] {dag.py:3089} INFO - Sync 1 DAGs
[2026-06-14T21:30:04.111+0000] {logging_mixin.py:188} INFO - [2026-06-14T21:30:04.110+0000] {dag.py:3947} INFO - Setting next_dagrun for example_params_ui_tutorial to None, run_after=None
[2026-06-14T21:30:04.148+0000] {processor.py:183} INFO - Processing /home/airflow/.local/lib/python3.12/site-packages/airflow/example_dags/example_params_ui_tutorial.py took 0.148 seconds
[2026-06-14T21:30:34.667+0000] {processor.py:161} INFO - Started process (PID=546) to work on /home/airflow/.local/lib/python3.12/site-packages/airflow/example_dags/example_params_ui_tutorial.py
[2026-06-14T21:30:34.669+0000] {processor.py:830} INFO - Processing file /home/airflow/.local/lib/python3.12/site-packages/airflow/example_dags/example_params_ui_tutorial.py for tasks to queue
[2026-06-14T21:30:34.670+0000] {logging_mixin.py:188} INFO - [2026-06-14T21:30:34.670+0000] {dagbag.py:545} INFO - Filling up the DagBag from /home/airflow/.local/lib/python3.12/site-packages/airflow/example_dags/example_params_ui_tutorial.py
[2026-06-14T21:30:34.681+0000] {processor.py:840} INFO - DAG(s) 'example_params_ui_tutorial' retrieved from /home/airflow/.local/lib/python3.12/site-packages/airflow/example_dags/example_params_ui_tutorial.py
[2026-06-14T21:30:34.754+0000] {logging_mixin.py:188} INFO - [2026-06-14T21:30:34.754+0000] {dag.py:3089} INFO - Sync 1 DAGs
[2026-06-14T21:30:34.777+0000] {logging_mixin.py:188} INFO - [2026-06-14T21:30:34.777+0000] {dag.py:3947} INFO - Setting next_dagrun for example_params_ui_tutorial to None, run_after=None
[2026-06-14T21:30:34.815+0000] {processor.py:183} INFO - Processing /home/airflow/.local/lib/python3.12/site-packages/airflow/example_dags/example_params_ui_tutorial.py took 0.156 seconds
[2026-06-14T21:31:05.018+0000] {processor.py:161} INFO - Started process (PID=605) to work on /home/airflow/.local/lib/python3.12/site-packages/airflow/example_dags/example_params_ui_tutorial.py
[2026-06-14T21:31:05.019+0000] {processor.py:830} INFO - Processing file /home/airflow/.local/lib/python3.12/site-packages/airflow/example_dags/example_params_ui_tutorial.py for tasks to queue
[2026-06-14T21:31:05.023+0000] {logging_mixin.py:188} INFO - [2026-06-14T21:31:05.022+0000] {dagbag.py:545} INFO - Filling up the DagBag from /home/airflow/.local/lib/python3.12/site-packages/airflow/example_dags/example_params_ui_tutorial.py
[2026-06-14T21:31:05.033+0000] {processor.py:840} INFO - DAG(s) 'example_params_ui_tutorial' retrieved from /home/airflow/.local/lib/python3.12/site-packages/airflow/example_dags/example_params_ui_tutorial.py
[2026-06-14T21:31:05.096+0000] {logging_mixin.py:188} INFO - [2026-06-14T21:31:05.096+0000] {dag.py:3089} INFO - Sync 1 DAGs
[2026-06-14T21:31:05.119+0000] {logging_mixin.py:188} INFO - [2026-06-14T21:31:05.119+0000] {dag.py:3947} INFO - Setting next_dagrun for example_params_ui_tutorial to None, run_after=None
[2026-06-14T21:31:05.163+0000] {processor.py:183} INFO - Processing /home/airflow/.local/lib/python3.12/site-packages/airflow/example_dags/example_params_ui_tutorial.py took 0.155 seconds
[2026-06-14T21:31:35.624+0000] {processor.py:161} INFO - Started process (PID=663) to work on /home/airflow/.local/lib/python3.12/site-packages/airflow/example_dags/example_params_ui_tutorial.py
[2026-06-14T21:31:35.625+0000] {processor.py:830} INFO - Processing file /home/airflow/.local/lib/python3.12/site-packages/airflow/example_dags/example_params_ui_tutorial.py for tasks to queue
[2026-06-14T21:31:35.627+0000] {logging_mixin.py:188} INFO - [2026-06-14T21:31:35.627+0000] {dagbag.py:545} INFO - Filling up the DagBag from /home/airflow/.local/lib/python3.12/site-packages/airflow/example_dags/example_params_ui_tutorial.py
[2026-06-14T21:31:35.639+0000] {processor.py:840} INFO - DAG(s) 'example_params_ui_tutorial' retrieved from /home/airflow/.local/lib/python3.12/site-packages/airflow/example_dags/example_params_ui_tutorial.py
[2026-06-14T21:31:35.724+0000] {logging_mixin.py:188} INFO - [2026-06-14T21:31:35.724+0000] {dag.py:3089} INFO - Sync 1 DAGs
[2026-06-14T21:31:35.748+0000] {logging_mixin.py:188} INFO - [2026-06-14T21:31:35.748+0000] {dag.py:3947} INFO - Setting next_dagrun for example_params_ui_tutorial to None, run_after=None
[2026-06-14T21:31:35.775+0000] {processor.py:183} INFO - Processing /home/airflow/.local/lib/python3.12/site-packages/airflow/example_dags/example_params_ui_tutorial.py took 0.164 seconds
[2026-06-14T21:32:05.958+0000] {processor.py:161} INFO - Started process (PID=720) to work on /home/airflow/.local/lib/python3.12/site-packages/airflow/example_dags/example_params_ui_tutorial.py
[2026-06-14T21:32:05.959+0000] {processor.py:830} INFO - Processing file /home/airflow/.local/lib/python3.12/site-packages/airflow/example_dags/example_params_ui_tutorial.py for tasks to queue
[2026-06-14T21:32:05.960+0000] {logging_mixin.py:188} INFO - [2026-06-14T21:32:05.960+0000] {dagbag.py:545} INFO - Filling up the DagBag from /home/airflow/.local/lib/python3.12/site-packages/airflow/example_dags/example_params_ui_tutorial.py
[2026-06-14T21:32:05.967+0000] {processor.py:840} INFO - DAG(s) 'example_params_ui_tutorial' retrieved from /home/airflow/.local/lib/python3.12/site-packages/airflow/example_dags/example_params_ui_tutorial.py
[2026-06-14T21:32:06.033+0000] {logging_mixin.py:188} INFO - [2026-06-14T21:32:06.033+0000] {dag.py:3089} INFO - Sync 1 DAGs
[2026-06-14T21:32:06.049+0000] {logging_mixin.py:188} INFO - [2026-06-14T21:32:06.048+0000] {dag.py:3947} INFO - Setting next_dagrun for example_params_ui_tutorial to None, run_after=None
[2026-06-14T21:32:06.075+0000] {processor.py:183} INFO - Processing /home/airflow/.local/lib/python3.12/site-packages/airflow/example_dags/example_params_ui_tutorial.py took 0.126 seconds
[2026-06-14T21:39:58.789+0000] {processor.py:161} INFO - Started process (PID=77) to work on /home/airflow/.local/lib/python3.12/site-packages/airflow/example_dags/example_params_ui_tutorial.py
[2026-06-14T21:39:58.791+0000] {processor.py:830} INFO - Processing file /home/airflow/.local/lib/python3.12/site-packages/airflow/example_dags/example_params_ui_tutorial.py for tasks to queue
[2026-06-14T21:39:58.797+0000] {logging_mixin.py:188} INFO - [2026-06-14T21:39:58.797+0000] {dagbag.py:545} INFO - Filling up the DagBag from /home/airflow/.local/lib/python3.12/site-packages/airflow/example_dags/example_params_ui_tutorial.py
[2026-06-14T21:39:58.822+0000] {processor.py:840} INFO - DAG(s) 'example_params_ui_tutorial' retrieved from /home/airflow/.local/lib/python3.12/site-packages/airflow/example_dags/example_params_ui_tutorial.py
[2026-06-14T21:39:59.071+0000] {logging_mixin.py:188} INFO - [2026-06-14T21:39:59.071+0000] {dag.py:3089} INFO - Sync 1 DAGs
[2026-06-14T21:39:59.097+0000] {logging_mixin.py:188} INFO - [2026-06-14T21:39:59.096+0000] {dag.py:3947} INFO - Setting next_dagrun for example_params_ui_tutorial to None, run_after=None
[2026-06-14T21:39:59.148+0000] {processor.py:183} INFO - Processing /home/airflow/.local/lib/python3.12/site-packages/airflow/example_dags/example_params_ui_tutorial.py took 0.372 seconds
[2026-06-14T21:40:29.756+0000] {processor.py:161} INFO - Started process (PID=136) to work on /home/airflow/.local/lib/python3.12/site-packages/airflow/example_dags/example_params_ui_tutorial.py
[2026-06-14T21:40:29.758+0000] {processor.py:830} INFO - Processing file /home/airflow/.local/lib/python3.12/site-packages/airflow/example_dags/example_params_ui_tutorial.py for tasks to queue
[2026-06-14T21:40:29.762+0000] {logging_mixin.py:188} INFO - [2026-06-14T21:40:29.761+0000] {dagbag.py:545} INFO - Filling up the DagBag from /home/airflow/.local/lib/python3.12/site-packages/airflow/example_dags/example_params_ui_tutorial.py
[2026-06-14T21:40:29.773+0000] {processor.py:840} INFO - DAG(s) 'example_params_ui_tutorial' retrieved from /home/airflow/.local/lib/python3.12/site-packages/airflow/example_dags/example_params_ui_tutorial.py
[2026-06-14T21:40:29.860+0000] {logging_mixin.py:188} INFO - [2026-06-14T21:40:29.859+0000] {dag.py:3089} INFO - Sync 1 DAGs
[2026-06-14T21:40:29.886+0000] {logging_mixin.py:188} INFO - [2026-06-14T21:40:29.886+0000] {dag.py:3947} INFO - Setting next_dagrun for example_params_ui_tutorial to None, run_after=None
[2026-06-14T21:40:29.919+0000] {processor.py:183} INFO - Processing /home/airflow/.local/lib/python3.12/site-packages/airflow/example_dags/example_params_ui_tutorial.py took 0.173 seconds
[2026-06-14T21:41:00.141+0000] {processor.py:161} INFO - Started process (PID=195) to work on /home/airflow/.local/lib/python3.12/site-packages/airflow/example_dags/example_params_ui_tutorial.py
[2026-06-14T21:41:00.145+0000] {processor.py:830} INFO - Processing file /home/airflow/.local/lib/python3.12/site-packages/airflow/example_dags/example_params_ui_tutorial.py for tasks to queue
[2026-06-14T21:41:00.147+0000] {logging_mixin.py:188} INFO - [2026-06-14T21:41:00.147+0000] {dagbag.py:545} INFO - Filling up the DagBag from /home/airflow/.local/lib/python3.12/site-packages/airflow/example_dags/example_params_ui_tutorial.py
[2026-06-14T21:41:00.159+0000] {processor.py:840} INFO - DAG(s) 'example_params_ui_tutorial' retrieved from /home/airflow/.local/lib/python3.12/site-packages/airflow/example_dags/example_params_ui_tutorial.py
[2026-06-14T21:41:00.243+0000] {logging_mixin.py:188} INFO - [2026-06-14T21:41:00.243+0000] {dag.py:3089} INFO - Sync 1 DAGs
[2026-06-14T21:41:00.263+0000] {logging_mixin.py:188} INFO - [2026-06-14T21:41:00.263+0000] {dag.py:3947} INFO - Setting next_dagrun for example_params_ui_tutorial to None, run_after=None
[2026-06-14T21:41:00.291+0000] {processor.py:183} INFO - Processing /home/airflow/.local/lib/python3.12/site-packages/airflow/example_dags/example_params_ui_tutorial.py took 0.157 seconds
[2026-06-14T21:41:30.483+0000] {processor.py:161} INFO - Started process (PID=254) to work on /home/airflow/.local/lib/python3.12/site-packages/airflow/example_dags/example_params_ui_tutorial.py
[2026-06-14T21:41:30.485+0000] {processor.py:830} INFO - Processing file /home/airflow/.local/lib/python3.12/site-packages/airflow/example_dags/example_params_ui_tutorial.py for tasks to queue
[2026-06-14T21:41:30.489+0000] {logging_mixin.py:188} INFO - [2026-06-14T21:41:30.489+0000] {dagbag.py:545} INFO - Filling up the DagBag from /home/airflow/.local/lib/python3.12/site-packages/airflow/example_dags/example_params_ui_tutorial.py
[2026-06-14T21:41:30.505+0000] {processor.py:840} INFO - DAG(s) 'example_params_ui_tutorial' retrieved from /home/airflow/.local/lib/python3.12/site-packages/airflow/example_dags/example_params_ui_tutorial.py
[2026-06-14T21:41:30.610+0000] {logging_mixin.py:188} INFO - [2026-06-14T21:41:30.610+0000] {dag.py:3089} INFO - Sync 1 DAGs
[2026-06-14T21:41:30.638+0000] {logging_mixin.py:188} INFO - [2026-06-14T21:41:30.637+0000] {dag.py:3947} INFO - Setting next_dagrun for example_params_ui_tutorial to None, run_after=None
[2026-06-14T21:41:30.683+0000] {processor.py:183} INFO - Processing /home/airflow/.local/lib/python3.12/site-packages/airflow/example_dags/example_params_ui_tutorial.py took 0.211 seconds
[2026-06-14T21:42:00.803+0000] {processor.py:161} INFO - Started process (PID=313) to work on /home/airflow/.local/lib/python3.12/site-packages/airflow/example_dags/example_params_ui_tutorial.py
[2026-06-14T21:42:00.805+0000] {processor.py:830} INFO - Processing file /home/airflow/.local/lib/python3.12/site-packages/airflow/example_dags/example_params_ui_tutorial.py for tasks to queue
[2026-06-14T21:42:00.808+0000] {logging_mixin.py:188} INFO - [2026-06-14T21:42:00.808+0000] {dagbag.py:545} INFO - Filling up the DagBag from /home/airflow/.local/lib/python3.12/site-packages/airflow/example_dags/example_params_ui_tutorial.py
[2026-06-14T21:42:00.823+0000] {processor.py:840} INFO - DAG(s) 'example_params_ui_tutorial' retrieved from /home/airflow/.local/lib/python3.12/site-packages/airflow/example_dags/example_params_ui_tutorial.py
[2026-06-14T21:42:00.915+0000] {logging_mixin.py:188} INFO - [2026-06-14T21:42:00.914+0000] {dag.py:3089} INFO - Sync 1 DAGs
[2026-06-14T21:42:00.944+0000] {logging_mixin.py:188} INFO - [2026-06-14T21:42:00.944+0000] {dag.py:3947} INFO - Setting next_dagrun for example_params_ui_tutorial to None, run_after=None
[2026-06-14T21:42:00.980+0000] {processor.py:183} INFO - Processing /home/airflow/.local/lib/python3.12/site-packages/airflow/example_dags/example_params_ui_tutorial.py took 0.187 seconds
[2026-06-14T21:42:31.311+0000] {processor.py:161} INFO - Started process (PID=372) to work on /home/airflow/.local/lib/python3.12/site-packages/airflow/example_dags/example_params_ui_tutorial.py
[2026-06-14T21:42:31.313+0000] {processor.py:830} INFO - Processing file /home/airflow/.local/lib/python3.12/site-packages/airflow/example_dags/example_params_ui_tutorial.py for tasks to queue
[2026-06-14T21:42:31.318+0000] {logging_mixin.py:188} INFO - [2026-06-14T21:42:31.317+0000] {dagbag.py:545} INFO - Filling up the DagBag from /home/airflow/.local/lib/python3.12/site-packages/airflow/example_dags/example_params_ui_tutorial.py
[2026-06-14T21:42:31.352+0000] {processor.py:840} INFO - DAG(s) 'example_params_ui_tutorial' retrieved from /home/airflow/.local/lib/python3.12/site-packages/airflow/example_dags/example_params_ui_tutorial.py
[2026-06-14T21:42:31.528+0000] {logging_mixin.py:188} INFO - [2026-06-14T21:42:31.528+0000] {dag.py:3089} INFO - Sync 1 DAGs
[2026-06-14T21:42:31.564+0000] {logging_mixin.py:188} INFO - [2026-06-14T21:42:31.564+0000] {dag.py:3947} INFO - Setting next_dagrun for example_params_ui_tutorial to None, run_after=None
[2026-06-14T21:42:31.599+0000] {processor.py:183} INFO - Processing /home/airflow/.local/lib/python3.12/site-packages/airflow/example_dags/example_params_ui_tutorial.py took 0.304 seconds
[2026-06-14T21:43:01.800+0000] {processor.py:161} INFO - Started process (PID=432) to work on /home/airflow/.local/lib/python3.12/site-packages/airflow/example_dags/example_params_ui_tutorial.py
[2026-06-14T21:43:01.802+0000] {processor.py:830} INFO - Processing file /home/airflow/.local/lib/python3.12/site-packages/airflow/example_dags/example_params_ui_tutorial.py for tasks to queue
[2026-06-14T21:43:01.806+0000] {logging_mixin.py:188} INFO - [2026-06-14T21:43:01.805+0000] {dagbag.py:545} INFO - Filling up the DagBag from /home/airflow/.local/lib/python3.12/site-packages/airflow/example_dags/example_params_ui_tutorial.py
[2026-06-14T21:43:01.823+0000] {processor.py:840} INFO - DAG(s) 'example_params_ui_tutorial' retrieved from /home/airflow/.local/lib/python3.12/site-packages/airflow/example_dags/example_params_ui_tutorial.py
[2026-06-14T21:43:01.915+0000] {logging_mixin.py:188} INFO - [2026-06-14T21:43:01.915+0000] {dag.py:3089} INFO - Sync 1 DAGs
[2026-06-14T21:43:01.932+0000] {logging_mixin.py:188} INFO - [2026-06-14T21:43:01.932+0000] {dag.py:3947} INFO - Setting next_dagrun for example_params_ui_tutorial to None, run_after=None
[2026-06-14T21:43:01.964+0000] {processor.py:183} INFO - Processing /home/airflow/.local/lib/python3.12/site-packages/airflow/example_dags/example_params_ui_tutorial.py took 0.175 seconds
[2026-06-14T21:43:32.078+0000] {processor.py:161} INFO - Started process (PID=491) to work on /home/airflow/.local/lib/python3.12/site-packages/airflow/example_dags/example_params_ui_tutorial.py
[2026-06-14T21:43:32.080+0000] {processor.py:830} INFO - Processing file /home/airflow/.local/lib/python3.12/site-packages/airflow/example_dags/example_params_ui_tutorial.py for tasks to queue
[2026-06-14T21:43:32.082+0000] {logging_mixin.py:188} INFO - [2026-06-14T21:43:32.082+0000] {dagbag.py:545} INFO - Filling up the DagBag from /home/airflow/.local/lib/python3.12/site-packages/airflow/example_dags/example_params_ui_tutorial.py
[2026-06-14T21:43:32.092+0000] {processor.py:840} INFO - DAG(s) 'example_params_ui_tutorial' retrieved from /home/airflow/.local/lib/python3.12/site-packages/airflow/example_dags/example_params_ui_tutorial.py
[2026-06-14T21:43:32.152+0000] {logging_mixin.py:188} INFO - [2026-06-14T21:43:32.152+0000] {dag.py:3089} INFO - Sync 1 DAGs
[2026-06-14T21:43:32.168+0000] {logging_mixin.py:188} INFO - [2026-06-14T21:43:32.167+0000] {dag.py:3947} INFO - Setting next_dagrun for example_params_ui_tutorial to None, run_after=None
[2026-06-14T21:43:32.195+0000] {processor.py:183} INFO - Processing /home/airflow/.local/lib/python3.12/site-packages/airflow/example_dags/example_params_ui_tutorial.py took 0.125 seconds
[2026-06-14T21:44:03.111+0000] {processor.py:161} INFO - Started process (PID=550) to work on /home/airflow/.local/lib/python3.12/site-packages/airflow/example_dags/example_params_ui_tutorial.py
[2026-06-14T21:44:03.113+0000] {processor.py:830} INFO - Processing file /home/airflow/.local/lib/python3.12/site-packages/airflow/example_dags/example_params_ui_tutorial.py for tasks to queue
[2026-06-14T21:44:03.116+0000] {logging_mixin.py:188} INFO - [2026-06-14T21:44:03.115+0000] {dagbag.py:545} INFO - Filling up the DagBag from /home/airflow/.local/lib/python3.12/site-packages/airflow/example_dags/example_params_ui_tutorial.py
[2026-06-14T21:44:03.129+0000] {processor.py:840} INFO - DAG(s) 'example_params_ui_tutorial' retrieved from /home/airflow/.local/lib/python3.12/site-packages/airflow/example_dags/example_params_ui_tutorial.py
[2026-06-14T21:44:03.226+0000] {logging_mixin.py:188} INFO - [2026-06-14T21:44:03.225+0000] {dag.py:3089} INFO - Sync 1 DAGs
[2026-06-14T21:44:03.246+0000] {logging_mixin.py:188} INFO - [2026-06-14T21:44:03.246+0000] {dag.py:3947} INFO - Setting next_dagrun for example_params_ui_tutorial to None, run_after=None
[2026-06-14T21:44:03.288+0000] {processor.py:183} INFO - Processing /home/airflow/.local/lib/python3.12/site-packages/airflow/example_dags/example_params_ui_tutorial.py took 0.185 seconds
[2026-06-14T21:44:33.406+0000] {processor.py:161} INFO - Started process (PID=609) to work on /home/airflow/.local/lib/python3.12/site-packages/airflow/example_dags/example_params_ui_tutorial.py
[2026-06-14T21:44:33.407+0000] {processor.py:830} INFO - Processing file /home/airflow/.local/lib/python3.12/site-packages/airflow/example_dags/example_params_ui_tutorial.py for tasks to queue
[2026-06-14T21:44:33.409+0000] {logging_mixin.py:188} INFO - [2026-06-14T21:44:33.409+0000] {dagbag.py:545} INFO - Filling up the DagBag from /home/airflow/.local/lib/python3.12/site-packages/airflow/example_dags/example_params_ui_tutorial.py
[2026-06-14T21:44:33.417+0000] {processor.py:840} INFO - DAG(s) 'example_params_ui_tutorial' retrieved from /home/airflow/.local/lib/python3.12/site-packages/airflow/example_dags/example_params_ui_tutorial.py
[2026-06-14T21:44:33.467+0000] {logging_mixin.py:188} INFO - [2026-06-14T21:44:33.466+0000] {dag.py:3089} INFO - Sync 1 DAGs
[2026-06-14T21:44:33.480+0000] {logging_mixin.py:188} INFO - [2026-06-14T21:44:33.480+0000] {dag.py:3947} INFO - Setting next_dagrun for example_params_ui_tutorial to None, run_after=None
[2026-06-14T21:44:33.502+0000] {processor.py:183} INFO - Processing /home/airflow/.local/lib/python3.12/site-packages/airflow/example_dags/example_params_ui_tutorial.py took 0.102 seconds
[2026-06-14T21:45:03.910+0000] {processor.py:161} INFO - Started process (PID=668) to work on /home/airflow/.local/lib/python3.12/site-packages/airflow/example_dags/example_params_ui_tutorial.py
[2026-06-14T21:45:03.911+0000] {processor.py:830} INFO - Processing file /home/airflow/.local/lib/python3.12/site-packages/airflow/example_dags/example_params_ui_tutorial.py for tasks to queue
[2026-06-14T21:45:03.914+0000] {logging_mixin.py:188} INFO - [2026-06-14T21:45:03.913+0000] {dagbag.py:545} INFO - Filling up the DagBag from /home/airflow/.local/lib/python3.12/site-packages/airflow/example_dags/example_params_ui_tutorial.py
[2026-06-14T21:45:03.923+0000] {processor.py:840} INFO - DAG(s) 'example_params_ui_tutorial' retrieved from /home/airflow/.local/lib/python3.12/site-packages/airflow/example_dags/example_params_ui_tutorial.py
[2026-06-14T21:45:03.991+0000] {logging_mixin.py:188} INFO - [2026-06-14T21:45:03.990+0000] {dag.py:3089} INFO - Sync 1 DAGs
[2026-06-14T21:45:04.011+0000] {logging_mixin.py:188} INFO - [2026-06-14T21:45:04.011+0000] {dag.py:3947} INFO - Setting next_dagrun for example_params_ui_tutorial to None, run_after=None
[2026-06-14T21:45:04.037+0000] {processor.py:183} INFO - Processing /home/airflow/.local/lib/python3.12/site-packages/airflow/example_dags/example_params_ui_tutorial.py took 0.135 seconds
[2026-06-14T21:45:34.457+0000] {processor.py:161} INFO - Started process (PID=727) to work on /home/airflow/.local/lib/python3.12/site-packages/airflow/example_dags/example_params_ui_tutorial.py
[2026-06-14T21:45:34.460+0000] {processor.py:830} INFO - Processing file /home/airflow/.local/lib/python3.12/site-packages/airflow/example_dags/example_params_ui_tutorial.py for tasks to queue
[2026-06-14T21:45:34.464+0000] {logging_mixin.py:188} INFO - [2026-06-14T21:45:34.464+0000] {dagbag.py:545} INFO - Filling up the DagBag from /home/airflow/.local/lib/python3.12/site-packages/airflow/example_dags/example_params_ui_tutorial.py
[2026-06-14T21:45:34.481+0000] {processor.py:840} INFO - DAG(s) 'example_params_ui_tutorial' retrieved from /home/airflow/.local/lib/python3.12/site-packages/airflow/example_dags/example_params_ui_tutorial.py
[2026-06-14T21:45:34.581+0000] {logging_mixin.py:188} INFO - [2026-06-14T21:45:34.581+0000] {dag.py:3089} INFO - Sync 1 DAGs
[2026-06-14T21:45:34.609+0000] {logging_mixin.py:188} INFO - [2026-06-14T21:45:34.609+0000] {dag.py:3947} INFO - Setting next_dagrun for example_params_ui_tutorial to None, run_after=None
[2026-06-14T21:45:34.642+0000] {processor.py:183} INFO - Processing /home/airflow/.local/lib/python3.12/site-packages/airflow/example_dags/example_params_ui_tutorial.py took 0.199 seconds
[2026-06-14T21:46:05.240+0000] {processor.py:161} INFO - Started process (PID=786) to work on /home/airflow/.local/lib/python3.12/site-packages/airflow/example_dags/example_params_ui_tutorial.py
[2026-06-14T21:46:05.241+0000] {processor.py:830} INFO - Processing file /home/airflow/.local/lib/python3.12/site-packages/airflow/example_dags/example_params_ui_tutorial.py for tasks to queue
[2026-06-14T21:46:05.245+0000] {logging_mixin.py:188} INFO - [2026-06-14T21:46:05.244+0000] {dagbag.py:545} INFO - Filling up the DagBag from /home/airflow/.local/lib/python3.12/site-packages/airflow/example_dags/example_params_ui_tutorial.py
[2026-06-14T21:46:05.256+0000] {processor.py:840} INFO - DAG(s) 'example_params_ui_tutorial' retrieved from /home/airflow/.local/lib/python3.12/site-packages/airflow/example_dags/example_params_ui_tutorial.py
[2026-06-14T21:46:05.327+0000] {logging_mixin.py:188} INFO - [2026-06-14T21:46:05.327+0000] {dag.py:3089} INFO - Sync 1 DAGs
[2026-06-14T21:46:05.351+0000] {logging_mixin.py:188} INFO - [2026-06-14T21:46:05.351+0000] {dag.py:3947} INFO - Setting next_dagrun for example_params_ui_tutorial to None, run_after=None
[2026-06-14T21:46:05.389+0000] {processor.py:183} INFO - Processing /home/airflow/.local/lib/python3.12/site-packages/airflow/example_dags/example_params_ui_tutorial.py took 0.157 seconds
[2026-06-14T21:46:35.824+0000] {processor.py:161} INFO - Started process (PID=845) to work on /home/airflow/.local/lib/python3.12/site-packages/airflow/example_dags/example_params_ui_tutorial.py
[2026-06-14T21:46:35.827+0000] {processor.py:830} INFO - Processing file /home/airflow/.local/lib/python3.12/site-packages/airflow/example_dags/example_params_ui_tutorial.py for tasks to queue
[2026-06-14T21:46:35.831+0000] {logging_mixin.py:188} INFO - [2026-06-14T21:46:35.830+0000] {dagbag.py:545} INFO - Filling up the DagBag from /home/airflow/.local/lib/python3.12/site-packages/airflow/example_dags/example_params_ui_tutorial.py
[2026-06-14T21:46:35.842+0000] {processor.py:840} INFO - DAG(s) 'example_params_ui_tutorial' retrieved from /home/airflow/.local/lib/python3.12/site-packages/airflow/example_dags/example_params_ui_tutorial.py
[2026-06-14T21:46:35.930+0000] {logging_mixin.py:188} INFO - [2026-06-14T21:46:35.930+0000] {dag.py:3089} INFO - Sync 1 DAGs
[2026-06-14T21:46:35.947+0000] {logging_mixin.py:188} INFO - [2026-06-14T21:46:35.947+0000] {dag.py:3947} INFO - Setting next_dagrun for example_params_ui_tutorial to None, run_after=None
[2026-06-14T21:46:35.973+0000] {processor.py:183} INFO - Processing /home/airflow/.local/lib/python3.12/site-packages/airflow/example_dags/example_params_ui_tutorial.py took 0.162 seconds
[2026-06-14T21:47:06.455+0000] {processor.py:161} INFO - Started process (PID=904) to work on /home/airflow/.local/lib/python3.12/site-packages/airflow/example_dags/example_params_ui_tutorial.py
[2026-06-14T21:47:06.456+0000] {processor.py:830} INFO - Processing file /home/airflow/.local/lib/python3.12/site-packages/airflow/example_dags/example_params_ui_tutorial.py for tasks to queue
[2026-06-14T21:47:06.460+0000] {logging_mixin.py:188} INFO - [2026-06-14T21:47:06.459+0000] {dagbag.py:545} INFO - Filling up the DagBag from /home/airflow/.local/lib/python3.12/site-packages/airflow/example_dags/example_params_ui_tutorial.py
[2026-06-14T21:47:06.471+0000] {processor.py:840} INFO - DAG(s) 'example_params_ui_tutorial' retrieved from /home/airflow/.local/lib/python3.12/site-packages/airflow/example_dags/example_params_ui_tutorial.py
[2026-06-14T21:47:06.541+0000] {logging_mixin.py:188} INFO - [2026-06-14T21:47:06.540+0000] {dag.py:3089} INFO - Sync 1 DAGs
[2026-06-14T21:47:06.563+0000] {logging_mixin.py:188} INFO - [2026-06-14T21:47:06.563+0000] {dag.py:3947} INFO - Setting next_dagrun for example_params_ui_tutorial to None, run_after=None
[2026-06-14T21:47:06.641+0000] {processor.py:183} INFO - Processing /home/airflow/.local/lib/python3.12/site-packages/airflow/example_dags/example_params_ui_tutorial.py took 0.193 seconds
[2026-06-14T21:47:36.980+0000] {processor.py:161} INFO - Started process (PID=963) to work on /home/airflow/.local/lib/python3.12/site-packages/airflow/example_dags/example_params_ui_tutorial.py
[2026-06-14T21:47:36.982+0000] {processor.py:830} INFO - Processing file /home/airflow/.local/lib/python3.12/site-packages/airflow/example_dags/example_params_ui_tutorial.py for tasks to queue
[2026-06-14T21:47:36.984+0000] {logging_mixin.py:188} INFO - [2026-06-14T21:47:36.984+0000] {dagbag.py:545} INFO - Filling up the DagBag from /home/airflow/.local/lib/python3.12/site-packages/airflow/example_dags/example_params_ui_tutorial.py
[2026-06-14T21:47:36.995+0000] {processor.py:840} INFO - DAG(s) 'example_params_ui_tutorial' retrieved from /home/airflow/.local/lib/python3.12/site-packages/airflow/example_dags/example_params_ui_tutorial.py
[2026-06-14T21:47:37.057+0000] {logging_mixin.py:188} INFO - [2026-06-14T21:47:37.056+0000] {dag.py:3089} INFO - Sync 1 DAGs
[2026-06-14T21:47:37.072+0000] {logging_mixin.py:188} INFO - [2026-06-14T21:47:37.072+0000] {dag.py:3947} INFO - Setting next_dagrun for example_params_ui_tutorial to None, run_after=None
[2026-06-14T21:47:37.139+0000] {processor.py:183} INFO - Processing /home/airflow/.local/lib/python3.12/site-packages/airflow/example_dags/example_params_ui_tutorial.py took 0.165 seconds
[2026-06-14T21:48:07.462+0000] {processor.py:161} INFO - Started process (PID=1020) to work on /home/airflow/.local/lib/python3.12/site-packages/airflow/example_dags/example_params_ui_tutorial.py
[2026-06-14T21:48:07.464+0000] {processor.py:830} INFO - Processing file /home/airflow/.local/lib/python3.12/site-packages/airflow/example_dags/example_params_ui_tutorial.py for tasks to queue
[2026-06-14T21:48:07.467+0000] {logging_mixin.py:188} INFO - [2026-06-14T21:48:07.466+0000] {dagbag.py:545} INFO - Filling up the DagBag from /home/airflow/.local/lib/python3.12/site-packages/airflow/example_dags/example_params_ui_tutorial.py
[2026-06-14T21:48:07.474+0000] {processor.py:840} INFO - DAG(s) 'example_params_ui_tutorial' retrieved from /home/airflow/.local/lib/python3.12/site-packages/airflow/example_dags/example_params_ui_tutorial.py
[2026-06-14T21:48:07.533+0000] {logging_mixin.py:188} INFO - [2026-06-14T21:48:07.532+0000] {dag.py:3089} INFO - Sync 1 DAGs
[2026-06-14T21:48:07.555+0000] {logging_mixin.py:188} INFO - [2026-06-14T21:48:07.555+0000] {dag.py:3947} INFO - Setting next_dagrun for example_params_ui_tutorial to None, run_after=None
[2026-06-14T21:48:07.594+0000] {processor.py:183} INFO - Processing /home/airflow/.local/lib/python3.12/site-packages/airflow/example_dags/example_params_ui_tutorial.py took 0.141 seconds
[2026-06-14T21:48:37.936+0000] {processor.py:161} INFO - Started process (PID=1079) to work on /home/airflow/.local/lib/python3.12/site-packages/airflow/example_dags/example_params_ui_tutorial.py
[2026-06-14T21:48:37.937+0000] {processor.py:830} INFO - Processing file /home/airflow/.local/lib/python3.12/site-packages/airflow/example_dags/example_params_ui_tutorial.py for tasks to queue
[2026-06-14T21:48:37.940+0000] {logging_mixin.py:188} INFO - [2026-06-14T21:48:37.939+0000] {dagbag.py:545} INFO - Filling up the DagBag from /home/airflow/.local/lib/python3.12/site-packages/airflow/example_dags/example_params_ui_tutorial.py
[2026-06-14T21:48:37.948+0000] {processor.py:840} INFO - DAG(s) 'example_params_ui_tutorial' retrieved from /home/airflow/.local/lib/python3.12/site-packages/airflow/example_dags/example_params_ui_tutorial.py
[2026-06-14T21:48:38.005+0000] {logging_mixin.py:188} INFO - [2026-06-14T21:48:38.005+0000] {dag.py:3089} INFO - Sync 1 DAGs
[2026-06-14T21:48:38.019+0000] {logging_mixin.py:188} INFO - [2026-06-14T21:48:38.019+0000] {dag.py:3947} INFO - Setting next_dagrun for example_params_ui_tutorial to None, run_after=None
[2026-06-14T21:48:38.042+0000] {processor.py:183} INFO - Processing /home/airflow/.local/lib/python3.12/site-packages/airflow/example_dags/example_params_ui_tutorial.py took 0.114 seconds
[2026-06-14T21:49:08.431+0000] {processor.py:161} INFO - Started process (PID=1137) to work on /home/airflow/.local/lib/python3.12/site-packages/airflow/example_dags/example_params_ui_tutorial.py
[2026-06-14T21:49:08.433+0000] {processor.py:830} INFO - Processing file /home/airflow/.local/lib/python3.12/site-packages/airflow/example_dags/example_params_ui_tutorial.py for tasks to queue
[2026-06-14T21:49:08.436+0000] {logging_mixin.py:188} INFO - [2026-06-14T21:49:08.436+0000] {dagbag.py:545} INFO - Filling up the DagBag from /home/airflow/.local/lib/python3.12/site-packages/airflow/example_dags/example_params_ui_tutorial.py
[2026-06-14T21:49:08.449+0000] {processor.py:840} INFO - DAG(s) 'example_params_ui_tutorial' retrieved from /home/airflow/.local/lib/python3.12/site-packages/airflow/example_dags/example_params_ui_tutorial.py
[2026-06-14T21:49:08.534+0000] {logging_mixin.py:188} INFO - [2026-06-14T21:49:08.534+0000] {dag.py:3089} INFO - Sync 1 DAGs
[2026-06-14T21:49:08.556+0000] {logging_mixin.py:188} INFO - [2026-06-14T21:49:08.556+0000] {dag.py:3947} INFO - Setting next_dagrun for example_params_ui_tutorial to None, run_after=None
[2026-06-14T21:49:08.599+0000] {processor.py:183} INFO - Processing /home/airflow/.local/lib/python3.12/site-packages/airflow/example_dags/example_params_ui_tutorial.py took 0.182 seconds
[2026-06-14T21:49:38.719+0000] {processor.py:161} INFO - Started process (PID=1196) to work on /home/airflow/.local/lib/python3.12/site-packages/airflow/example_dags/example_params_ui_tutorial.py
[2026-06-14T21:49:38.720+0000] {processor.py:830} INFO - Processing file /home/airflow/.local/lib/python3.12/site-packages/airflow/example_dags/example_params_ui_tutorial.py for tasks to queue
[2026-06-14T21:49:38.724+0000] {logging_mixin.py:188} INFO - [2026-06-14T21:49:38.723+0000] {dagbag.py:545} INFO - Filling up the DagBag from /home/airflow/.local/lib/python3.12/site-packages/airflow/example_dags/example_params_ui_tutorial.py
[2026-06-14T21:49:38.737+0000] {processor.py:840} INFO - DAG(s) 'example_params_ui_tutorial' retrieved from /home/airflow/.local/lib/python3.12/site-packages/airflow/example_dags/example_params_ui_tutorial.py
[2026-06-14T21:49:38.808+0000] {logging_mixin.py:188} INFO - [2026-06-14T21:49:38.807+0000] {dag.py:3089} INFO - Sync 1 DAGs
[2026-06-14T21:49:38.833+0000] {logging_mixin.py:188} INFO - [2026-06-14T21:49:38.831+0000] {dag.py:3947} INFO - Setting next_dagrun for example_params_ui_tutorial to None, run_after=None
[2026-06-14T21:49:38.862+0000] {processor.py:183} INFO - Processing /home/airflow/.local/lib/python3.12/site-packages/airflow/example_dags/example_params_ui_tutorial.py took 0.156 seconds
