[2026-06-14T21:26:34.371+0000] {processor.py:161} INFO - Started process (PID=95) to work on /home/airflow/.local/lib/python3.12/site-packages/airflow/example_dags/example_sensors.py
[2026-06-14T21:26:34.373+0000] {processor.py:830} INFO - Processing file /home/airflow/.local/lib/python3.12/site-packages/airflow/example_dags/example_sensors.py for tasks to queue
[2026-06-14T21:26:34.376+0000] {logging_mixin.py:188} INFO - [2026-06-14T21:26:34.376+0000] {dagbag.py:545} INFO - Filling up the DagBag from /home/airflow/.local/lib/python3.12/site-packages/airflow/example_dags/example_sensors.py
[2026-06-14T21:26:34.397+0000] {processor.py:840} INFO - DAG(s) 'example_sensors' retrieved from /home/airflow/.local/lib/python3.12/site-packages/airflow/example_dags/example_sensors.py
[2026-06-14T21:26:34.595+0000] {logging_mixin.py:188} INFO - [2026-06-14T21:26:34.593+0000] {override.py:1858} INFO - Created Permission View: can delete on DAG:example_sensors
[2026-06-14T21:26:34.616+0000] {logging_mixin.py:188} INFO - [2026-06-14T21:26:34.615+0000] {override.py:1858} INFO - Created Permission View: can edit on DAG:example_sensors
[2026-06-14T21:26:34.629+0000] {logging_mixin.py:188} INFO - [2026-06-14T21:26:34.629+0000] {override.py:1858} INFO - Created Permission View: can read on DAG:example_sensors
[2026-06-14T21:26:34.631+0000] {logging_mixin.py:188} INFO - [2026-06-14T21:26:34.630+0000] {dag.py:3089} INFO - Sync 1 DAGs
[2026-06-14T21:26:34.650+0000] {logging_mixin.py:188} INFO - [2026-06-14T21:26:34.650+0000] {dag.py:3111} INFO - Creating ORM DAG for example_sensors
[2026-06-14T21:26:34.652+0000] {logging_mixin.py:188} INFO - [2026-06-14T21:26:34.652+0000] {dag.py:3947} INFO - Setting next_dagrun for example_sensors to None, run_after=None
[2026-06-14T21:26:34.701+0000] {processor.py:183} INFO - Processing /home/airflow/.local/lib/python3.12/site-packages/airflow/example_dags/example_sensors.py took 0.341 seconds
[2026-06-14T21:27:05.240+0000] {processor.py:161} INFO - Started process (PID=154) to work on /home/airflow/.local/lib/python3.12/site-packages/airflow/example_dags/example_sensors.py
[2026-06-14T21:27:05.242+0000] {processor.py:830} INFO - Processing file /home/airflow/.local/lib/python3.12/site-packages/airflow/example_dags/example_sensors.py for tasks to queue
[2026-06-14T21:27:05.247+0000] {logging_mixin.py:188} INFO - [2026-06-14T21:27:05.246+0000] {dagbag.py:545} INFO - Filling up the DagBag from /home/airflow/.local/lib/python3.12/site-packages/airflow/example_dags/example_sensors.py
[2026-06-14T21:27:05.265+0000] {processor.py:840} INFO - DAG(s) 'example_sensors' retrieved from /home/airflow/.local/lib/python3.12/site-packages/airflow/example_dags/example_sensors.py
[2026-06-14T21:27:05.311+0000] {logging_mixin.py:188} INFO - [2026-06-14T21:27:05.310+0000] {dag.py:3089} INFO - Sync 1 DAGs
[2026-06-14T21:27:05.335+0000] {logging_mixin.py:188} INFO - [2026-06-14T21:27:05.335+0000] {dag.py:3947} INFO - Setting next_dagrun for example_sensors to None, run_after=None
[2026-06-14T21:27:05.371+0000] {processor.py:183} INFO - Processing /home/airflow/.local/lib/python3.12/site-packages/airflow/example_dags/example_sensors.py took 0.141 seconds
[2026-06-14T21:27:35.515+0000] {processor.py:161} INFO - Started process (PID=213) to work on /home/airflow/.local/lib/python3.12/site-packages/airflow/example_dags/example_sensors.py
[2026-06-14T21:27:35.518+0000] {processor.py:830} INFO - Processing file /home/airflow/.local/lib/python3.12/site-packages/airflow/example_dags/example_sensors.py for tasks to queue
[2026-06-14T21:27:35.521+0000] {logging_mixin.py:188} INFO - [2026-06-14T21:27:35.521+0000] {dagbag.py:545} INFO - Filling up the DagBag from /home/airflow/.local/lib/python3.12/site-packages/airflow/example_dags/example_sensors.py
[2026-06-14T21:27:35.534+0000] {processor.py:840} INFO - DAG(s) 'example_sensors' retrieved from /home/airflow/.local/lib/python3.12/site-packages/airflow/example_dags/example_sensors.py
[2026-06-14T21:27:35.567+0000] {logging_mixin.py:188} INFO - [2026-06-14T21:27:35.566+0000] {dag.py:3089} INFO - Sync 1 DAGs
[2026-06-14T21:27:35.584+0000] {logging_mixin.py:188} INFO - [2026-06-14T21:27:35.584+0000] {dag.py:3947} INFO - Setting next_dagrun for example_sensors to None, run_after=None
[2026-06-14T21:27:35.608+0000] {processor.py:183} INFO - Processing /home/airflow/.local/lib/python3.12/site-packages/airflow/example_dags/example_sensors.py took 0.100 seconds
[2026-06-14T21:28:06.534+0000] {processor.py:161} INFO - Started process (PID=272) to work on /home/airflow/.local/lib/python3.12/site-packages/airflow/example_dags/example_sensors.py
[2026-06-14T21:28:06.536+0000] {processor.py:830} INFO - Processing file /home/airflow/.local/lib/python3.12/site-packages/airflow/example_dags/example_sensors.py for tasks to queue
[2026-06-14T21:28:06.538+0000] {logging_mixin.py:188} INFO - [2026-06-14T21:28:06.538+0000] {dagbag.py:545} INFO - Filling up the DagBag from /home/airflow/.local/lib/python3.12/site-packages/airflow/example_dags/example_sensors.py
[2026-06-14T21:28:06.552+0000] {processor.py:840} INFO - DAG(s) 'example_sensors' retrieved from /home/airflow/.local/lib/python3.12/site-packages/airflow/example_dags/example_sensors.py
[2026-06-14T21:28:06.587+0000] {logging_mixin.py:188} INFO - [2026-06-14T21:28:06.587+0000] {dag.py:3089} INFO - Sync 1 DAGs
[2026-06-14T21:28:06.602+0000] {logging_mixin.py:188} INFO - [2026-06-14T21:28:06.602+0000] {dag.py:3947} INFO - Setting next_dagrun for example_sensors to None, run_after=None
[2026-06-14T21:28:06.627+0000] {processor.py:183} INFO - Processing /home/airflow/.local/lib/python3.12/site-packages/airflow/example_dags/example_sensors.py took 0.101 seconds
[2026-06-14T21:28:37.012+0000] {processor.py:161} INFO - Started process (PID=331) to work on /home/airflow/.local/lib/python3.12/site-packages/airflow/example_dags/example_sensors.py
[2026-06-14T21:28:37.014+0000] {processor.py:830} INFO - Processing file /home/airflow/.local/lib/python3.12/site-packages/airflow/example_dags/example_sensors.py for tasks to queue
[2026-06-14T21:28:37.018+0000] {logging_mixin.py:188} INFO - [2026-06-14T21:28:37.017+0000] {dagbag.py:545} INFO - Filling up the DagBag from /home/airflow/.local/lib/python3.12/site-packages/airflow/example_dags/example_sensors.py
[2026-06-14T21:28:37.043+0000] {processor.py:840} INFO - DAG(s) 'example_sensors' retrieved from /home/airflow/.local/lib/python3.12/site-packages/airflow/example_dags/example_sensors.py
[2026-06-14T21:28:37.095+0000] {logging_mixin.py:188} INFO - [2026-06-14T21:28:37.095+0000] {dag.py:3089} INFO - Sync 1 DAGs
[2026-06-14T21:28:37.121+0000] {logging_mixin.py:188} INFO - [2026-06-14T21:28:37.120+0000] {dag.py:3947} INFO - Setting next_dagrun for example_sensors to None, run_after=None
[2026-06-14T21:28:37.161+0000] {processor.py:183} INFO - Processing /home/airflow/.local/lib/python3.12/site-packages/airflow/example_dags/example_sensors.py took 0.167 seconds
[2026-06-14T21:29:07.921+0000] {processor.py:161} INFO - Started process (PID=390) to work on /home/airflow/.local/lib/python3.12/site-packages/airflow/example_dags/example_sensors.py
[2026-06-14T21:29:07.923+0000] {processor.py:830} INFO - Processing file /home/airflow/.local/lib/python3.12/site-packages/airflow/example_dags/example_sensors.py for tasks to queue
[2026-06-14T21:29:07.932+0000] {logging_mixin.py:188} INFO - [2026-06-14T21:29:07.931+0000] {dagbag.py:545} INFO - Filling up the DagBag from /home/airflow/.local/lib/python3.12/site-packages/airflow/example_dags/example_sensors.py
[2026-06-14T21:29:07.946+0000] {processor.py:840} INFO - DAG(s) 'example_sensors' retrieved from /home/airflow/.local/lib/python3.12/site-packages/airflow/example_dags/example_sensors.py
[2026-06-14T21:29:07.990+0000] {logging_mixin.py:188} INFO - [2026-06-14T21:29:07.990+0000] {dag.py:3089} INFO - Sync 1 DAGs
[2026-06-14T21:29:08.013+0000] {logging_mixin.py:188} INFO - [2026-06-14T21:29:08.012+0000] {dag.py:3947} INFO - Setting next_dagrun for example_sensors to None, run_after=None
[2026-06-14T21:29:08.051+0000] {processor.py:183} INFO - Processing /home/airflow/.local/lib/python3.12/site-packages/airflow/example_dags/example_sensors.py took 0.141 seconds
[2026-06-14T21:29:38.388+0000] {processor.py:161} INFO - Started process (PID=449) to work on /home/airflow/.local/lib/python3.12/site-packages/airflow/example_dags/example_sensors.py
[2026-06-14T21:29:38.390+0000] {processor.py:830} INFO - Processing file /home/airflow/.local/lib/python3.12/site-packages/airflow/example_dags/example_sensors.py for tasks to queue
[2026-06-14T21:29:38.394+0000] {logging_mixin.py:188} INFO - [2026-06-14T21:29:38.393+0000] {dagbag.py:545} INFO - Filling up the DagBag from /home/airflow/.local/lib/python3.12/site-packages/airflow/example_dags/example_sensors.py
[2026-06-14T21:29:38.410+0000] {processor.py:840} INFO - DAG(s) 'example_sensors' retrieved from /home/airflow/.local/lib/python3.12/site-packages/airflow/example_dags/example_sensors.py
[2026-06-14T21:29:38.447+0000] {logging_mixin.py:188} INFO - [2026-06-14T21:29:38.447+0000] {dag.py:3089} INFO - Sync 1 DAGs
[2026-06-14T21:29:38.471+0000] {logging_mixin.py:188} INFO - [2026-06-14T21:29:38.471+0000] {dag.py:3947} INFO - Setting next_dagrun for example_sensors to None, run_after=None
[2026-06-14T21:29:38.513+0000] {processor.py:183} INFO - Processing /home/airflow/.local/lib/python3.12/site-packages/airflow/example_dags/example_sensors.py took 0.135 seconds
[2026-06-14T21:30:09.007+0000] {processor.py:161} INFO - Started process (PID=507) to work on /home/airflow/.local/lib/python3.12/site-packages/airflow/example_dags/example_sensors.py
[2026-06-14T21:30:09.009+0000] {processor.py:830} INFO - Processing file /home/airflow/.local/lib/python3.12/site-packages/airflow/example_dags/example_sensors.py for tasks to queue
[2026-06-14T21:30:09.010+0000] {logging_mixin.py:188} INFO - [2026-06-14T21:30:09.010+0000] {dagbag.py:545} INFO - Filling up the DagBag from /home/airflow/.local/lib/python3.12/site-packages/airflow/example_dags/example_sensors.py
[2026-06-14T21:30:09.024+0000] {processor.py:840} INFO - DAG(s) 'example_sensors' retrieved from /home/airflow/.local/lib/python3.12/site-packages/airflow/example_dags/example_sensors.py
[2026-06-14T21:30:09.057+0000] {logging_mixin.py:188} INFO - [2026-06-14T21:30:09.057+0000] {dag.py:3089} INFO - Sync 1 DAGs
[2026-06-14T21:30:09.076+0000] {logging_mixin.py:188} INFO - [2026-06-14T21:30:09.076+0000] {dag.py:3947} INFO - Setting next_dagrun for example_sensors to None, run_after=None
[2026-06-14T21:30:09.111+0000] {processor.py:183} INFO - Processing /home/airflow/.local/lib/python3.12/site-packages/airflow/example_dags/example_sensors.py took 0.112 seconds
[2026-06-14T21:30:39.421+0000] {processor.py:161} INFO - Started process (PID=565) to work on /home/airflow/.local/lib/python3.12/site-packages/airflow/example_dags/example_sensors.py
[2026-06-14T21:30:39.422+0000] {processor.py:830} INFO - Processing file /home/airflow/.local/lib/python3.12/site-packages/airflow/example_dags/example_sensors.py for tasks to queue
[2026-06-14T21:30:39.424+0000] {logging_mixin.py:188} INFO - [2026-06-14T21:30:39.424+0000] {dagbag.py:545} INFO - Filling up the DagBag from /home/airflow/.local/lib/python3.12/site-packages/airflow/example_dags/example_sensors.py
[2026-06-14T21:30:39.436+0000] {processor.py:840} INFO - DAG(s) 'example_sensors' retrieved from /home/airflow/.local/lib/python3.12/site-packages/airflow/example_dags/example_sensors.py
[2026-06-14T21:30:39.472+0000] {logging_mixin.py:188} INFO - [2026-06-14T21:30:39.471+0000] {dag.py:3089} INFO - Sync 1 DAGs
[2026-06-14T21:30:39.485+0000] {logging_mixin.py:188} INFO - [2026-06-14T21:30:39.485+0000] {dag.py:3947} INFO - Setting next_dagrun for example_sensors to None, run_after=None
[2026-06-14T21:30:39.509+0000] {processor.py:183} INFO - Processing /home/airflow/.local/lib/python3.12/site-packages/airflow/example_dags/example_sensors.py took 0.095 seconds
[2026-06-14T21:31:09.724+0000] {processor.py:161} INFO - Started process (PID=624) to work on /home/airflow/.local/lib/python3.12/site-packages/airflow/example_dags/example_sensors.py
[2026-06-14T21:31:09.726+0000] {processor.py:830} INFO - Processing file /home/airflow/.local/lib/python3.12/site-packages/airflow/example_dags/example_sensors.py for tasks to queue
[2026-06-14T21:31:09.728+0000] {logging_mixin.py:188} INFO - [2026-06-14T21:31:09.727+0000] {dagbag.py:545} INFO - Filling up the DagBag from /home/airflow/.local/lib/python3.12/site-packages/airflow/example_dags/example_sensors.py
[2026-06-14T21:31:09.748+0000] {processor.py:840} INFO - DAG(s) 'example_sensors' retrieved from /home/airflow/.local/lib/python3.12/site-packages/airflow/example_dags/example_sensors.py
[2026-06-14T21:31:09.793+0000] {logging_mixin.py:188} INFO - [2026-06-14T21:31:09.792+0000] {dag.py:3089} INFO - Sync 1 DAGs
[2026-06-14T21:31:09.818+0000] {logging_mixin.py:188} INFO - [2026-06-14T21:31:09.818+0000] {dag.py:3947} INFO - Setting next_dagrun for example_sensors to None, run_after=None
[2026-06-14T21:31:09.850+0000] {processor.py:183} INFO - Processing /home/airflow/.local/lib/python3.12/site-packages/airflow/example_dags/example_sensors.py took 0.136 seconds
[2026-06-14T21:31:40.528+0000] {processor.py:161} INFO - Started process (PID=682) to work on /home/airflow/.local/lib/python3.12/site-packages/airflow/example_dags/example_sensors.py
[2026-06-14T21:31:40.530+0000] {processor.py:830} INFO - Processing file /home/airflow/.local/lib/python3.12/site-packages/airflow/example_dags/example_sensors.py for tasks to queue
[2026-06-14T21:31:40.534+0000] {logging_mixin.py:188} INFO - [2026-06-14T21:31:40.533+0000] {dagbag.py:545} INFO - Filling up the DagBag from /home/airflow/.local/lib/python3.12/site-packages/airflow/example_dags/example_sensors.py
[2026-06-14T21:31:40.555+0000] {processor.py:840} INFO - DAG(s) 'example_sensors' retrieved from /home/airflow/.local/lib/python3.12/site-packages/airflow/example_dags/example_sensors.py
[2026-06-14T21:31:40.610+0000] {logging_mixin.py:188} INFO - [2026-06-14T21:31:40.610+0000] {dag.py:3089} INFO - Sync 1 DAGs
[2026-06-14T21:31:40.640+0000] {logging_mixin.py:188} INFO - [2026-06-14T21:31:40.639+0000] {dag.py:3947} INFO - Setting next_dagrun for example_sensors to None, run_after=None
[2026-06-14T21:31:40.722+0000] {processor.py:183} INFO - Processing /home/airflow/.local/lib/python3.12/site-packages/airflow/example_dags/example_sensors.py took 0.208 seconds
[2026-06-14T21:32:11.448+0000] {processor.py:161} INFO - Started process (PID=739) to work on /home/airflow/.local/lib/python3.12/site-packages/airflow/example_dags/example_sensors.py
[2026-06-14T21:32:11.450+0000] {processor.py:830} INFO - Processing file /home/airflow/.local/lib/python3.12/site-packages/airflow/example_dags/example_sensors.py for tasks to queue
[2026-06-14T21:32:11.451+0000] {logging_mixin.py:188} INFO - [2026-06-14T21:32:11.451+0000] {dagbag.py:545} INFO - Filling up the DagBag from /home/airflow/.local/lib/python3.12/site-packages/airflow/example_dags/example_sensors.py
[2026-06-14T21:32:11.468+0000] {processor.py:840} INFO - DAG(s) 'example_sensors' retrieved from /home/airflow/.local/lib/python3.12/site-packages/airflow/example_dags/example_sensors.py
[2026-06-14T21:32:11.522+0000] {logging_mixin.py:188} INFO - [2026-06-14T21:32:11.521+0000] {dag.py:3089} INFO - Sync 1 DAGs
[2026-06-14T21:32:11.543+0000] {logging_mixin.py:188} INFO - [2026-06-14T21:32:11.543+0000] {dag.py:3947} INFO - Setting next_dagrun for example_sensors to None, run_after=None
[2026-06-14T21:32:11.622+0000] {processor.py:183} INFO - Processing /home/airflow/.local/lib/python3.12/site-packages/airflow/example_dags/example_sensors.py took 0.183 seconds
[2026-06-14T21:40:02.724+0000] {processor.py:161} INFO - Started process (PID=96) to work on /home/airflow/.local/lib/python3.12/site-packages/airflow/example_dags/example_sensors.py
[2026-06-14T21:40:02.727+0000] {processor.py:830} INFO - Processing file /home/airflow/.local/lib/python3.12/site-packages/airflow/example_dags/example_sensors.py for tasks to queue
[2026-06-14T21:40:02.732+0000] {logging_mixin.py:188} INFO - [2026-06-14T21:40:02.731+0000] {dagbag.py:545} INFO - Filling up the DagBag from /home/airflow/.local/lib/python3.12/site-packages/airflow/example_dags/example_sensors.py
[2026-06-14T21:40:02.746+0000] {processor.py:840} INFO - DAG(s) 'example_sensors' retrieved from /home/airflow/.local/lib/python3.12/site-packages/airflow/example_dags/example_sensors.py
[2026-06-14T21:40:02.899+0000] {logging_mixin.py:188} INFO - [2026-06-14T21:40:02.899+0000] {dag.py:3089} INFO - Sync 1 DAGs
[2026-06-14T21:40:02.913+0000] {logging_mixin.py:188} INFO - [2026-06-14T21:40:02.913+0000] {dag.py:3947} INFO - Setting next_dagrun for example_sensors to None, run_after=None
[2026-06-14T21:40:02.942+0000] {processor.py:183} INFO - Processing /home/airflow/.local/lib/python3.12/site-packages/airflow/example_dags/example_sensors.py took 0.230 seconds
[2026-06-14T21:40:33.501+0000] {processor.py:161} INFO - Started process (PID=155) to work on /home/airflow/.local/lib/python3.12/site-packages/airflow/example_dags/example_sensors.py
[2026-06-14T21:40:33.503+0000] {processor.py:830} INFO - Processing file /home/airflow/.local/lib/python3.12/site-packages/airflow/example_dags/example_sensors.py for tasks to queue
[2026-06-14T21:40:33.507+0000] {logging_mixin.py:188} INFO - [2026-06-14T21:40:33.506+0000] {dagbag.py:545} INFO - Filling up the DagBag from /home/airflow/.local/lib/python3.12/site-packages/airflow/example_dags/example_sensors.py
[2026-06-14T21:40:33.523+0000] {processor.py:840} INFO - DAG(s) 'example_sensors' retrieved from /home/airflow/.local/lib/python3.12/site-packages/airflow/example_dags/example_sensors.py
[2026-06-14T21:40:33.569+0000] {logging_mixin.py:188} INFO - [2026-06-14T21:40:33.569+0000] {dag.py:3089} INFO - Sync 1 DAGs
[2026-06-14T21:40:33.588+0000] {logging_mixin.py:188} INFO - [2026-06-14T21:40:33.587+0000] {dag.py:3947} INFO - Setting next_dagrun for example_sensors to None, run_after=None
[2026-06-14T21:40:33.620+0000] {processor.py:183} INFO - Processing /home/airflow/.local/lib/python3.12/site-packages/airflow/example_dags/example_sensors.py took 0.131 seconds
[2026-06-14T21:41:04.172+0000] {processor.py:161} INFO - Started process (PID=214) to work on /home/airflow/.local/lib/python3.12/site-packages/airflow/example_dags/example_sensors.py
[2026-06-14T21:41:04.174+0000] {processor.py:830} INFO - Processing file /home/airflow/.local/lib/python3.12/site-packages/airflow/example_dags/example_sensors.py for tasks to queue
[2026-06-14T21:41:04.179+0000] {logging_mixin.py:188} INFO - [2026-06-14T21:41:04.178+0000] {dagbag.py:545} INFO - Filling up the DagBag from /home/airflow/.local/lib/python3.12/site-packages/airflow/example_dags/example_sensors.py
[2026-06-14T21:41:04.197+0000] {processor.py:840} INFO - DAG(s) 'example_sensors' retrieved from /home/airflow/.local/lib/python3.12/site-packages/airflow/example_dags/example_sensors.py
[2026-06-14T21:41:04.250+0000] {logging_mixin.py:188} INFO - [2026-06-14T21:41:04.249+0000] {dag.py:3089} INFO - Sync 1 DAGs
[2026-06-14T21:41:04.288+0000] {logging_mixin.py:188} INFO - [2026-06-14T21:41:04.287+0000] {dag.py:3947} INFO - Setting next_dagrun for example_sensors to None, run_after=None
[2026-06-14T21:41:04.336+0000] {processor.py:183} INFO - Processing /home/airflow/.local/lib/python3.12/site-packages/airflow/example_dags/example_sensors.py took 0.177 seconds
[2026-06-14T21:41:35.056+0000] {processor.py:161} INFO - Started process (PID=273) to work on /home/airflow/.local/lib/python3.12/site-packages/airflow/example_dags/example_sensors.py
[2026-06-14T21:41:35.057+0000] {processor.py:830} INFO - Processing file /home/airflow/.local/lib/python3.12/site-packages/airflow/example_dags/example_sensors.py for tasks to queue
[2026-06-14T21:41:35.060+0000] {logging_mixin.py:188} INFO - [2026-06-14T21:41:35.059+0000] {dagbag.py:545} INFO - Filling up the DagBag from /home/airflow/.local/lib/python3.12/site-packages/airflow/example_dags/example_sensors.py
[2026-06-14T21:41:35.070+0000] {processor.py:840} INFO - DAG(s) 'example_sensors' retrieved from /home/airflow/.local/lib/python3.12/site-packages/airflow/example_dags/example_sensors.py
[2026-06-14T21:41:35.103+0000] {logging_mixin.py:188} INFO - [2026-06-14T21:41:35.103+0000] {dag.py:3089} INFO - Sync 1 DAGs
[2026-06-14T21:41:35.121+0000] {logging_mixin.py:188} INFO - [2026-06-14T21:41:35.120+0000] {dag.py:3947} INFO - Setting next_dagrun for example_sensors to None, run_after=None
[2026-06-14T21:41:35.145+0000] {processor.py:183} INFO - Processing /home/airflow/.local/lib/python3.12/site-packages/airflow/example_dags/example_sensors.py took 0.097 seconds
[2026-06-14T21:42:05.721+0000] {processor.py:161} INFO - Started process (PID=332) to work on /home/airflow/.local/lib/python3.12/site-packages/airflow/example_dags/example_sensors.py
[2026-06-14T21:42:05.724+0000] {processor.py:830} INFO - Processing file /home/airflow/.local/lib/python3.12/site-packages/airflow/example_dags/example_sensors.py for tasks to queue
[2026-06-14T21:42:05.729+0000] {logging_mixin.py:188} INFO - [2026-06-14T21:42:05.728+0000] {dagbag.py:545} INFO - Filling up the DagBag from /home/airflow/.local/lib/python3.12/site-packages/airflow/example_dags/example_sensors.py
[2026-06-14T21:42:05.744+0000] {processor.py:840} INFO - DAG(s) 'example_sensors' retrieved from /home/airflow/.local/lib/python3.12/site-packages/airflow/example_dags/example_sensors.py
[2026-06-14T21:42:05.793+0000] {logging_mixin.py:188} INFO - [2026-06-14T21:42:05.792+0000] {dag.py:3089} INFO - Sync 1 DAGs
[2026-06-14T21:42:05.818+0000] {logging_mixin.py:188} INFO - [2026-06-14T21:42:05.817+0000] {dag.py:3947} INFO - Setting next_dagrun for example_sensors to None, run_after=None
[2026-06-14T21:42:05.858+0000] {processor.py:183} INFO - Processing /home/airflow/.local/lib/python3.12/site-packages/airflow/example_dags/example_sensors.py took 0.149 seconds
[2026-06-14T21:42:36.430+0000] {processor.py:161} INFO - Started process (PID=391) to work on /home/airflow/.local/lib/python3.12/site-packages/airflow/example_dags/example_sensors.py
[2026-06-14T21:42:36.432+0000] {processor.py:830} INFO - Processing file /home/airflow/.local/lib/python3.12/site-packages/airflow/example_dags/example_sensors.py for tasks to queue
[2026-06-14T21:42:36.434+0000] {logging_mixin.py:188} INFO - [2026-06-14T21:42:36.434+0000] {dagbag.py:545} INFO - Filling up the DagBag from /home/airflow/.local/lib/python3.12/site-packages/airflow/example_dags/example_sensors.py
[2026-06-14T21:42:36.445+0000] {processor.py:840} INFO - DAG(s) 'example_sensors' retrieved from /home/airflow/.local/lib/python3.12/site-packages/airflow/example_dags/example_sensors.py
[2026-06-14T21:42:36.478+0000] {logging_mixin.py:188} INFO - [2026-06-14T21:42:36.478+0000] {dag.py:3089} INFO - Sync 1 DAGs
[2026-06-14T21:42:36.492+0000] {logging_mixin.py:188} INFO - [2026-06-14T21:42:36.492+0000] {dag.py:3947} INFO - Setting next_dagrun for example_sensors to None, run_after=None
[2026-06-14T21:42:36.518+0000] {processor.py:183} INFO - Processing /home/airflow/.local/lib/python3.12/site-packages/airflow/example_dags/example_sensors.py took 0.095 seconds
[2026-06-14T21:43:06.967+0000] {processor.py:161} INFO - Started process (PID=450) to work on /home/airflow/.local/lib/python3.12/site-packages/airflow/example_dags/example_sensors.py
[2026-06-14T21:43:06.971+0000] {processor.py:830} INFO - Processing file /home/airflow/.local/lib/python3.12/site-packages/airflow/example_dags/example_sensors.py for tasks to queue
[2026-06-14T21:43:06.974+0000] {logging_mixin.py:188} INFO - [2026-06-14T21:43:06.974+0000] {dagbag.py:545} INFO - Filling up the DagBag from /home/airflow/.local/lib/python3.12/site-packages/airflow/example_dags/example_sensors.py
[2026-06-14T21:43:06.987+0000] {processor.py:840} INFO - DAG(s) 'example_sensors' retrieved from /home/airflow/.local/lib/python3.12/site-packages/airflow/example_dags/example_sensors.py
[2026-06-14T21:43:07.034+0000] {logging_mixin.py:188} INFO - [2026-06-14T21:43:07.033+0000] {dag.py:3089} INFO - Sync 1 DAGs
[2026-06-14T21:43:07.053+0000] {logging_mixin.py:188} INFO - [2026-06-14T21:43:07.053+0000] {dag.py:3947} INFO - Setting next_dagrun for example_sensors to None, run_after=None
[2026-06-14T21:43:07.084+0000] {processor.py:183} INFO - Processing /home/airflow/.local/lib/python3.12/site-packages/airflow/example_dags/example_sensors.py took 0.127 seconds
[2026-06-14T21:43:37.967+0000] {processor.py:161} INFO - Started process (PID=509) to work on /home/airflow/.local/lib/python3.12/site-packages/airflow/example_dags/example_sensors.py
[2026-06-14T21:43:37.968+0000] {processor.py:830} INFO - Processing file /home/airflow/.local/lib/python3.12/site-packages/airflow/example_dags/example_sensors.py for tasks to queue
[2026-06-14T21:43:37.971+0000] {logging_mixin.py:188} INFO - [2026-06-14T21:43:37.971+0000] {dagbag.py:545} INFO - Filling up the DagBag from /home/airflow/.local/lib/python3.12/site-packages/airflow/example_dags/example_sensors.py
[2026-06-14T21:43:37.985+0000] {processor.py:840} INFO - DAG(s) 'example_sensors' retrieved from /home/airflow/.local/lib/python3.12/site-packages/airflow/example_dags/example_sensors.py
[2026-06-14T21:43:38.020+0000] {logging_mixin.py:188} INFO - [2026-06-14T21:43:38.020+0000] {dag.py:3089} INFO - Sync 1 DAGs
[2026-06-14T21:43:38.042+0000] {logging_mixin.py:188} INFO - [2026-06-14T21:43:38.041+0000] {dag.py:3947} INFO - Setting next_dagrun for example_sensors to None, run_after=None
[2026-06-14T21:43:38.076+0000] {processor.py:183} INFO - Processing /home/airflow/.local/lib/python3.12/site-packages/airflow/example_dags/example_sensors.py took 0.118 seconds
[2026-06-14T21:44:08.623+0000] {processor.py:161} INFO - Started process (PID=568) to work on /home/airflow/.local/lib/python3.12/site-packages/airflow/example_dags/example_sensors.py
[2026-06-14T21:44:08.624+0000] {processor.py:830} INFO - Processing file /home/airflow/.local/lib/python3.12/site-packages/airflow/example_dags/example_sensors.py for tasks to queue
[2026-06-14T21:44:08.626+0000] {logging_mixin.py:188} INFO - [2026-06-14T21:44:08.626+0000] {dagbag.py:545} INFO - Filling up the DagBag from /home/airflow/.local/lib/python3.12/site-packages/airflow/example_dags/example_sensors.py
[2026-06-14T21:44:08.637+0000] {processor.py:840} INFO - DAG(s) 'example_sensors' retrieved from /home/airflow/.local/lib/python3.12/site-packages/airflow/example_dags/example_sensors.py
[2026-06-14T21:44:08.679+0000] {logging_mixin.py:188} INFO - [2026-06-14T21:44:08.679+0000] {dag.py:3089} INFO - Sync 1 DAGs
[2026-06-14T21:44:08.696+0000] {logging_mixin.py:188} INFO - [2026-06-14T21:44:08.696+0000] {dag.py:3947} INFO - Setting next_dagrun for example_sensors to None, run_after=None
[2026-06-14T21:44:08.722+0000] {processor.py:183} INFO - Processing /home/airflow/.local/lib/python3.12/site-packages/airflow/example_dags/example_sensors.py took 0.106 seconds
[2026-06-14T21:44:39.358+0000] {processor.py:161} INFO - Started process (PID=627) to work on /home/airflow/.local/lib/python3.12/site-packages/airflow/example_dags/example_sensors.py
[2026-06-14T21:44:39.360+0000] {processor.py:830} INFO - Processing file /home/airflow/.local/lib/python3.12/site-packages/airflow/example_dags/example_sensors.py for tasks to queue
[2026-06-14T21:44:39.364+0000] {logging_mixin.py:188} INFO - [2026-06-14T21:44:39.363+0000] {dagbag.py:545} INFO - Filling up the DagBag from /home/airflow/.local/lib/python3.12/site-packages/airflow/example_dags/example_sensors.py
[2026-06-14T21:44:39.377+0000] {processor.py:840} INFO - DAG(s) 'example_sensors' retrieved from /home/airflow/.local/lib/python3.12/site-packages/airflow/example_dags/example_sensors.py
[2026-06-14T21:44:39.418+0000] {logging_mixin.py:188} INFO - [2026-06-14T21:44:39.418+0000] {dag.py:3089} INFO - Sync 1 DAGs
[2026-06-14T21:44:39.440+0000] {logging_mixin.py:188} INFO - [2026-06-14T21:44:39.440+0000] {dag.py:3947} INFO - Setting next_dagrun for example_sensors to None, run_after=None
[2026-06-14T21:44:39.471+0000] {processor.py:183} INFO - Processing /home/airflow/.local/lib/python3.12/site-packages/airflow/example_dags/example_sensors.py took 0.121 seconds
[2026-06-14T21:45:09.659+0000] {processor.py:161} INFO - Started process (PID=686) to work on /home/airflow/.local/lib/python3.12/site-packages/airflow/example_dags/example_sensors.py
[2026-06-14T21:45:09.660+0000] {processor.py:830} INFO - Processing file /home/airflow/.local/lib/python3.12/site-packages/airflow/example_dags/example_sensors.py for tasks to queue
[2026-06-14T21:45:09.663+0000] {logging_mixin.py:188} INFO - [2026-06-14T21:45:09.663+0000] {dagbag.py:545} INFO - Filling up the DagBag from /home/airflow/.local/lib/python3.12/site-packages/airflow/example_dags/example_sensors.py
[2026-06-14T21:45:09.679+0000] {processor.py:840} INFO - DAG(s) 'example_sensors' retrieved from /home/airflow/.local/lib/python3.12/site-packages/airflow/example_dags/example_sensors.py
[2026-06-14T21:45:09.722+0000] {logging_mixin.py:188} INFO - [2026-06-14T21:45:09.722+0000] {dag.py:3089} INFO - Sync 1 DAGs
[2026-06-14T21:45:09.743+0000] {logging_mixin.py:188} INFO - [2026-06-14T21:45:09.742+0000] {dag.py:3947} INFO - Setting next_dagrun for example_sensors to None, run_after=None
[2026-06-14T21:45:09.770+0000] {processor.py:183} INFO - Processing /home/airflow/.local/lib/python3.12/site-packages/airflow/example_dags/example_sensors.py took 0.121 seconds
[2026-06-14T21:45:40.126+0000] {processor.py:161} INFO - Started process (PID=745) to work on /home/airflow/.local/lib/python3.12/site-packages/airflow/example_dags/example_sensors.py
[2026-06-14T21:45:40.129+0000] {processor.py:830} INFO - Processing file /home/airflow/.local/lib/python3.12/site-packages/airflow/example_dags/example_sensors.py for tasks to queue
[2026-06-14T21:45:40.134+0000] {logging_mixin.py:188} INFO - [2026-06-14T21:45:40.134+0000] {dagbag.py:545} INFO - Filling up the DagBag from /home/airflow/.local/lib/python3.12/site-packages/airflow/example_dags/example_sensors.py
[2026-06-14T21:45:40.149+0000] {processor.py:840} INFO - DAG(s) 'example_sensors' retrieved from /home/airflow/.local/lib/python3.12/site-packages/airflow/example_dags/example_sensors.py
[2026-06-14T21:45:40.190+0000] {logging_mixin.py:188} INFO - [2026-06-14T21:45:40.190+0000] {dag.py:3089} INFO - Sync 1 DAGs
[2026-06-14T21:45:40.214+0000] {logging_mixin.py:188} INFO - [2026-06-14T21:45:40.213+0000] {dag.py:3947} INFO - Setting next_dagrun for example_sensors to None, run_after=None
[2026-06-14T21:45:40.245+0000] {processor.py:183} INFO - Processing /home/airflow/.local/lib/python3.12/site-packages/airflow/example_dags/example_sensors.py took 0.128 seconds
[2026-06-14T21:46:11.124+0000] {processor.py:161} INFO - Started process (PID=804) to work on /home/airflow/.local/lib/python3.12/site-packages/airflow/example_dags/example_sensors.py
[2026-06-14T21:46:11.126+0000] {processor.py:830} INFO - Processing file /home/airflow/.local/lib/python3.12/site-packages/airflow/example_dags/example_sensors.py for tasks to queue
[2026-06-14T21:46:11.130+0000] {logging_mixin.py:188} INFO - [2026-06-14T21:46:11.130+0000] {dagbag.py:545} INFO - Filling up the DagBag from /home/airflow/.local/lib/python3.12/site-packages/airflow/example_dags/example_sensors.py
[2026-06-14T21:46:11.167+0000] {processor.py:840} INFO - DAG(s) 'example_sensors' retrieved from /home/airflow/.local/lib/python3.12/site-packages/airflow/example_dags/example_sensors.py
[2026-06-14T21:46:11.246+0000] {logging_mixin.py:188} INFO - [2026-06-14T21:46:11.245+0000] {dag.py:3089} INFO - Sync 1 DAGs
[2026-06-14T21:46:11.277+0000] {logging_mixin.py:188} INFO - [2026-06-14T21:46:11.277+0000] {dag.py:3947} INFO - Setting next_dagrun for example_sensors to None, run_after=None
[2026-06-14T21:46:11.364+0000] {processor.py:183} INFO - Processing /home/airflow/.local/lib/python3.12/site-packages/airflow/example_dags/example_sensors.py took 0.257 seconds
[2026-06-14T21:46:41.505+0000] {processor.py:161} INFO - Started process (PID=863) to work on /home/airflow/.local/lib/python3.12/site-packages/airflow/example_dags/example_sensors.py
[2026-06-14T21:46:41.511+0000] {processor.py:830} INFO - Processing file /home/airflow/.local/lib/python3.12/site-packages/airflow/example_dags/example_sensors.py for tasks to queue
[2026-06-14T21:46:41.521+0000] {logging_mixin.py:188} INFO - [2026-06-14T21:46:41.520+0000] {dagbag.py:545} INFO - Filling up the DagBag from /home/airflow/.local/lib/python3.12/site-packages/airflow/example_dags/example_sensors.py
[2026-06-14T21:46:41.560+0000] {processor.py:840} INFO - DAG(s) 'example_sensors' retrieved from /home/airflow/.local/lib/python3.12/site-packages/airflow/example_dags/example_sensors.py
[2026-06-14T21:46:41.653+0000] {logging_mixin.py:188} INFO - [2026-06-14T21:46:41.652+0000] {dag.py:3089} INFO - Sync 1 DAGs
[2026-06-14T21:46:41.676+0000] {logging_mixin.py:188} INFO - [2026-06-14T21:46:41.676+0000] {dag.py:3947} INFO - Setting next_dagrun for example_sensors to None, run_after=None
[2026-06-14T21:46:41.719+0000] {processor.py:183} INFO - Processing /home/airflow/.local/lib/python3.12/site-packages/airflow/example_dags/example_sensors.py took 0.233 seconds
[2026-06-14T21:47:14.623+0000] {processor.py:161} INFO - Started process (PID=922) to work on /home/airflow/.local/lib/python3.12/site-packages/airflow/example_dags/example_sensors.py
[2026-06-14T21:47:14.625+0000] {processor.py:830} INFO - Processing file /home/airflow/.local/lib/python3.12/site-packages/airflow/example_dags/example_sensors.py for tasks to queue
[2026-06-14T21:47:14.643+0000] {logging_mixin.py:188} INFO - [2026-06-14T21:47:14.642+0000] {dagbag.py:545} INFO - Filling up the DagBag from /home/airflow/.local/lib/python3.12/site-packages/airflow/example_dags/example_sensors.py
[2026-06-14T21:47:14.721+0000] {processor.py:840} INFO - DAG(s) 'example_sensors' retrieved from /home/airflow/.local/lib/python3.12/site-packages/airflow/example_dags/example_sensors.py
[2026-06-14T21:47:14.902+0000] {logging_mixin.py:188} INFO - [2026-06-14T21:47:14.890+0000] {dag.py:3089} INFO - Sync 1 DAGs
[2026-06-14T21:47:14.984+0000] {logging_mixin.py:188} INFO - [2026-06-14T21:47:14.983+0000] {dag.py:3947} INFO - Setting next_dagrun for example_sensors to None, run_after=None
[2026-06-14T21:47:15.085+0000] {processor.py:183} INFO - Processing /home/airflow/.local/lib/python3.12/site-packages/airflow/example_dags/example_sensors.py took 0.510 seconds
[2026-06-14T21:47:45.995+0000] {processor.py:161} INFO - Started process (PID=981) to work on /home/airflow/.local/lib/python3.12/site-packages/airflow/example_dags/example_sensors.py
[2026-06-14T21:47:45.996+0000] {processor.py:830} INFO - Processing file /home/airflow/.local/lib/python3.12/site-packages/airflow/example_dags/example_sensors.py for tasks to queue
[2026-06-14T21:47:45.999+0000] {logging_mixin.py:188} INFO - [2026-06-14T21:47:45.999+0000] {dagbag.py:545} INFO - Filling up the DagBag from /home/airflow/.local/lib/python3.12/site-packages/airflow/example_dags/example_sensors.py
[2026-06-14T21:47:46.015+0000] {processor.py:840} INFO - DAG(s) 'example_sensors' retrieved from /home/airflow/.local/lib/python3.12/site-packages/airflow/example_dags/example_sensors.py
[2026-06-14T21:47:46.051+0000] {logging_mixin.py:188} INFO - [2026-06-14T21:47:46.051+0000] {dag.py:3089} INFO - Sync 1 DAGs
[2026-06-14T21:47:46.067+0000] {logging_mixin.py:188} INFO - [2026-06-14T21:47:46.067+0000] {dag.py:3947} INFO - Setting next_dagrun for example_sensors to None, run_after=None
[2026-06-14T21:47:46.134+0000] {processor.py:183} INFO - Processing /home/airflow/.local/lib/python3.12/site-packages/airflow/example_dags/example_sensors.py took 0.149 seconds
[2026-06-14T21:48:16.705+0000] {processor.py:161} INFO - Started process (PID=1045) to work on /home/airflow/.local/lib/python3.12/site-packages/airflow/example_dags/example_sensors.py
[2026-06-14T21:48:16.707+0000] {processor.py:830} INFO - Processing file /home/airflow/.local/lib/python3.12/site-packages/airflow/example_dags/example_sensors.py for tasks to queue
[2026-06-14T21:48:16.710+0000] {logging_mixin.py:188} INFO - [2026-06-14T21:48:16.709+0000] {dagbag.py:545} INFO - Filling up the DagBag from /home/airflow/.local/lib/python3.12/site-packages/airflow/example_dags/example_sensors.py
[2026-06-14T21:48:16.725+0000] {processor.py:840} INFO - DAG(s) 'example_sensors' retrieved from /home/airflow/.local/lib/python3.12/site-packages/airflow/example_dags/example_sensors.py
[2026-06-14T21:48:16.754+0000] {logging_mixin.py:188} INFO - [2026-06-14T21:48:16.754+0000] {dag.py:3089} INFO - Sync 1 DAGs
[2026-06-14T21:48:16.773+0000] {logging_mixin.py:188} INFO - [2026-06-14T21:48:16.773+0000] {dag.py:3947} INFO - Setting next_dagrun for example_sensors to None, run_after=None
[2026-06-14T21:48:16.839+0000] {processor.py:183} INFO - Processing /home/airflow/.local/lib/python3.12/site-packages/airflow/example_dags/example_sensors.py took 0.144 seconds
[2026-06-14T21:48:47.734+0000] {processor.py:161} INFO - Started process (PID=1103) to work on /home/airflow/.local/lib/python3.12/site-packages/airflow/example_dags/example_sensors.py
[2026-06-14T21:48:47.735+0000] {processor.py:830} INFO - Processing file /home/airflow/.local/lib/python3.12/site-packages/airflow/example_dags/example_sensors.py for tasks to queue
[2026-06-14T21:48:47.739+0000] {logging_mixin.py:188} INFO - [2026-06-14T21:48:47.738+0000] {dagbag.py:545} INFO - Filling up the DagBag from /home/airflow/.local/lib/python3.12/site-packages/airflow/example_dags/example_sensors.py
[2026-06-14T21:48:47.752+0000] {processor.py:840} INFO - DAG(s) 'example_sensors' retrieved from /home/airflow/.local/lib/python3.12/site-packages/airflow/example_dags/example_sensors.py
[2026-06-14T21:48:47.785+0000] {logging_mixin.py:188} INFO - [2026-06-14T21:48:47.785+0000] {dag.py:3089} INFO - Sync 1 DAGs
[2026-06-14T21:48:47.803+0000] {logging_mixin.py:188} INFO - [2026-06-14T21:48:47.802+0000] {dag.py:3947} INFO - Setting next_dagrun for example_sensors to None, run_after=None
[2026-06-14T21:48:47.826+0000] {processor.py:183} INFO - Processing /home/airflow/.local/lib/python3.12/site-packages/airflow/example_dags/example_sensors.py took 0.103 seconds
[2026-06-14T21:49:18.023+0000] {processor.py:161} INFO - Started process (PID=1162) to work on /home/airflow/.local/lib/python3.12/site-packages/airflow/example_dags/example_sensors.py
[2026-06-14T21:49:18.024+0000] {processor.py:830} INFO - Processing file /home/airflow/.local/lib/python3.12/site-packages/airflow/example_dags/example_sensors.py for tasks to queue
[2026-06-14T21:49:18.027+0000] {logging_mixin.py:188} INFO - [2026-06-14T21:49:18.027+0000] {dagbag.py:545} INFO - Filling up the DagBag from /home/airflow/.local/lib/python3.12/site-packages/airflow/example_dags/example_sensors.py
[2026-06-14T21:49:18.043+0000] {processor.py:840} INFO - DAG(s) 'example_sensors' retrieved from /home/airflow/.local/lib/python3.12/site-packages/airflow/example_dags/example_sensors.py
[2026-06-14T21:49:18.071+0000] {logging_mixin.py:188} INFO - [2026-06-14T21:49:18.071+0000] {dag.py:3089} INFO - Sync 1 DAGs
[2026-06-14T21:49:18.090+0000] {logging_mixin.py:188} INFO - [2026-06-14T21:49:18.089+0000] {dag.py:3947} INFO - Setting next_dagrun for example_sensors to None, run_after=None
[2026-06-14T21:49:18.171+0000] {processor.py:183} INFO - Processing /home/airflow/.local/lib/python3.12/site-packages/airflow/example_dags/example_sensors.py took 0.154 seconds
