[2026-06-14T21:26:31.906+0000] {processor.py:161} INFO - Started process (PID=85) to work on /home/airflow/.local/lib/python3.12/site-packages/airflow/example_dags/example_external_task_marker_dag.py
[2026-06-14T21:26:31.908+0000] {processor.py:830} INFO - Processing file /home/airflow/.local/lib/python3.12/site-packages/airflow/example_dags/example_external_task_marker_dag.py for tasks to queue
[2026-06-14T21:26:31.911+0000] {logging_mixin.py:188} INFO - [2026-06-14T21:26:31.911+0000] {dagbag.py:545} INFO - Filling up the DagBag from /home/airflow/.local/lib/python3.12/site-packages/airflow/example_dags/example_external_task_marker_dag.py
[2026-06-14T21:26:31.927+0000] {processor.py:840} INFO - DAG(s) 'example_external_task_marker_parent', 'example_external_task_marker_child' retrieved from /home/airflow/.local/lib/python3.12/site-packages/airflow/example_dags/example_external_task_marker_dag.py
[2026-06-14T21:26:32.099+0000] {logging_mixin.py:188} INFO - [2026-06-14T21:26:32.098+0000] {override.py:1858} INFO - Created Permission View: can delete on DAG:example_external_task_marker_parent
[2026-06-14T21:26:32.114+0000] {logging_mixin.py:188} INFO - [2026-06-14T21:26:32.114+0000] {override.py:1858} INFO - Created Permission View: can edit on DAG:example_external_task_marker_parent
[2026-06-14T21:26:32.125+0000] {logging_mixin.py:188} INFO - [2026-06-14T21:26:32.125+0000] {override.py:1858} INFO - Created Permission View: can read on DAG:example_external_task_marker_parent
[2026-06-14T21:26:32.144+0000] {logging_mixin.py:188} INFO - [2026-06-14T21:26:32.144+0000] {override.py:1858} INFO - Created Permission View: can delete on DAG:example_external_task_marker_child
[2026-06-14T21:26:32.153+0000] {logging_mixin.py:188} INFO - [2026-06-14T21:26:32.153+0000] {override.py:1858} INFO - Created Permission View: can edit on DAG:example_external_task_marker_child
[2026-06-14T21:26:32.163+0000] {logging_mixin.py:188} INFO - [2026-06-14T21:26:32.162+0000] {override.py:1858} INFO - Created Permission View: can read on DAG:example_external_task_marker_child
[2026-06-14T21:26:32.164+0000] {logging_mixin.py:188} INFO - [2026-06-14T21:26:32.163+0000] {dag.py:3089} INFO - Sync 2 DAGs
[2026-06-14T21:26:32.177+0000] {logging_mixin.py:188} INFO - [2026-06-14T21:26:32.177+0000] {dag.py:3111} INFO - Creating ORM DAG for example_external_task_marker_parent
[2026-06-14T21:26:32.179+0000] {logging_mixin.py:188} INFO - [2026-06-14T21:26:32.178+0000] {dag.py:3111} INFO - Creating ORM DAG for example_external_task_marker_child
[2026-06-14T21:26:32.180+0000] {logging_mixin.py:188} INFO - [2026-06-14T21:26:32.180+0000] {dag.py:3947} INFO - Setting next_dagrun for example_external_task_marker_child to None, run_after=None
[2026-06-14T21:26:32.181+0000] {logging_mixin.py:188} INFO - [2026-06-14T21:26:32.181+0000] {dag.py:3947} INFO - Setting next_dagrun for example_external_task_marker_parent to None, run_after=None
[2026-06-14T21:26:32.208+0000] {processor.py:183} INFO - Processing /home/airflow/.local/lib/python3.12/site-packages/airflow/example_dags/example_external_task_marker_dag.py took 0.311 seconds
[2026-06-14T21:27:03.211+0000] {processor.py:161} INFO - Started process (PID=144) to work on /home/airflow/.local/lib/python3.12/site-packages/airflow/example_dags/example_external_task_marker_dag.py
[2026-06-14T21:27:03.212+0000] {processor.py:830} INFO - Processing file /home/airflow/.local/lib/python3.12/site-packages/airflow/example_dags/example_external_task_marker_dag.py for tasks to queue
[2026-06-14T21:27:03.215+0000] {logging_mixin.py:188} INFO - [2026-06-14T21:27:03.214+0000] {dagbag.py:545} INFO - Filling up the DagBag from /home/airflow/.local/lib/python3.12/site-packages/airflow/example_dags/example_external_task_marker_dag.py
[2026-06-14T21:27:03.225+0000] {processor.py:840} INFO - DAG(s) 'example_external_task_marker_parent', 'example_external_task_marker_child' retrieved from /home/airflow/.local/lib/python3.12/site-packages/airflow/example_dags/example_external_task_marker_dag.py
[2026-06-14T21:27:03.259+0000] {logging_mixin.py:188} INFO - [2026-06-14T21:27:03.258+0000] {dag.py:3089} INFO - Sync 2 DAGs
[2026-06-14T21:27:03.275+0000] {logging_mixin.py:188} INFO - [2026-06-14T21:27:03.274+0000] {dag.py:3947} INFO - Setting next_dagrun for example_external_task_marker_child to None, run_after=None
[2026-06-14T21:27:03.280+0000] {logging_mixin.py:188} INFO - [2026-06-14T21:27:03.280+0000] {dag.py:3947} INFO - Setting next_dagrun for example_external_task_marker_parent to None, run_after=None
[2026-06-14T21:27:03.303+0000] {processor.py:183} INFO - Processing /home/airflow/.local/lib/python3.12/site-packages/airflow/example_dags/example_external_task_marker_dag.py took 0.101 seconds
[2026-06-14T21:27:33.636+0000] {processor.py:161} INFO - Started process (PID=203) to work on /home/airflow/.local/lib/python3.12/site-packages/airflow/example_dags/example_external_task_marker_dag.py
[2026-06-14T21:27:33.639+0000] {processor.py:830} INFO - Processing file /home/airflow/.local/lib/python3.12/site-packages/airflow/example_dags/example_external_task_marker_dag.py for tasks to queue
[2026-06-14T21:27:33.643+0000] {logging_mixin.py:188} INFO - [2026-06-14T21:27:33.642+0000] {dagbag.py:545} INFO - Filling up the DagBag from /home/airflow/.local/lib/python3.12/site-packages/airflow/example_dags/example_external_task_marker_dag.py
[2026-06-14T21:27:33.653+0000] {processor.py:840} INFO - DAG(s) 'example_external_task_marker_parent', 'example_external_task_marker_child' retrieved from /home/airflow/.local/lib/python3.12/site-packages/airflow/example_dags/example_external_task_marker_dag.py
[2026-06-14T21:27:33.696+0000] {logging_mixin.py:188} INFO - [2026-06-14T21:27:33.695+0000] {dag.py:3089} INFO - Sync 2 DAGs
[2026-06-14T21:27:33.715+0000] {logging_mixin.py:188} INFO - [2026-06-14T21:27:33.715+0000] {dag.py:3947} INFO - Setting next_dagrun for example_external_task_marker_child to None, run_after=None
[2026-06-14T21:27:33.724+0000] {logging_mixin.py:188} INFO - [2026-06-14T21:27:33.723+0000] {dag.py:3947} INFO - Setting next_dagrun for example_external_task_marker_parent to None, run_after=None
[2026-06-14T21:27:33.750+0000] {processor.py:183} INFO - Processing /home/airflow/.local/lib/python3.12/site-packages/airflow/example_dags/example_external_task_marker_dag.py took 0.124 seconds
[2026-06-14T21:28:04.692+0000] {processor.py:161} INFO - Started process (PID=262) to work on /home/airflow/.local/lib/python3.12/site-packages/airflow/example_dags/example_external_task_marker_dag.py
[2026-06-14T21:28:04.694+0000] {processor.py:830} INFO - Processing file /home/airflow/.local/lib/python3.12/site-packages/airflow/example_dags/example_external_task_marker_dag.py for tasks to queue
[2026-06-14T21:28:04.697+0000] {logging_mixin.py:188} INFO - [2026-06-14T21:28:04.697+0000] {dagbag.py:545} INFO - Filling up the DagBag from /home/airflow/.local/lib/python3.12/site-packages/airflow/example_dags/example_external_task_marker_dag.py
[2026-06-14T21:28:04.708+0000] {processor.py:840} INFO - DAG(s) 'example_external_task_marker_parent', 'example_external_task_marker_child' retrieved from /home/airflow/.local/lib/python3.12/site-packages/airflow/example_dags/example_external_task_marker_dag.py
[2026-06-14T21:28:04.739+0000] {logging_mixin.py:188} INFO - [2026-06-14T21:28:04.739+0000] {dag.py:3089} INFO - Sync 2 DAGs
[2026-06-14T21:28:04.753+0000] {logging_mixin.py:188} INFO - [2026-06-14T21:28:04.753+0000] {dag.py:3947} INFO - Setting next_dagrun for example_external_task_marker_child to None, run_after=None
[2026-06-14T21:28:04.758+0000] {logging_mixin.py:188} INFO - [2026-06-14T21:28:04.757+0000] {dag.py:3947} INFO - Setting next_dagrun for example_external_task_marker_parent to None, run_after=None
[2026-06-14T21:28:04.781+0000] {processor.py:183} INFO - Processing /home/airflow/.local/lib/python3.12/site-packages/airflow/example_dags/example_external_task_marker_dag.py took 0.099 seconds
[2026-06-14T21:28:34.854+0000] {processor.py:161} INFO - Started process (PID=321) to work on /home/airflow/.local/lib/python3.12/site-packages/airflow/example_dags/example_external_task_marker_dag.py
[2026-06-14T21:28:34.856+0000] {processor.py:830} INFO - Processing file /home/airflow/.local/lib/python3.12/site-packages/airflow/example_dags/example_external_task_marker_dag.py for tasks to queue
[2026-06-14T21:28:34.861+0000] {logging_mixin.py:188} INFO - [2026-06-14T21:28:34.860+0000] {dagbag.py:545} INFO - Filling up the DagBag from /home/airflow/.local/lib/python3.12/site-packages/airflow/example_dags/example_external_task_marker_dag.py
[2026-06-14T21:28:34.876+0000] {processor.py:840} INFO - DAG(s) 'example_external_task_marker_child', 'example_external_task_marker_parent' retrieved from /home/airflow/.local/lib/python3.12/site-packages/airflow/example_dags/example_external_task_marker_dag.py
[2026-06-14T21:28:34.925+0000] {logging_mixin.py:188} INFO - [2026-06-14T21:28:34.925+0000] {dag.py:3089} INFO - Sync 2 DAGs
[2026-06-14T21:28:34.951+0000] {logging_mixin.py:188} INFO - [2026-06-14T21:28:34.951+0000] {dag.py:3947} INFO - Setting next_dagrun for example_external_task_marker_child to None, run_after=None
[2026-06-14T21:28:34.959+0000] {logging_mixin.py:188} INFO - [2026-06-14T21:28:34.958+0000] {dag.py:3947} INFO - Setting next_dagrun for example_external_task_marker_parent to None, run_after=None
[2026-06-14T21:28:34.986+0000] {processor.py:183} INFO - Processing /home/airflow/.local/lib/python3.12/site-packages/airflow/example_dags/example_external_task_marker_dag.py took 0.146 seconds
[2026-06-14T21:29:05.669+0000] {processor.py:161} INFO - Started process (PID=380) to work on /home/airflow/.local/lib/python3.12/site-packages/airflow/example_dags/example_external_task_marker_dag.py
[2026-06-14T21:29:05.671+0000] {processor.py:830} INFO - Processing file /home/airflow/.local/lib/python3.12/site-packages/airflow/example_dags/example_external_task_marker_dag.py for tasks to queue
[2026-06-14T21:29:05.676+0000] {logging_mixin.py:188} INFO - [2026-06-14T21:29:05.675+0000] {dagbag.py:545} INFO - Filling up the DagBag from /home/airflow/.local/lib/python3.12/site-packages/airflow/example_dags/example_external_task_marker_dag.py
[2026-06-14T21:29:05.695+0000] {processor.py:840} INFO - DAG(s) 'example_external_task_marker_child', 'example_external_task_marker_parent' retrieved from /home/airflow/.local/lib/python3.12/site-packages/airflow/example_dags/example_external_task_marker_dag.py
[2026-06-14T21:29:05.760+0000] {logging_mixin.py:188} INFO - [2026-06-14T21:29:05.759+0000] {dag.py:3089} INFO - Sync 2 DAGs
[2026-06-14T21:29:05.784+0000] {logging_mixin.py:188} INFO - [2026-06-14T21:29:05.783+0000] {dag.py:3947} INFO - Setting next_dagrun for example_external_task_marker_child to None, run_after=None
[2026-06-14T21:29:05.792+0000] {logging_mixin.py:188} INFO - [2026-06-14T21:29:05.791+0000] {dag.py:3947} INFO - Setting next_dagrun for example_external_task_marker_parent to None, run_after=None
[2026-06-14T21:29:05.866+0000] {processor.py:183} INFO - Processing /home/airflow/.local/lib/python3.12/site-packages/airflow/example_dags/example_external_task_marker_dag.py took 0.213 seconds
[2026-06-14T21:29:36.042+0000] {processor.py:161} INFO - Started process (PID=439) to work on /home/airflow/.local/lib/python3.12/site-packages/airflow/example_dags/example_external_task_marker_dag.py
[2026-06-14T21:29:36.043+0000] {processor.py:830} INFO - Processing file /home/airflow/.local/lib/python3.12/site-packages/airflow/example_dags/example_external_task_marker_dag.py for tasks to queue
[2026-06-14T21:29:36.045+0000] {logging_mixin.py:188} INFO - [2026-06-14T21:29:36.045+0000] {dagbag.py:545} INFO - Filling up the DagBag from /home/airflow/.local/lib/python3.12/site-packages/airflow/example_dags/example_external_task_marker_dag.py
[2026-06-14T21:29:36.052+0000] {processor.py:840} INFO - DAG(s) 'example_external_task_marker_parent', 'example_external_task_marker_child' retrieved from /home/airflow/.local/lib/python3.12/site-packages/airflow/example_dags/example_external_task_marker_dag.py
[2026-06-14T21:29:36.081+0000] {logging_mixin.py:188} INFO - [2026-06-14T21:29:36.081+0000] {dag.py:3089} INFO - Sync 2 DAGs
[2026-06-14T21:29:36.096+0000] {logging_mixin.py:188} INFO - [2026-06-14T21:29:36.096+0000] {dag.py:3947} INFO - Setting next_dagrun for example_external_task_marker_child to None, run_after=None
[2026-06-14T21:29:36.101+0000] {logging_mixin.py:188} INFO - [2026-06-14T21:29:36.101+0000] {dag.py:3947} INFO - Setting next_dagrun for example_external_task_marker_parent to None, run_after=None
[2026-06-14T21:29:36.149+0000] {processor.py:183} INFO - Processing /home/airflow/.local/lib/python3.12/site-packages/airflow/example_dags/example_external_task_marker_dag.py took 0.114 seconds
[2026-06-14T21:30:06.731+0000] {processor.py:161} INFO - Started process (PID=497) to work on /home/airflow/.local/lib/python3.12/site-packages/airflow/example_dags/example_external_task_marker_dag.py
[2026-06-14T21:30:06.732+0000] {processor.py:830} INFO - Processing file /home/airflow/.local/lib/python3.12/site-packages/airflow/example_dags/example_external_task_marker_dag.py for tasks to queue
[2026-06-14T21:30:06.734+0000] {logging_mixin.py:188} INFO - [2026-06-14T21:30:06.733+0000] {dagbag.py:545} INFO - Filling up the DagBag from /home/airflow/.local/lib/python3.12/site-packages/airflow/example_dags/example_external_task_marker_dag.py
[2026-06-14T21:30:06.741+0000] {processor.py:840} INFO - DAG(s) 'example_external_task_marker_child', 'example_external_task_marker_parent' retrieved from /home/airflow/.local/lib/python3.12/site-packages/airflow/example_dags/example_external_task_marker_dag.py
[2026-06-14T21:30:06.774+0000] {logging_mixin.py:188} INFO - [2026-06-14T21:30:06.774+0000] {dag.py:3089} INFO - Sync 2 DAGs
[2026-06-14T21:30:06.792+0000] {logging_mixin.py:188} INFO - [2026-06-14T21:30:06.792+0000] {dag.py:3947} INFO - Setting next_dagrun for example_external_task_marker_child to None, run_after=None
[2026-06-14T21:30:06.797+0000] {logging_mixin.py:188} INFO - [2026-06-14T21:30:06.797+0000] {dag.py:3947} INFO - Setting next_dagrun for example_external_task_marker_parent to None, run_after=None
[2026-06-14T21:30:06.826+0000] {processor.py:183} INFO - Processing /home/airflow/.local/lib/python3.12/site-packages/airflow/example_dags/example_external_task_marker_dag.py took 0.103 seconds
[2026-06-14T21:30:37.551+0000] {processor.py:161} INFO - Started process (PID=555) to work on /home/airflow/.local/lib/python3.12/site-packages/airflow/example_dags/example_external_task_marker_dag.py
[2026-06-14T21:30:37.553+0000] {processor.py:830} INFO - Processing file /home/airflow/.local/lib/python3.12/site-packages/airflow/example_dags/example_external_task_marker_dag.py for tasks to queue
[2026-06-14T21:30:37.555+0000] {logging_mixin.py:188} INFO - [2026-06-14T21:30:37.554+0000] {dagbag.py:545} INFO - Filling up the DagBag from /home/airflow/.local/lib/python3.12/site-packages/airflow/example_dags/example_external_task_marker_dag.py
[2026-06-14T21:30:37.565+0000] {processor.py:840} INFO - DAG(s) 'example_external_task_marker_parent', 'example_external_task_marker_child' retrieved from /home/airflow/.local/lib/python3.12/site-packages/airflow/example_dags/example_external_task_marker_dag.py
[2026-06-14T21:30:37.604+0000] {logging_mixin.py:188} INFO - [2026-06-14T21:30:37.604+0000] {dag.py:3089} INFO - Sync 2 DAGs
[2026-06-14T21:30:37.628+0000] {logging_mixin.py:188} INFO - [2026-06-14T21:30:37.628+0000] {dag.py:3947} INFO - Setting next_dagrun for example_external_task_marker_child to None, run_after=None
[2026-06-14T21:30:37.633+0000] {logging_mixin.py:188} INFO - [2026-06-14T21:30:37.632+0000] {dag.py:3947} INFO - Setting next_dagrun for example_external_task_marker_parent to None, run_after=None
[2026-06-14T21:30:37.654+0000] {processor.py:183} INFO - Processing /home/airflow/.local/lib/python3.12/site-packages/airflow/example_dags/example_external_task_marker_dag.py took 0.110 seconds
[2026-06-14T21:31:08.448+0000] {processor.py:161} INFO - Started process (PID=614) to work on /home/airflow/.local/lib/python3.12/site-packages/airflow/example_dags/example_external_task_marker_dag.py
[2026-06-14T21:31:08.450+0000] {processor.py:830} INFO - Processing file /home/airflow/.local/lib/python3.12/site-packages/airflow/example_dags/example_external_task_marker_dag.py for tasks to queue
[2026-06-14T21:31:08.451+0000] {logging_mixin.py:188} INFO - [2026-06-14T21:31:08.451+0000] {dagbag.py:545} INFO - Filling up the DagBag from /home/airflow/.local/lib/python3.12/site-packages/airflow/example_dags/example_external_task_marker_dag.py
[2026-06-14T21:31:08.465+0000] {processor.py:840} INFO - DAG(s) 'example_external_task_marker_child', 'example_external_task_marker_parent' retrieved from /home/airflow/.local/lib/python3.12/site-packages/airflow/example_dags/example_external_task_marker_dag.py
[2026-06-14T21:31:08.504+0000] {logging_mixin.py:188} INFO - [2026-06-14T21:31:08.503+0000] {dag.py:3089} INFO - Sync 2 DAGs
[2026-06-14T21:31:08.531+0000] {logging_mixin.py:188} INFO - [2026-06-14T21:31:08.531+0000] {dag.py:3947} INFO - Setting next_dagrun for example_external_task_marker_child to None, run_after=None
[2026-06-14T21:31:08.538+0000] {logging_mixin.py:188} INFO - [2026-06-14T21:31:08.538+0000] {dag.py:3947} INFO - Setting next_dagrun for example_external_task_marker_parent to None, run_after=None
[2026-06-14T21:31:08.568+0000] {processor.py:183} INFO - Processing /home/airflow/.local/lib/python3.12/site-packages/airflow/example_dags/example_external_task_marker_dag.py took 0.130 seconds
[2026-06-14T21:31:39.342+0000] {processor.py:161} INFO - Started process (PID=672) to work on /home/airflow/.local/lib/python3.12/site-packages/airflow/example_dags/example_external_task_marker_dag.py
[2026-06-14T21:31:39.344+0000] {processor.py:830} INFO - Processing file /home/airflow/.local/lib/python3.12/site-packages/airflow/example_dags/example_external_task_marker_dag.py for tasks to queue
[2026-06-14T21:31:39.346+0000] {logging_mixin.py:188} INFO - [2026-06-14T21:31:39.346+0000] {dagbag.py:545} INFO - Filling up the DagBag from /home/airflow/.local/lib/python3.12/site-packages/airflow/example_dags/example_external_task_marker_dag.py
[2026-06-14T21:31:39.357+0000] {processor.py:840} INFO - DAG(s) 'example_external_task_marker_child', 'example_external_task_marker_parent' retrieved from /home/airflow/.local/lib/python3.12/site-packages/airflow/example_dags/example_external_task_marker_dag.py
[2026-06-14T21:31:39.412+0000] {logging_mixin.py:188} INFO - [2026-06-14T21:31:39.411+0000] {dag.py:3089} INFO - Sync 2 DAGs
[2026-06-14T21:31:39.440+0000] {logging_mixin.py:188} INFO - [2026-06-14T21:31:39.439+0000] {dag.py:3947} INFO - Setting next_dagrun for example_external_task_marker_child to None, run_after=None
[2026-06-14T21:31:39.448+0000] {logging_mixin.py:188} INFO - [2026-06-14T21:31:39.448+0000] {dag.py:3947} INFO - Setting next_dagrun for example_external_task_marker_parent to None, run_after=None
[2026-06-14T21:31:39.482+0000] {processor.py:183} INFO - Processing /home/airflow/.local/lib/python3.12/site-packages/airflow/example_dags/example_external_task_marker_dag.py took 0.153 seconds
[2026-06-14T21:32:09.675+0000] {processor.py:161} INFO - Started process (PID=729) to work on /home/airflow/.local/lib/python3.12/site-packages/airflow/example_dags/example_external_task_marker_dag.py
[2026-06-14T21:32:09.677+0000] {processor.py:830} INFO - Processing file /home/airflow/.local/lib/python3.12/site-packages/airflow/example_dags/example_external_task_marker_dag.py for tasks to queue
[2026-06-14T21:32:09.679+0000] {logging_mixin.py:188} INFO - [2026-06-14T21:32:09.678+0000] {dagbag.py:545} INFO - Filling up the DagBag from /home/airflow/.local/lib/python3.12/site-packages/airflow/example_dags/example_external_task_marker_dag.py
[2026-06-14T21:32:09.691+0000] {processor.py:840} INFO - DAG(s) 'example_external_task_marker_parent', 'example_external_task_marker_child' retrieved from /home/airflow/.local/lib/python3.12/site-packages/airflow/example_dags/example_external_task_marker_dag.py
[2026-06-14T21:32:09.734+0000] {logging_mixin.py:188} INFO - [2026-06-14T21:32:09.733+0000] {dag.py:3089} INFO - Sync 2 DAGs
[2026-06-14T21:32:09.758+0000] {logging_mixin.py:188} INFO - [2026-06-14T21:32:09.758+0000] {dag.py:3947} INFO - Setting next_dagrun for example_external_task_marker_child to None, run_after=None
[2026-06-14T21:32:09.765+0000] {logging_mixin.py:188} INFO - [2026-06-14T21:32:09.765+0000] {dag.py:3947} INFO - Setting next_dagrun for example_external_task_marker_parent to None, run_after=None
[2026-06-14T21:32:09.791+0000] {processor.py:183} INFO - Processing /home/airflow/.local/lib/python3.12/site-packages/airflow/example_dags/example_external_task_marker_dag.py took 0.127 seconds
[2026-06-14T21:40:00.741+0000] {processor.py:161} INFO - Started process (PID=86) to work on /home/airflow/.local/lib/python3.12/site-packages/airflow/example_dags/example_external_task_marker_dag.py
[2026-06-14T21:40:00.742+0000] {processor.py:830} INFO - Processing file /home/airflow/.local/lib/python3.12/site-packages/airflow/example_dags/example_external_task_marker_dag.py for tasks to queue
[2026-06-14T21:40:00.745+0000] {logging_mixin.py:188} INFO - [2026-06-14T21:40:00.745+0000] {dagbag.py:545} INFO - Filling up the DagBag from /home/airflow/.local/lib/python3.12/site-packages/airflow/example_dags/example_external_task_marker_dag.py
[2026-06-14T21:40:00.759+0000] {processor.py:840} INFO - DAG(s) 'example_external_task_marker_parent', 'example_external_task_marker_child' retrieved from /home/airflow/.local/lib/python3.12/site-packages/airflow/example_dags/example_external_task_marker_dag.py
[2026-06-14T21:40:01.011+0000] {logging_mixin.py:188} INFO - [2026-06-14T21:40:01.010+0000] {dag.py:3089} INFO - Sync 2 DAGs
[2026-06-14T21:40:01.034+0000] {logging_mixin.py:188} INFO - [2026-06-14T21:40:01.033+0000] {dag.py:3947} INFO - Setting next_dagrun for example_external_task_marker_child to None, run_after=None
[2026-06-14T21:40:01.044+0000] {logging_mixin.py:188} INFO - [2026-06-14T21:40:01.043+0000] {dag.py:3947} INFO - Setting next_dagrun for example_external_task_marker_parent to None, run_after=None
[2026-06-14T21:40:01.102+0000] {processor.py:183} INFO - Processing /home/airflow/.local/lib/python3.12/site-packages/airflow/example_dags/example_external_task_marker_dag.py took 0.370 seconds
[2026-06-14T21:40:31.654+0000] {processor.py:161} INFO - Started process (PID=145) to work on /home/airflow/.local/lib/python3.12/site-packages/airflow/example_dags/example_external_task_marker_dag.py
[2026-06-14T21:40:31.657+0000] {processor.py:830} INFO - Processing file /home/airflow/.local/lib/python3.12/site-packages/airflow/example_dags/example_external_task_marker_dag.py for tasks to queue
[2026-06-14T21:40:31.661+0000] {logging_mixin.py:188} INFO - [2026-06-14T21:40:31.660+0000] {dagbag.py:545} INFO - Filling up the DagBag from /home/airflow/.local/lib/python3.12/site-packages/airflow/example_dags/example_external_task_marker_dag.py
[2026-06-14T21:40:31.675+0000] {processor.py:840} INFO - DAG(s) 'example_external_task_marker_parent', 'example_external_task_marker_child' retrieved from /home/airflow/.local/lib/python3.12/site-packages/airflow/example_dags/example_external_task_marker_dag.py
[2026-06-14T21:40:31.733+0000] {logging_mixin.py:188} INFO - [2026-06-14T21:40:31.733+0000] {dag.py:3089} INFO - Sync 2 DAGs
[2026-06-14T21:40:31.756+0000] {logging_mixin.py:188} INFO - [2026-06-14T21:40:31.756+0000] {dag.py:3947} INFO - Setting next_dagrun for example_external_task_marker_child to None, run_after=None
[2026-06-14T21:40:31.765+0000] {logging_mixin.py:188} INFO - [2026-06-14T21:40:31.765+0000] {dag.py:3947} INFO - Setting next_dagrun for example_external_task_marker_parent to None, run_after=None
[2026-06-14T21:40:31.793+0000] {processor.py:183} INFO - Processing /home/airflow/.local/lib/python3.12/site-packages/airflow/example_dags/example_external_task_marker_dag.py took 0.154 seconds
[2026-06-14T21:41:02.035+0000] {processor.py:161} INFO - Started process (PID=204) to work on /home/airflow/.local/lib/python3.12/site-packages/airflow/example_dags/example_external_task_marker_dag.py
[2026-06-14T21:41:02.037+0000] {processor.py:830} INFO - Processing file /home/airflow/.local/lib/python3.12/site-packages/airflow/example_dags/example_external_task_marker_dag.py for tasks to queue
[2026-06-14T21:41:02.040+0000] {logging_mixin.py:188} INFO - [2026-06-14T21:41:02.039+0000] {dagbag.py:545} INFO - Filling up the DagBag from /home/airflow/.local/lib/python3.12/site-packages/airflow/example_dags/example_external_task_marker_dag.py
[2026-06-14T21:41:02.050+0000] {processor.py:840} INFO - DAG(s) 'example_external_task_marker_child', 'example_external_task_marker_parent' retrieved from /home/airflow/.local/lib/python3.12/site-packages/airflow/example_dags/example_external_task_marker_dag.py
[2026-06-14T21:41:02.094+0000] {logging_mixin.py:188} INFO - [2026-06-14T21:41:02.093+0000] {dag.py:3089} INFO - Sync 2 DAGs
[2026-06-14T21:41:02.125+0000] {logging_mixin.py:188} INFO - [2026-06-14T21:41:02.124+0000] {dag.py:3947} INFO - Setting next_dagrun for example_external_task_marker_child to None, run_after=None
[2026-06-14T21:41:02.133+0000] {logging_mixin.py:188} INFO - [2026-06-14T21:41:02.133+0000] {dag.py:3947} INFO - Setting next_dagrun for example_external_task_marker_parent to None, run_after=None
[2026-06-14T21:41:02.169+0000] {processor.py:183} INFO - Processing /home/airflow/.local/lib/python3.12/site-packages/airflow/example_dags/example_external_task_marker_dag.py took 0.145 seconds
[2026-06-14T21:41:32.777+0000] {processor.py:161} INFO - Started process (PID=263) to work on /home/airflow/.local/lib/python3.12/site-packages/airflow/example_dags/example_external_task_marker_dag.py
[2026-06-14T21:41:32.779+0000] {processor.py:830} INFO - Processing file /home/airflow/.local/lib/python3.12/site-packages/airflow/example_dags/example_external_task_marker_dag.py for tasks to queue
[2026-06-14T21:41:32.783+0000] {logging_mixin.py:188} INFO - [2026-06-14T21:41:32.783+0000] {dagbag.py:545} INFO - Filling up the DagBag from /home/airflow/.local/lib/python3.12/site-packages/airflow/example_dags/example_external_task_marker_dag.py
[2026-06-14T21:41:32.794+0000] {processor.py:840} INFO - DAG(s) 'example_external_task_marker_child', 'example_external_task_marker_parent' retrieved from /home/airflow/.local/lib/python3.12/site-packages/airflow/example_dags/example_external_task_marker_dag.py
[2026-06-14T21:41:32.842+0000] {logging_mixin.py:188} INFO - [2026-06-14T21:41:32.841+0000] {dag.py:3089} INFO - Sync 2 DAGs
[2026-06-14T21:41:32.866+0000] {logging_mixin.py:188} INFO - [2026-06-14T21:41:32.866+0000] {dag.py:3947} INFO - Setting next_dagrun for example_external_task_marker_child to None, run_after=None
[2026-06-14T21:41:32.877+0000] {logging_mixin.py:188} INFO - [2026-06-14T21:41:32.876+0000] {dag.py:3947} INFO - Setting next_dagrun for example_external_task_marker_parent to None, run_after=None
[2026-06-14T21:41:32.928+0000] {processor.py:183} INFO - Processing /home/airflow/.local/lib/python3.12/site-packages/airflow/example_dags/example_external_task_marker_dag.py took 0.163 seconds
[2026-06-14T21:42:03.703+0000] {processor.py:161} INFO - Started process (PID=322) to work on /home/airflow/.local/lib/python3.12/site-packages/airflow/example_dags/example_external_task_marker_dag.py
[2026-06-14T21:42:03.706+0000] {processor.py:830} INFO - Processing file /home/airflow/.local/lib/python3.12/site-packages/airflow/example_dags/example_external_task_marker_dag.py for tasks to queue
[2026-06-14T21:42:03.710+0000] {logging_mixin.py:188} INFO - [2026-06-14T21:42:03.710+0000] {dagbag.py:545} INFO - Filling up the DagBag from /home/airflow/.local/lib/python3.12/site-packages/airflow/example_dags/example_external_task_marker_dag.py
[2026-06-14T21:42:03.726+0000] {processor.py:840} INFO - DAG(s) 'example_external_task_marker_parent', 'example_external_task_marker_child' retrieved from /home/airflow/.local/lib/python3.12/site-packages/airflow/example_dags/example_external_task_marker_dag.py
[2026-06-14T21:42:03.778+0000] {logging_mixin.py:188} INFO - [2026-06-14T21:42:03.777+0000] {dag.py:3089} INFO - Sync 2 DAGs
[2026-06-14T21:42:03.809+0000] {logging_mixin.py:188} INFO - [2026-06-14T21:42:03.809+0000] {dag.py:3947} INFO - Setting next_dagrun for example_external_task_marker_child to None, run_after=None
[2026-06-14T21:42:03.817+0000] {logging_mixin.py:188} INFO - [2026-06-14T21:42:03.817+0000] {dag.py:3947} INFO - Setting next_dagrun for example_external_task_marker_parent to None, run_after=None
[2026-06-14T21:42:03.846+0000] {processor.py:183} INFO - Processing /home/airflow/.local/lib/python3.12/site-packages/airflow/example_dags/example_external_task_marker_dag.py took 0.155 seconds
[2026-06-14T21:42:34.541+0000] {processor.py:161} INFO - Started process (PID=381) to work on /home/airflow/.local/lib/python3.12/site-packages/airflow/example_dags/example_external_task_marker_dag.py
[2026-06-14T21:42:34.543+0000] {processor.py:830} INFO - Processing file /home/airflow/.local/lib/python3.12/site-packages/airflow/example_dags/example_external_task_marker_dag.py for tasks to queue
[2026-06-14T21:42:34.547+0000] {logging_mixin.py:188} INFO - [2026-06-14T21:42:34.546+0000] {dagbag.py:545} INFO - Filling up the DagBag from /home/airflow/.local/lib/python3.12/site-packages/airflow/example_dags/example_external_task_marker_dag.py
[2026-06-14T21:42:34.559+0000] {processor.py:840} INFO - DAG(s) 'example_external_task_marker_parent', 'example_external_task_marker_child' retrieved from /home/airflow/.local/lib/python3.12/site-packages/airflow/example_dags/example_external_task_marker_dag.py
[2026-06-14T21:42:34.599+0000] {logging_mixin.py:188} INFO - [2026-06-14T21:42:34.599+0000] {dag.py:3089} INFO - Sync 2 DAGs
[2026-06-14T21:42:34.622+0000] {logging_mixin.py:188} INFO - [2026-06-14T21:42:34.622+0000] {dag.py:3947} INFO - Setting next_dagrun for example_external_task_marker_child to None, run_after=None
[2026-06-14T21:42:34.631+0000] {logging_mixin.py:188} INFO - [2026-06-14T21:42:34.631+0000] {dag.py:3947} INFO - Setting next_dagrun for example_external_task_marker_parent to None, run_after=None
[2026-06-14T21:42:34.665+0000] {processor.py:183} INFO - Processing /home/airflow/.local/lib/python3.12/site-packages/airflow/example_dags/example_external_task_marker_dag.py took 0.134 seconds
[2026-06-14T21:43:05.059+0000] {processor.py:161} INFO - Started process (PID=440) to work on /home/airflow/.local/lib/python3.12/site-packages/airflow/example_dags/example_external_task_marker_dag.py
[2026-06-14T21:43:05.061+0000] {processor.py:830} INFO - Processing file /home/airflow/.local/lib/python3.12/site-packages/airflow/example_dags/example_external_task_marker_dag.py for tasks to queue
[2026-06-14T21:43:05.064+0000] {logging_mixin.py:188} INFO - [2026-06-14T21:43:05.063+0000] {dagbag.py:545} INFO - Filling up the DagBag from /home/airflow/.local/lib/python3.12/site-packages/airflow/example_dags/example_external_task_marker_dag.py
[2026-06-14T21:43:05.075+0000] {processor.py:840} INFO - DAG(s) 'example_external_task_marker_child', 'example_external_task_marker_parent' retrieved from /home/airflow/.local/lib/python3.12/site-packages/airflow/example_dags/example_external_task_marker_dag.py
[2026-06-14T21:43:05.112+0000] {logging_mixin.py:188} INFO - [2026-06-14T21:43:05.111+0000] {dag.py:3089} INFO - Sync 2 DAGs
[2026-06-14T21:43:05.132+0000] {logging_mixin.py:188} INFO - [2026-06-14T21:43:05.132+0000] {dag.py:3947} INFO - Setting next_dagrun for example_external_task_marker_child to None, run_after=None
[2026-06-14T21:43:05.139+0000] {logging_mixin.py:188} INFO - [2026-06-14T21:43:05.139+0000] {dag.py:3947} INFO - Setting next_dagrun for example_external_task_marker_parent to None, run_after=None
[2026-06-14T21:43:05.165+0000] {processor.py:183} INFO - Processing /home/airflow/.local/lib/python3.12/site-packages/airflow/example_dags/example_external_task_marker_dag.py took 0.117 seconds
[2026-06-14T21:43:36.073+0000] {processor.py:161} INFO - Started process (PID=499) to work on /home/airflow/.local/lib/python3.12/site-packages/airflow/example_dags/example_external_task_marker_dag.py
[2026-06-14T21:43:36.074+0000] {processor.py:830} INFO - Processing file /home/airflow/.local/lib/python3.12/site-packages/airflow/example_dags/example_external_task_marker_dag.py for tasks to queue
[2026-06-14T21:43:36.077+0000] {logging_mixin.py:188} INFO - [2026-06-14T21:43:36.077+0000] {dagbag.py:545} INFO - Filling up the DagBag from /home/airflow/.local/lib/python3.12/site-packages/airflow/example_dags/example_external_task_marker_dag.py
[2026-06-14T21:43:36.086+0000] {processor.py:840} INFO - DAG(s) 'example_external_task_marker_child', 'example_external_task_marker_parent' retrieved from /home/airflow/.local/lib/python3.12/site-packages/airflow/example_dags/example_external_task_marker_dag.py
[2026-06-14T21:43:36.126+0000] {logging_mixin.py:188} INFO - [2026-06-14T21:43:36.126+0000] {dag.py:3089} INFO - Sync 2 DAGs
[2026-06-14T21:43:36.143+0000] {logging_mixin.py:188} INFO - [2026-06-14T21:43:36.143+0000] {dag.py:3947} INFO - Setting next_dagrun for example_external_task_marker_child to None, run_after=None
[2026-06-14T21:43:36.148+0000] {logging_mixin.py:188} INFO - [2026-06-14T21:43:36.148+0000] {dag.py:3947} INFO - Setting next_dagrun for example_external_task_marker_parent to None, run_after=None
[2026-06-14T21:43:36.177+0000] {processor.py:183} INFO - Processing /home/airflow/.local/lib/python3.12/site-packages/airflow/example_dags/example_external_task_marker_dag.py took 0.111 seconds
[2026-06-14T21:44:06.846+0000] {processor.py:161} INFO - Started process (PID=558) to work on /home/airflow/.local/lib/python3.12/site-packages/airflow/example_dags/example_external_task_marker_dag.py
[2026-06-14T21:44:06.848+0000] {processor.py:830} INFO - Processing file /home/airflow/.local/lib/python3.12/site-packages/airflow/example_dags/example_external_task_marker_dag.py for tasks to queue
[2026-06-14T21:44:06.851+0000] {logging_mixin.py:188} INFO - [2026-06-14T21:44:06.851+0000] {dagbag.py:545} INFO - Filling up the DagBag from /home/airflow/.local/lib/python3.12/site-packages/airflow/example_dags/example_external_task_marker_dag.py
[2026-06-14T21:44:06.863+0000] {processor.py:840} INFO - DAG(s) 'example_external_task_marker_child', 'example_external_task_marker_parent' retrieved from /home/airflow/.local/lib/python3.12/site-packages/airflow/example_dags/example_external_task_marker_dag.py
[2026-06-14T21:44:06.896+0000] {logging_mixin.py:188} INFO - [2026-06-14T21:44:06.896+0000] {dag.py:3089} INFO - Sync 2 DAGs
[2026-06-14T21:44:06.917+0000] {logging_mixin.py:188} INFO - [2026-06-14T21:44:06.917+0000] {dag.py:3947} INFO - Setting next_dagrun for example_external_task_marker_child to None, run_after=None
[2026-06-14T21:44:06.924+0000] {logging_mixin.py:188} INFO - [2026-06-14T21:44:06.924+0000] {dag.py:3947} INFO - Setting next_dagrun for example_external_task_marker_parent to None, run_after=None
[2026-06-14T21:44:06.951+0000] {processor.py:183} INFO - Processing /home/airflow/.local/lib/python3.12/site-packages/airflow/example_dags/example_external_task_marker_dag.py took 0.115 seconds
[2026-06-14T21:44:37.126+0000] {processor.py:161} INFO - Started process (PID=617) to work on /home/airflow/.local/lib/python3.12/site-packages/airflow/example_dags/example_external_task_marker_dag.py
[2026-06-14T21:44:37.127+0000] {processor.py:830} INFO - Processing file /home/airflow/.local/lib/python3.12/site-packages/airflow/example_dags/example_external_task_marker_dag.py for tasks to queue
[2026-06-14T21:44:37.133+0000] {logging_mixin.py:188} INFO - [2026-06-14T21:44:37.131+0000] {dagbag.py:545} INFO - Filling up the DagBag from /home/airflow/.local/lib/python3.12/site-packages/airflow/example_dags/example_external_task_marker_dag.py
[2026-06-14T21:44:37.148+0000] {processor.py:840} INFO - DAG(s) 'example_external_task_marker_parent', 'example_external_task_marker_child' retrieved from /home/airflow/.local/lib/python3.12/site-packages/airflow/example_dags/example_external_task_marker_dag.py
[2026-06-14T21:44:37.211+0000] {logging_mixin.py:188} INFO - [2026-06-14T21:44:37.211+0000] {dag.py:3089} INFO - Sync 2 DAGs
[2026-06-14T21:44:37.238+0000] {logging_mixin.py:188} INFO - [2026-06-14T21:44:37.237+0000] {dag.py:3947} INFO - Setting next_dagrun for example_external_task_marker_child to None, run_after=None
[2026-06-14T21:44:37.245+0000] {logging_mixin.py:188} INFO - [2026-06-14T21:44:37.244+0000] {dag.py:3947} INFO - Setting next_dagrun for example_external_task_marker_parent to None, run_after=None
[2026-06-14T21:44:37.282+0000] {processor.py:183} INFO - Processing /home/airflow/.local/lib/python3.12/site-packages/airflow/example_dags/example_external_task_marker_dag.py took 0.164 seconds
[2026-06-14T21:45:07.491+0000] {processor.py:161} INFO - Started process (PID=675) to work on /home/airflow/.local/lib/python3.12/site-packages/airflow/example_dags/example_external_task_marker_dag.py
[2026-06-14T21:45:07.492+0000] {processor.py:830} INFO - Processing file /home/airflow/.local/lib/python3.12/site-packages/airflow/example_dags/example_external_task_marker_dag.py for tasks to queue
[2026-06-14T21:45:07.495+0000] {logging_mixin.py:188} INFO - [2026-06-14T21:45:07.494+0000] {dagbag.py:545} INFO - Filling up the DagBag from /home/airflow/.local/lib/python3.12/site-packages/airflow/example_dags/example_external_task_marker_dag.py
[2026-06-14T21:45:07.502+0000] {processor.py:840} INFO - DAG(s) 'example_external_task_marker_parent', 'example_external_task_marker_child' retrieved from /home/airflow/.local/lib/python3.12/site-packages/airflow/example_dags/example_external_task_marker_dag.py
[2026-06-14T21:45:07.529+0000] {logging_mixin.py:188} INFO - [2026-06-14T21:45:07.529+0000] {dag.py:3089} INFO - Sync 2 DAGs
[2026-06-14T21:45:07.544+0000] {logging_mixin.py:188} INFO - [2026-06-14T21:45:07.544+0000] {dag.py:3947} INFO - Setting next_dagrun for example_external_task_marker_child to None, run_after=None
[2026-06-14T21:45:07.548+0000] {logging_mixin.py:188} INFO - [2026-06-14T21:45:07.548+0000] {dag.py:3947} INFO - Setting next_dagrun for example_external_task_marker_parent to None, run_after=None
[2026-06-14T21:45:07.567+0000] {processor.py:183} INFO - Processing /home/airflow/.local/lib/python3.12/site-packages/airflow/example_dags/example_external_task_marker_dag.py took 0.082 seconds
[2026-06-14T21:45:37.991+0000] {processor.py:161} INFO - Started process (PID=734) to work on /home/airflow/.local/lib/python3.12/site-packages/airflow/example_dags/example_external_task_marker_dag.py
[2026-06-14T21:45:37.992+0000] {processor.py:830} INFO - Processing file /home/airflow/.local/lib/python3.12/site-packages/airflow/example_dags/example_external_task_marker_dag.py for tasks to queue
[2026-06-14T21:45:37.995+0000] {logging_mixin.py:188} INFO - [2026-06-14T21:45:37.994+0000] {dagbag.py:545} INFO - Filling up the DagBag from /home/airflow/.local/lib/python3.12/site-packages/airflow/example_dags/example_external_task_marker_dag.py
[2026-06-14T21:45:38.002+0000] {processor.py:840} INFO - DAG(s) 'example_external_task_marker_parent', 'example_external_task_marker_child' retrieved from /home/airflow/.local/lib/python3.12/site-packages/airflow/example_dags/example_external_task_marker_dag.py
[2026-06-14T21:45:38.031+0000] {logging_mixin.py:188} INFO - [2026-06-14T21:45:38.031+0000] {dag.py:3089} INFO - Sync 2 DAGs
[2026-06-14T21:45:38.047+0000] {logging_mixin.py:188} INFO - [2026-06-14T21:45:38.047+0000] {dag.py:3947} INFO - Setting next_dagrun for example_external_task_marker_child to None, run_after=None
[2026-06-14T21:45:38.053+0000] {logging_mixin.py:188} INFO - [2026-06-14T21:45:38.053+0000] {dag.py:3947} INFO - Setting next_dagrun for example_external_task_marker_parent to None, run_after=None
[2026-06-14T21:45:38.079+0000] {processor.py:183} INFO - Processing /home/airflow/.local/lib/python3.12/site-packages/airflow/example_dags/example_external_task_marker_dag.py took 0.095 seconds
[2026-06-14T21:46:08.846+0000] {processor.py:161} INFO - Started process (PID=793) to work on /home/airflow/.local/lib/python3.12/site-packages/airflow/example_dags/example_external_task_marker_dag.py
[2026-06-14T21:46:08.848+0000] {processor.py:830} INFO - Processing file /home/airflow/.local/lib/python3.12/site-packages/airflow/example_dags/example_external_task_marker_dag.py for tasks to queue
[2026-06-14T21:46:08.851+0000] {logging_mixin.py:188} INFO - [2026-06-14T21:46:08.851+0000] {dagbag.py:545} INFO - Filling up the DagBag from /home/airflow/.local/lib/python3.12/site-packages/airflow/example_dags/example_external_task_marker_dag.py
[2026-06-14T21:46:08.861+0000] {processor.py:840} INFO - DAG(s) 'example_external_task_marker_child', 'example_external_task_marker_parent' retrieved from /home/airflow/.local/lib/python3.12/site-packages/airflow/example_dags/example_external_task_marker_dag.py
[2026-06-14T21:46:08.899+0000] {logging_mixin.py:188} INFO - [2026-06-14T21:46:08.899+0000] {dag.py:3089} INFO - Sync 2 DAGs
[2026-06-14T21:46:08.918+0000] {logging_mixin.py:188} INFO - [2026-06-14T21:46:08.917+0000] {dag.py:3947} INFO - Setting next_dagrun for example_external_task_marker_child to None, run_after=None
[2026-06-14T21:46:08.925+0000] {logging_mixin.py:188} INFO - [2026-06-14T21:46:08.925+0000] {dag.py:3947} INFO - Setting next_dagrun for example_external_task_marker_parent to None, run_after=None
[2026-06-14T21:46:09.002+0000] {processor.py:183} INFO - Processing /home/airflow/.local/lib/python3.12/site-packages/airflow/example_dags/example_external_task_marker_dag.py took 0.166 seconds
[2026-06-14T21:46:39.498+0000] {processor.py:161} INFO - Started process (PID=852) to work on /home/airflow/.local/lib/python3.12/site-packages/airflow/example_dags/example_external_task_marker_dag.py
[2026-06-14T21:46:39.501+0000] {processor.py:830} INFO - Processing file /home/airflow/.local/lib/python3.12/site-packages/airflow/example_dags/example_external_task_marker_dag.py for tasks to queue
[2026-06-14T21:46:39.506+0000] {logging_mixin.py:188} INFO - [2026-06-14T21:46:39.505+0000] {dagbag.py:545} INFO - Filling up the DagBag from /home/airflow/.local/lib/python3.12/site-packages/airflow/example_dags/example_external_task_marker_dag.py
[2026-06-14T21:46:39.522+0000] {processor.py:840} INFO - DAG(s) 'example_external_task_marker_parent', 'example_external_task_marker_child' retrieved from /home/airflow/.local/lib/python3.12/site-packages/airflow/example_dags/example_external_task_marker_dag.py
[2026-06-14T21:46:39.573+0000] {logging_mixin.py:188} INFO - [2026-06-14T21:46:39.572+0000] {dag.py:3089} INFO - Sync 2 DAGs
[2026-06-14T21:46:39.597+0000] {logging_mixin.py:188} INFO - [2026-06-14T21:46:39.596+0000] {dag.py:3947} INFO - Setting next_dagrun for example_external_task_marker_child to None, run_after=None
[2026-06-14T21:46:39.606+0000] {logging_mixin.py:188} INFO - [2026-06-14T21:46:39.605+0000] {dag.py:3947} INFO - Setting next_dagrun for example_external_task_marker_parent to None, run_after=None
[2026-06-14T21:46:39.636+0000] {processor.py:183} INFO - Processing /home/airflow/.local/lib/python3.12/site-packages/airflow/example_dags/example_external_task_marker_dag.py took 0.148 seconds
[2026-06-14T21:47:10.245+0000] {processor.py:161} INFO - Started process (PID=911) to work on /home/airflow/.local/lib/python3.12/site-packages/airflow/example_dags/example_external_task_marker_dag.py
[2026-06-14T21:47:10.248+0000] {processor.py:830} INFO - Processing file /home/airflow/.local/lib/python3.12/site-packages/airflow/example_dags/example_external_task_marker_dag.py for tasks to queue
[2026-06-14T21:47:10.261+0000] {logging_mixin.py:188} INFO - [2026-06-14T21:47:10.260+0000] {dagbag.py:545} INFO - Filling up the DagBag from /home/airflow/.local/lib/python3.12/site-packages/airflow/example_dags/example_external_task_marker_dag.py
[2026-06-14T21:47:10.280+0000] {processor.py:840} INFO - DAG(s) 'example_external_task_marker_parent', 'example_external_task_marker_child' retrieved from /home/airflow/.local/lib/python3.12/site-packages/airflow/example_dags/example_external_task_marker_dag.py
[2026-06-14T21:47:10.350+0000] {logging_mixin.py:188} INFO - [2026-06-14T21:47:10.349+0000] {dag.py:3089} INFO - Sync 2 DAGs
[2026-06-14T21:47:10.392+0000] {logging_mixin.py:188} INFO - [2026-06-14T21:47:10.391+0000] {dag.py:3947} INFO - Setting next_dagrun for example_external_task_marker_child to None, run_after=None
[2026-06-14T21:47:10.405+0000] {logging_mixin.py:188} INFO - [2026-06-14T21:47:10.404+0000] {dag.py:3947} INFO - Setting next_dagrun for example_external_task_marker_parent to None, run_after=None
[2026-06-14T21:47:10.510+0000] {processor.py:183} INFO - Processing /home/airflow/.local/lib/python3.12/site-packages/airflow/example_dags/example_external_task_marker_dag.py took 0.285 seconds
[2026-06-14T21:47:41.471+0000] {processor.py:161} INFO - Started process (PID=970) to work on /home/airflow/.local/lib/python3.12/site-packages/airflow/example_dags/example_external_task_marker_dag.py
[2026-06-14T21:47:41.484+0000] {processor.py:830} INFO - Processing file /home/airflow/.local/lib/python3.12/site-packages/airflow/example_dags/example_external_task_marker_dag.py for tasks to queue
[2026-06-14T21:47:41.496+0000] {logging_mixin.py:188} INFO - [2026-06-14T21:47:41.495+0000] {dagbag.py:545} INFO - Filling up the DagBag from /home/airflow/.local/lib/python3.12/site-packages/airflow/example_dags/example_external_task_marker_dag.py
[2026-06-14T21:47:41.518+0000] {processor.py:840} INFO - DAG(s) 'example_external_task_marker_parent', 'example_external_task_marker_child' retrieved from /home/airflow/.local/lib/python3.12/site-packages/airflow/example_dags/example_external_task_marker_dag.py
[2026-06-14T21:47:41.642+0000] {logging_mixin.py:188} INFO - [2026-06-14T21:47:41.629+0000] {dag.py:3089} INFO - Sync 2 DAGs
[2026-06-14T21:47:41.707+0000] {logging_mixin.py:188} INFO - [2026-06-14T21:47:41.706+0000] {dag.py:3947} INFO - Setting next_dagrun for example_external_task_marker_child to None, run_after=None
[2026-06-14T21:47:41.720+0000] {logging_mixin.py:188} INFO - [2026-06-14T21:47:41.720+0000] {dag.py:3947} INFO - Setting next_dagrun for example_external_task_marker_parent to None, run_after=None
[2026-06-14T21:47:41.779+0000] {processor.py:183} INFO - Processing /home/airflow/.local/lib/python3.12/site-packages/airflow/example_dags/example_external_task_marker_dag.py took 0.332 seconds
[2026-06-14T21:48:11.875+0000] {processor.py:161} INFO - Started process (PID=1028) to work on /home/airflow/.local/lib/python3.12/site-packages/airflow/example_dags/example_external_task_marker_dag.py
[2026-06-14T21:48:11.876+0000] {processor.py:830} INFO - Processing file /home/airflow/.local/lib/python3.12/site-packages/airflow/example_dags/example_external_task_marker_dag.py for tasks to queue
[2026-06-14T21:48:11.879+0000] {logging_mixin.py:188} INFO - [2026-06-14T21:48:11.878+0000] {dagbag.py:545} INFO - Filling up the DagBag from /home/airflow/.local/lib/python3.12/site-packages/airflow/example_dags/example_external_task_marker_dag.py
[2026-06-14T21:48:11.887+0000] {processor.py:840} INFO - DAG(s) 'example_external_task_marker_parent', 'example_external_task_marker_child' retrieved from /home/airflow/.local/lib/python3.12/site-packages/airflow/example_dags/example_external_task_marker_dag.py
[2026-06-14T21:48:11.922+0000] {logging_mixin.py:188} INFO - [2026-06-14T21:48:11.921+0000] {dag.py:3089} INFO - Sync 2 DAGs
[2026-06-14T21:48:11.940+0000] {logging_mixin.py:188} INFO - [2026-06-14T21:48:11.939+0000] {dag.py:3947} INFO - Setting next_dagrun for example_external_task_marker_child to None, run_after=None
[2026-06-14T21:48:11.944+0000] {logging_mixin.py:188} INFO - [2026-06-14T21:48:11.944+0000] {dag.py:3947} INFO - Setting next_dagrun for example_external_task_marker_parent to None, run_after=None
[2026-06-14T21:48:11.998+0000] {processor.py:183} INFO - Processing /home/airflow/.local/lib/python3.12/site-packages/airflow/example_dags/example_external_task_marker_dag.py took 0.131 seconds
[2026-06-14T21:48:42.414+0000] {processor.py:161} INFO - Started process (PID=1087) to work on /home/airflow/.local/lib/python3.12/site-packages/airflow/example_dags/example_external_task_marker_dag.py
[2026-06-14T21:48:42.416+0000] {processor.py:830} INFO - Processing file /home/airflow/.local/lib/python3.12/site-packages/airflow/example_dags/example_external_task_marker_dag.py for tasks to queue
[2026-06-14T21:48:42.420+0000] {logging_mixin.py:188} INFO - [2026-06-14T21:48:42.419+0000] {dagbag.py:545} INFO - Filling up the DagBag from /home/airflow/.local/lib/python3.12/site-packages/airflow/example_dags/example_external_task_marker_dag.py
[2026-06-14T21:48:42.434+0000] {processor.py:840} INFO - DAG(s) 'example_external_task_marker_parent', 'example_external_task_marker_child' retrieved from /home/airflow/.local/lib/python3.12/site-packages/airflow/example_dags/example_external_task_marker_dag.py
[2026-06-14T21:48:42.515+0000] {logging_mixin.py:188} INFO - [2026-06-14T21:48:42.514+0000] {dag.py:3089} INFO - Sync 2 DAGs
[2026-06-14T21:48:42.561+0000] {logging_mixin.py:188} INFO - [2026-06-14T21:48:42.560+0000] {dag.py:3947} INFO - Setting next_dagrun for example_external_task_marker_child to None, run_after=None
[2026-06-14T21:48:42.571+0000] {logging_mixin.py:188} INFO - [2026-06-14T21:48:42.570+0000] {dag.py:3947} INFO - Setting next_dagrun for example_external_task_marker_parent to None, run_after=None
[2026-06-14T21:48:42.618+0000] {processor.py:183} INFO - Processing /home/airflow/.local/lib/python3.12/site-packages/airflow/example_dags/example_external_task_marker_dag.py took 0.214 seconds
[2026-06-14T21:49:13.039+0000] {processor.py:161} INFO - Started process (PID=1145) to work on /home/airflow/.local/lib/python3.12/site-packages/airflow/example_dags/example_external_task_marker_dag.py
[2026-06-14T21:49:13.041+0000] {processor.py:830} INFO - Processing file /home/airflow/.local/lib/python3.12/site-packages/airflow/example_dags/example_external_task_marker_dag.py for tasks to queue
[2026-06-14T21:49:13.043+0000] {logging_mixin.py:188} INFO - [2026-06-14T21:49:13.043+0000] {dagbag.py:545} INFO - Filling up the DagBag from /home/airflow/.local/lib/python3.12/site-packages/airflow/example_dags/example_external_task_marker_dag.py
[2026-06-14T21:49:13.052+0000] {processor.py:840} INFO - DAG(s) 'example_external_task_marker_child', 'example_external_task_marker_parent' retrieved from /home/airflow/.local/lib/python3.12/site-packages/airflow/example_dags/example_external_task_marker_dag.py
[2026-06-14T21:49:13.079+0000] {logging_mixin.py:188} INFO - [2026-06-14T21:49:13.078+0000] {dag.py:3089} INFO - Sync 2 DAGs
[2026-06-14T21:49:13.101+0000] {logging_mixin.py:188} INFO - [2026-06-14T21:49:13.100+0000] {dag.py:3947} INFO - Setting next_dagrun for example_external_task_marker_child to None, run_after=None
[2026-06-14T21:49:13.108+0000] {logging_mixin.py:188} INFO - [2026-06-14T21:49:13.108+0000] {dag.py:3947} INFO - Setting next_dagrun for example_external_task_marker_parent to None, run_after=None
[2026-06-14T21:49:13.182+0000] {processor.py:183} INFO - Processing /home/airflow/.local/lib/python3.12/site-packages/airflow/example_dags/example_external_task_marker_dag.py took 0.150 seconds
