[2026-06-14T21:26:32.009+0000] {processor.py:161} INFO - Started process (PID=86) to work on /home/airflow/.local/lib/python3.12/site-packages/airflow/example_dags/example_sensor_decorator.py
[2026-06-14T21:26:32.011+0000] {processor.py:830} INFO - Processing file /home/airflow/.local/lib/python3.12/site-packages/airflow/example_dags/example_sensor_decorator.py for tasks to queue
[2026-06-14T21:26:32.013+0000] {logging_mixin.py:188} INFO - [2026-06-14T21:26:32.013+0000] {dagbag.py:545} INFO - Filling up the DagBag from /home/airflow/.local/lib/python3.12/site-packages/airflow/example_dags/example_sensor_decorator.py
[2026-06-14T21:26:32.025+0000] {processor.py:840} INFO - DAG(s) 'example_sensor_decorator' retrieved from /home/airflow/.local/lib/python3.12/site-packages/airflow/example_dags/example_sensor_decorator.py
[2026-06-14T21:26:32.190+0000] {logging_mixin.py:188} INFO - [2026-06-14T21:26:32.190+0000] {override.py:1858} INFO - Created Permission View: can delete on DAG:example_sensor_decorator
[2026-06-14T21:26:32.204+0000] {logging_mixin.py:188} INFO - [2026-06-14T21:26:32.204+0000] {override.py:1858} INFO - Created Permission View: can edit on DAG:example_sensor_decorator
[2026-06-14T21:26:32.215+0000] {logging_mixin.py:188} INFO - [2026-06-14T21:26:32.215+0000] {override.py:1858} INFO - Created Permission View: can read on DAG:example_sensor_decorator
[2026-06-14T21:26:32.217+0000] {logging_mixin.py:188} INFO - [2026-06-14T21:26:32.216+0000] {dag.py:3089} INFO - Sync 1 DAGs
[2026-06-14T21:26:32.236+0000] {logging_mixin.py:188} INFO - [2026-06-14T21:26:32.236+0000] {dag.py:3111} INFO - Creating ORM DAG for example_sensor_decorator
[2026-06-14T21:26:32.237+0000] {logging_mixin.py:188} INFO - [2026-06-14T21:26:32.237+0000] {dag.py:3947} INFO - Setting next_dagrun for example_sensor_decorator to None, run_after=None
[2026-06-14T21:26:32.261+0000] {processor.py:183} INFO - Processing /home/airflow/.local/lib/python3.12/site-packages/airflow/example_dags/example_sensor_decorator.py took 0.260 seconds
[2026-06-14T21:27:03.214+0000] {processor.py:161} INFO - Started process (PID=145) to work on /home/airflow/.local/lib/python3.12/site-packages/airflow/example_dags/example_sensor_decorator.py
[2026-06-14T21:27:03.215+0000] {processor.py:830} INFO - Processing file /home/airflow/.local/lib/python3.12/site-packages/airflow/example_dags/example_sensor_decorator.py for tasks to queue
[2026-06-14T21:27:03.218+0000] {logging_mixin.py:188} INFO - [2026-06-14T21:27:03.218+0000] {dagbag.py:545} INFO - Filling up the DagBag from /home/airflow/.local/lib/python3.12/site-packages/airflow/example_dags/example_sensor_decorator.py
[2026-06-14T21:27:03.230+0000] {processor.py:840} INFO - DAG(s) 'example_sensor_decorator' retrieved from /home/airflow/.local/lib/python3.12/site-packages/airflow/example_dags/example_sensor_decorator.py
[2026-06-14T21:27:03.259+0000] {logging_mixin.py:188} INFO - [2026-06-14T21:27:03.259+0000] {dag.py:3089} INFO - Sync 1 DAGs
[2026-06-14T21:27:03.278+0000] {logging_mixin.py:188} INFO - [2026-06-14T21:27:03.277+0000] {dag.py:3947} INFO - Setting next_dagrun for example_sensor_decorator to None, run_after=None
[2026-06-14T21:27:03.304+0000] {processor.py:183} INFO - Processing /home/airflow/.local/lib/python3.12/site-packages/airflow/example_dags/example_sensor_decorator.py took 0.099 seconds
[2026-06-14T21:27:33.643+0000] {processor.py:161} INFO - Started process (PID=204) to work on /home/airflow/.local/lib/python3.12/site-packages/airflow/example_dags/example_sensor_decorator.py
[2026-06-14T21:27:33.644+0000] {processor.py:830} INFO - Processing file /home/airflow/.local/lib/python3.12/site-packages/airflow/example_dags/example_sensor_decorator.py for tasks to queue
[2026-06-14T21:27:33.648+0000] {logging_mixin.py:188} INFO - [2026-06-14T21:27:33.648+0000] {dagbag.py:545} INFO - Filling up the DagBag from /home/airflow/.local/lib/python3.12/site-packages/airflow/example_dags/example_sensor_decorator.py
[2026-06-14T21:27:33.656+0000] {processor.py:840} INFO - DAG(s) 'example_sensor_decorator' retrieved from /home/airflow/.local/lib/python3.12/site-packages/airflow/example_dags/example_sensor_decorator.py
[2026-06-14T21:27:33.693+0000] {logging_mixin.py:188} INFO - [2026-06-14T21:27:33.693+0000] {dag.py:3089} INFO - Sync 1 DAGs
[2026-06-14T21:27:33.714+0000] {logging_mixin.py:188} INFO - [2026-06-14T21:27:33.714+0000] {dag.py:3947} INFO - Setting next_dagrun for example_sensor_decorator to None, run_after=None
[2026-06-14T21:27:33.749+0000] {processor.py:183} INFO - Processing /home/airflow/.local/lib/python3.12/site-packages/airflow/example_dags/example_sensor_decorator.py took 0.117 seconds
[2026-06-14T21:28:04.692+0000] {processor.py:161} INFO - Started process (PID=263) to work on /home/airflow/.local/lib/python3.12/site-packages/airflow/example_dags/example_sensor_decorator.py
[2026-06-14T21:28:04.694+0000] {processor.py:830} INFO - Processing file /home/airflow/.local/lib/python3.12/site-packages/airflow/example_dags/example_sensor_decorator.py for tasks to queue
[2026-06-14T21:28:04.697+0000] {logging_mixin.py:188} INFO - [2026-06-14T21:28:04.697+0000] {dagbag.py:545} INFO - Filling up the DagBag from /home/airflow/.local/lib/python3.12/site-packages/airflow/example_dags/example_sensor_decorator.py
[2026-06-14T21:28:04.706+0000] {processor.py:840} INFO - DAG(s) 'example_sensor_decorator' retrieved from /home/airflow/.local/lib/python3.12/site-packages/airflow/example_dags/example_sensor_decorator.py
[2026-06-14T21:28:04.734+0000] {logging_mixin.py:188} INFO - [2026-06-14T21:28:04.734+0000] {dag.py:3089} INFO - Sync 1 DAGs
[2026-06-14T21:28:04.752+0000] {logging_mixin.py:188} INFO - [2026-06-14T21:28:04.751+0000] {dag.py:3947} INFO - Setting next_dagrun for example_sensor_decorator to None, run_after=None
[2026-06-14T21:28:04.777+0000] {processor.py:183} INFO - Processing /home/airflow/.local/lib/python3.12/site-packages/airflow/example_dags/example_sensor_decorator.py took 0.095 seconds
[2026-06-14T21:28:34.854+0000] {processor.py:161} INFO - Started process (PID=322) to work on /home/airflow/.local/lib/python3.12/site-packages/airflow/example_dags/example_sensor_decorator.py
[2026-06-14T21:28:34.856+0000] {processor.py:830} INFO - Processing file /home/airflow/.local/lib/python3.12/site-packages/airflow/example_dags/example_sensor_decorator.py for tasks to queue
[2026-06-14T21:28:34.861+0000] {logging_mixin.py:188} INFO - [2026-06-14T21:28:34.860+0000] {dagbag.py:545} INFO - Filling up the DagBag from /home/airflow/.local/lib/python3.12/site-packages/airflow/example_dags/example_sensor_decorator.py
[2026-06-14T21:28:34.874+0000] {processor.py:840} INFO - DAG(s) 'example_sensor_decorator' retrieved from /home/airflow/.local/lib/python3.12/site-packages/airflow/example_dags/example_sensor_decorator.py
[2026-06-14T21:28:34.916+0000] {logging_mixin.py:188} INFO - [2026-06-14T21:28:34.916+0000] {dag.py:3089} INFO - Sync 1 DAGs
[2026-06-14T21:28:34.942+0000] {logging_mixin.py:188} INFO - [2026-06-14T21:28:34.942+0000] {dag.py:3947} INFO - Setting next_dagrun for example_sensor_decorator to None, run_after=None
[2026-06-14T21:28:34.979+0000] {processor.py:183} INFO - Processing /home/airflow/.local/lib/python3.12/site-packages/airflow/example_dags/example_sensor_decorator.py took 0.138 seconds
[2026-06-14T21:29:05.690+0000] {processor.py:161} INFO - Started process (PID=381) to work on /home/airflow/.local/lib/python3.12/site-packages/airflow/example_dags/example_sensor_decorator.py
[2026-06-14T21:29:05.708+0000] {processor.py:830} INFO - Processing file /home/airflow/.local/lib/python3.12/site-packages/airflow/example_dags/example_sensor_decorator.py for tasks to queue
[2026-06-14T21:29:05.715+0000] {logging_mixin.py:188} INFO - [2026-06-14T21:29:05.714+0000] {dagbag.py:545} INFO - Filling up the DagBag from /home/airflow/.local/lib/python3.12/site-packages/airflow/example_dags/example_sensor_decorator.py
[2026-06-14T21:29:05.727+0000] {processor.py:840} INFO - DAG(s) 'example_sensor_decorator' retrieved from /home/airflow/.local/lib/python3.12/site-packages/airflow/example_dags/example_sensor_decorator.py
[2026-06-14T21:29:05.778+0000] {logging_mixin.py:188} INFO - [2026-06-14T21:29:05.777+0000] {dag.py:3089} INFO - Sync 1 DAGs
[2026-06-14T21:29:05.802+0000] {logging_mixin.py:188} INFO - [2026-06-14T21:29:05.801+0000] {dag.py:3947} INFO - Setting next_dagrun for example_sensor_decorator to None, run_after=None
[2026-06-14T21:29:05.866+0000] {processor.py:183} INFO - Processing /home/airflow/.local/lib/python3.12/site-packages/airflow/example_dags/example_sensor_decorator.py took 0.209 seconds
[2026-06-14T21:29:36.198+0000] {processor.py:161} INFO - Started process (PID=440) to work on /home/airflow/.local/lib/python3.12/site-packages/airflow/example_dags/example_sensor_decorator.py
[2026-06-14T21:29:36.200+0000] {processor.py:830} INFO - Processing file /home/airflow/.local/lib/python3.12/site-packages/airflow/example_dags/example_sensor_decorator.py for tasks to queue
[2026-06-14T21:29:36.202+0000] {logging_mixin.py:188} INFO - [2026-06-14T21:29:36.202+0000] {dagbag.py:545} INFO - Filling up the DagBag from /home/airflow/.local/lib/python3.12/site-packages/airflow/example_dags/example_sensor_decorator.py
[2026-06-14T21:29:36.209+0000] {processor.py:840} INFO - DAG(s) 'example_sensor_decorator' retrieved from /home/airflow/.local/lib/python3.12/site-packages/airflow/example_dags/example_sensor_decorator.py
[2026-06-14T21:29:36.233+0000] {logging_mixin.py:188} INFO - [2026-06-14T21:29:36.233+0000] {dag.py:3089} INFO - Sync 1 DAGs
[2026-06-14T21:29:36.251+0000] {logging_mixin.py:188} INFO - [2026-06-14T21:29:36.250+0000] {dag.py:3947} INFO - Setting next_dagrun for example_sensor_decorator to None, run_after=None
[2026-06-14T21:29:36.280+0000] {processor.py:183} INFO - Processing /home/airflow/.local/lib/python3.12/site-packages/airflow/example_dags/example_sensor_decorator.py took 0.088 seconds
[2026-06-14T21:30:06.859+0000] {processor.py:161} INFO - Started process (PID=498) to work on /home/airflow/.local/lib/python3.12/site-packages/airflow/example_dags/example_sensor_decorator.py
[2026-06-14T21:30:06.862+0000] {processor.py:830} INFO - Processing file /home/airflow/.local/lib/python3.12/site-packages/airflow/example_dags/example_sensor_decorator.py for tasks to queue
[2026-06-14T21:30:06.864+0000] {logging_mixin.py:188} INFO - [2026-06-14T21:30:06.863+0000] {dagbag.py:545} INFO - Filling up the DagBag from /home/airflow/.local/lib/python3.12/site-packages/airflow/example_dags/example_sensor_decorator.py
[2026-06-14T21:30:06.874+0000] {processor.py:840} INFO - DAG(s) 'example_sensor_decorator' retrieved from /home/airflow/.local/lib/python3.12/site-packages/airflow/example_dags/example_sensor_decorator.py
[2026-06-14T21:30:06.908+0000] {logging_mixin.py:188} INFO - [2026-06-14T21:30:06.907+0000] {dag.py:3089} INFO - Sync 1 DAGs
[2026-06-14T21:30:06.927+0000] {logging_mixin.py:188} INFO - [2026-06-14T21:30:06.926+0000] {dag.py:3947} INFO - Setting next_dagrun for example_sensor_decorator to None, run_after=None
[2026-06-14T21:30:06.959+0000] {processor.py:183} INFO - Processing /home/airflow/.local/lib/python3.12/site-packages/airflow/example_dags/example_sensor_decorator.py took 0.119 seconds
[2026-06-14T21:30:37.702+0000] {processor.py:161} INFO - Started process (PID=556) to work on /home/airflow/.local/lib/python3.12/site-packages/airflow/example_dags/example_sensor_decorator.py
[2026-06-14T21:30:37.703+0000] {processor.py:830} INFO - Processing file /home/airflow/.local/lib/python3.12/site-packages/airflow/example_dags/example_sensor_decorator.py for tasks to queue
[2026-06-14T21:30:37.705+0000] {logging_mixin.py:188} INFO - [2026-06-14T21:30:37.705+0000] {dagbag.py:545} INFO - Filling up the DagBag from /home/airflow/.local/lib/python3.12/site-packages/airflow/example_dags/example_sensor_decorator.py
[2026-06-14T21:30:37.715+0000] {processor.py:840} INFO - DAG(s) 'example_sensor_decorator' retrieved from /home/airflow/.local/lib/python3.12/site-packages/airflow/example_dags/example_sensor_decorator.py
[2026-06-14T21:30:37.747+0000] {logging_mixin.py:188} INFO - [2026-06-14T21:30:37.746+0000] {dag.py:3089} INFO - Sync 1 DAGs
[2026-06-14T21:30:37.764+0000] {logging_mixin.py:188} INFO - [2026-06-14T21:30:37.764+0000] {dag.py:3947} INFO - Setting next_dagrun for example_sensor_decorator to None, run_after=None
[2026-06-14T21:30:37.789+0000] {processor.py:183} INFO - Processing /home/airflow/.local/lib/python3.12/site-packages/airflow/example_dags/example_sensor_decorator.py took 0.095 seconds
[2026-06-14T21:31:08.452+0000] {processor.py:161} INFO - Started process (PID=615) to work on /home/airflow/.local/lib/python3.12/site-packages/airflow/example_dags/example_sensor_decorator.py
[2026-06-14T21:31:08.454+0000] {processor.py:830} INFO - Processing file /home/airflow/.local/lib/python3.12/site-packages/airflow/example_dags/example_sensor_decorator.py for tasks to queue
[2026-06-14T21:31:08.458+0000] {logging_mixin.py:188} INFO - [2026-06-14T21:31:08.457+0000] {dagbag.py:545} INFO - Filling up the DagBag from /home/airflow/.local/lib/python3.12/site-packages/airflow/example_dags/example_sensor_decorator.py
[2026-06-14T21:31:08.472+0000] {processor.py:840} INFO - DAG(s) 'example_sensor_decorator' retrieved from /home/airflow/.local/lib/python3.12/site-packages/airflow/example_dags/example_sensor_decorator.py
[2026-06-14T21:31:08.511+0000] {logging_mixin.py:188} INFO - [2026-06-14T21:31:08.510+0000] {dag.py:3089} INFO - Sync 1 DAGs
[2026-06-14T21:31:08.534+0000] {logging_mixin.py:188} INFO - [2026-06-14T21:31:08.533+0000] {dag.py:3947} INFO - Setting next_dagrun for example_sensor_decorator to None, run_after=None
[2026-06-14T21:31:08.568+0000] {processor.py:183} INFO - Processing /home/airflow/.local/lib/python3.12/site-packages/airflow/example_dags/example_sensor_decorator.py took 0.126 seconds
[2026-06-14T21:31:39.550+0000] {processor.py:161} INFO - Started process (PID=673) to work on /home/airflow/.local/lib/python3.12/site-packages/airflow/example_dags/example_sensor_decorator.py
[2026-06-14T21:31:39.552+0000] {processor.py:830} INFO - Processing file /home/airflow/.local/lib/python3.12/site-packages/airflow/example_dags/example_sensor_decorator.py for tasks to queue
[2026-06-14T21:31:39.554+0000] {logging_mixin.py:188} INFO - [2026-06-14T21:31:39.553+0000] {dagbag.py:545} INFO - Filling up the DagBag from /home/airflow/.local/lib/python3.12/site-packages/airflow/example_dags/example_sensor_decorator.py
[2026-06-14T21:31:39.570+0000] {processor.py:840} INFO - DAG(s) 'example_sensor_decorator' retrieved from /home/airflow/.local/lib/python3.12/site-packages/airflow/example_dags/example_sensor_decorator.py
[2026-06-14T21:31:39.620+0000] {logging_mixin.py:188} INFO - [2026-06-14T21:31:39.619+0000] {dag.py:3089} INFO - Sync 1 DAGs
[2026-06-14T21:31:39.650+0000] {logging_mixin.py:188} INFO - [2026-06-14T21:31:39.650+0000] {dag.py:3947} INFO - Setting next_dagrun for example_sensor_decorator to None, run_after=None
[2026-06-14T21:31:39.684+0000] {processor.py:183} INFO - Processing /home/airflow/.local/lib/python3.12/site-packages/airflow/example_dags/example_sensor_decorator.py took 0.148 seconds
[2026-06-14T21:32:09.838+0000] {processor.py:161} INFO - Started process (PID=730) to work on /home/airflow/.local/lib/python3.12/site-packages/airflow/example_dags/example_sensor_decorator.py
[2026-06-14T21:32:09.839+0000] {processor.py:830} INFO - Processing file /home/airflow/.local/lib/python3.12/site-packages/airflow/example_dags/example_sensor_decorator.py for tasks to queue
[2026-06-14T21:32:09.841+0000] {logging_mixin.py:188} INFO - [2026-06-14T21:32:09.840+0000] {dagbag.py:545} INFO - Filling up the DagBag from /home/airflow/.local/lib/python3.12/site-packages/airflow/example_dags/example_sensor_decorator.py
[2026-06-14T21:32:09.852+0000] {processor.py:840} INFO - DAG(s) 'example_sensor_decorator' retrieved from /home/airflow/.local/lib/python3.12/site-packages/airflow/example_dags/example_sensor_decorator.py
[2026-06-14T21:32:09.889+0000] {logging_mixin.py:188} INFO - [2026-06-14T21:32:09.889+0000] {dag.py:3089} INFO - Sync 1 DAGs
[2026-06-14T21:32:09.944+0000] {logging_mixin.py:188} INFO - [2026-06-14T21:32:09.944+0000] {dag.py:3947} INFO - Setting next_dagrun for example_sensor_decorator to None, run_after=None
[2026-06-14T21:32:10.038+0000] {processor.py:183} INFO - Processing /home/airflow/.local/lib/python3.12/site-packages/airflow/example_dags/example_sensor_decorator.py took 0.209 seconds
[2026-06-14T21:40:00.999+0000] {processor.py:161} INFO - Started process (PID=87) to work on /home/airflow/.local/lib/python3.12/site-packages/airflow/example_dags/example_sensor_decorator.py
[2026-06-14T21:40:01.002+0000] {processor.py:830} INFO - Processing file /home/airflow/.local/lib/python3.12/site-packages/airflow/example_dags/example_sensor_decorator.py for tasks to queue
[2026-06-14T21:40:01.007+0000] {logging_mixin.py:188} INFO - [2026-06-14T21:40:01.006+0000] {dagbag.py:545} INFO - Filling up the DagBag from /home/airflow/.local/lib/python3.12/site-packages/airflow/example_dags/example_sensor_decorator.py
[2026-06-14T21:40:01.025+0000] {processor.py:840} INFO - DAG(s) 'example_sensor_decorator' retrieved from /home/airflow/.local/lib/python3.12/site-packages/airflow/example_dags/example_sensor_decorator.py
[2026-06-14T21:40:01.256+0000] {logging_mixin.py:188} INFO - [2026-06-14T21:40:01.256+0000] {dag.py:3089} INFO - Sync 1 DAGs
[2026-06-14T21:40:01.270+0000] {logging_mixin.py:188} INFO - [2026-06-14T21:40:01.270+0000] {dag.py:3947} INFO - Setting next_dagrun for example_sensor_decorator to None, run_after=None
[2026-06-14T21:40:01.295+0000] {processor.py:183} INFO - Processing /home/airflow/.local/lib/python3.12/site-packages/airflow/example_dags/example_sensor_decorator.py took 0.309 seconds
[2026-06-14T21:40:31.695+0000] {processor.py:161} INFO - Started process (PID=146) to work on /home/airflow/.local/lib/python3.12/site-packages/airflow/example_dags/example_sensor_decorator.py
[2026-06-14T21:40:31.697+0000] {processor.py:830} INFO - Processing file /home/airflow/.local/lib/python3.12/site-packages/airflow/example_dags/example_sensor_decorator.py for tasks to queue
[2026-06-14T21:40:31.701+0000] {logging_mixin.py:188} INFO - [2026-06-14T21:40:31.701+0000] {dagbag.py:545} INFO - Filling up the DagBag from /home/airflow/.local/lib/python3.12/site-packages/airflow/example_dags/example_sensor_decorator.py
[2026-06-14T21:40:31.720+0000] {processor.py:840} INFO - DAG(s) 'example_sensor_decorator' retrieved from /home/airflow/.local/lib/python3.12/site-packages/airflow/example_dags/example_sensor_decorator.py
[2026-06-14T21:40:31.756+0000] {logging_mixin.py:188} INFO - [2026-06-14T21:40:31.756+0000] {dag.py:3089} INFO - Sync 1 DAGs
[2026-06-14T21:40:31.779+0000] {logging_mixin.py:188} INFO - [2026-06-14T21:40:31.779+0000] {dag.py:3947} INFO - Setting next_dagrun for example_sensor_decorator to None, run_after=None
[2026-06-14T21:40:31.816+0000] {processor.py:183} INFO - Processing /home/airflow/.local/lib/python3.12/site-packages/airflow/example_dags/example_sensor_decorator.py took 0.135 seconds
[2026-06-14T21:41:02.187+0000] {processor.py:161} INFO - Started process (PID=205) to work on /home/airflow/.local/lib/python3.12/site-packages/airflow/example_dags/example_sensor_decorator.py
[2026-06-14T21:41:02.189+0000] {processor.py:830} INFO - Processing file /home/airflow/.local/lib/python3.12/site-packages/airflow/example_dags/example_sensor_decorator.py for tasks to queue
[2026-06-14T21:41:02.193+0000] {logging_mixin.py:188} INFO - [2026-06-14T21:41:02.193+0000] {dagbag.py:545} INFO - Filling up the DagBag from /home/airflow/.local/lib/python3.12/site-packages/airflow/example_dags/example_sensor_decorator.py
[2026-06-14T21:41:02.208+0000] {processor.py:840} INFO - DAG(s) 'example_sensor_decorator' retrieved from /home/airflow/.local/lib/python3.12/site-packages/airflow/example_dags/example_sensor_decorator.py
[2026-06-14T21:41:02.247+0000] {logging_mixin.py:188} INFO - [2026-06-14T21:41:02.247+0000] {dag.py:3089} INFO - Sync 1 DAGs
[2026-06-14T21:41:02.268+0000] {logging_mixin.py:188} INFO - [2026-06-14T21:41:02.267+0000] {dag.py:3947} INFO - Setting next_dagrun for example_sensor_decorator to None, run_after=None
[2026-06-14T21:41:02.311+0000] {processor.py:183} INFO - Processing /home/airflow/.local/lib/python3.12/site-packages/airflow/example_dags/example_sensor_decorator.py took 0.138 seconds
[2026-06-14T21:41:33.000+0000] {processor.py:161} INFO - Started process (PID=264) to work on /home/airflow/.local/lib/python3.12/site-packages/airflow/example_dags/example_sensor_decorator.py
[2026-06-14T21:41:33.002+0000] {processor.py:830} INFO - Processing file /home/airflow/.local/lib/python3.12/site-packages/airflow/example_dags/example_sensor_decorator.py for tasks to queue
[2026-06-14T21:41:33.005+0000] {logging_mixin.py:188} INFO - [2026-06-14T21:41:33.004+0000] {dagbag.py:545} INFO - Filling up the DagBag from /home/airflow/.local/lib/python3.12/site-packages/airflow/example_dags/example_sensor_decorator.py
[2026-06-14T21:41:33.016+0000] {processor.py:840} INFO - DAG(s) 'example_sensor_decorator' retrieved from /home/airflow/.local/lib/python3.12/site-packages/airflow/example_dags/example_sensor_decorator.py
[2026-06-14T21:41:33.054+0000] {logging_mixin.py:188} INFO - [2026-06-14T21:41:33.054+0000] {dag.py:3089} INFO - Sync 1 DAGs
[2026-06-14T21:41:33.085+0000] {logging_mixin.py:188} INFO - [2026-06-14T21:41:33.085+0000] {dag.py:3947} INFO - Setting next_dagrun for example_sensor_decorator to None, run_after=None
[2026-06-14T21:41:33.144+0000] {processor.py:183} INFO - Processing /home/airflow/.local/lib/python3.12/site-packages/airflow/example_dags/example_sensor_decorator.py took 0.154 seconds
[2026-06-14T21:42:03.853+0000] {processor.py:161} INFO - Started process (PID=323) to work on /home/airflow/.local/lib/python3.12/site-packages/airflow/example_dags/example_sensor_decorator.py
[2026-06-14T21:42:03.855+0000] {processor.py:830} INFO - Processing file /home/airflow/.local/lib/python3.12/site-packages/airflow/example_dags/example_sensor_decorator.py for tasks to queue
[2026-06-14T21:42:03.858+0000] {logging_mixin.py:188} INFO - [2026-06-14T21:42:03.858+0000] {dagbag.py:545} INFO - Filling up the DagBag from /home/airflow/.local/lib/python3.12/site-packages/airflow/example_dags/example_sensor_decorator.py
[2026-06-14T21:42:03.868+0000] {processor.py:840} INFO - DAG(s) 'example_sensor_decorator' retrieved from /home/airflow/.local/lib/python3.12/site-packages/airflow/example_dags/example_sensor_decorator.py
[2026-06-14T21:42:03.907+0000] {logging_mixin.py:188} INFO - [2026-06-14T21:42:03.907+0000] {dag.py:3089} INFO - Sync 1 DAGs
[2026-06-14T21:42:03.934+0000] {logging_mixin.py:188} INFO - [2026-06-14T21:42:03.934+0000] {dag.py:3947} INFO - Setting next_dagrun for example_sensor_decorator to None, run_after=None
[2026-06-14T21:42:03.973+0000] {processor.py:183} INFO - Processing /home/airflow/.local/lib/python3.12/site-packages/airflow/example_dags/example_sensor_decorator.py took 0.130 seconds
[2026-06-14T21:42:34.636+0000] {processor.py:161} INFO - Started process (PID=382) to work on /home/airflow/.local/lib/python3.12/site-packages/airflow/example_dags/example_sensor_decorator.py
[2026-06-14T21:42:34.638+0000] {processor.py:830} INFO - Processing file /home/airflow/.local/lib/python3.12/site-packages/airflow/example_dags/example_sensor_decorator.py for tasks to queue
[2026-06-14T21:42:34.642+0000] {logging_mixin.py:188} INFO - [2026-06-14T21:42:34.641+0000] {dagbag.py:545} INFO - Filling up the DagBag from /home/airflow/.local/lib/python3.12/site-packages/airflow/example_dags/example_sensor_decorator.py
[2026-06-14T21:42:34.653+0000] {processor.py:840} INFO - DAG(s) 'example_sensor_decorator' retrieved from /home/airflow/.local/lib/python3.12/site-packages/airflow/example_dags/example_sensor_decorator.py
[2026-06-14T21:42:34.688+0000] {logging_mixin.py:188} INFO - [2026-06-14T21:42:34.688+0000] {dag.py:3089} INFO - Sync 1 DAGs
[2026-06-14T21:42:34.715+0000] {logging_mixin.py:188} INFO - [2026-06-14T21:42:34.715+0000] {dag.py:3947} INFO - Setting next_dagrun for example_sensor_decorator to None, run_after=None
[2026-06-14T21:42:34.757+0000] {processor.py:183} INFO - Processing /home/airflow/.local/lib/python3.12/site-packages/airflow/example_dags/example_sensor_decorator.py took 0.132 seconds
[2026-06-14T21:43:05.127+0000] {processor.py:161} INFO - Started process (PID=441) to work on /home/airflow/.local/lib/python3.12/site-packages/airflow/example_dags/example_sensor_decorator.py
[2026-06-14T21:43:05.129+0000] {processor.py:830} INFO - Processing file /home/airflow/.local/lib/python3.12/site-packages/airflow/example_dags/example_sensor_decorator.py for tasks to queue
[2026-06-14T21:43:05.132+0000] {logging_mixin.py:188} INFO - [2026-06-14T21:43:05.132+0000] {dagbag.py:545} INFO - Filling up the DagBag from /home/airflow/.local/lib/python3.12/site-packages/airflow/example_dags/example_sensor_decorator.py
[2026-06-14T21:43:05.141+0000] {processor.py:840} INFO - DAG(s) 'example_sensor_decorator' retrieved from /home/airflow/.local/lib/python3.12/site-packages/airflow/example_dags/example_sensor_decorator.py
[2026-06-14T21:43:05.177+0000] {logging_mixin.py:188} INFO - [2026-06-14T21:43:05.176+0000] {dag.py:3089} INFO - Sync 1 DAGs
[2026-06-14T21:43:05.195+0000] {logging_mixin.py:188} INFO - [2026-06-14T21:43:05.195+0000] {dag.py:3947} INFO - Setting next_dagrun for example_sensor_decorator to None, run_after=None
[2026-06-14T21:43:05.230+0000] {processor.py:183} INFO - Processing /home/airflow/.local/lib/python3.12/site-packages/airflow/example_dags/example_sensor_decorator.py took 0.115 seconds
[2026-06-14T21:43:36.129+0000] {processor.py:161} INFO - Started process (PID=500) to work on /home/airflow/.local/lib/python3.12/site-packages/airflow/example_dags/example_sensor_decorator.py
[2026-06-14T21:43:36.130+0000] {processor.py:830} INFO - Processing file /home/airflow/.local/lib/python3.12/site-packages/airflow/example_dags/example_sensor_decorator.py for tasks to queue
[2026-06-14T21:43:36.133+0000] {logging_mixin.py:188} INFO - [2026-06-14T21:43:36.133+0000] {dagbag.py:545} INFO - Filling up the DagBag from /home/airflow/.local/lib/python3.12/site-packages/airflow/example_dags/example_sensor_decorator.py
[2026-06-14T21:43:36.141+0000] {processor.py:840} INFO - DAG(s) 'example_sensor_decorator' retrieved from /home/airflow/.local/lib/python3.12/site-packages/airflow/example_dags/example_sensor_decorator.py
[2026-06-14T21:43:36.171+0000] {logging_mixin.py:188} INFO - [2026-06-14T21:43:36.171+0000] {dag.py:3089} INFO - Sync 1 DAGs
[2026-06-14T21:43:36.195+0000] {logging_mixin.py:188} INFO - [2026-06-14T21:43:36.195+0000] {dag.py:3947} INFO - Setting next_dagrun for example_sensor_decorator to None, run_after=None
[2026-06-14T21:43:36.228+0000] {processor.py:183} INFO - Processing /home/airflow/.local/lib/python3.12/site-packages/airflow/example_dags/example_sensor_decorator.py took 0.108 seconds
[2026-06-14T21:44:06.896+0000] {processor.py:161} INFO - Started process (PID=559) to work on /home/airflow/.local/lib/python3.12/site-packages/airflow/example_dags/example_sensor_decorator.py
[2026-06-14T21:44:06.898+0000] {processor.py:830} INFO - Processing file /home/airflow/.local/lib/python3.12/site-packages/airflow/example_dags/example_sensor_decorator.py for tasks to queue
[2026-06-14T21:44:06.901+0000] {logging_mixin.py:188} INFO - [2026-06-14T21:44:06.900+0000] {dagbag.py:545} INFO - Filling up the DagBag from /home/airflow/.local/lib/python3.12/site-packages/airflow/example_dags/example_sensor_decorator.py
[2026-06-14T21:44:06.913+0000] {processor.py:840} INFO - DAG(s) 'example_sensor_decorator' retrieved from /home/airflow/.local/lib/python3.12/site-packages/airflow/example_dags/example_sensor_decorator.py
[2026-06-14T21:44:06.943+0000] {logging_mixin.py:188} INFO - [2026-06-14T21:44:06.942+0000] {dag.py:3089} INFO - Sync 1 DAGs
[2026-06-14T21:44:06.964+0000] {logging_mixin.py:188} INFO - [2026-06-14T21:44:06.964+0000] {dag.py:3947} INFO - Setting next_dagrun for example_sensor_decorator to None, run_after=None
[2026-06-14T21:44:06.991+0000] {processor.py:183} INFO - Processing /home/airflow/.local/lib/python3.12/site-packages/airflow/example_dags/example_sensor_decorator.py took 0.105 seconds
[2026-06-14T21:44:37.344+0000] {processor.py:161} INFO - Started process (PID=618) to work on /home/airflow/.local/lib/python3.12/site-packages/airflow/example_dags/example_sensor_decorator.py
[2026-06-14T21:44:37.346+0000] {processor.py:830} INFO - Processing file /home/airflow/.local/lib/python3.12/site-packages/airflow/example_dags/example_sensor_decorator.py for tasks to queue
[2026-06-14T21:44:37.350+0000] {logging_mixin.py:188} INFO - [2026-06-14T21:44:37.350+0000] {dagbag.py:545} INFO - Filling up the DagBag from /home/airflow/.local/lib/python3.12/site-packages/airflow/example_dags/example_sensor_decorator.py
[2026-06-14T21:44:37.362+0000] {processor.py:840} INFO - DAG(s) 'example_sensor_decorator' retrieved from /home/airflow/.local/lib/python3.12/site-packages/airflow/example_dags/example_sensor_decorator.py
[2026-06-14T21:44:37.416+0000] {logging_mixin.py:188} INFO - [2026-06-14T21:44:37.416+0000] {dag.py:3089} INFO - Sync 1 DAGs
[2026-06-14T21:44:37.441+0000] {logging_mixin.py:188} INFO - [2026-06-14T21:44:37.440+0000] {dag.py:3947} INFO - Setting next_dagrun for example_sensor_decorator to None, run_after=None
[2026-06-14T21:44:37.473+0000] {processor.py:183} INFO - Processing /home/airflow/.local/lib/python3.12/site-packages/airflow/example_dags/example_sensor_decorator.py took 0.140 seconds
[2026-06-14T21:45:07.612+0000] {processor.py:161} INFO - Started process (PID=677) to work on /home/airflow/.local/lib/python3.12/site-packages/airflow/example_dags/example_sensor_decorator.py
[2026-06-14T21:45:07.613+0000] {processor.py:830} INFO - Processing file /home/airflow/.local/lib/python3.12/site-packages/airflow/example_dags/example_sensor_decorator.py for tasks to queue
[2026-06-14T21:45:07.615+0000] {logging_mixin.py:188} INFO - [2026-06-14T21:45:07.615+0000] {dagbag.py:545} INFO - Filling up the DagBag from /home/airflow/.local/lib/python3.12/site-packages/airflow/example_dags/example_sensor_decorator.py
[2026-06-14T21:45:07.625+0000] {processor.py:840} INFO - DAG(s) 'example_sensor_decorator' retrieved from /home/airflow/.local/lib/python3.12/site-packages/airflow/example_dags/example_sensor_decorator.py
[2026-06-14T21:45:07.652+0000] {logging_mixin.py:188} INFO - [2026-06-14T21:45:07.652+0000] {dag.py:3089} INFO - Sync 1 DAGs
[2026-06-14T21:45:07.668+0000] {logging_mixin.py:188} INFO - [2026-06-14T21:45:07.668+0000] {dag.py:3947} INFO - Setting next_dagrun for example_sensor_decorator to None, run_after=None
[2026-06-14T21:45:07.708+0000] {processor.py:183} INFO - Processing /home/airflow/.local/lib/python3.12/site-packages/airflow/example_dags/example_sensor_decorator.py took 0.103 seconds
[2026-06-14T21:45:38.126+0000] {processor.py:161} INFO - Started process (PID=735) to work on /home/airflow/.local/lib/python3.12/site-packages/airflow/example_dags/example_sensor_decorator.py
[2026-06-14T21:45:38.127+0000] {processor.py:830} INFO - Processing file /home/airflow/.local/lib/python3.12/site-packages/airflow/example_dags/example_sensor_decorator.py for tasks to queue
[2026-06-14T21:45:38.130+0000] {logging_mixin.py:188} INFO - [2026-06-14T21:45:38.130+0000] {dagbag.py:545} INFO - Filling up the DagBag from /home/airflow/.local/lib/python3.12/site-packages/airflow/example_dags/example_sensor_decorator.py
[2026-06-14T21:45:38.139+0000] {processor.py:840} INFO - DAG(s) 'example_sensor_decorator' retrieved from /home/airflow/.local/lib/python3.12/site-packages/airflow/example_dags/example_sensor_decorator.py
[2026-06-14T21:45:38.164+0000] {logging_mixin.py:188} INFO - [2026-06-14T21:45:38.163+0000] {dag.py:3089} INFO - Sync 1 DAGs
[2026-06-14T21:45:38.179+0000] {logging_mixin.py:188} INFO - [2026-06-14T21:45:38.179+0000] {dag.py:3947} INFO - Setting next_dagrun for example_sensor_decorator to None, run_after=None
[2026-06-14T21:45:38.202+0000] {processor.py:183} INFO - Processing /home/airflow/.local/lib/python3.12/site-packages/airflow/example_dags/example_sensor_decorator.py took 0.084 seconds
[2026-06-14T21:46:09.063+0000] {processor.py:161} INFO - Started process (PID=794) to work on /home/airflow/.local/lib/python3.12/site-packages/airflow/example_dags/example_sensor_decorator.py
[2026-06-14T21:46:09.065+0000] {processor.py:830} INFO - Processing file /home/airflow/.local/lib/python3.12/site-packages/airflow/example_dags/example_sensor_decorator.py for tasks to queue
[2026-06-14T21:46:09.071+0000] {logging_mixin.py:188} INFO - [2026-06-14T21:46:09.070+0000] {dagbag.py:545} INFO - Filling up the DagBag from /home/airflow/.local/lib/python3.12/site-packages/airflow/example_dags/example_sensor_decorator.py
[2026-06-14T21:46:09.084+0000] {processor.py:840} INFO - DAG(s) 'example_sensor_decorator' retrieved from /home/airflow/.local/lib/python3.12/site-packages/airflow/example_dags/example_sensor_decorator.py
[2026-06-14T21:46:09.122+0000] {logging_mixin.py:188} INFO - [2026-06-14T21:46:09.121+0000] {dag.py:3089} INFO - Sync 1 DAGs
[2026-06-14T21:46:09.149+0000] {logging_mixin.py:188} INFO - [2026-06-14T21:46:09.149+0000] {dag.py:3947} INFO - Setting next_dagrun for example_sensor_decorator to None, run_after=None
[2026-06-14T21:46:09.188+0000] {processor.py:183} INFO - Processing /home/airflow/.local/lib/python3.12/site-packages/airflow/example_dags/example_sensor_decorator.py took 0.138 seconds
[2026-06-14T21:46:39.690+0000] {processor.py:161} INFO - Started process (PID=853) to work on /home/airflow/.local/lib/python3.12/site-packages/airflow/example_dags/example_sensor_decorator.py
[2026-06-14T21:46:39.692+0000] {processor.py:830} INFO - Processing file /home/airflow/.local/lib/python3.12/site-packages/airflow/example_dags/example_sensor_decorator.py for tasks to queue
[2026-06-14T21:46:39.696+0000] {logging_mixin.py:188} INFO - [2026-06-14T21:46:39.695+0000] {dagbag.py:545} INFO - Filling up the DagBag from /home/airflow/.local/lib/python3.12/site-packages/airflow/example_dags/example_sensor_decorator.py
[2026-06-14T21:46:39.707+0000] {processor.py:840} INFO - DAG(s) 'example_sensor_decorator' retrieved from /home/airflow/.local/lib/python3.12/site-packages/airflow/example_dags/example_sensor_decorator.py
[2026-06-14T21:46:39.742+0000] {logging_mixin.py:188} INFO - [2026-06-14T21:46:39.741+0000] {dag.py:3089} INFO - Sync 1 DAGs
[2026-06-14T21:46:39.774+0000] {logging_mixin.py:188} INFO - [2026-06-14T21:46:39.774+0000] {dag.py:3947} INFO - Setting next_dagrun for example_sensor_decorator to None, run_after=None
[2026-06-14T21:46:39.807+0000] {processor.py:183} INFO - Processing /home/airflow/.local/lib/python3.12/site-packages/airflow/example_dags/example_sensor_decorator.py took 0.126 seconds
[2026-06-14T21:47:10.663+0000] {processor.py:161} INFO - Started process (PID=912) to work on /home/airflow/.local/lib/python3.12/site-packages/airflow/example_dags/example_sensor_decorator.py
[2026-06-14T21:47:10.692+0000] {processor.py:830} INFO - Processing file /home/airflow/.local/lib/python3.12/site-packages/airflow/example_dags/example_sensor_decorator.py for tasks to queue
[2026-06-14T21:47:10.725+0000] {logging_mixin.py:188} INFO - [2026-06-14T21:47:10.724+0000] {dagbag.py:545} INFO - Filling up the DagBag from /home/airflow/.local/lib/python3.12/site-packages/airflow/example_dags/example_sensor_decorator.py
[2026-06-14T21:47:10.749+0000] {processor.py:840} INFO - DAG(s) 'example_sensor_decorator' retrieved from /home/airflow/.local/lib/python3.12/site-packages/airflow/example_dags/example_sensor_decorator.py
[2026-06-14T21:47:10.851+0000] {logging_mixin.py:188} INFO - [2026-06-14T21:47:10.851+0000] {dag.py:3089} INFO - Sync 1 DAGs
[2026-06-14T21:47:10.961+0000] {logging_mixin.py:188} INFO - [2026-06-14T21:47:10.960+0000] {dag.py:3947} INFO - Setting next_dagrun for example_sensor_decorator to None, run_after=None
[2026-06-14T21:47:11.081+0000] {processor.py:183} INFO - Processing /home/airflow/.local/lib/python3.12/site-packages/airflow/example_dags/example_sensor_decorator.py took 0.443 seconds
[2026-06-14T21:47:41.488+0000] {processor.py:161} INFO - Started process (PID=971) to work on /home/airflow/.local/lib/python3.12/site-packages/airflow/example_dags/example_sensor_decorator.py
[2026-06-14T21:47:41.493+0000] {processor.py:830} INFO - Processing file /home/airflow/.local/lib/python3.12/site-packages/airflow/example_dags/example_sensor_decorator.py for tasks to queue
[2026-06-14T21:47:41.503+0000] {logging_mixin.py:188} INFO - [2026-06-14T21:47:41.502+0000] {dagbag.py:545} INFO - Filling up the DagBag from /home/airflow/.local/lib/python3.12/site-packages/airflow/example_dags/example_sensor_decorator.py
[2026-06-14T21:47:41.524+0000] {processor.py:840} INFO - DAG(s) 'example_sensor_decorator' retrieved from /home/airflow/.local/lib/python3.12/site-packages/airflow/example_dags/example_sensor_decorator.py
[2026-06-14T21:47:41.612+0000] {logging_mixin.py:188} INFO - [2026-06-14T21:47:41.611+0000] {dag.py:3089} INFO - Sync 1 DAGs
[2026-06-14T21:47:41.678+0000] {logging_mixin.py:188} INFO - [2026-06-14T21:47:41.677+0000] {dag.py:3947} INFO - Setting next_dagrun for example_sensor_decorator to None, run_after=None
[2026-06-14T21:47:41.779+0000] {processor.py:183} INFO - Processing /home/airflow/.local/lib/python3.12/site-packages/airflow/example_dags/example_sensor_decorator.py took 0.312 seconds
[2026-06-14T21:48:11.876+0000] {processor.py:161} INFO - Started process (PID=1029) to work on /home/airflow/.local/lib/python3.12/site-packages/airflow/example_dags/example_sensor_decorator.py
[2026-06-14T21:48:11.877+0000] {processor.py:830} INFO - Processing file /home/airflow/.local/lib/python3.12/site-packages/airflow/example_dags/example_sensor_decorator.py for tasks to queue
[2026-06-14T21:48:11.879+0000] {logging_mixin.py:188} INFO - [2026-06-14T21:48:11.879+0000] {dagbag.py:545} INFO - Filling up the DagBag from /home/airflow/.local/lib/python3.12/site-packages/airflow/example_dags/example_sensor_decorator.py
[2026-06-14T21:48:11.886+0000] {processor.py:840} INFO - DAG(s) 'example_sensor_decorator' retrieved from /home/airflow/.local/lib/python3.12/site-packages/airflow/example_dags/example_sensor_decorator.py
[2026-06-14T21:48:11.911+0000] {logging_mixin.py:188} INFO - [2026-06-14T21:48:11.910+0000] {dag.py:3089} INFO - Sync 1 DAGs
[2026-06-14T21:48:11.924+0000] {logging_mixin.py:188} INFO - [2026-06-14T21:48:11.924+0000] {dag.py:3947} INFO - Setting next_dagrun for example_sensor_decorator to None, run_after=None
[2026-06-14T21:48:11.998+0000] {processor.py:183} INFO - Processing /home/airflow/.local/lib/python3.12/site-packages/airflow/example_dags/example_sensor_decorator.py took 0.130 seconds
[2026-06-14T21:48:42.414+0000] {processor.py:161} INFO - Started process (PID=1088) to work on /home/airflow/.local/lib/python3.12/site-packages/airflow/example_dags/example_sensor_decorator.py
[2026-06-14T21:48:42.416+0000] {processor.py:830} INFO - Processing file /home/airflow/.local/lib/python3.12/site-packages/airflow/example_dags/example_sensor_decorator.py for tasks to queue
[2026-06-14T21:48:42.422+0000] {logging_mixin.py:188} INFO - [2026-06-14T21:48:42.422+0000] {dagbag.py:545} INFO - Filling up the DagBag from /home/airflow/.local/lib/python3.12/site-packages/airflow/example_dags/example_sensor_decorator.py
[2026-06-14T21:48:42.435+0000] {processor.py:840} INFO - DAG(s) 'example_sensor_decorator' retrieved from /home/airflow/.local/lib/python3.12/site-packages/airflow/example_dags/example_sensor_decorator.py
[2026-06-14T21:48:42.501+0000] {logging_mixin.py:188} INFO - [2026-06-14T21:48:42.501+0000] {dag.py:3089} INFO - Sync 1 DAGs
[2026-06-14T21:48:42.528+0000] {logging_mixin.py:188} INFO - [2026-06-14T21:48:42.527+0000] {dag.py:3947} INFO - Setting next_dagrun for example_sensor_decorator to None, run_after=None
[2026-06-14T21:48:42.578+0000] {processor.py:183} INFO - Processing /home/airflow/.local/lib/python3.12/site-packages/airflow/example_dags/example_sensor_decorator.py took 0.174 seconds
[2026-06-14T21:49:13.040+0000] {processor.py:161} INFO - Started process (PID=1146) to work on /home/airflow/.local/lib/python3.12/site-packages/airflow/example_dags/example_sensor_decorator.py
[2026-06-14T21:49:13.042+0000] {processor.py:830} INFO - Processing file /home/airflow/.local/lib/python3.12/site-packages/airflow/example_dags/example_sensor_decorator.py for tasks to queue
[2026-06-14T21:49:13.044+0000] {logging_mixin.py:188} INFO - [2026-06-14T21:49:13.044+0000] {dagbag.py:545} INFO - Filling up the DagBag from /home/airflow/.local/lib/python3.12/site-packages/airflow/example_dags/example_sensor_decorator.py
[2026-06-14T21:49:13.052+0000] {processor.py:840} INFO - DAG(s) 'example_sensor_decorator' retrieved from /home/airflow/.local/lib/python3.12/site-packages/airflow/example_dags/example_sensor_decorator.py
[2026-06-14T21:49:13.081+0000] {logging_mixin.py:188} INFO - [2026-06-14T21:49:13.081+0000] {dag.py:3089} INFO - Sync 1 DAGs
[2026-06-14T21:49:13.102+0000] {logging_mixin.py:188} INFO - [2026-06-14T21:49:13.102+0000] {dag.py:3947} INFO - Setting next_dagrun for example_sensor_decorator to None, run_after=None
[2026-06-14T21:49:13.182+0000] {processor.py:183} INFO - Processing /home/airflow/.local/lib/python3.12/site-packages/airflow/example_dags/example_sensor_decorator.py took 0.147 seconds
