[2026-06-14T21:26:35.178+0000] {processor.py:161} INFO - Started process (PID=99) to work on /home/airflow/.local/lib/python3.12/site-packages/airflow/example_dags/example_python_decorator.py
[2026-06-14T21:26:35.179+0000] {processor.py:830} INFO - Processing file /home/airflow/.local/lib/python3.12/site-packages/airflow/example_dags/example_python_decorator.py for tasks to queue
[2026-06-14T21:26:35.183+0000] {logging_mixin.py:188} INFO - [2026-06-14T21:26:35.182+0000] {dagbag.py:545} INFO - Filling up the DagBag from /home/airflow/.local/lib/python3.12/site-packages/airflow/example_dags/example_python_decorator.py
[2026-06-14T21:26:35.212+0000] {processor.py:840} INFO - DAG(s) 'example_python_decorator' retrieved from /home/airflow/.local/lib/python3.12/site-packages/airflow/example_dags/example_python_decorator.py
[2026-06-14T21:26:35.410+0000] {logging_mixin.py:188} INFO - [2026-06-14T21:26:35.408+0000] {override.py:1858} INFO - Created Permission View: can delete on DAG:example_python_decorator
[2026-06-14T21:26:35.427+0000] {logging_mixin.py:188} INFO - [2026-06-14T21:26:35.426+0000] {override.py:1858} INFO - Created Permission View: can edit on DAG:example_python_decorator
[2026-06-14T21:26:35.442+0000] {logging_mixin.py:188} INFO - [2026-06-14T21:26:35.442+0000] {override.py:1858} INFO - Created Permission View: can read on DAG:example_python_decorator
[2026-06-14T21:26:35.444+0000] {logging_mixin.py:188} INFO - [2026-06-14T21:26:35.443+0000] {dag.py:3089} INFO - Sync 1 DAGs
[2026-06-14T21:26:35.466+0000] {logging_mixin.py:188} INFO - [2026-06-14T21:26:35.466+0000] {dag.py:3111} INFO - Creating ORM DAG for example_python_decorator
[2026-06-14T21:26:35.472+0000] {logging_mixin.py:188} INFO - [2026-06-14T21:26:35.471+0000] {dag.py:3947} INFO - Setting next_dagrun for example_python_decorator to None, run_after=None
[2026-06-14T21:26:35.506+0000] {processor.py:183} INFO - Processing /home/airflow/.local/lib/python3.12/site-packages/airflow/example_dags/example_python_decorator.py took 0.337 seconds
[2026-06-14T21:27:05.607+0000] {processor.py:161} INFO - Started process (PID=158) to work on /home/airflow/.local/lib/python3.12/site-packages/airflow/example_dags/example_python_decorator.py
[2026-06-14T21:27:05.609+0000] {processor.py:830} INFO - Processing file /home/airflow/.local/lib/python3.12/site-packages/airflow/example_dags/example_python_decorator.py for tasks to queue
[2026-06-14T21:27:05.612+0000] {logging_mixin.py:188} INFO - [2026-06-14T21:27:05.611+0000] {dagbag.py:545} INFO - Filling up the DagBag from /home/airflow/.local/lib/python3.12/site-packages/airflow/example_dags/example_python_decorator.py
[2026-06-14T21:27:05.631+0000] {processor.py:840} INFO - DAG(s) 'example_python_decorator' retrieved from /home/airflow/.local/lib/python3.12/site-packages/airflow/example_dags/example_python_decorator.py
[2026-06-14T21:27:05.662+0000] {logging_mixin.py:188} INFO - [2026-06-14T21:27:05.662+0000] {dag.py:3089} INFO - Sync 1 DAGs
[2026-06-14T21:27:05.679+0000] {logging_mixin.py:188} INFO - [2026-06-14T21:27:05.679+0000] {dag.py:3947} INFO - Setting next_dagrun for example_python_decorator to None, run_after=None
[2026-06-14T21:27:05.707+0000] {processor.py:183} INFO - Processing /home/airflow/.local/lib/python3.12/site-packages/airflow/example_dags/example_python_decorator.py took 0.109 seconds
[2026-06-14T21:27:35.785+0000] {processor.py:161} INFO - Started process (PID=217) to work on /home/airflow/.local/lib/python3.12/site-packages/airflow/example_dags/example_python_decorator.py
[2026-06-14T21:27:35.787+0000] {processor.py:830} INFO - Processing file /home/airflow/.local/lib/python3.12/site-packages/airflow/example_dags/example_python_decorator.py for tasks to queue
[2026-06-14T21:27:35.789+0000] {logging_mixin.py:188} INFO - [2026-06-14T21:27:35.789+0000] {dagbag.py:545} INFO - Filling up the DagBag from /home/airflow/.local/lib/python3.12/site-packages/airflow/example_dags/example_python_decorator.py
[2026-06-14T21:27:35.809+0000] {processor.py:840} INFO - DAG(s) 'example_python_decorator' retrieved from /home/airflow/.local/lib/python3.12/site-packages/airflow/example_dags/example_python_decorator.py
[2026-06-14T21:27:35.839+0000] {logging_mixin.py:188} INFO - [2026-06-14T21:27:35.839+0000] {dag.py:3089} INFO - Sync 1 DAGs
[2026-06-14T21:27:35.876+0000] {logging_mixin.py:188} INFO - [2026-06-14T21:27:35.876+0000] {dag.py:3947} INFO - Setting next_dagrun for example_python_decorator to None, run_after=None
[2026-06-14T21:27:35.901+0000] {processor.py:183} INFO - Processing /home/airflow/.local/lib/python3.12/site-packages/airflow/example_dags/example_python_decorator.py took 0.124 seconds
[2026-06-14T21:28:06.935+0000] {processor.py:161} INFO - Started process (PID=276) to work on /home/airflow/.local/lib/python3.12/site-packages/airflow/example_dags/example_python_decorator.py
[2026-06-14T21:28:06.937+0000] {processor.py:830} INFO - Processing file /home/airflow/.local/lib/python3.12/site-packages/airflow/example_dags/example_python_decorator.py for tasks to queue
[2026-06-14T21:28:06.940+0000] {logging_mixin.py:188} INFO - [2026-06-14T21:28:06.940+0000] {dagbag.py:545} INFO - Filling up the DagBag from /home/airflow/.local/lib/python3.12/site-packages/airflow/example_dags/example_python_decorator.py
[2026-06-14T21:28:06.956+0000] {processor.py:840} INFO - DAG(s) 'example_python_decorator' retrieved from /home/airflow/.local/lib/python3.12/site-packages/airflow/example_dags/example_python_decorator.py
[2026-06-14T21:28:06.986+0000] {logging_mixin.py:188} INFO - [2026-06-14T21:28:06.985+0000] {dag.py:3089} INFO - Sync 1 DAGs
[2026-06-14T21:28:06.999+0000] {logging_mixin.py:188} INFO - [2026-06-14T21:28:06.999+0000] {dag.py:3947} INFO - Setting next_dagrun for example_python_decorator to None, run_after=None
[2026-06-14T21:28:07.022+0000] {processor.py:183} INFO - Processing /home/airflow/.local/lib/python3.12/site-packages/airflow/example_dags/example_python_decorator.py took 0.096 seconds
[2026-06-14T21:28:37.500+0000] {processor.py:161} INFO - Started process (PID=335) to work on /home/airflow/.local/lib/python3.12/site-packages/airflow/example_dags/example_python_decorator.py
[2026-06-14T21:28:37.502+0000] {processor.py:830} INFO - Processing file /home/airflow/.local/lib/python3.12/site-packages/airflow/example_dags/example_python_decorator.py for tasks to queue
[2026-06-14T21:28:37.505+0000] {logging_mixin.py:188} INFO - [2026-06-14T21:28:37.504+0000] {dagbag.py:545} INFO - Filling up the DagBag from /home/airflow/.local/lib/python3.12/site-packages/airflow/example_dags/example_python_decorator.py
[2026-06-14T21:28:37.534+0000] {processor.py:840} INFO - DAG(s) 'example_python_decorator' retrieved from /home/airflow/.local/lib/python3.12/site-packages/airflow/example_dags/example_python_decorator.py
[2026-06-14T21:28:37.575+0000] {logging_mixin.py:188} INFO - [2026-06-14T21:28:37.575+0000] {dag.py:3089} INFO - Sync 1 DAGs
[2026-06-14T21:28:37.598+0000] {logging_mixin.py:188} INFO - [2026-06-14T21:28:37.598+0000] {dag.py:3947} INFO - Setting next_dagrun for example_python_decorator to None, run_after=None
[2026-06-14T21:28:37.674+0000] {processor.py:183} INFO - Processing /home/airflow/.local/lib/python3.12/site-packages/airflow/example_dags/example_python_decorator.py took 0.183 seconds
[2026-06-14T21:29:08.434+0000] {processor.py:161} INFO - Started process (PID=394) to work on /home/airflow/.local/lib/python3.12/site-packages/airflow/example_dags/example_python_decorator.py
[2026-06-14T21:29:08.437+0000] {processor.py:830} INFO - Processing file /home/airflow/.local/lib/python3.12/site-packages/airflow/example_dags/example_python_decorator.py for tasks to queue
[2026-06-14T21:29:08.442+0000] {logging_mixin.py:188} INFO - [2026-06-14T21:29:08.441+0000] {dagbag.py:545} INFO - Filling up the DagBag from /home/airflow/.local/lib/python3.12/site-packages/airflow/example_dags/example_python_decorator.py
[2026-06-14T21:29:08.475+0000] {processor.py:840} INFO - DAG(s) 'example_python_decorator' retrieved from /home/airflow/.local/lib/python3.12/site-packages/airflow/example_dags/example_python_decorator.py
[2026-06-14T21:29:08.540+0000] {logging_mixin.py:188} INFO - [2026-06-14T21:29:08.539+0000] {dag.py:3089} INFO - Sync 1 DAGs
[2026-06-14T21:29:08.587+0000] {logging_mixin.py:188} INFO - [2026-06-14T21:29:08.586+0000] {dag.py:3947} INFO - Setting next_dagrun for example_python_decorator to None, run_after=None
[2026-06-14T21:29:08.658+0000] {processor.py:183} INFO - Processing /home/airflow/.local/lib/python3.12/site-packages/airflow/example_dags/example_python_decorator.py took 0.240 seconds
[2026-06-14T21:29:39.054+0000] {processor.py:161} INFO - Started process (PID=453) to work on /home/airflow/.local/lib/python3.12/site-packages/airflow/example_dags/example_python_decorator.py
[2026-06-14T21:29:39.056+0000] {processor.py:830} INFO - Processing file /home/airflow/.local/lib/python3.12/site-packages/airflow/example_dags/example_python_decorator.py for tasks to queue
[2026-06-14T21:29:39.059+0000] {logging_mixin.py:188} INFO - [2026-06-14T21:29:39.059+0000] {dagbag.py:545} INFO - Filling up the DagBag from /home/airflow/.local/lib/python3.12/site-packages/airflow/example_dags/example_python_decorator.py
[2026-06-14T21:29:39.084+0000] {processor.py:840} INFO - DAG(s) 'example_python_decorator' retrieved from /home/airflow/.local/lib/python3.12/site-packages/airflow/example_dags/example_python_decorator.py
[2026-06-14T21:29:39.125+0000] {logging_mixin.py:188} INFO - [2026-06-14T21:29:39.125+0000] {dag.py:3089} INFO - Sync 1 DAGs
[2026-06-14T21:29:39.146+0000] {logging_mixin.py:188} INFO - [2026-06-14T21:29:39.145+0000] {dag.py:3947} INFO - Setting next_dagrun for example_python_decorator to None, run_after=None
[2026-06-14T21:29:39.220+0000] {processor.py:183} INFO - Processing /home/airflow/.local/lib/python3.12/site-packages/airflow/example_dags/example_python_decorator.py took 0.176 seconds
[2026-06-14T21:30:09.349+0000] {processor.py:161} INFO - Started process (PID=511) to work on /home/airflow/.local/lib/python3.12/site-packages/airflow/example_dags/example_python_decorator.py
[2026-06-14T21:30:09.351+0000] {processor.py:830} INFO - Processing file /home/airflow/.local/lib/python3.12/site-packages/airflow/example_dags/example_python_decorator.py for tasks to queue
[2026-06-14T21:30:09.353+0000] {logging_mixin.py:188} INFO - [2026-06-14T21:30:09.352+0000] {dagbag.py:545} INFO - Filling up the DagBag from /home/airflow/.local/lib/python3.12/site-packages/airflow/example_dags/example_python_decorator.py
[2026-06-14T21:30:09.385+0000] {processor.py:840} INFO - DAG(s) 'example_python_decorator' retrieved from /home/airflow/.local/lib/python3.12/site-packages/airflow/example_dags/example_python_decorator.py
[2026-06-14T21:30:09.450+0000] {logging_mixin.py:188} INFO - [2026-06-14T21:30:09.450+0000] {dag.py:3089} INFO - Sync 1 DAGs
[2026-06-14T21:30:09.478+0000] {logging_mixin.py:188} INFO - [2026-06-14T21:30:09.477+0000] {dag.py:3947} INFO - Setting next_dagrun for example_python_decorator to None, run_after=None
[2026-06-14T21:30:09.551+0000] {processor.py:183} INFO - Processing /home/airflow/.local/lib/python3.12/site-packages/airflow/example_dags/example_python_decorator.py took 0.209 seconds
[2026-06-14T21:30:39.676+0000] {processor.py:161} INFO - Started process (PID=569) to work on /home/airflow/.local/lib/python3.12/site-packages/airflow/example_dags/example_python_decorator.py
[2026-06-14T21:30:39.677+0000] {processor.py:830} INFO - Processing file /home/airflow/.local/lib/python3.12/site-packages/airflow/example_dags/example_python_decorator.py for tasks to queue
[2026-06-14T21:30:39.678+0000] {logging_mixin.py:188} INFO - [2026-06-14T21:30:39.678+0000] {dagbag.py:545} INFO - Filling up the DagBag from /home/airflow/.local/lib/python3.12/site-packages/airflow/example_dags/example_python_decorator.py
[2026-06-14T21:30:39.694+0000] {processor.py:840} INFO - DAG(s) 'example_python_decorator' retrieved from /home/airflow/.local/lib/python3.12/site-packages/airflow/example_dags/example_python_decorator.py
[2026-06-14T21:30:39.720+0000] {logging_mixin.py:188} INFO - [2026-06-14T21:30:39.720+0000] {dag.py:3089} INFO - Sync 1 DAGs
[2026-06-14T21:30:39.735+0000] {logging_mixin.py:188} INFO - [2026-06-14T21:30:39.734+0000] {dag.py:3947} INFO - Setting next_dagrun for example_python_decorator to None, run_after=None
[2026-06-14T21:30:39.757+0000] {processor.py:183} INFO - Processing /home/airflow/.local/lib/python3.12/site-packages/airflow/example_dags/example_python_decorator.py took 0.090 seconds
[2026-06-14T21:31:10.107+0000] {processor.py:161} INFO - Started process (PID=628) to work on /home/airflow/.local/lib/python3.12/site-packages/airflow/example_dags/example_python_decorator.py
[2026-06-14T21:31:10.109+0000] {processor.py:830} INFO - Processing file /home/airflow/.local/lib/python3.12/site-packages/airflow/example_dags/example_python_decorator.py for tasks to queue
[2026-06-14T21:31:10.111+0000] {logging_mixin.py:188} INFO - [2026-06-14T21:31:10.110+0000] {dagbag.py:545} INFO - Filling up the DagBag from /home/airflow/.local/lib/python3.12/site-packages/airflow/example_dags/example_python_decorator.py
[2026-06-14T21:31:10.135+0000] {processor.py:840} INFO - DAG(s) 'example_python_decorator' retrieved from /home/airflow/.local/lib/python3.12/site-packages/airflow/example_dags/example_python_decorator.py
[2026-06-14T21:31:10.165+0000] {logging_mixin.py:188} INFO - [2026-06-14T21:31:10.165+0000] {dag.py:3089} INFO - Sync 1 DAGs
[2026-06-14T21:31:10.184+0000] {logging_mixin.py:188} INFO - [2026-06-14T21:31:10.184+0000] {dag.py:3947} INFO - Setting next_dagrun for example_python_decorator to None, run_after=None
[2026-06-14T21:31:10.254+0000] {processor.py:183} INFO - Processing /home/airflow/.local/lib/python3.12/site-packages/airflow/example_dags/example_python_decorator.py took 0.159 seconds
[2026-06-14T21:31:41.158+0000] {processor.py:161} INFO - Started process (PID=686) to work on /home/airflow/.local/lib/python3.12/site-packages/airflow/example_dags/example_python_decorator.py
[2026-06-14T21:31:41.160+0000] {processor.py:830} INFO - Processing file /home/airflow/.local/lib/python3.12/site-packages/airflow/example_dags/example_python_decorator.py for tasks to queue
[2026-06-14T21:31:41.162+0000] {logging_mixin.py:188} INFO - [2026-06-14T21:31:41.161+0000] {dagbag.py:545} INFO - Filling up the DagBag from /home/airflow/.local/lib/python3.12/site-packages/airflow/example_dags/example_python_decorator.py
[2026-06-14T21:31:41.182+0000] {processor.py:840} INFO - DAG(s) 'example_python_decorator' retrieved from /home/airflow/.local/lib/python3.12/site-packages/airflow/example_dags/example_python_decorator.py
[2026-06-14T21:31:41.217+0000] {logging_mixin.py:188} INFO - [2026-06-14T21:31:41.217+0000] {dag.py:3089} INFO - Sync 1 DAGs
[2026-06-14T21:31:41.237+0000] {logging_mixin.py:188} INFO - [2026-06-14T21:31:41.237+0000] {dag.py:3947} INFO - Setting next_dagrun for example_python_decorator to None, run_after=None
[2026-06-14T21:31:41.273+0000] {processor.py:183} INFO - Processing /home/airflow/.local/lib/python3.12/site-packages/airflow/example_dags/example_python_decorator.py took 0.125 seconds
[2026-06-14T21:32:12.017+0000] {processor.py:161} INFO - Started process (PID=743) to work on /home/airflow/.local/lib/python3.12/site-packages/airflow/example_dags/example_python_decorator.py
[2026-06-14T21:32:12.019+0000] {processor.py:830} INFO - Processing file /home/airflow/.local/lib/python3.12/site-packages/airflow/example_dags/example_python_decorator.py for tasks to queue
[2026-06-14T21:32:12.021+0000] {logging_mixin.py:188} INFO - [2026-06-14T21:32:12.020+0000] {dagbag.py:545} INFO - Filling up the DagBag from /home/airflow/.local/lib/python3.12/site-packages/airflow/example_dags/example_python_decorator.py
[2026-06-14T21:32:12.039+0000] {processor.py:840} INFO - DAG(s) 'example_python_decorator' retrieved from /home/airflow/.local/lib/python3.12/site-packages/airflow/example_dags/example_python_decorator.py
[2026-06-14T21:32:12.071+0000] {logging_mixin.py:188} INFO - [2026-06-14T21:32:12.070+0000] {dag.py:3089} INFO - Sync 1 DAGs
[2026-06-14T21:32:12.090+0000] {logging_mixin.py:188} INFO - [2026-06-14T21:32:12.090+0000] {dag.py:3947} INFO - Setting next_dagrun for example_python_decorator to None, run_after=None
[2026-06-14T21:32:12.162+0000] {processor.py:183} INFO - Processing /home/airflow/.local/lib/python3.12/site-packages/airflow/example_dags/example_python_decorator.py took 0.156 seconds
[2026-06-14T21:40:03.291+0000] {processor.py:161} INFO - Started process (PID=100) to work on /home/airflow/.local/lib/python3.12/site-packages/airflow/example_dags/example_python_decorator.py
[2026-06-14T21:40:03.292+0000] {processor.py:830} INFO - Processing file /home/airflow/.local/lib/python3.12/site-packages/airflow/example_dags/example_python_decorator.py for tasks to queue
[2026-06-14T21:40:03.295+0000] {logging_mixin.py:188} INFO - [2026-06-14T21:40:03.295+0000] {dagbag.py:545} INFO - Filling up the DagBag from /home/airflow/.local/lib/python3.12/site-packages/airflow/example_dags/example_python_decorator.py
[2026-06-14T21:40:03.314+0000] {processor.py:840} INFO - DAG(s) 'example_python_decorator' retrieved from /home/airflow/.local/lib/python3.12/site-packages/airflow/example_dags/example_python_decorator.py
[2026-06-14T21:40:03.486+0000] {logging_mixin.py:188} INFO - [2026-06-14T21:40:03.486+0000] {dag.py:3089} INFO - Sync 1 DAGs
[2026-06-14T21:40:03.499+0000] {logging_mixin.py:188} INFO - [2026-06-14T21:40:03.499+0000] {dag.py:3947} INFO - Setting next_dagrun for example_python_decorator to None, run_after=None
[2026-06-14T21:40:03.526+0000] {processor.py:183} INFO - Processing /home/airflow/.local/lib/python3.12/site-packages/airflow/example_dags/example_python_decorator.py took 0.244 seconds
[2026-06-14T21:40:33.896+0000] {processor.py:161} INFO - Started process (PID=159) to work on /home/airflow/.local/lib/python3.12/site-packages/airflow/example_dags/example_python_decorator.py
[2026-06-14T21:40:33.898+0000] {processor.py:830} INFO - Processing file /home/airflow/.local/lib/python3.12/site-packages/airflow/example_dags/example_python_decorator.py for tasks to queue
[2026-06-14T21:40:33.902+0000] {logging_mixin.py:188} INFO - [2026-06-14T21:40:33.901+0000] {dagbag.py:545} INFO - Filling up the DagBag from /home/airflow/.local/lib/python3.12/site-packages/airflow/example_dags/example_python_decorator.py
[2026-06-14T21:40:33.929+0000] {processor.py:840} INFO - DAG(s) 'example_python_decorator' retrieved from /home/airflow/.local/lib/python3.12/site-packages/airflow/example_dags/example_python_decorator.py
[2026-06-14T21:40:33.974+0000] {logging_mixin.py:188} INFO - [2026-06-14T21:40:33.973+0000] {dag.py:3089} INFO - Sync 1 DAGs
[2026-06-14T21:40:34.000+0000] {logging_mixin.py:188} INFO - [2026-06-14T21:40:33.999+0000] {dag.py:3947} INFO - Setting next_dagrun for example_python_decorator to None, run_after=None
[2026-06-14T21:40:34.036+0000] {processor.py:183} INFO - Processing /home/airflow/.local/lib/python3.12/site-packages/airflow/example_dags/example_python_decorator.py took 0.152 seconds
[2026-06-14T21:41:04.597+0000] {processor.py:161} INFO - Started process (PID=218) to work on /home/airflow/.local/lib/python3.12/site-packages/airflow/example_dags/example_python_decorator.py
[2026-06-14T21:41:04.600+0000] {processor.py:830} INFO - Processing file /home/airflow/.local/lib/python3.12/site-packages/airflow/example_dags/example_python_decorator.py for tasks to queue
[2026-06-14T21:41:04.604+0000] {logging_mixin.py:188} INFO - [2026-06-14T21:41:04.603+0000] {dagbag.py:545} INFO - Filling up the DagBag from /home/airflow/.local/lib/python3.12/site-packages/airflow/example_dags/example_python_decorator.py
[2026-06-14T21:41:04.628+0000] {processor.py:840} INFO - DAG(s) 'example_python_decorator' retrieved from /home/airflow/.local/lib/python3.12/site-packages/airflow/example_dags/example_python_decorator.py
[2026-06-14T21:41:04.664+0000] {logging_mixin.py:188} INFO - [2026-06-14T21:41:04.664+0000] {dag.py:3089} INFO - Sync 1 DAGs
[2026-06-14T21:41:04.686+0000] {logging_mixin.py:188} INFO - [2026-06-14T21:41:04.685+0000] {dag.py:3947} INFO - Setting next_dagrun for example_python_decorator to None, run_after=None
[2026-06-14T21:41:04.725+0000] {processor.py:183} INFO - Processing /home/airflow/.local/lib/python3.12/site-packages/airflow/example_dags/example_python_decorator.py took 0.142 seconds
[2026-06-14T21:41:35.339+0000] {processor.py:161} INFO - Started process (PID=277) to work on /home/airflow/.local/lib/python3.12/site-packages/airflow/example_dags/example_python_decorator.py
[2026-06-14T21:41:35.341+0000] {processor.py:830} INFO - Processing file /home/airflow/.local/lib/python3.12/site-packages/airflow/example_dags/example_python_decorator.py for tasks to queue
[2026-06-14T21:41:35.344+0000] {logging_mixin.py:188} INFO - [2026-06-14T21:41:35.344+0000] {dagbag.py:545} INFO - Filling up the DagBag from /home/airflow/.local/lib/python3.12/site-packages/airflow/example_dags/example_python_decorator.py
[2026-06-14T21:41:35.371+0000] {processor.py:840} INFO - DAG(s) 'example_python_decorator' retrieved from /home/airflow/.local/lib/python3.12/site-packages/airflow/example_dags/example_python_decorator.py
[2026-06-14T21:41:35.402+0000] {logging_mixin.py:188} INFO - [2026-06-14T21:41:35.402+0000] {dag.py:3089} INFO - Sync 1 DAGs
[2026-06-14T21:41:35.418+0000] {logging_mixin.py:188} INFO - [2026-06-14T21:41:35.418+0000] {dag.py:3947} INFO - Setting next_dagrun for example_python_decorator to None, run_after=None
[2026-06-14T21:41:35.447+0000] {processor.py:183} INFO - Processing /home/airflow/.local/lib/python3.12/site-packages/airflow/example_dags/example_python_decorator.py took 0.118 seconds
[2026-06-14T21:42:06.100+0000] {processor.py:161} INFO - Started process (PID=336) to work on /home/airflow/.local/lib/python3.12/site-packages/airflow/example_dags/example_python_decorator.py
[2026-06-14T21:42:06.102+0000] {processor.py:830} INFO - Processing file /home/airflow/.local/lib/python3.12/site-packages/airflow/example_dags/example_python_decorator.py for tasks to queue
[2026-06-14T21:42:06.105+0000] {logging_mixin.py:188} INFO - [2026-06-14T21:42:06.105+0000] {dagbag.py:545} INFO - Filling up the DagBag from /home/airflow/.local/lib/python3.12/site-packages/airflow/example_dags/example_python_decorator.py
[2026-06-14T21:42:06.125+0000] {processor.py:840} INFO - DAG(s) 'example_python_decorator' retrieved from /home/airflow/.local/lib/python3.12/site-packages/airflow/example_dags/example_python_decorator.py
[2026-06-14T21:42:06.162+0000] {logging_mixin.py:188} INFO - [2026-06-14T21:42:06.161+0000] {dag.py:3089} INFO - Sync 1 DAGs
[2026-06-14T21:42:06.185+0000] {logging_mixin.py:188} INFO - [2026-06-14T21:42:06.184+0000] {dag.py:3947} INFO - Setting next_dagrun for example_python_decorator to None, run_after=None
[2026-06-14T21:42:06.214+0000] {processor.py:183} INFO - Processing /home/airflow/.local/lib/python3.12/site-packages/airflow/example_dags/example_python_decorator.py took 0.123 seconds
[2026-06-14T21:42:36.699+0000] {processor.py:161} INFO - Started process (PID=395) to work on /home/airflow/.local/lib/python3.12/site-packages/airflow/example_dags/example_python_decorator.py
[2026-06-14T21:42:36.701+0000] {processor.py:830} INFO - Processing file /home/airflow/.local/lib/python3.12/site-packages/airflow/example_dags/example_python_decorator.py for tasks to queue
[2026-06-14T21:42:36.704+0000] {logging_mixin.py:188} INFO - [2026-06-14T21:42:36.703+0000] {dagbag.py:545} INFO - Filling up the DagBag from /home/airflow/.local/lib/python3.12/site-packages/airflow/example_dags/example_python_decorator.py
[2026-06-14T21:42:36.723+0000] {processor.py:840} INFO - DAG(s) 'example_python_decorator' retrieved from /home/airflow/.local/lib/python3.12/site-packages/airflow/example_dags/example_python_decorator.py
[2026-06-14T21:42:36.759+0000] {logging_mixin.py:188} INFO - [2026-06-14T21:42:36.759+0000] {dag.py:3089} INFO - Sync 1 DAGs
[2026-06-14T21:42:36.779+0000] {logging_mixin.py:188} INFO - [2026-06-14T21:42:36.779+0000] {dag.py:3947} INFO - Setting next_dagrun for example_python_decorator to None, run_after=None
[2026-06-14T21:42:36.807+0000] {processor.py:183} INFO - Processing /home/airflow/.local/lib/python3.12/site-packages/airflow/example_dags/example_python_decorator.py took 0.116 seconds
[2026-06-14T21:43:07.331+0000] {processor.py:161} INFO - Started process (PID=454) to work on /home/airflow/.local/lib/python3.12/site-packages/airflow/example_dags/example_python_decorator.py
[2026-06-14T21:43:07.333+0000] {processor.py:830} INFO - Processing file /home/airflow/.local/lib/python3.12/site-packages/airflow/example_dags/example_python_decorator.py for tasks to queue
[2026-06-14T21:43:07.337+0000] {logging_mixin.py:188} INFO - [2026-06-14T21:43:07.337+0000] {dagbag.py:545} INFO - Filling up the DagBag from /home/airflow/.local/lib/python3.12/site-packages/airflow/example_dags/example_python_decorator.py
[2026-06-14T21:43:07.362+0000] {processor.py:840} INFO - DAG(s) 'example_python_decorator' retrieved from /home/airflow/.local/lib/python3.12/site-packages/airflow/example_dags/example_python_decorator.py
[2026-06-14T21:43:07.403+0000] {logging_mixin.py:188} INFO - [2026-06-14T21:43:07.402+0000] {dag.py:3089} INFO - Sync 1 DAGs
[2026-06-14T21:43:07.421+0000] {logging_mixin.py:188} INFO - [2026-06-14T21:43:07.420+0000] {dag.py:3947} INFO - Setting next_dagrun for example_python_decorator to None, run_after=None
[2026-06-14T21:43:07.457+0000] {processor.py:183} INFO - Processing /home/airflow/.local/lib/python3.12/site-packages/airflow/example_dags/example_python_decorator.py took 0.138 seconds
[2026-06-14T21:43:38.292+0000] {processor.py:161} INFO - Started process (PID=513) to work on /home/airflow/.local/lib/python3.12/site-packages/airflow/example_dags/example_python_decorator.py
[2026-06-14T21:43:38.296+0000] {processor.py:830} INFO - Processing file /home/airflow/.local/lib/python3.12/site-packages/airflow/example_dags/example_python_decorator.py for tasks to queue
[2026-06-14T21:43:38.300+0000] {logging_mixin.py:188} INFO - [2026-06-14T21:43:38.299+0000] {dagbag.py:545} INFO - Filling up the DagBag from /home/airflow/.local/lib/python3.12/site-packages/airflow/example_dags/example_python_decorator.py
[2026-06-14T21:43:38.322+0000] {processor.py:840} INFO - DAG(s) 'example_python_decorator' retrieved from /home/airflow/.local/lib/python3.12/site-packages/airflow/example_dags/example_python_decorator.py
[2026-06-14T21:43:38.357+0000] {logging_mixin.py:188} INFO - [2026-06-14T21:43:38.356+0000] {dag.py:3089} INFO - Sync 1 DAGs
[2026-06-14T21:43:38.377+0000] {logging_mixin.py:188} INFO - [2026-06-14T21:43:38.377+0000] {dag.py:3947} INFO - Setting next_dagrun for example_python_decorator to None, run_after=None
[2026-06-14T21:43:38.404+0000] {processor.py:183} INFO - Processing /home/airflow/.local/lib/python3.12/site-packages/airflow/example_dags/example_python_decorator.py took 0.124 seconds
[2026-06-14T21:44:08.896+0000] {processor.py:161} INFO - Started process (PID=572) to work on /home/airflow/.local/lib/python3.12/site-packages/airflow/example_dags/example_python_decorator.py
[2026-06-14T21:44:08.898+0000] {processor.py:830} INFO - Processing file /home/airflow/.local/lib/python3.12/site-packages/airflow/example_dags/example_python_decorator.py for tasks to queue
[2026-06-14T21:44:08.900+0000] {logging_mixin.py:188} INFO - [2026-06-14T21:44:08.900+0000] {dagbag.py:545} INFO - Filling up the DagBag from /home/airflow/.local/lib/python3.12/site-packages/airflow/example_dags/example_python_decorator.py
[2026-06-14T21:44:08.918+0000] {processor.py:840} INFO - DAG(s) 'example_python_decorator' retrieved from /home/airflow/.local/lib/python3.12/site-packages/airflow/example_dags/example_python_decorator.py
[2026-06-14T21:44:08.948+0000] {logging_mixin.py:188} INFO - [2026-06-14T21:44:08.947+0000] {dag.py:3089} INFO - Sync 1 DAGs
[2026-06-14T21:44:08.964+0000] {logging_mixin.py:188} INFO - [2026-06-14T21:44:08.963+0000] {dag.py:3947} INFO - Setting next_dagrun for example_python_decorator to None, run_after=None
[2026-06-14T21:44:08.990+0000] {processor.py:183} INFO - Processing /home/airflow/.local/lib/python3.12/site-packages/airflow/example_dags/example_python_decorator.py took 0.101 seconds
[2026-06-14T21:44:39.688+0000] {processor.py:161} INFO - Started process (PID=631) to work on /home/airflow/.local/lib/python3.12/site-packages/airflow/example_dags/example_python_decorator.py
[2026-06-14T21:44:39.690+0000] {processor.py:830} INFO - Processing file /home/airflow/.local/lib/python3.12/site-packages/airflow/example_dags/example_python_decorator.py for tasks to queue
[2026-06-14T21:44:39.694+0000] {logging_mixin.py:188} INFO - [2026-06-14T21:44:39.693+0000] {dagbag.py:545} INFO - Filling up the DagBag from /home/airflow/.local/lib/python3.12/site-packages/airflow/example_dags/example_python_decorator.py
[2026-06-14T21:44:39.714+0000] {processor.py:840} INFO - DAG(s) 'example_python_decorator' retrieved from /home/airflow/.local/lib/python3.12/site-packages/airflow/example_dags/example_python_decorator.py
[2026-06-14T21:44:39.756+0000] {logging_mixin.py:188} INFO - [2026-06-14T21:44:39.756+0000] {dag.py:3089} INFO - Sync 1 DAGs
[2026-06-14T21:44:39.778+0000] {logging_mixin.py:188} INFO - [2026-06-14T21:44:39.777+0000] {dag.py:3947} INFO - Setting next_dagrun for example_python_decorator to None, run_after=None
[2026-06-14T21:44:39.815+0000] {processor.py:183} INFO - Processing /home/airflow/.local/lib/python3.12/site-packages/airflow/example_dags/example_python_decorator.py took 0.135 seconds
[2026-06-14T21:45:09.966+0000] {processor.py:161} INFO - Started process (PID=690) to work on /home/airflow/.local/lib/python3.12/site-packages/airflow/example_dags/example_python_decorator.py
[2026-06-14T21:45:09.968+0000] {processor.py:830} INFO - Processing file /home/airflow/.local/lib/python3.12/site-packages/airflow/example_dags/example_python_decorator.py for tasks to queue
[2026-06-14T21:45:09.971+0000] {logging_mixin.py:188} INFO - [2026-06-14T21:45:09.970+0000] {dagbag.py:545} INFO - Filling up the DagBag from /home/airflow/.local/lib/python3.12/site-packages/airflow/example_dags/example_python_decorator.py
[2026-06-14T21:45:09.994+0000] {processor.py:840} INFO - DAG(s) 'example_python_decorator' retrieved from /home/airflow/.local/lib/python3.12/site-packages/airflow/example_dags/example_python_decorator.py
[2026-06-14T21:45:10.032+0000] {logging_mixin.py:188} INFO - [2026-06-14T21:45:10.031+0000] {dag.py:3089} INFO - Sync 1 DAGs
[2026-06-14T21:45:10.048+0000] {logging_mixin.py:188} INFO - [2026-06-14T21:45:10.047+0000] {dag.py:3947} INFO - Setting next_dagrun for example_python_decorator to None, run_after=None
[2026-06-14T21:45:10.076+0000] {processor.py:183} INFO - Processing /home/airflow/.local/lib/python3.12/site-packages/airflow/example_dags/example_python_decorator.py took 0.117 seconds
[2026-06-14T21:45:40.468+0000] {processor.py:161} INFO - Started process (PID=749) to work on /home/airflow/.local/lib/python3.12/site-packages/airflow/example_dags/example_python_decorator.py
[2026-06-14T21:45:40.470+0000] {processor.py:830} INFO - Processing file /home/airflow/.local/lib/python3.12/site-packages/airflow/example_dags/example_python_decorator.py for tasks to queue
[2026-06-14T21:45:40.473+0000] {logging_mixin.py:188} INFO - [2026-06-14T21:45:40.472+0000] {dagbag.py:545} INFO - Filling up the DagBag from /home/airflow/.local/lib/python3.12/site-packages/airflow/example_dags/example_python_decorator.py
[2026-06-14T21:45:40.489+0000] {processor.py:840} INFO - DAG(s) 'example_python_decorator' retrieved from /home/airflow/.local/lib/python3.12/site-packages/airflow/example_dags/example_python_decorator.py
[2026-06-14T21:45:40.517+0000] {logging_mixin.py:188} INFO - [2026-06-14T21:45:40.516+0000] {dag.py:3089} INFO - Sync 1 DAGs
[2026-06-14T21:45:40.533+0000] {logging_mixin.py:188} INFO - [2026-06-14T21:45:40.533+0000] {dag.py:3947} INFO - Setting next_dagrun for example_python_decorator to None, run_after=None
[2026-06-14T21:45:40.557+0000] {processor.py:183} INFO - Processing /home/airflow/.local/lib/python3.12/site-packages/airflow/example_dags/example_python_decorator.py took 0.097 seconds
[2026-06-14T21:46:11.770+0000] {processor.py:161} INFO - Started process (PID=808) to work on /home/airflow/.local/lib/python3.12/site-packages/airflow/example_dags/example_python_decorator.py
[2026-06-14T21:46:11.773+0000] {processor.py:830} INFO - Processing file /home/airflow/.local/lib/python3.12/site-packages/airflow/example_dags/example_python_decorator.py for tasks to queue
[2026-06-14T21:46:11.779+0000] {logging_mixin.py:188} INFO - [2026-06-14T21:46:11.778+0000] {dagbag.py:545} INFO - Filling up the DagBag from /home/airflow/.local/lib/python3.12/site-packages/airflow/example_dags/example_python_decorator.py
[2026-06-14T21:46:11.817+0000] {processor.py:840} INFO - DAG(s) 'example_python_decorator' retrieved from /home/airflow/.local/lib/python3.12/site-packages/airflow/example_dags/example_python_decorator.py
[2026-06-14T21:46:11.875+0000] {logging_mixin.py:188} INFO - [2026-06-14T21:46:11.874+0000] {dag.py:3089} INFO - Sync 1 DAGs
[2026-06-14T21:46:11.913+0000] {logging_mixin.py:188} INFO - [2026-06-14T21:46:11.913+0000] {dag.py:3947} INFO - Setting next_dagrun for example_python_decorator to None, run_after=None
[2026-06-14T21:46:11.999+0000] {processor.py:183} INFO - Processing /home/airflow/.local/lib/python3.12/site-packages/airflow/example_dags/example_python_decorator.py took 0.243 seconds
[2026-06-14T21:46:42.882+0000] {processor.py:161} INFO - Started process (PID=867) to work on /home/airflow/.local/lib/python3.12/site-packages/airflow/example_dags/example_python_decorator.py
[2026-06-14T21:46:42.884+0000] {processor.py:830} INFO - Processing file /home/airflow/.local/lib/python3.12/site-packages/airflow/example_dags/example_python_decorator.py for tasks to queue
[2026-06-14T21:46:42.888+0000] {logging_mixin.py:188} INFO - [2026-06-14T21:46:42.887+0000] {dagbag.py:545} INFO - Filling up the DagBag from /home/airflow/.local/lib/python3.12/site-packages/airflow/example_dags/example_python_decorator.py
[2026-06-14T21:46:42.912+0000] {processor.py:840} INFO - DAG(s) 'example_python_decorator' retrieved from /home/airflow/.local/lib/python3.12/site-packages/airflow/example_dags/example_python_decorator.py
[2026-06-14T21:46:42.942+0000] {logging_mixin.py:188} INFO - [2026-06-14T21:46:42.942+0000] {dag.py:3089} INFO - Sync 1 DAGs
[2026-06-14T21:46:42.963+0000] {logging_mixin.py:188} INFO - [2026-06-14T21:46:42.963+0000] {dag.py:3947} INFO - Setting next_dagrun for example_python_decorator to None, run_after=None
[2026-06-14T21:46:42.992+0000] {processor.py:183} INFO - Processing /home/airflow/.local/lib/python3.12/site-packages/airflow/example_dags/example_python_decorator.py took 0.122 seconds
[2026-06-14T21:47:15.457+0000] {processor.py:161} INFO - Started process (PID=926) to work on /home/airflow/.local/lib/python3.12/site-packages/airflow/example_dags/example_python_decorator.py
[2026-06-14T21:47:15.460+0000] {processor.py:830} INFO - Processing file /home/airflow/.local/lib/python3.12/site-packages/airflow/example_dags/example_python_decorator.py for tasks to queue
[2026-06-14T21:47:15.466+0000] {logging_mixin.py:188} INFO - [2026-06-14T21:47:15.465+0000] {dagbag.py:545} INFO - Filling up the DagBag from /home/airflow/.local/lib/python3.12/site-packages/airflow/example_dags/example_python_decorator.py
[2026-06-14T21:47:15.504+0000] {processor.py:840} INFO - DAG(s) 'example_python_decorator' retrieved from /home/airflow/.local/lib/python3.12/site-packages/airflow/example_dags/example_python_decorator.py
[2026-06-14T21:47:15.567+0000] {logging_mixin.py:188} INFO - [2026-06-14T21:47:15.567+0000] {dag.py:3089} INFO - Sync 1 DAGs
[2026-06-14T21:47:15.600+0000] {logging_mixin.py:188} INFO - [2026-06-14T21:47:15.600+0000] {dag.py:3947} INFO - Setting next_dagrun for example_python_decorator to None, run_after=None
[2026-06-14T21:47:15.699+0000] {processor.py:183} INFO - Processing /home/airflow/.local/lib/python3.12/site-packages/airflow/example_dags/example_python_decorator.py took 0.258 seconds
[2026-06-14T21:47:46.391+0000] {processor.py:161} INFO - Started process (PID=990) to work on /home/airflow/.local/lib/python3.12/site-packages/airflow/example_dags/example_python_decorator.py
[2026-06-14T21:47:46.393+0000] {processor.py:830} INFO - Processing file /home/airflow/.local/lib/python3.12/site-packages/airflow/example_dags/example_python_decorator.py for tasks to queue
[2026-06-14T21:47:46.395+0000] {logging_mixin.py:188} INFO - [2026-06-14T21:47:46.395+0000] {dagbag.py:545} INFO - Filling up the DagBag from /home/airflow/.local/lib/python3.12/site-packages/airflow/example_dags/example_python_decorator.py
[2026-06-14T21:47:46.414+0000] {processor.py:840} INFO - DAG(s) 'example_python_decorator' retrieved from /home/airflow/.local/lib/python3.12/site-packages/airflow/example_dags/example_python_decorator.py
[2026-06-14T21:47:46.444+0000] {logging_mixin.py:188} INFO - [2026-06-14T21:47:46.444+0000] {dag.py:3089} INFO - Sync 1 DAGs
[2026-06-14T21:47:46.464+0000] {logging_mixin.py:188} INFO - [2026-06-14T21:47:46.464+0000] {dag.py:3947} INFO - Setting next_dagrun for example_python_decorator to None, run_after=None
[2026-06-14T21:47:46.491+0000] {processor.py:183} INFO - Processing /home/airflow/.local/lib/python3.12/site-packages/airflow/example_dags/example_python_decorator.py took 0.109 seconds
[2026-06-14T21:48:17.036+0000] {processor.py:161} INFO - Started process (PID=1049) to work on /home/airflow/.local/lib/python3.12/site-packages/airflow/example_dags/example_python_decorator.py
[2026-06-14T21:48:17.038+0000] {processor.py:830} INFO - Processing file /home/airflow/.local/lib/python3.12/site-packages/airflow/example_dags/example_python_decorator.py for tasks to queue
[2026-06-14T21:48:17.041+0000] {logging_mixin.py:188} INFO - [2026-06-14T21:48:17.040+0000] {dagbag.py:545} INFO - Filling up the DagBag from /home/airflow/.local/lib/python3.12/site-packages/airflow/example_dags/example_python_decorator.py
[2026-06-14T21:48:17.062+0000] {processor.py:840} INFO - DAG(s) 'example_python_decorator' retrieved from /home/airflow/.local/lib/python3.12/site-packages/airflow/example_dags/example_python_decorator.py
[2026-06-14T21:48:17.092+0000] {logging_mixin.py:188} INFO - [2026-06-14T21:48:17.092+0000] {dag.py:3089} INFO - Sync 1 DAGs
[2026-06-14T21:48:17.109+0000] {logging_mixin.py:188} INFO - [2026-06-14T21:48:17.108+0000] {dag.py:3947} INFO - Setting next_dagrun for example_python_decorator to None, run_after=None
[2026-06-14T21:48:17.136+0000] {processor.py:183} INFO - Processing /home/airflow/.local/lib/python3.12/site-packages/airflow/example_dags/example_python_decorator.py took 0.109 seconds
[2026-06-14T21:48:48.105+0000] {processor.py:161} INFO - Started process (PID=1107) to work on /home/airflow/.local/lib/python3.12/site-packages/airflow/example_dags/example_python_decorator.py
[2026-06-14T21:48:48.106+0000] {processor.py:830} INFO - Processing file /home/airflow/.local/lib/python3.12/site-packages/airflow/example_dags/example_python_decorator.py for tasks to queue
[2026-06-14T21:48:48.109+0000] {logging_mixin.py:188} INFO - [2026-06-14T21:48:48.108+0000] {dagbag.py:545} INFO - Filling up the DagBag from /home/airflow/.local/lib/python3.12/site-packages/airflow/example_dags/example_python_decorator.py
[2026-06-14T21:48:48.124+0000] {processor.py:840} INFO - DAG(s) 'example_python_decorator' retrieved from /home/airflow/.local/lib/python3.12/site-packages/airflow/example_dags/example_python_decorator.py
[2026-06-14T21:48:48.154+0000] {logging_mixin.py:188} INFO - [2026-06-14T21:48:48.154+0000] {dag.py:3089} INFO - Sync 1 DAGs
[2026-06-14T21:48:48.171+0000] {logging_mixin.py:188} INFO - [2026-06-14T21:48:48.170+0000] {dag.py:3947} INFO - Setting next_dagrun for example_python_decorator to None, run_after=None
[2026-06-14T21:48:48.199+0000] {processor.py:183} INFO - Processing /home/airflow/.local/lib/python3.12/site-packages/airflow/example_dags/example_python_decorator.py took 0.103 seconds
[2026-06-14T21:49:18.582+0000] {processor.py:161} INFO - Started process (PID=1166) to work on /home/airflow/.local/lib/python3.12/site-packages/airflow/example_dags/example_python_decorator.py
[2026-06-14T21:49:18.583+0000] {processor.py:830} INFO - Processing file /home/airflow/.local/lib/python3.12/site-packages/airflow/example_dags/example_python_decorator.py for tasks to queue
[2026-06-14T21:49:18.586+0000] {logging_mixin.py:188} INFO - [2026-06-14T21:49:18.586+0000] {dagbag.py:545} INFO - Filling up the DagBag from /home/airflow/.local/lib/python3.12/site-packages/airflow/example_dags/example_python_decorator.py
[2026-06-14T21:49:18.605+0000] {processor.py:840} INFO - DAG(s) 'example_python_decorator' retrieved from /home/airflow/.local/lib/python3.12/site-packages/airflow/example_dags/example_python_decorator.py
[2026-06-14T21:49:18.641+0000] {logging_mixin.py:188} INFO - [2026-06-14T21:49:18.641+0000] {dag.py:3089} INFO - Sync 1 DAGs
[2026-06-14T21:49:18.659+0000] {logging_mixin.py:188} INFO - [2026-06-14T21:49:18.658+0000] {dag.py:3947} INFO - Setting next_dagrun for example_python_decorator to None, run_after=None
[2026-06-14T21:49:18.687+0000] {processor.py:183} INFO - Processing /home/airflow/.local/lib/python3.12/site-packages/airflow/example_dags/example_python_decorator.py took 0.113 seconds
