[2026-06-14T21:26:27.915+0000] {processor.py:161} INFO - Started process (PID=70) to work on /home/airflow/.local/lib/python3.12/site-packages/airflow/example_dags/example_task_group.py
[2026-06-14T21:26:27.917+0000] {processor.py:830} INFO - Processing file /home/airflow/.local/lib/python3.12/site-packages/airflow/example_dags/example_task_group.py for tasks to queue
[2026-06-14T21:26:27.920+0000] {logging_mixin.py:188} INFO - [2026-06-14T21:26:27.919+0000] {dagbag.py:545} INFO - Filling up the DagBag from /home/airflow/.local/lib/python3.12/site-packages/airflow/example_dags/example_task_group.py
[2026-06-14T21:26:27.941+0000] {processor.py:840} INFO - DAG(s) 'example_task_group' retrieved from /home/airflow/.local/lib/python3.12/site-packages/airflow/example_dags/example_task_group.py
[2026-06-14T21:26:28.213+0000] {logging_mixin.py:188} INFO - [2026-06-14T21:26:28.213+0000] {override.py:1858} INFO - Created Permission View: can delete on DAG:example_task_group
[2026-06-14T21:26:28.235+0000] {logging_mixin.py:188} INFO - [2026-06-14T21:26:28.234+0000] {override.py:1858} INFO - Created Permission View: can edit on DAG:example_task_group
[2026-06-14T21:26:28.254+0000] {logging_mixin.py:188} INFO - [2026-06-14T21:26:28.253+0000] {override.py:1858} INFO - Created Permission View: can read on DAG:example_task_group
[2026-06-14T21:26:28.255+0000] {logging_mixin.py:188} INFO - [2026-06-14T21:26:28.255+0000] {dag.py:3089} INFO - Sync 1 DAGs
[2026-06-14T21:26:28.274+0000] {logging_mixin.py:188} INFO - [2026-06-14T21:26:28.274+0000] {dag.py:3111} INFO - Creating ORM DAG for example_task_group
[2026-06-14T21:26:28.296+0000] {logging_mixin.py:188} INFO - [2026-06-14T21:26:28.296+0000] {dag.py:3947} INFO - Setting next_dagrun for example_task_group to 2026-06-13 00:00:00+00:00, run_after=2026-06-14 00:00:00+00:00
[2026-06-14T21:26:28.340+0000] {processor.py:183} INFO - Processing /home/airflow/.local/lib/python3.12/site-packages/airflow/example_dags/example_task_group.py took 0.436 seconds
[2026-06-14T21:26:58.728+0000] {processor.py:161} INFO - Started process (PID=129) to work on /home/airflow/.local/lib/python3.12/site-packages/airflow/example_dags/example_task_group.py
[2026-06-14T21:26:58.731+0000] {processor.py:830} INFO - Processing file /home/airflow/.local/lib/python3.12/site-packages/airflow/example_dags/example_task_group.py for tasks to queue
[2026-06-14T21:26:58.734+0000] {logging_mixin.py:188} INFO - [2026-06-14T21:26:58.734+0000] {dagbag.py:545} INFO - Filling up the DagBag from /home/airflow/.local/lib/python3.12/site-packages/airflow/example_dags/example_task_group.py
[2026-06-14T21:26:58.751+0000] {processor.py:840} INFO - DAG(s) 'example_task_group' retrieved from /home/airflow/.local/lib/python3.12/site-packages/airflow/example_dags/example_task_group.py
[2026-06-14T21:26:58.801+0000] {logging_mixin.py:188} INFO - [2026-06-14T21:26:58.800+0000] {dag.py:3089} INFO - Sync 1 DAGs
[2026-06-14T21:26:58.846+0000] {logging_mixin.py:188} INFO - [2026-06-14T21:26:58.846+0000] {dag.py:3947} INFO - Setting next_dagrun for example_task_group to 2026-06-13 00:00:00+00:00, run_after=2026-06-14 00:00:00+00:00
[2026-06-14T21:26:58.876+0000] {processor.py:183} INFO - Processing /home/airflow/.local/lib/python3.12/site-packages/airflow/example_dags/example_task_group.py took 0.160 seconds
[2026-06-14T21:27:29.065+0000] {processor.py:161} INFO - Started process (PID=188) to work on /home/airflow/.local/lib/python3.12/site-packages/airflow/example_dags/example_task_group.py
[2026-06-14T21:27:29.066+0000] {processor.py:830} INFO - Processing file /home/airflow/.local/lib/python3.12/site-packages/airflow/example_dags/example_task_group.py for tasks to queue
[2026-06-14T21:27:29.069+0000] {logging_mixin.py:188} INFO - [2026-06-14T21:27:29.069+0000] {dagbag.py:545} INFO - Filling up the DagBag from /home/airflow/.local/lib/python3.12/site-packages/airflow/example_dags/example_task_group.py
[2026-06-14T21:27:29.077+0000] {processor.py:840} INFO - DAG(s) 'example_task_group' retrieved from /home/airflow/.local/lib/python3.12/site-packages/airflow/example_dags/example_task_group.py
[2026-06-14T21:27:29.105+0000] {logging_mixin.py:188} INFO - [2026-06-14T21:27:29.105+0000] {dag.py:3089} INFO - Sync 1 DAGs
[2026-06-14T21:27:29.139+0000] {logging_mixin.py:188} INFO - [2026-06-14T21:27:29.138+0000] {dag.py:3947} INFO - Setting next_dagrun for example_task_group to 2026-06-13 00:00:00+00:00, run_after=2026-06-14 00:00:00+00:00
[2026-06-14T21:27:29.214+0000] {processor.py:183} INFO - Processing /home/airflow/.local/lib/python3.12/site-packages/airflow/example_dags/example_task_group.py took 0.155 seconds
[2026-06-14T21:27:59.351+0000] {processor.py:161} INFO - Started process (PID=247) to work on /home/airflow/.local/lib/python3.12/site-packages/airflow/example_dags/example_task_group.py
[2026-06-14T21:27:59.352+0000] {processor.py:830} INFO - Processing file /home/airflow/.local/lib/python3.12/site-packages/airflow/example_dags/example_task_group.py for tasks to queue
[2026-06-14T21:27:59.354+0000] {logging_mixin.py:188} INFO - [2026-06-14T21:27:59.354+0000] {dagbag.py:545} INFO - Filling up the DagBag from /home/airflow/.local/lib/python3.12/site-packages/airflow/example_dags/example_task_group.py
[2026-06-14T21:27:59.363+0000] {processor.py:840} INFO - DAG(s) 'example_task_group' retrieved from /home/airflow/.local/lib/python3.12/site-packages/airflow/example_dags/example_task_group.py
[2026-06-14T21:27:59.394+0000] {logging_mixin.py:188} INFO - [2026-06-14T21:27:59.393+0000] {dag.py:3089} INFO - Sync 1 DAGs
[2026-06-14T21:27:59.432+0000] {logging_mixin.py:188} INFO - [2026-06-14T21:27:59.431+0000] {dag.py:3947} INFO - Setting next_dagrun for example_task_group to 2026-06-13 00:00:00+00:00, run_after=2026-06-14 00:00:00+00:00
[2026-06-14T21:27:59.499+0000] {processor.py:183} INFO - Processing /home/airflow/.local/lib/python3.12/site-packages/airflow/example_dags/example_task_group.py took 0.156 seconds
[2026-06-14T21:28:29.631+0000] {processor.py:161} INFO - Started process (PID=306) to work on /home/airflow/.local/lib/python3.12/site-packages/airflow/example_dags/example_task_group.py
[2026-06-14T21:28:29.632+0000] {processor.py:830} INFO - Processing file /home/airflow/.local/lib/python3.12/site-packages/airflow/example_dags/example_task_group.py for tasks to queue
[2026-06-14T21:28:29.635+0000] {logging_mixin.py:188} INFO - [2026-06-14T21:28:29.635+0000] {dagbag.py:545} INFO - Filling up the DagBag from /home/airflow/.local/lib/python3.12/site-packages/airflow/example_dags/example_task_group.py
[2026-06-14T21:28:29.646+0000] {processor.py:840} INFO - DAG(s) 'example_task_group' retrieved from /home/airflow/.local/lib/python3.12/site-packages/airflow/example_dags/example_task_group.py
[2026-06-14T21:28:29.673+0000] {logging_mixin.py:188} INFO - [2026-06-14T21:28:29.672+0000] {dag.py:3089} INFO - Sync 1 DAGs
[2026-06-14T21:28:29.701+0000] {logging_mixin.py:188} INFO - [2026-06-14T21:28:29.701+0000] {dag.py:3947} INFO - Setting next_dagrun for example_task_group to 2026-06-13 00:00:00+00:00, run_after=2026-06-14 00:00:00+00:00
[2026-06-14T21:28:29.729+0000] {processor.py:183} INFO - Processing /home/airflow/.local/lib/python3.12/site-packages/airflow/example_dags/example_task_group.py took 0.106 seconds
[2026-06-14T21:29:00.157+0000] {processor.py:161} INFO - Started process (PID=365) to work on /home/airflow/.local/lib/python3.12/site-packages/airflow/example_dags/example_task_group.py
[2026-06-14T21:29:00.159+0000] {processor.py:830} INFO - Processing file /home/airflow/.local/lib/python3.12/site-packages/airflow/example_dags/example_task_group.py for tasks to queue
[2026-06-14T21:29:00.162+0000] {logging_mixin.py:188} INFO - [2026-06-14T21:29:00.161+0000] {dagbag.py:545} INFO - Filling up the DagBag from /home/airflow/.local/lib/python3.12/site-packages/airflow/example_dags/example_task_group.py
[2026-06-14T21:29:00.177+0000] {processor.py:840} INFO - DAG(s) 'example_task_group' retrieved from /home/airflow/.local/lib/python3.12/site-packages/airflow/example_dags/example_task_group.py
[2026-06-14T21:29:00.215+0000] {logging_mixin.py:188} INFO - [2026-06-14T21:29:00.215+0000] {dag.py:3089} INFO - Sync 1 DAGs
[2026-06-14T21:29:00.260+0000] {logging_mixin.py:188} INFO - [2026-06-14T21:29:00.260+0000] {dag.py:3947} INFO - Setting next_dagrun for example_task_group to 2026-06-13 00:00:00+00:00, run_after=2026-06-14 00:00:00+00:00
[2026-06-14T21:29:00.321+0000] {processor.py:183} INFO - Processing /home/airflow/.local/lib/python3.12/site-packages/airflow/example_dags/example_task_group.py took 0.173 seconds
[2026-06-14T21:29:30.851+0000] {processor.py:161} INFO - Started process (PID=424) to work on /home/airflow/.local/lib/python3.12/site-packages/airflow/example_dags/example_task_group.py
[2026-06-14T21:29:30.867+0000] {processor.py:830} INFO - Processing file /home/airflow/.local/lib/python3.12/site-packages/airflow/example_dags/example_task_group.py for tasks to queue
[2026-06-14T21:29:30.871+0000] {logging_mixin.py:188} INFO - [2026-06-14T21:29:30.870+0000] {dagbag.py:545} INFO - Filling up the DagBag from /home/airflow/.local/lib/python3.12/site-packages/airflow/example_dags/example_task_group.py
[2026-06-14T21:29:30.884+0000] {processor.py:840} INFO - DAG(s) 'example_task_group' retrieved from /home/airflow/.local/lib/python3.12/site-packages/airflow/example_dags/example_task_group.py
[2026-06-14T21:29:30.924+0000] {logging_mixin.py:188} INFO - [2026-06-14T21:29:30.924+0000] {dag.py:3089} INFO - Sync 1 DAGs
[2026-06-14T21:29:30.964+0000] {logging_mixin.py:188} INFO - [2026-06-14T21:29:30.963+0000] {dag.py:3947} INFO - Setting next_dagrun for example_task_group to 2026-06-13 00:00:00+00:00, run_after=2026-06-14 00:00:00+00:00
[2026-06-14T21:29:30.996+0000] {processor.py:183} INFO - Processing /home/airflow/.local/lib/python3.12/site-packages/airflow/example_dags/example_task_group.py took 0.158 seconds
[2026-06-14T21:30:01.518+0000] {processor.py:161} INFO - Started process (PID=482) to work on /home/airflow/.local/lib/python3.12/site-packages/airflow/example_dags/example_task_group.py
[2026-06-14T21:30:01.520+0000] {processor.py:830} INFO - Processing file /home/airflow/.local/lib/python3.12/site-packages/airflow/example_dags/example_task_group.py for tasks to queue
[2026-06-14T21:30:01.521+0000] {logging_mixin.py:188} INFO - [2026-06-14T21:30:01.521+0000] {dagbag.py:545} INFO - Filling up the DagBag from /home/airflow/.local/lib/python3.12/site-packages/airflow/example_dags/example_task_group.py
[2026-06-14T21:30:01.532+0000] {processor.py:840} INFO - DAG(s) 'example_task_group' retrieved from /home/airflow/.local/lib/python3.12/site-packages/airflow/example_dags/example_task_group.py
[2026-06-14T21:30:01.568+0000] {logging_mixin.py:188} INFO - [2026-06-14T21:30:01.567+0000] {dag.py:3089} INFO - Sync 1 DAGs
[2026-06-14T21:30:01.595+0000] {logging_mixin.py:188} INFO - [2026-06-14T21:30:01.595+0000] {dag.py:3947} INFO - Setting next_dagrun for example_task_group to 2026-06-13 00:00:00+00:00, run_after=2026-06-14 00:00:00+00:00
[2026-06-14T21:30:01.619+0000] {processor.py:183} INFO - Processing /home/airflow/.local/lib/python3.12/site-packages/airflow/example_dags/example_task_group.py took 0.111 seconds
[2026-06-14T21:30:32.201+0000] {processor.py:161} INFO - Started process (PID=540) to work on /home/airflow/.local/lib/python3.12/site-packages/airflow/example_dags/example_task_group.py
[2026-06-14T21:30:32.202+0000] {processor.py:830} INFO - Processing file /home/airflow/.local/lib/python3.12/site-packages/airflow/example_dags/example_task_group.py for tasks to queue
[2026-06-14T21:30:32.204+0000] {logging_mixin.py:188} INFO - [2026-06-14T21:30:32.203+0000] {dagbag.py:545} INFO - Filling up the DagBag from /home/airflow/.local/lib/python3.12/site-packages/airflow/example_dags/example_task_group.py
[2026-06-14T21:30:32.222+0000] {processor.py:840} INFO - DAG(s) 'example_task_group' retrieved from /home/airflow/.local/lib/python3.12/site-packages/airflow/example_dags/example_task_group.py
[2026-06-14T21:30:32.256+0000] {logging_mixin.py:188} INFO - [2026-06-14T21:30:32.255+0000] {dag.py:3089} INFO - Sync 1 DAGs
[2026-06-14T21:30:32.286+0000] {logging_mixin.py:188} INFO - [2026-06-14T21:30:32.286+0000] {dag.py:3947} INFO - Setting next_dagrun for example_task_group to 2026-06-13 00:00:00+00:00, run_after=2026-06-14 00:00:00+00:00
[2026-06-14T21:30:32.310+0000] {processor.py:183} INFO - Processing /home/airflow/.local/lib/python3.12/site-packages/airflow/example_dags/example_task_group.py took 0.119 seconds
[2026-06-14T21:31:02.515+0000] {processor.py:161} INFO - Started process (PID=599) to work on /home/airflow/.local/lib/python3.12/site-packages/airflow/example_dags/example_task_group.py
[2026-06-14T21:31:02.516+0000] {processor.py:830} INFO - Processing file /home/airflow/.local/lib/python3.12/site-packages/airflow/example_dags/example_task_group.py for tasks to queue
[2026-06-14T21:31:02.518+0000] {logging_mixin.py:188} INFO - [2026-06-14T21:31:02.517+0000] {dagbag.py:545} INFO - Filling up the DagBag from /home/airflow/.local/lib/python3.12/site-packages/airflow/example_dags/example_task_group.py
[2026-06-14T21:31:02.529+0000] {processor.py:840} INFO - DAG(s) 'example_task_group' retrieved from /home/airflow/.local/lib/python3.12/site-packages/airflow/example_dags/example_task_group.py
[2026-06-14T21:31:02.560+0000] {logging_mixin.py:188} INFO - [2026-06-14T21:31:02.560+0000] {dag.py:3089} INFO - Sync 1 DAGs
[2026-06-14T21:31:02.596+0000] {logging_mixin.py:188} INFO - [2026-06-14T21:31:02.596+0000] {dag.py:3947} INFO - Setting next_dagrun for example_task_group to 2026-06-13 00:00:00+00:00, run_after=2026-06-14 00:00:00+00:00
[2026-06-14T21:31:02.629+0000] {processor.py:183} INFO - Processing /home/airflow/.local/lib/python3.12/site-packages/airflow/example_dags/example_task_group.py took 0.122 seconds
[2026-06-14T21:31:33.004+0000] {processor.py:161} INFO - Started process (PID=657) to work on /home/airflow/.local/lib/python3.12/site-packages/airflow/example_dags/example_task_group.py
[2026-06-14T21:31:33.008+0000] {processor.py:830} INFO - Processing file /home/airflow/.local/lib/python3.12/site-packages/airflow/example_dags/example_task_group.py for tasks to queue
[2026-06-14T21:31:33.011+0000] {logging_mixin.py:188} INFO - [2026-06-14T21:31:33.010+0000] {dagbag.py:545} INFO - Filling up the DagBag from /home/airflow/.local/lib/python3.12/site-packages/airflow/example_dags/example_task_group.py
[2026-06-14T21:31:33.028+0000] {processor.py:840} INFO - DAG(s) 'example_task_group' retrieved from /home/airflow/.local/lib/python3.12/site-packages/airflow/example_dags/example_task_group.py
[2026-06-14T21:31:33.074+0000] {logging_mixin.py:188} INFO - [2026-06-14T21:31:33.073+0000] {dag.py:3089} INFO - Sync 1 DAGs
[2026-06-14T21:31:33.114+0000] {logging_mixin.py:188} INFO - [2026-06-14T21:31:33.113+0000] {dag.py:3947} INFO - Setting next_dagrun for example_task_group to 2026-06-13 00:00:00+00:00, run_after=2026-06-14 00:00:00+00:00
[2026-06-14T21:31:33.154+0000] {processor.py:183} INFO - Processing /home/airflow/.local/lib/python3.12/site-packages/airflow/example_dags/example_task_group.py took 0.162 seconds
[2026-06-14T21:32:03.342+0000] {processor.py:161} INFO - Started process (PID=714) to work on /home/airflow/.local/lib/python3.12/site-packages/airflow/example_dags/example_task_group.py
[2026-06-14T21:32:03.343+0000] {processor.py:830} INFO - Processing file /home/airflow/.local/lib/python3.12/site-packages/airflow/example_dags/example_task_group.py for tasks to queue
[2026-06-14T21:32:03.345+0000] {logging_mixin.py:188} INFO - [2026-06-14T21:32:03.344+0000] {dagbag.py:545} INFO - Filling up the DagBag from /home/airflow/.local/lib/python3.12/site-packages/airflow/example_dags/example_task_group.py
[2026-06-14T21:32:03.361+0000] {processor.py:840} INFO - DAG(s) 'example_task_group' retrieved from /home/airflow/.local/lib/python3.12/site-packages/airflow/example_dags/example_task_group.py
[2026-06-14T21:32:03.404+0000] {logging_mixin.py:188} INFO - [2026-06-14T21:32:03.403+0000] {dag.py:3089} INFO - Sync 1 DAGs
[2026-06-14T21:32:03.453+0000] {logging_mixin.py:188} INFO - [2026-06-14T21:32:03.453+0000] {dag.py:3947} INFO - Setting next_dagrun for example_task_group to 2026-06-13 00:00:00+00:00, run_after=2026-06-14 00:00:00+00:00
[2026-06-14T21:32:03.506+0000] {processor.py:183} INFO - Processing /home/airflow/.local/lib/python3.12/site-packages/airflow/example_dags/example_task_group.py took 0.175 seconds
[2026-06-14T21:39:57.154+0000] {processor.py:161} INFO - Started process (PID=71) to work on /home/airflow/.local/lib/python3.12/site-packages/airflow/example_dags/example_task_group.py
[2026-06-14T21:39:57.156+0000] {processor.py:830} INFO - Processing file /home/airflow/.local/lib/python3.12/site-packages/airflow/example_dags/example_task_group.py for tasks to queue
[2026-06-14T21:39:57.161+0000] {logging_mixin.py:188} INFO - [2026-06-14T21:39:57.160+0000] {dagbag.py:545} INFO - Filling up the DagBag from /home/airflow/.local/lib/python3.12/site-packages/airflow/example_dags/example_task_group.py
[2026-06-14T21:39:57.188+0000] {processor.py:840} INFO - DAG(s) 'example_task_group' retrieved from /home/airflow/.local/lib/python3.12/site-packages/airflow/example_dags/example_task_group.py
[2026-06-14T21:39:57.459+0000] {logging_mixin.py:188} INFO - [2026-06-14T21:39:57.458+0000] {dag.py:3089} INFO - Sync 1 DAGs
[2026-06-14T21:39:57.503+0000] {logging_mixin.py:188} INFO - [2026-06-14T21:39:57.502+0000] {dag.py:3947} INFO - Setting next_dagrun for example_task_group to 2026-06-13 00:00:00+00:00, run_after=2026-06-14 00:00:00+00:00
[2026-06-14T21:39:57.541+0000] {processor.py:183} INFO - Processing /home/airflow/.local/lib/python3.12/site-packages/airflow/example_dags/example_task_group.py took 0.400 seconds
[2026-06-14T21:40:28.259+0000] {processor.py:161} INFO - Started process (PID=130) to work on /home/airflow/.local/lib/python3.12/site-packages/airflow/example_dags/example_task_group.py
[2026-06-14T21:40:28.260+0000] {processor.py:830} INFO - Processing file /home/airflow/.local/lib/python3.12/site-packages/airflow/example_dags/example_task_group.py for tasks to queue
[2026-06-14T21:40:28.263+0000] {logging_mixin.py:188} INFO - [2026-06-14T21:40:28.262+0000] {dagbag.py:545} INFO - Filling up the DagBag from /home/airflow/.local/lib/python3.12/site-packages/airflow/example_dags/example_task_group.py
[2026-06-14T21:40:28.276+0000] {processor.py:840} INFO - DAG(s) 'example_task_group' retrieved from /home/airflow/.local/lib/python3.12/site-packages/airflow/example_dags/example_task_group.py
[2026-06-14T21:40:28.314+0000] {logging_mixin.py:188} INFO - [2026-06-14T21:40:28.314+0000] {dag.py:3089} INFO - Sync 1 DAGs
[2026-06-14T21:40:28.350+0000] {logging_mixin.py:188} INFO - [2026-06-14T21:40:28.350+0000] {dag.py:3947} INFO - Setting next_dagrun for example_task_group to 2026-06-13 00:00:00+00:00, run_after=2026-06-14 00:00:00+00:00
[2026-06-14T21:40:28.379+0000] {processor.py:183} INFO - Processing /home/airflow/.local/lib/python3.12/site-packages/airflow/example_dags/example_task_group.py took 0.128 seconds
[2026-06-14T21:40:58.530+0000] {processor.py:161} INFO - Started process (PID=189) to work on /home/airflow/.local/lib/python3.12/site-packages/airflow/example_dags/example_task_group.py
[2026-06-14T21:40:58.531+0000] {processor.py:830} INFO - Processing file /home/airflow/.local/lib/python3.12/site-packages/airflow/example_dags/example_task_group.py for tasks to queue
[2026-06-14T21:40:58.534+0000] {logging_mixin.py:188} INFO - [2026-06-14T21:40:58.534+0000] {dagbag.py:545} INFO - Filling up the DagBag from /home/airflow/.local/lib/python3.12/site-packages/airflow/example_dags/example_task_group.py
[2026-06-14T21:40:58.543+0000] {processor.py:840} INFO - DAG(s) 'example_task_group' retrieved from /home/airflow/.local/lib/python3.12/site-packages/airflow/example_dags/example_task_group.py
[2026-06-14T21:40:58.581+0000] {logging_mixin.py:188} INFO - [2026-06-14T21:40:58.581+0000] {dag.py:3089} INFO - Sync 1 DAGs
[2026-06-14T21:40:58.611+0000] {logging_mixin.py:188} INFO - [2026-06-14T21:40:58.610+0000] {dag.py:3947} INFO - Setting next_dagrun for example_task_group to 2026-06-13 00:00:00+00:00, run_after=2026-06-14 00:00:00+00:00
[2026-06-14T21:40:58.650+0000] {processor.py:183} INFO - Processing /home/airflow/.local/lib/python3.12/site-packages/airflow/example_dags/example_task_group.py took 0.127 seconds
[2026-06-14T21:41:28.852+0000] {processor.py:161} INFO - Started process (PID=248) to work on /home/airflow/.local/lib/python3.12/site-packages/airflow/example_dags/example_task_group.py
[2026-06-14T21:41:28.854+0000] {processor.py:830} INFO - Processing file /home/airflow/.local/lib/python3.12/site-packages/airflow/example_dags/example_task_group.py for tasks to queue
[2026-06-14T21:41:28.856+0000] {logging_mixin.py:188} INFO - [2026-06-14T21:41:28.856+0000] {dagbag.py:545} INFO - Filling up the DagBag from /home/airflow/.local/lib/python3.12/site-packages/airflow/example_dags/example_task_group.py
[2026-06-14T21:41:28.864+0000] {processor.py:840} INFO - DAG(s) 'example_task_group' retrieved from /home/airflow/.local/lib/python3.12/site-packages/airflow/example_dags/example_task_group.py
[2026-06-14T21:41:28.889+0000] {logging_mixin.py:188} INFO - [2026-06-14T21:41:28.888+0000] {dag.py:3089} INFO - Sync 1 DAGs
[2026-06-14T21:41:28.913+0000] {logging_mixin.py:188} INFO - [2026-06-14T21:41:28.913+0000] {dag.py:3947} INFO - Setting next_dagrun for example_task_group to 2026-06-13 00:00:00+00:00, run_after=2026-06-14 00:00:00+00:00
[2026-06-14T21:41:28.936+0000] {processor.py:183} INFO - Processing /home/airflow/.local/lib/python3.12/site-packages/airflow/example_dags/example_task_group.py took 0.090 seconds
[2026-06-14T21:41:59.115+0000] {processor.py:161} INFO - Started process (PID=307) to work on /home/airflow/.local/lib/python3.12/site-packages/airflow/example_dags/example_task_group.py
[2026-06-14T21:41:59.117+0000] {processor.py:830} INFO - Processing file /home/airflow/.local/lib/python3.12/site-packages/airflow/example_dags/example_task_group.py for tasks to queue
[2026-06-14T21:41:59.121+0000] {logging_mixin.py:188} INFO - [2026-06-14T21:41:59.120+0000] {dagbag.py:545} INFO - Filling up the DagBag from /home/airflow/.local/lib/python3.12/site-packages/airflow/example_dags/example_task_group.py
[2026-06-14T21:41:59.131+0000] {processor.py:840} INFO - DAG(s) 'example_task_group' retrieved from /home/airflow/.local/lib/python3.12/site-packages/airflow/example_dags/example_task_group.py
[2026-06-14T21:41:59.168+0000] {logging_mixin.py:188} INFO - [2026-06-14T21:41:59.167+0000] {dag.py:3089} INFO - Sync 1 DAGs
[2026-06-14T21:41:59.273+0000] {logging_mixin.py:188} INFO - [2026-06-14T21:41:59.261+0000] {dag.py:3947} INFO - Setting next_dagrun for example_task_group to 2026-06-13 00:00:00+00:00, run_after=2026-06-14 00:00:00+00:00
[2026-06-14T21:41:59.312+0000] {processor.py:183} INFO - Processing /home/airflow/.local/lib/python3.12/site-packages/airflow/example_dags/example_task_group.py took 0.206 seconds
[2026-06-14T21:42:29.600+0000] {processor.py:161} INFO - Started process (PID=366) to work on /home/airflow/.local/lib/python3.12/site-packages/airflow/example_dags/example_task_group.py
[2026-06-14T21:42:29.601+0000] {processor.py:830} INFO - Processing file /home/airflow/.local/lib/python3.12/site-packages/airflow/example_dags/example_task_group.py for tasks to queue
[2026-06-14T21:42:29.605+0000] {logging_mixin.py:188} INFO - [2026-06-14T21:42:29.604+0000] {dagbag.py:545} INFO - Filling up the DagBag from /home/airflow/.local/lib/python3.12/site-packages/airflow/example_dags/example_task_group.py
[2026-06-14T21:42:29.615+0000] {processor.py:840} INFO - DAG(s) 'example_task_group' retrieved from /home/airflow/.local/lib/python3.12/site-packages/airflow/example_dags/example_task_group.py
[2026-06-14T21:42:29.651+0000] {logging_mixin.py:188} INFO - [2026-06-14T21:42:29.650+0000] {dag.py:3089} INFO - Sync 1 DAGs
[2026-06-14T21:42:29.683+0000] {logging_mixin.py:188} INFO - [2026-06-14T21:42:29.682+0000] {dag.py:3947} INFO - Setting next_dagrun for example_task_group to 2026-06-13 00:00:00+00:00, run_after=2026-06-14 00:00:00+00:00
[2026-06-14T21:42:29.718+0000] {processor.py:183} INFO - Processing /home/airflow/.local/lib/python3.12/site-packages/airflow/example_dags/example_task_group.py took 0.127 seconds
[2026-06-14T21:42:59.845+0000] {processor.py:161} INFO - Started process (PID=425) to work on /home/airflow/.local/lib/python3.12/site-packages/airflow/example_dags/example_task_group.py
[2026-06-14T21:42:59.846+0000] {processor.py:830} INFO - Processing file /home/airflow/.local/lib/python3.12/site-packages/airflow/example_dags/example_task_group.py for tasks to queue
[2026-06-14T21:42:59.848+0000] {logging_mixin.py:188} INFO - [2026-06-14T21:42:59.848+0000] {dagbag.py:545} INFO - Filling up the DagBag from /home/airflow/.local/lib/python3.12/site-packages/airflow/example_dags/example_task_group.py
[2026-06-14T21:42:59.856+0000] {processor.py:840} INFO - DAG(s) 'example_task_group' retrieved from /home/airflow/.local/lib/python3.12/site-packages/airflow/example_dags/example_task_group.py
[2026-06-14T21:42:59.883+0000] {logging_mixin.py:188} INFO - [2026-06-14T21:42:59.882+0000] {dag.py:3089} INFO - Sync 1 DAGs
[2026-06-14T21:42:59.911+0000] {logging_mixin.py:188} INFO - [2026-06-14T21:42:59.911+0000] {dag.py:3947} INFO - Setting next_dagrun for example_task_group to 2026-06-13 00:00:00+00:00, run_after=2026-06-14 00:00:00+00:00
[2026-06-14T21:42:59.934+0000] {processor.py:183} INFO - Processing /home/airflow/.local/lib/python3.12/site-packages/airflow/example_dags/example_task_group.py took 0.095 seconds
[2026-06-14T21:43:30.037+0000] {processor.py:161} INFO - Started process (PID=484) to work on /home/airflow/.local/lib/python3.12/site-packages/airflow/example_dags/example_task_group.py
[2026-06-14T21:43:30.038+0000] {processor.py:830} INFO - Processing file /home/airflow/.local/lib/python3.12/site-packages/airflow/example_dags/example_task_group.py for tasks to queue
[2026-06-14T21:43:30.040+0000] {logging_mixin.py:188} INFO - [2026-06-14T21:43:30.040+0000] {dagbag.py:545} INFO - Filling up the DagBag from /home/airflow/.local/lib/python3.12/site-packages/airflow/example_dags/example_task_group.py
[2026-06-14T21:43:30.047+0000] {processor.py:840} INFO - DAG(s) 'example_task_group' retrieved from /home/airflow/.local/lib/python3.12/site-packages/airflow/example_dags/example_task_group.py
[2026-06-14T21:43:30.077+0000] {logging_mixin.py:188} INFO - [2026-06-14T21:43:30.077+0000] {dag.py:3089} INFO - Sync 1 DAGs
[2026-06-14T21:43:30.105+0000] {logging_mixin.py:188} INFO - [2026-06-14T21:43:30.105+0000] {dag.py:3947} INFO - Setting next_dagrun for example_task_group to 2026-06-13 00:00:00+00:00, run_after=2026-06-14 00:00:00+00:00
[2026-06-14T21:43:30.133+0000] {processor.py:183} INFO - Processing /home/airflow/.local/lib/python3.12/site-packages/airflow/example_dags/example_task_group.py took 0.102 seconds
[2026-06-14T21:44:00.243+0000] {processor.py:161} INFO - Started process (PID=543) to work on /home/airflow/.local/lib/python3.12/site-packages/airflow/example_dags/example_task_group.py
[2026-06-14T21:44:00.244+0000] {processor.py:830} INFO - Processing file /home/airflow/.local/lib/python3.12/site-packages/airflow/example_dags/example_task_group.py for tasks to queue
[2026-06-14T21:44:00.246+0000] {logging_mixin.py:188} INFO - [2026-06-14T21:44:00.246+0000] {dagbag.py:545} INFO - Filling up the DagBag from /home/airflow/.local/lib/python3.12/site-packages/airflow/example_dags/example_task_group.py
[2026-06-14T21:44:00.254+0000] {processor.py:840} INFO - DAG(s) 'example_task_group' retrieved from /home/airflow/.local/lib/python3.12/site-packages/airflow/example_dags/example_task_group.py
[2026-06-14T21:44:00.281+0000] {logging_mixin.py:188} INFO - [2026-06-14T21:44:00.281+0000] {dag.py:3089} INFO - Sync 1 DAGs
[2026-06-14T21:44:00.306+0000] {logging_mixin.py:188} INFO - [2026-06-14T21:44:00.306+0000] {dag.py:3947} INFO - Setting next_dagrun for example_task_group to 2026-06-13 00:00:00+00:00, run_after=2026-06-14 00:00:00+00:00
[2026-06-14T21:44:00.331+0000] {processor.py:183} INFO - Processing /home/airflow/.local/lib/python3.12/site-packages/airflow/example_dags/example_task_group.py took 0.095 seconds
[2026-06-14T21:44:30.400+0000] {processor.py:161} INFO - Started process (PID=602) to work on /home/airflow/.local/lib/python3.12/site-packages/airflow/example_dags/example_task_group.py
[2026-06-14T21:44:30.402+0000] {processor.py:830} INFO - Processing file /home/airflow/.local/lib/python3.12/site-packages/airflow/example_dags/example_task_group.py for tasks to queue
[2026-06-14T21:44:30.404+0000] {logging_mixin.py:188} INFO - [2026-06-14T21:44:30.404+0000] {dagbag.py:545} INFO - Filling up the DagBag from /home/airflow/.local/lib/python3.12/site-packages/airflow/example_dags/example_task_group.py
[2026-06-14T21:44:30.413+0000] {processor.py:840} INFO - DAG(s) 'example_task_group' retrieved from /home/airflow/.local/lib/python3.12/site-packages/airflow/example_dags/example_task_group.py
[2026-06-14T21:44:30.439+0000] {logging_mixin.py:188} INFO - [2026-06-14T21:44:30.439+0000] {dag.py:3089} INFO - Sync 1 DAGs
[2026-06-14T21:44:30.467+0000] {logging_mixin.py:188} INFO - [2026-06-14T21:44:30.466+0000] {dag.py:3947} INFO - Setting next_dagrun for example_task_group to 2026-06-13 00:00:00+00:00, run_after=2026-06-14 00:00:00+00:00
[2026-06-14T21:44:30.502+0000] {processor.py:183} INFO - Processing /home/airflow/.local/lib/python3.12/site-packages/airflow/example_dags/example_task_group.py took 0.110 seconds
[2026-06-14T21:45:01.048+0000] {processor.py:161} INFO - Started process (PID=661) to work on /home/airflow/.local/lib/python3.12/site-packages/airflow/example_dags/example_task_group.py
[2026-06-14T21:45:01.049+0000] {processor.py:830} INFO - Processing file /home/airflow/.local/lib/python3.12/site-packages/airflow/example_dags/example_task_group.py for tasks to queue
[2026-06-14T21:45:01.053+0000] {logging_mixin.py:188} INFO - [2026-06-14T21:45:01.052+0000] {dagbag.py:545} INFO - Filling up the DagBag from /home/airflow/.local/lib/python3.12/site-packages/airflow/example_dags/example_task_group.py
[2026-06-14T21:45:01.073+0000] {processor.py:840} INFO - DAG(s) 'example_task_group' retrieved from /home/airflow/.local/lib/python3.12/site-packages/airflow/example_dags/example_task_group.py
[2026-06-14T21:45:01.124+0000] {logging_mixin.py:188} INFO - [2026-06-14T21:45:01.123+0000] {dag.py:3089} INFO - Sync 1 DAGs
[2026-06-14T21:45:01.168+0000] {logging_mixin.py:188} INFO - [2026-06-14T21:45:01.168+0000] {dag.py:3947} INFO - Setting next_dagrun for example_task_group to 2026-06-13 00:00:00+00:00, run_after=2026-06-14 00:00:00+00:00
[2026-06-14T21:45:01.209+0000] {processor.py:183} INFO - Processing /home/airflow/.local/lib/python3.12/site-packages/airflow/example_dags/example_task_group.py took 0.175 seconds
[2026-06-14T21:45:31.542+0000] {processor.py:161} INFO - Started process (PID=720) to work on /home/airflow/.local/lib/python3.12/site-packages/airflow/example_dags/example_task_group.py
[2026-06-14T21:45:31.546+0000] {processor.py:830} INFO - Processing file /home/airflow/.local/lib/python3.12/site-packages/airflow/example_dags/example_task_group.py for tasks to queue
[2026-06-14T21:45:31.552+0000] {logging_mixin.py:188} INFO - [2026-06-14T21:45:31.550+0000] {dagbag.py:545} INFO - Filling up the DagBag from /home/airflow/.local/lib/python3.12/site-packages/airflow/example_dags/example_task_group.py
[2026-06-14T21:45:31.575+0000] {processor.py:840} INFO - DAG(s) 'example_task_group' retrieved from /home/airflow/.local/lib/python3.12/site-packages/airflow/example_dags/example_task_group.py
[2026-06-14T21:45:31.704+0000] {logging_mixin.py:188} INFO - [2026-06-14T21:45:31.703+0000] {dag.py:3089} INFO - Sync 1 DAGs
[2026-06-14T21:45:31.783+0000] {logging_mixin.py:188} INFO - [2026-06-14T21:45:31.782+0000] {dag.py:3947} INFO - Setting next_dagrun for example_task_group to 2026-06-13 00:00:00+00:00, run_after=2026-06-14 00:00:00+00:00
[2026-06-14T21:45:31.849+0000] {processor.py:183} INFO - Processing /home/airflow/.local/lib/python3.12/site-packages/airflow/example_dags/example_task_group.py took 0.327 seconds
[2026-06-14T21:46:02.535+0000] {processor.py:161} INFO - Started process (PID=779) to work on /home/airflow/.local/lib/python3.12/site-packages/airflow/example_dags/example_task_group.py
[2026-06-14T21:46:02.536+0000] {processor.py:830} INFO - Processing file /home/airflow/.local/lib/python3.12/site-packages/airflow/example_dags/example_task_group.py for tasks to queue
[2026-06-14T21:46:02.541+0000] {logging_mixin.py:188} INFO - [2026-06-14T21:46:02.540+0000] {dagbag.py:545} INFO - Filling up the DagBag from /home/airflow/.local/lib/python3.12/site-packages/airflow/example_dags/example_task_group.py
[2026-06-14T21:46:02.551+0000] {processor.py:840} INFO - DAG(s) 'example_task_group' retrieved from /home/airflow/.local/lib/python3.12/site-packages/airflow/example_dags/example_task_group.py
[2026-06-14T21:46:02.582+0000] {logging_mixin.py:188} INFO - [2026-06-14T21:46:02.581+0000] {dag.py:3089} INFO - Sync 1 DAGs
[2026-06-14T21:46:02.617+0000] {logging_mixin.py:188} INFO - [2026-06-14T21:46:02.616+0000] {dag.py:3947} INFO - Setting next_dagrun for example_task_group to 2026-06-13 00:00:00+00:00, run_after=2026-06-14 00:00:00+00:00
[2026-06-14T21:46:02.693+0000] {processor.py:183} INFO - Processing /home/airflow/.local/lib/python3.12/site-packages/airflow/example_dags/example_task_group.py took 0.167 seconds
[2026-06-14T21:46:33.038+0000] {processor.py:161} INFO - Started process (PID=838) to work on /home/airflow/.local/lib/python3.12/site-packages/airflow/example_dags/example_task_group.py
[2026-06-14T21:46:33.041+0000] {processor.py:830} INFO - Processing file /home/airflow/.local/lib/python3.12/site-packages/airflow/example_dags/example_task_group.py for tasks to queue
[2026-06-14T21:46:33.045+0000] {logging_mixin.py:188} INFO - [2026-06-14T21:46:33.045+0000] {dagbag.py:545} INFO - Filling up the DagBag from /home/airflow/.local/lib/python3.12/site-packages/airflow/example_dags/example_task_group.py
[2026-06-14T21:46:33.062+0000] {processor.py:840} INFO - DAG(s) 'example_task_group' retrieved from /home/airflow/.local/lib/python3.12/site-packages/airflow/example_dags/example_task_group.py
[2026-06-14T21:46:33.111+0000] {logging_mixin.py:188} INFO - [2026-06-14T21:46:33.110+0000] {dag.py:3089} INFO - Sync 1 DAGs
[2026-06-14T21:46:33.152+0000] {logging_mixin.py:188} INFO - [2026-06-14T21:46:33.151+0000] {dag.py:3947} INFO - Setting next_dagrun for example_task_group to 2026-06-13 00:00:00+00:00, run_after=2026-06-14 00:00:00+00:00
[2026-06-14T21:46:33.220+0000] {processor.py:183} INFO - Processing /home/airflow/.local/lib/python3.12/site-packages/airflow/example_dags/example_task_group.py took 0.196 seconds
[2026-06-14T21:47:03.945+0000] {processor.py:161} INFO - Started process (PID=897) to work on /home/airflow/.local/lib/python3.12/site-packages/airflow/example_dags/example_task_group.py
[2026-06-14T21:47:03.947+0000] {processor.py:830} INFO - Processing file /home/airflow/.local/lib/python3.12/site-packages/airflow/example_dags/example_task_group.py for tasks to queue
[2026-06-14T21:47:03.951+0000] {logging_mixin.py:188} INFO - [2026-06-14T21:47:03.951+0000] {dagbag.py:545} INFO - Filling up the DagBag from /home/airflow/.local/lib/python3.12/site-packages/airflow/example_dags/example_task_group.py
[2026-06-14T21:47:03.960+0000] {processor.py:840} INFO - DAG(s) 'example_task_group' retrieved from /home/airflow/.local/lib/python3.12/site-packages/airflow/example_dags/example_task_group.py
[2026-06-14T21:47:03.991+0000] {logging_mixin.py:188} INFO - [2026-06-14T21:47:03.990+0000] {dag.py:3089} INFO - Sync 1 DAGs
[2026-06-14T21:47:04.026+0000] {logging_mixin.py:188} INFO - [2026-06-14T21:47:04.026+0000] {dag.py:3947} INFO - Setting next_dagrun for example_task_group to 2026-06-13 00:00:00+00:00, run_after=2026-06-14 00:00:00+00:00
[2026-06-14T21:47:04.056+0000] {processor.py:183} INFO - Processing /home/airflow/.local/lib/python3.12/site-packages/airflow/example_dags/example_task_group.py took 0.119 seconds
[2026-06-14T21:47:34.448+0000] {processor.py:161} INFO - Started process (PID=956) to work on /home/airflow/.local/lib/python3.12/site-packages/airflow/example_dags/example_task_group.py
[2026-06-14T21:47:34.449+0000] {processor.py:830} INFO - Processing file /home/airflow/.local/lib/python3.12/site-packages/airflow/example_dags/example_task_group.py for tasks to queue
[2026-06-14T21:47:34.452+0000] {logging_mixin.py:188} INFO - [2026-06-14T21:47:34.452+0000] {dagbag.py:545} INFO - Filling up the DagBag from /home/airflow/.local/lib/python3.12/site-packages/airflow/example_dags/example_task_group.py
[2026-06-14T21:47:34.461+0000] {processor.py:840} INFO - DAG(s) 'example_task_group' retrieved from /home/airflow/.local/lib/python3.12/site-packages/airflow/example_dags/example_task_group.py
[2026-06-14T21:47:34.493+0000] {logging_mixin.py:188} INFO - [2026-06-14T21:47:34.492+0000] {dag.py:3089} INFO - Sync 1 DAGs
[2026-06-14T21:47:34.521+0000] {logging_mixin.py:188} INFO - [2026-06-14T21:47:34.521+0000] {dag.py:3947} INFO - Setting next_dagrun for example_task_group to 2026-06-13 00:00:00+00:00, run_after=2026-06-14 00:00:00+00:00
[2026-06-14T21:47:34.549+0000] {processor.py:183} INFO - Processing /home/airflow/.local/lib/python3.12/site-packages/airflow/example_dags/example_task_group.py took 0.108 seconds
[2026-06-14T21:48:04.968+0000] {processor.py:161} INFO - Started process (PID=1014) to work on /home/airflow/.local/lib/python3.12/site-packages/airflow/example_dags/example_task_group.py
[2026-06-14T21:48:04.970+0000] {processor.py:830} INFO - Processing file /home/airflow/.local/lib/python3.12/site-packages/airflow/example_dags/example_task_group.py for tasks to queue
[2026-06-14T21:48:04.972+0000] {logging_mixin.py:188} INFO - [2026-06-14T21:48:04.972+0000] {dagbag.py:545} INFO - Filling up the DagBag from /home/airflow/.local/lib/python3.12/site-packages/airflow/example_dags/example_task_group.py
[2026-06-14T21:48:04.983+0000] {processor.py:840} INFO - DAG(s) 'example_task_group' retrieved from /home/airflow/.local/lib/python3.12/site-packages/airflow/example_dags/example_task_group.py
[2026-06-14T21:48:05.010+0000] {logging_mixin.py:188} INFO - [2026-06-14T21:48:05.010+0000] {dag.py:3089} INFO - Sync 1 DAGs
[2026-06-14T21:48:05.037+0000] {logging_mixin.py:188} INFO - [2026-06-14T21:48:05.036+0000] {dag.py:3947} INFO - Setting next_dagrun for example_task_group to 2026-06-13 00:00:00+00:00, run_after=2026-06-14 00:00:00+00:00
[2026-06-14T21:48:05.060+0000] {processor.py:183} INFO - Processing /home/airflow/.local/lib/python3.12/site-packages/airflow/example_dags/example_task_group.py took 0.097 seconds
[2026-06-14T21:48:35.629+0000] {processor.py:161} INFO - Started process (PID=1073) to work on /home/airflow/.local/lib/python3.12/site-packages/airflow/example_dags/example_task_group.py
[2026-06-14T21:48:35.631+0000] {processor.py:830} INFO - Processing file /home/airflow/.local/lib/python3.12/site-packages/airflow/example_dags/example_task_group.py for tasks to queue
[2026-06-14T21:48:35.633+0000] {logging_mixin.py:188} INFO - [2026-06-14T21:48:35.633+0000] {dagbag.py:545} INFO - Filling up the DagBag from /home/airflow/.local/lib/python3.12/site-packages/airflow/example_dags/example_task_group.py
[2026-06-14T21:48:35.642+0000] {processor.py:840} INFO - DAG(s) 'example_task_group' retrieved from /home/airflow/.local/lib/python3.12/site-packages/airflow/example_dags/example_task_group.py
[2026-06-14T21:48:35.665+0000] {logging_mixin.py:188} INFO - [2026-06-14T21:48:35.664+0000] {dag.py:3089} INFO - Sync 1 DAGs
[2026-06-14T21:48:35.687+0000] {logging_mixin.py:188} INFO - [2026-06-14T21:48:35.686+0000] {dag.py:3947} INFO - Setting next_dagrun for example_task_group to 2026-06-13 00:00:00+00:00, run_after=2026-06-14 00:00:00+00:00
[2026-06-14T21:48:35.708+0000] {processor.py:183} INFO - Processing /home/airflow/.local/lib/python3.12/site-packages/airflow/example_dags/example_task_group.py took 0.084 seconds
[2026-06-14T21:49:05.935+0000] {processor.py:161} INFO - Started process (PID=1131) to work on /home/airflow/.local/lib/python3.12/site-packages/airflow/example_dags/example_task_group.py
[2026-06-14T21:49:05.937+0000] {processor.py:830} INFO - Processing file /home/airflow/.local/lib/python3.12/site-packages/airflow/example_dags/example_task_group.py for tasks to queue
[2026-06-14T21:49:05.939+0000] {logging_mixin.py:188} INFO - [2026-06-14T21:49:05.939+0000] {dagbag.py:545} INFO - Filling up the DagBag from /home/airflow/.local/lib/python3.12/site-packages/airflow/example_dags/example_task_group.py
[2026-06-14T21:49:05.948+0000] {processor.py:840} INFO - DAG(s) 'example_task_group' retrieved from /home/airflow/.local/lib/python3.12/site-packages/airflow/example_dags/example_task_group.py
[2026-06-14T21:49:05.971+0000] {logging_mixin.py:188} INFO - [2026-06-14T21:49:05.971+0000] {dag.py:3089} INFO - Sync 1 DAGs
[2026-06-14T21:49:06.006+0000] {logging_mixin.py:188} INFO - [2026-06-14T21:49:06.006+0000] {dag.py:3947} INFO - Setting next_dagrun for example_task_group to 2026-06-13 00:00:00+00:00, run_after=2026-06-14 00:00:00+00:00
[2026-06-14T21:49:06.034+0000] {processor.py:183} INFO - Processing /home/airflow/.local/lib/python3.12/site-packages/airflow/example_dags/example_task_group.py took 0.107 seconds
[2026-06-14T21:49:36.221+0000] {processor.py:161} INFO - Started process (PID=1190) to work on /home/airflow/.local/lib/python3.12/site-packages/airflow/example_dags/example_task_group.py
[2026-06-14T21:49:36.223+0000] {processor.py:830} INFO - Processing file /home/airflow/.local/lib/python3.12/site-packages/airflow/example_dags/example_task_group.py for tasks to queue
[2026-06-14T21:49:36.225+0000] {logging_mixin.py:188} INFO - [2026-06-14T21:49:36.225+0000] {dagbag.py:545} INFO - Filling up the DagBag from /home/airflow/.local/lib/python3.12/site-packages/airflow/example_dags/example_task_group.py
[2026-06-14T21:49:36.235+0000] {processor.py:840} INFO - DAG(s) 'example_task_group' retrieved from /home/airflow/.local/lib/python3.12/site-packages/airflow/example_dags/example_task_group.py
[2026-06-14T21:49:36.266+0000] {logging_mixin.py:188} INFO - [2026-06-14T21:49:36.265+0000] {dag.py:3089} INFO - Sync 1 DAGs
[2026-06-14T21:49:36.295+0000] {logging_mixin.py:188} INFO - [2026-06-14T21:49:36.295+0000] {dag.py:3947} INFO - Setting next_dagrun for example_task_group to 2026-06-13 00:00:00+00:00, run_after=2026-06-14 00:00:00+00:00
[2026-06-14T21:49:36.329+0000] {processor.py:183} INFO - Processing /home/airflow/.local/lib/python3.12/site-packages/airflow/example_dags/example_task_group.py took 0.119 seconds
