[2026-06-14T21:26:35.314+0000] {processor.py:161} INFO - Started process (PID=100) to work on /home/airflow/.local/lib/python3.12/site-packages/airflow/example_dags/example_setup_teardown.py
[2026-06-14T21:26:35.316+0000] {processor.py:830} INFO - Processing file /home/airflow/.local/lib/python3.12/site-packages/airflow/example_dags/example_setup_teardown.py for tasks to queue
[2026-06-14T21:26:35.320+0000] {logging_mixin.py:188} INFO - [2026-06-14T21:26:35.319+0000] {dagbag.py:545} INFO - Filling up the DagBag from /home/airflow/.local/lib/python3.12/site-packages/airflow/example_dags/example_setup_teardown.py
[2026-06-14T21:26:35.335+0000] {processor.py:840} INFO - DAG(s) 'example_setup_teardown' retrieved from /home/airflow/.local/lib/python3.12/site-packages/airflow/example_dags/example_setup_teardown.py
[2026-06-14T21:26:35.545+0000] {logging_mixin.py:188} INFO - [2026-06-14T21:26:35.544+0000] {override.py:1858} INFO - Created Permission View: can delete on DAG:example_setup_teardown
[2026-06-14T21:26:35.565+0000] {logging_mixin.py:188} INFO - [2026-06-14T21:26:35.564+0000] {override.py:1858} INFO - Created Permission View: can edit on DAG:example_setup_teardown
[2026-06-14T21:26:35.578+0000] {logging_mixin.py:188} INFO - [2026-06-14T21:26:35.578+0000] {override.py:1858} INFO - Created Permission View: can read on DAG:example_setup_teardown
[2026-06-14T21:26:35.580+0000] {logging_mixin.py:188} INFO - [2026-06-14T21:26:35.579+0000] {dag.py:3089} INFO - Sync 1 DAGs
[2026-06-14T21:26:35.603+0000] {logging_mixin.py:188} INFO - [2026-06-14T21:26:35.603+0000] {dag.py:3111} INFO - Creating ORM DAG for example_setup_teardown
[2026-06-14T21:26:35.619+0000] {logging_mixin.py:188} INFO - [2026-06-14T21:26:35.619+0000] {dag.py:3947} INFO - Setting next_dagrun for example_setup_teardown to 2026-06-13 00:00:00+00:00, run_after=2026-06-14 00:00:00+00:00
[2026-06-14T21:26:35.646+0000] {processor.py:183} INFO - Processing /home/airflow/.local/lib/python3.12/site-packages/airflow/example_dags/example_setup_teardown.py took 0.344 seconds
[2026-06-14T21:27:05.759+0000] {processor.py:161} INFO - Started process (PID=159) to work on /home/airflow/.local/lib/python3.12/site-packages/airflow/example_dags/example_setup_teardown.py
[2026-06-14T21:27:05.761+0000] {processor.py:830} INFO - Processing file /home/airflow/.local/lib/python3.12/site-packages/airflow/example_dags/example_setup_teardown.py for tasks to queue
[2026-06-14T21:27:05.765+0000] {logging_mixin.py:188} INFO - [2026-06-14T21:27:05.764+0000] {dagbag.py:545} INFO - Filling up the DagBag from /home/airflow/.local/lib/python3.12/site-packages/airflow/example_dags/example_setup_teardown.py
[2026-06-14T21:27:05.777+0000] {processor.py:840} INFO - DAG(s) 'example_setup_teardown' retrieved from /home/airflow/.local/lib/python3.12/site-packages/airflow/example_dags/example_setup_teardown.py
[2026-06-14T21:27:05.807+0000] {logging_mixin.py:188} INFO - [2026-06-14T21:27:05.807+0000] {dag.py:3089} INFO - Sync 1 DAGs
[2026-06-14T21:27:05.838+0000] {logging_mixin.py:188} INFO - [2026-06-14T21:27:05.838+0000] {dag.py:3947} INFO - Setting next_dagrun for example_setup_teardown to 2026-06-13 00:00:00+00:00, run_after=2026-06-14 00:00:00+00:00
[2026-06-14T21:27:05.868+0000] {processor.py:183} INFO - Processing /home/airflow/.local/lib/python3.12/site-packages/airflow/example_dags/example_setup_teardown.py took 0.120 seconds
[2026-06-14T21:27:35.943+0000] {processor.py:161} INFO - Started process (PID=218) to work on /home/airflow/.local/lib/python3.12/site-packages/airflow/example_dags/example_setup_teardown.py
[2026-06-14T21:27:35.944+0000] {processor.py:830} INFO - Processing file /home/airflow/.local/lib/python3.12/site-packages/airflow/example_dags/example_setup_teardown.py for tasks to queue
[2026-06-14T21:27:35.947+0000] {logging_mixin.py:188} INFO - [2026-06-14T21:27:35.947+0000] {dagbag.py:545} INFO - Filling up the DagBag from /home/airflow/.local/lib/python3.12/site-packages/airflow/example_dags/example_setup_teardown.py
[2026-06-14T21:27:35.955+0000] {processor.py:840} INFO - DAG(s) 'example_setup_teardown' retrieved from /home/airflow/.local/lib/python3.12/site-packages/airflow/example_dags/example_setup_teardown.py
[2026-06-14T21:27:35.984+0000] {logging_mixin.py:188} INFO - [2026-06-14T21:27:35.984+0000] {dag.py:3089} INFO - Sync 1 DAGs
[2026-06-14T21:27:36.010+0000] {logging_mixin.py:188} INFO - [2026-06-14T21:27:36.010+0000] {dag.py:3947} INFO - Setting next_dagrun for example_setup_teardown to 2026-06-13 00:00:00+00:00, run_after=2026-06-14 00:00:00+00:00
[2026-06-14T21:27:36.032+0000] {processor.py:183} INFO - Processing /home/airflow/.local/lib/python3.12/site-packages/airflow/example_dags/example_setup_teardown.py took 0.095 seconds
[2026-06-14T21:28:07.065+0000] {processor.py:161} INFO - Started process (PID=277) to work on /home/airflow/.local/lib/python3.12/site-packages/airflow/example_dags/example_setup_teardown.py
[2026-06-14T21:28:07.067+0000] {processor.py:830} INFO - Processing file /home/airflow/.local/lib/python3.12/site-packages/airflow/example_dags/example_setup_teardown.py for tasks to queue
[2026-06-14T21:28:07.069+0000] {logging_mixin.py:188} INFO - [2026-06-14T21:28:07.069+0000] {dagbag.py:545} INFO - Filling up the DagBag from /home/airflow/.local/lib/python3.12/site-packages/airflow/example_dags/example_setup_teardown.py
[2026-06-14T21:28:07.078+0000] {processor.py:840} INFO - DAG(s) 'example_setup_teardown' retrieved from /home/airflow/.local/lib/python3.12/site-packages/airflow/example_dags/example_setup_teardown.py
[2026-06-14T21:28:07.103+0000] {logging_mixin.py:188} INFO - [2026-06-14T21:28:07.103+0000] {dag.py:3089} INFO - Sync 1 DAGs
[2026-06-14T21:28:07.133+0000] {logging_mixin.py:188} INFO - [2026-06-14T21:28:07.132+0000] {dag.py:3947} INFO - Setting next_dagrun for example_setup_teardown to 2026-06-13 00:00:00+00:00, run_after=2026-06-14 00:00:00+00:00
[2026-06-14T21:28:07.157+0000] {processor.py:183} INFO - Processing /home/airflow/.local/lib/python3.12/site-packages/airflow/example_dags/example_setup_teardown.py took 0.098 seconds
[2026-06-14T21:28:37.731+0000] {processor.py:161} INFO - Started process (PID=336) to work on /home/airflow/.local/lib/python3.12/site-packages/airflow/example_dags/example_setup_teardown.py
[2026-06-14T21:28:37.733+0000] {processor.py:830} INFO - Processing file /home/airflow/.local/lib/python3.12/site-packages/airflow/example_dags/example_setup_teardown.py for tasks to queue
[2026-06-14T21:28:37.736+0000] {logging_mixin.py:188} INFO - [2026-06-14T21:28:37.736+0000] {dagbag.py:545} INFO - Filling up the DagBag from /home/airflow/.local/lib/python3.12/site-packages/airflow/example_dags/example_setup_teardown.py
[2026-06-14T21:28:37.746+0000] {processor.py:840} INFO - DAG(s) 'example_setup_teardown' retrieved from /home/airflow/.local/lib/python3.12/site-packages/airflow/example_dags/example_setup_teardown.py
[2026-06-14T21:28:37.778+0000] {logging_mixin.py:188} INFO - [2026-06-14T21:28:37.778+0000] {dag.py:3089} INFO - Sync 1 DAGs
[2026-06-14T21:28:37.811+0000] {logging_mixin.py:188} INFO - [2026-06-14T21:28:37.811+0000] {dag.py:3947} INFO - Setting next_dagrun for example_setup_teardown to 2026-06-13 00:00:00+00:00, run_after=2026-06-14 00:00:00+00:00
[2026-06-14T21:28:37.881+0000] {processor.py:183} INFO - Processing /home/airflow/.local/lib/python3.12/site-packages/airflow/example_dags/example_setup_teardown.py took 0.158 seconds
[2026-06-14T21:29:08.493+0000] {processor.py:161} INFO - Started process (PID=395) to work on /home/airflow/.local/lib/python3.12/site-packages/airflow/example_dags/example_setup_teardown.py
[2026-06-14T21:29:08.500+0000] {processor.py:830} INFO - Processing file /home/airflow/.local/lib/python3.12/site-packages/airflow/example_dags/example_setup_teardown.py for tasks to queue
[2026-06-14T21:29:08.505+0000] {logging_mixin.py:188} INFO - [2026-06-14T21:29:08.504+0000] {dagbag.py:545} INFO - Filling up the DagBag from /home/airflow/.local/lib/python3.12/site-packages/airflow/example_dags/example_setup_teardown.py
[2026-06-14T21:29:08.523+0000] {processor.py:840} INFO - DAG(s) 'example_setup_teardown' retrieved from /home/airflow/.local/lib/python3.12/site-packages/airflow/example_dags/example_setup_teardown.py
[2026-06-14T21:29:08.587+0000] {logging_mixin.py:188} INFO - [2026-06-14T21:29:08.586+0000] {dag.py:3089} INFO - Sync 1 DAGs
[2026-06-14T21:29:08.659+0000] {logging_mixin.py:188} INFO - [2026-06-14T21:29:08.658+0000] {dag.py:3947} INFO - Setting next_dagrun for example_setup_teardown to 2026-06-13 00:00:00+00:00, run_after=2026-06-14 00:00:00+00:00
[2026-06-14T21:29:08.709+0000] {processor.py:183} INFO - Processing /home/airflow/.local/lib/python3.12/site-packages/airflow/example_dags/example_setup_teardown.py took 0.237 seconds
[2026-06-14T21:29:39.056+0000] {processor.py:161} INFO - Started process (PID=454) to work on /home/airflow/.local/lib/python3.12/site-packages/airflow/example_dags/example_setup_teardown.py
[2026-06-14T21:29:39.058+0000] {processor.py:830} INFO - Processing file /home/airflow/.local/lib/python3.12/site-packages/airflow/example_dags/example_setup_teardown.py for tasks to queue
[2026-06-14T21:29:39.061+0000] {logging_mixin.py:188} INFO - [2026-06-14T21:29:39.060+0000] {dagbag.py:545} INFO - Filling up the DagBag from /home/airflow/.local/lib/python3.12/site-packages/airflow/example_dags/example_setup_teardown.py
[2026-06-14T21:29:39.075+0000] {processor.py:840} INFO - DAG(s) 'example_setup_teardown' retrieved from /home/airflow/.local/lib/python3.12/site-packages/airflow/example_dags/example_setup_teardown.py
[2026-06-14T21:29:39.116+0000] {logging_mixin.py:188} INFO - [2026-06-14T21:29:39.116+0000] {dag.py:3089} INFO - Sync 1 DAGs
[2026-06-14T21:29:39.157+0000] {logging_mixin.py:188} INFO - [2026-06-14T21:29:39.156+0000] {dag.py:3947} INFO - Setting next_dagrun for example_setup_teardown to 2026-06-13 00:00:00+00:00, run_after=2026-06-14 00:00:00+00:00
[2026-06-14T21:29:39.224+0000] {processor.py:183} INFO - Processing /home/airflow/.local/lib/python3.12/site-packages/airflow/example_dags/example_setup_teardown.py took 0.179 seconds
[2026-06-14T21:30:09.610+0000] {processor.py:161} INFO - Started process (PID=512) to work on /home/airflow/.local/lib/python3.12/site-packages/airflow/example_dags/example_setup_teardown.py
[2026-06-14T21:30:09.612+0000] {processor.py:830} INFO - Processing file /home/airflow/.local/lib/python3.12/site-packages/airflow/example_dags/example_setup_teardown.py for tasks to queue
[2026-06-14T21:30:09.613+0000] {logging_mixin.py:188} INFO - [2026-06-14T21:30:09.613+0000] {dagbag.py:545} INFO - Filling up the DagBag from /home/airflow/.local/lib/python3.12/site-packages/airflow/example_dags/example_setup_teardown.py
[2026-06-14T21:30:09.624+0000] {processor.py:840} INFO - DAG(s) 'example_setup_teardown' retrieved from /home/airflow/.local/lib/python3.12/site-packages/airflow/example_dags/example_setup_teardown.py
[2026-06-14T21:30:09.654+0000] {logging_mixin.py:188} INFO - [2026-06-14T21:30:09.653+0000] {dag.py:3089} INFO - Sync 1 DAGs
[2026-06-14T21:30:09.687+0000] {logging_mixin.py:188} INFO - [2026-06-14T21:30:09.686+0000] {dag.py:3947} INFO - Setting next_dagrun for example_setup_teardown to 2026-06-13 00:00:00+00:00, run_after=2026-06-14 00:00:00+00:00
[2026-06-14T21:30:09.760+0000] {processor.py:183} INFO - Processing /home/airflow/.local/lib/python3.12/site-packages/airflow/example_dags/example_setup_teardown.py took 0.161 seconds
[2026-06-14T21:30:40.747+0000] {processor.py:161} INFO - Started process (PID=570) to work on /home/airflow/.local/lib/python3.12/site-packages/airflow/example_dags/example_setup_teardown.py
[2026-06-14T21:30:40.748+0000] {processor.py:830} INFO - Processing file /home/airflow/.local/lib/python3.12/site-packages/airflow/example_dags/example_setup_teardown.py for tasks to queue
[2026-06-14T21:30:40.750+0000] {logging_mixin.py:188} INFO - [2026-06-14T21:30:40.749+0000] {dagbag.py:545} INFO - Filling up the DagBag from /home/airflow/.local/lib/python3.12/site-packages/airflow/example_dags/example_setup_teardown.py
[2026-06-14T21:30:40.759+0000] {processor.py:840} INFO - DAG(s) 'example_setup_teardown' retrieved from /home/airflow/.local/lib/python3.12/site-packages/airflow/example_dags/example_setup_teardown.py
[2026-06-14T21:30:40.786+0000] {logging_mixin.py:188} INFO - [2026-06-14T21:30:40.785+0000] {dag.py:3089} INFO - Sync 1 DAGs
[2026-06-14T21:30:40.813+0000] {logging_mixin.py:188} INFO - [2026-06-14T21:30:40.813+0000] {dag.py:3947} INFO - Setting next_dagrun for example_setup_teardown to 2026-06-13 00:00:00+00:00, run_after=2026-06-14 00:00:00+00:00
[2026-06-14T21:30:40.882+0000] {processor.py:183} INFO - Processing /home/airflow/.local/lib/python3.12/site-packages/airflow/example_dags/example_setup_teardown.py took 0.144 seconds
[2026-06-14T21:31:11.163+0000] {processor.py:161} INFO - Started process (PID=629) to work on /home/airflow/.local/lib/python3.12/site-packages/airflow/example_dags/example_setup_teardown.py
[2026-06-14T21:31:11.165+0000] {processor.py:830} INFO - Processing file /home/airflow/.local/lib/python3.12/site-packages/airflow/example_dags/example_setup_teardown.py for tasks to queue
[2026-06-14T21:31:11.167+0000] {logging_mixin.py:188} INFO - [2026-06-14T21:31:11.167+0000] {dagbag.py:545} INFO - Filling up the DagBag from /home/airflow/.local/lib/python3.12/site-packages/airflow/example_dags/example_setup_teardown.py
[2026-06-14T21:31:11.183+0000] {processor.py:840} INFO - DAG(s) 'example_setup_teardown' retrieved from /home/airflow/.local/lib/python3.12/site-packages/airflow/example_dags/example_setup_teardown.py
[2026-06-14T21:31:11.222+0000] {logging_mixin.py:188} INFO - [2026-06-14T21:31:11.222+0000] {dag.py:3089} INFO - Sync 1 DAGs
[2026-06-14T21:31:11.257+0000] {logging_mixin.py:188} INFO - [2026-06-14T21:31:11.257+0000] {dag.py:3947} INFO - Setting next_dagrun for example_setup_teardown to 2026-06-13 00:00:00+00:00, run_after=2026-06-14 00:00:00+00:00
[2026-06-14T21:31:11.297+0000] {processor.py:183} INFO - Processing /home/airflow/.local/lib/python3.12/site-packages/airflow/example_dags/example_setup_teardown.py took 0.143 seconds
[2026-06-14T21:31:42.163+0000] {processor.py:161} INFO - Started process (PID=687) to work on /home/airflow/.local/lib/python3.12/site-packages/airflow/example_dags/example_setup_teardown.py
[2026-06-14T21:31:42.164+0000] {processor.py:830} INFO - Processing file /home/airflow/.local/lib/python3.12/site-packages/airflow/example_dags/example_setup_teardown.py for tasks to queue
[2026-06-14T21:31:42.165+0000] {logging_mixin.py:188} INFO - [2026-06-14T21:31:42.165+0000] {dagbag.py:545} INFO - Filling up the DagBag from /home/airflow/.local/lib/python3.12/site-packages/airflow/example_dags/example_setup_teardown.py
[2026-06-14T21:31:42.176+0000] {processor.py:840} INFO - DAG(s) 'example_setup_teardown' retrieved from /home/airflow/.local/lib/python3.12/site-packages/airflow/example_dags/example_setup_teardown.py
[2026-06-14T21:31:42.210+0000] {logging_mixin.py:188} INFO - [2026-06-14T21:31:42.209+0000] {dag.py:3089} INFO - Sync 1 DAGs
[2026-06-14T21:31:42.238+0000] {logging_mixin.py:188} INFO - [2026-06-14T21:31:42.237+0000] {dag.py:3947} INFO - Setting next_dagrun for example_setup_teardown to 2026-06-13 00:00:00+00:00, run_after=2026-06-14 00:00:00+00:00
[2026-06-14T21:31:42.273+0000] {processor.py:183} INFO - Processing /home/airflow/.local/lib/python3.12/site-packages/airflow/example_dags/example_setup_teardown.py took 0.118 seconds
[2026-06-14T21:32:13.021+0000] {processor.py:161} INFO - Started process (PID=744) to work on /home/airflow/.local/lib/python3.12/site-packages/airflow/example_dags/example_setup_teardown.py
[2026-06-14T21:32:13.023+0000] {processor.py:830} INFO - Processing file /home/airflow/.local/lib/python3.12/site-packages/airflow/example_dags/example_setup_teardown.py for tasks to queue
[2026-06-14T21:32:13.024+0000] {logging_mixin.py:188} INFO - [2026-06-14T21:32:13.023+0000] {dagbag.py:545} INFO - Filling up the DagBag from /home/airflow/.local/lib/python3.12/site-packages/airflow/example_dags/example_setup_teardown.py
[2026-06-14T21:32:13.036+0000] {processor.py:840} INFO - DAG(s) 'example_setup_teardown' retrieved from /home/airflow/.local/lib/python3.12/site-packages/airflow/example_dags/example_setup_teardown.py
[2026-06-14T21:32:13.073+0000] {logging_mixin.py:188} INFO - [2026-06-14T21:32:13.073+0000] {dag.py:3089} INFO - Sync 1 DAGs
[2026-06-14T21:32:13.117+0000] {logging_mixin.py:188} INFO - [2026-06-14T21:32:13.117+0000] {dag.py:3947} INFO - Setting next_dagrun for example_setup_teardown to 2026-06-13 00:00:00+00:00, run_after=2026-06-14 00:00:00+00:00
[2026-06-14T21:32:13.170+0000] {processor.py:183} INFO - Processing /home/airflow/.local/lib/python3.12/site-packages/airflow/example_dags/example_setup_teardown.py took 0.158 seconds
[2026-06-14T21:40:03.383+0000] {processor.py:161} INFO - Started process (PID=101) to work on /home/airflow/.local/lib/python3.12/site-packages/airflow/example_dags/example_setup_teardown.py
[2026-06-14T21:40:03.385+0000] {processor.py:830} INFO - Processing file /home/airflow/.local/lib/python3.12/site-packages/airflow/example_dags/example_setup_teardown.py for tasks to queue
[2026-06-14T21:40:03.388+0000] {logging_mixin.py:188} INFO - [2026-06-14T21:40:03.387+0000] {dagbag.py:545} INFO - Filling up the DagBag from /home/airflow/.local/lib/python3.12/site-packages/airflow/example_dags/example_setup_teardown.py
[2026-06-14T21:40:03.400+0000] {processor.py:840} INFO - DAG(s) 'example_setup_teardown' retrieved from /home/airflow/.local/lib/python3.12/site-packages/airflow/example_dags/example_setup_teardown.py
[2026-06-14T21:40:03.562+0000] {logging_mixin.py:188} INFO - [2026-06-14T21:40:03.561+0000] {dag.py:3089} INFO - Sync 1 DAGs
[2026-06-14T21:40:03.587+0000] {logging_mixin.py:188} INFO - [2026-06-14T21:40:03.586+0000] {dag.py:3947} INFO - Setting next_dagrun for example_setup_teardown to 2026-06-13 00:00:00+00:00, run_after=2026-06-14 00:00:00+00:00
[2026-06-14T21:40:03.612+0000] {processor.py:183} INFO - Processing /home/airflow/.local/lib/python3.12/site-packages/airflow/example_dags/example_setup_teardown.py took 0.238 seconds
[2026-06-14T21:40:33.987+0000] {processor.py:161} INFO - Started process (PID=160) to work on /home/airflow/.local/lib/python3.12/site-packages/airflow/example_dags/example_setup_teardown.py
[2026-06-14T21:40:33.990+0000] {processor.py:830} INFO - Processing file /home/airflow/.local/lib/python3.12/site-packages/airflow/example_dags/example_setup_teardown.py for tasks to queue
[2026-06-14T21:40:33.993+0000] {logging_mixin.py:188} INFO - [2026-06-14T21:40:33.992+0000] {dagbag.py:545} INFO - Filling up the DagBag from /home/airflow/.local/lib/python3.12/site-packages/airflow/example_dags/example_setup_teardown.py
[2026-06-14T21:40:34.007+0000] {processor.py:840} INFO - DAG(s) 'example_setup_teardown' retrieved from /home/airflow/.local/lib/python3.12/site-packages/airflow/example_dags/example_setup_teardown.py
[2026-06-14T21:40:34.044+0000] {logging_mixin.py:188} INFO - [2026-06-14T21:40:34.044+0000] {dag.py:3089} INFO - Sync 1 DAGs
[2026-06-14T21:40:34.088+0000] {logging_mixin.py:188} INFO - [2026-06-14T21:40:34.088+0000] {dag.py:3947} INFO - Setting next_dagrun for example_setup_teardown to 2026-06-13 00:00:00+00:00, run_after=2026-06-14 00:00:00+00:00
[2026-06-14T21:40:34.123+0000] {processor.py:183} INFO - Processing /home/airflow/.local/lib/python3.12/site-packages/airflow/example_dags/example_setup_teardown.py took 0.148 seconds
[2026-06-14T21:41:04.669+0000] {processor.py:161} INFO - Started process (PID=219) to work on /home/airflow/.local/lib/python3.12/site-packages/airflow/example_dags/example_setup_teardown.py
[2026-06-14T21:41:04.671+0000] {processor.py:830} INFO - Processing file /home/airflow/.local/lib/python3.12/site-packages/airflow/example_dags/example_setup_teardown.py for tasks to queue
[2026-06-14T21:41:04.679+0000] {logging_mixin.py:188} INFO - [2026-06-14T21:41:04.678+0000] {dagbag.py:545} INFO - Filling up the DagBag from /home/airflow/.local/lib/python3.12/site-packages/airflow/example_dags/example_setup_teardown.py
[2026-06-14T21:41:04.693+0000] {processor.py:840} INFO - DAG(s) 'example_setup_teardown' retrieved from /home/airflow/.local/lib/python3.12/site-packages/airflow/example_dags/example_setup_teardown.py
[2026-06-14T21:41:04.732+0000] {logging_mixin.py:188} INFO - [2026-06-14T21:41:04.732+0000] {dag.py:3089} INFO - Sync 1 DAGs
[2026-06-14T21:41:04.781+0000] {logging_mixin.py:188} INFO - [2026-06-14T21:41:04.779+0000] {dag.py:3947} INFO - Setting next_dagrun for example_setup_teardown to 2026-06-13 00:00:00+00:00, run_after=2026-06-14 00:00:00+00:00
[2026-06-14T21:41:04.841+0000] {processor.py:183} INFO - Processing /home/airflow/.local/lib/python3.12/site-packages/airflow/example_dags/example_setup_teardown.py took 0.185 seconds
[2026-06-14T21:41:35.407+0000] {processor.py:161} INFO - Started process (PID=278) to work on /home/airflow/.local/lib/python3.12/site-packages/airflow/example_dags/example_setup_teardown.py
[2026-06-14T21:41:35.408+0000] {processor.py:830} INFO - Processing file /home/airflow/.local/lib/python3.12/site-packages/airflow/example_dags/example_setup_teardown.py for tasks to queue
[2026-06-14T21:41:35.411+0000] {logging_mixin.py:188} INFO - [2026-06-14T21:41:35.411+0000] {dagbag.py:545} INFO - Filling up the DagBag from /home/airflow/.local/lib/python3.12/site-packages/airflow/example_dags/example_setup_teardown.py
[2026-06-14T21:41:35.420+0000] {processor.py:840} INFO - DAG(s) 'example_setup_teardown' retrieved from /home/airflow/.local/lib/python3.12/site-packages/airflow/example_dags/example_setup_teardown.py
[2026-06-14T21:41:35.455+0000] {logging_mixin.py:188} INFO - [2026-06-14T21:41:35.454+0000] {dag.py:3089} INFO - Sync 1 DAGs
[2026-06-14T21:41:35.483+0000] {logging_mixin.py:188} INFO - [2026-06-14T21:41:35.482+0000] {dag.py:3947} INFO - Setting next_dagrun for example_setup_teardown to 2026-06-13 00:00:00+00:00, run_after=2026-06-14 00:00:00+00:00
[2026-06-14T21:41:35.521+0000] {processor.py:183} INFO - Processing /home/airflow/.local/lib/python3.12/site-packages/airflow/example_dags/example_setup_teardown.py took 0.122 seconds
[2026-06-14T21:42:06.190+0000] {processor.py:161} INFO - Started process (PID=337) to work on /home/airflow/.local/lib/python3.12/site-packages/airflow/example_dags/example_setup_teardown.py
[2026-06-14T21:42:06.192+0000] {processor.py:830} INFO - Processing file /home/airflow/.local/lib/python3.12/site-packages/airflow/example_dags/example_setup_teardown.py for tasks to queue
[2026-06-14T21:42:06.196+0000] {logging_mixin.py:188} INFO - [2026-06-14T21:42:06.195+0000] {dagbag.py:545} INFO - Filling up the DagBag from /home/airflow/.local/lib/python3.12/site-packages/airflow/example_dags/example_setup_teardown.py
[2026-06-14T21:42:06.207+0000] {processor.py:840} INFO - DAG(s) 'example_setup_teardown' retrieved from /home/airflow/.local/lib/python3.12/site-packages/airflow/example_dags/example_setup_teardown.py
[2026-06-14T21:42:06.239+0000] {logging_mixin.py:188} INFO - [2026-06-14T21:42:06.239+0000] {dag.py:3089} INFO - Sync 1 DAGs
[2026-06-14T21:42:06.275+0000] {logging_mixin.py:188} INFO - [2026-06-14T21:42:06.274+0000] {dag.py:3947} INFO - Setting next_dagrun for example_setup_teardown to 2026-06-13 00:00:00+00:00, run_after=2026-06-14 00:00:00+00:00
[2026-06-14T21:42:06.314+0000] {processor.py:183} INFO - Processing /home/airflow/.local/lib/python3.12/site-packages/airflow/example_dags/example_setup_teardown.py took 0.133 seconds
[2026-06-14T21:42:36.760+0000] {processor.py:161} INFO - Started process (PID=396) to work on /home/airflow/.local/lib/python3.12/site-packages/airflow/example_dags/example_setup_teardown.py
[2026-06-14T21:42:36.761+0000] {processor.py:830} INFO - Processing file /home/airflow/.local/lib/python3.12/site-packages/airflow/example_dags/example_setup_teardown.py for tasks to queue
[2026-06-14T21:42:36.763+0000] {logging_mixin.py:188} INFO - [2026-06-14T21:42:36.763+0000] {dagbag.py:545} INFO - Filling up the DagBag from /home/airflow/.local/lib/python3.12/site-packages/airflow/example_dags/example_setup_teardown.py
[2026-06-14T21:42:36.775+0000] {processor.py:840} INFO - DAG(s) 'example_setup_teardown' retrieved from /home/airflow/.local/lib/python3.12/site-packages/airflow/example_dags/example_setup_teardown.py
[2026-06-14T21:42:36.807+0000] {logging_mixin.py:188} INFO - [2026-06-14T21:42:36.807+0000] {dag.py:3089} INFO - Sync 1 DAGs
[2026-06-14T21:42:36.836+0000] {logging_mixin.py:188} INFO - [2026-06-14T21:42:36.836+0000] {dag.py:3947} INFO - Setting next_dagrun for example_setup_teardown to 2026-06-13 00:00:00+00:00, run_after=2026-06-14 00:00:00+00:00
[2026-06-14T21:42:36.869+0000] {processor.py:183} INFO - Processing /home/airflow/.local/lib/python3.12/site-packages/airflow/example_dags/example_setup_teardown.py took 0.119 seconds
[2026-06-14T21:43:07.368+0000] {processor.py:161} INFO - Started process (PID=455) to work on /home/airflow/.local/lib/python3.12/site-packages/airflow/example_dags/example_setup_teardown.py
[2026-06-14T21:43:07.370+0000] {processor.py:830} INFO - Processing file /home/airflow/.local/lib/python3.12/site-packages/airflow/example_dags/example_setup_teardown.py for tasks to queue
[2026-06-14T21:43:07.374+0000] {logging_mixin.py:188} INFO - [2026-06-14T21:43:07.373+0000] {dagbag.py:545} INFO - Filling up the DagBag from /home/airflow/.local/lib/python3.12/site-packages/airflow/example_dags/example_setup_teardown.py
[2026-06-14T21:43:07.387+0000] {processor.py:840} INFO - DAG(s) 'example_setup_teardown' retrieved from /home/airflow/.local/lib/python3.12/site-packages/airflow/example_dags/example_setup_teardown.py
[2026-06-14T21:43:07.425+0000] {logging_mixin.py:188} INFO - [2026-06-14T21:43:07.425+0000] {dag.py:3089} INFO - Sync 1 DAGs
[2026-06-14T21:43:07.459+0000] {logging_mixin.py:188} INFO - [2026-06-14T21:43:07.459+0000] {dag.py:3947} INFO - Setting next_dagrun for example_setup_teardown to 2026-06-13 00:00:00+00:00, run_after=2026-06-14 00:00:00+00:00
[2026-06-14T21:43:07.490+0000] {processor.py:183} INFO - Processing /home/airflow/.local/lib/python3.12/site-packages/airflow/example_dags/example_setup_teardown.py took 0.135 seconds
[2026-06-14T21:43:38.345+0000] {processor.py:161} INFO - Started process (PID=514) to work on /home/airflow/.local/lib/python3.12/site-packages/airflow/example_dags/example_setup_teardown.py
[2026-06-14T21:43:38.347+0000] {processor.py:830} INFO - Processing file /home/airflow/.local/lib/python3.12/site-packages/airflow/example_dags/example_setup_teardown.py for tasks to queue
[2026-06-14T21:43:38.350+0000] {logging_mixin.py:188} INFO - [2026-06-14T21:43:38.350+0000] {dagbag.py:545} INFO - Filling up the DagBag from /home/airflow/.local/lib/python3.12/site-packages/airflow/example_dags/example_setup_teardown.py
[2026-06-14T21:43:38.360+0000] {processor.py:840} INFO - DAG(s) 'example_setup_teardown' retrieved from /home/airflow/.local/lib/python3.12/site-packages/airflow/example_dags/example_setup_teardown.py
[2026-06-14T21:43:38.400+0000] {logging_mixin.py:188} INFO - [2026-06-14T21:43:38.399+0000] {dag.py:3089} INFO - Sync 1 DAGs
[2026-06-14T21:43:38.433+0000] {logging_mixin.py:188} INFO - [2026-06-14T21:43:38.432+0000] {dag.py:3947} INFO - Setting next_dagrun for example_setup_teardown to 2026-06-13 00:00:00+00:00, run_after=2026-06-14 00:00:00+00:00
[2026-06-14T21:43:38.466+0000] {processor.py:183} INFO - Processing /home/airflow/.local/lib/python3.12/site-packages/airflow/example_dags/example_setup_teardown.py took 0.130 seconds
[2026-06-14T21:44:08.943+0000] {processor.py:161} INFO - Started process (PID=573) to work on /home/airflow/.local/lib/python3.12/site-packages/airflow/example_dags/example_setup_teardown.py
[2026-06-14T21:44:08.945+0000] {processor.py:830} INFO - Processing file /home/airflow/.local/lib/python3.12/site-packages/airflow/example_dags/example_setup_teardown.py for tasks to queue
[2026-06-14T21:44:08.948+0000] {logging_mixin.py:188} INFO - [2026-06-14T21:44:08.947+0000] {dagbag.py:545} INFO - Filling up the DagBag from /home/airflow/.local/lib/python3.12/site-packages/airflow/example_dags/example_setup_teardown.py
[2026-06-14T21:44:08.957+0000] {processor.py:840} INFO - DAG(s) 'example_setup_teardown' retrieved from /home/airflow/.local/lib/python3.12/site-packages/airflow/example_dags/example_setup_teardown.py
[2026-06-14T21:44:08.986+0000] {logging_mixin.py:188} INFO - [2026-06-14T21:44:08.985+0000] {dag.py:3089} INFO - Sync 1 DAGs
[2026-06-14T21:44:09.025+0000] {logging_mixin.py:188} INFO - [2026-06-14T21:44:09.025+0000] {dag.py:3947} INFO - Setting next_dagrun for example_setup_teardown to 2026-06-13 00:00:00+00:00, run_after=2026-06-14 00:00:00+00:00
[2026-06-14T21:44:09.054+0000] {processor.py:183} INFO - Processing /home/airflow/.local/lib/python3.12/site-packages/airflow/example_dags/example_setup_teardown.py took 0.118 seconds
[2026-06-14T21:44:39.763+0000] {processor.py:161} INFO - Started process (PID=632) to work on /home/airflow/.local/lib/python3.12/site-packages/airflow/example_dags/example_setup_teardown.py
[2026-06-14T21:44:39.767+0000] {processor.py:830} INFO - Processing file /home/airflow/.local/lib/python3.12/site-packages/airflow/example_dags/example_setup_teardown.py for tasks to queue
[2026-06-14T21:44:39.771+0000] {logging_mixin.py:188} INFO - [2026-06-14T21:44:39.771+0000] {dagbag.py:545} INFO - Filling up the DagBag from /home/airflow/.local/lib/python3.12/site-packages/airflow/example_dags/example_setup_teardown.py
[2026-06-14T21:44:39.784+0000] {processor.py:840} INFO - DAG(s) 'example_setup_teardown' retrieved from /home/airflow/.local/lib/python3.12/site-packages/airflow/example_dags/example_setup_teardown.py
[2026-06-14T21:44:39.833+0000] {logging_mixin.py:188} INFO - [2026-06-14T21:44:39.833+0000] {dag.py:3089} INFO - Sync 1 DAGs
[2026-06-14T21:44:39.898+0000] {logging_mixin.py:188} INFO - [2026-06-14T21:44:39.898+0000] {dag.py:3947} INFO - Setting next_dagrun for example_setup_teardown to 2026-06-13 00:00:00+00:00, run_after=2026-06-14 00:00:00+00:00
[2026-06-14T21:44:39.930+0000] {processor.py:183} INFO - Processing /home/airflow/.local/lib/python3.12/site-packages/airflow/example_dags/example_setup_teardown.py took 0.177 seconds
[2026-06-14T21:45:10.129+0000] {processor.py:161} INFO - Started process (PID=691) to work on /home/airflow/.local/lib/python3.12/site-packages/airflow/example_dags/example_setup_teardown.py
[2026-06-14T21:45:10.131+0000] {processor.py:830} INFO - Processing file /home/airflow/.local/lib/python3.12/site-packages/airflow/example_dags/example_setup_teardown.py for tasks to queue
[2026-06-14T21:45:10.134+0000] {logging_mixin.py:188} INFO - [2026-06-14T21:45:10.134+0000] {dagbag.py:545} INFO - Filling up the DagBag from /home/airflow/.local/lib/python3.12/site-packages/airflow/example_dags/example_setup_teardown.py
[2026-06-14T21:45:10.143+0000] {processor.py:840} INFO - DAG(s) 'example_setup_teardown' retrieved from /home/airflow/.local/lib/python3.12/site-packages/airflow/example_dags/example_setup_teardown.py
[2026-06-14T21:45:10.171+0000] {logging_mixin.py:188} INFO - [2026-06-14T21:45:10.171+0000] {dag.py:3089} INFO - Sync 1 DAGs
[2026-06-14T21:45:10.204+0000] {logging_mixin.py:188} INFO - [2026-06-14T21:45:10.204+0000] {dag.py:3947} INFO - Setting next_dagrun for example_setup_teardown to 2026-06-13 00:00:00+00:00, run_after=2026-06-14 00:00:00+00:00
[2026-06-14T21:45:10.233+0000] {processor.py:183} INFO - Processing /home/airflow/.local/lib/python3.12/site-packages/airflow/example_dags/example_setup_teardown.py took 0.111 seconds
[2026-06-14T21:45:40.506+0000] {processor.py:161} INFO - Started process (PID=750) to work on /home/airflow/.local/lib/python3.12/site-packages/airflow/example_dags/example_setup_teardown.py
[2026-06-14T21:45:40.507+0000] {processor.py:830} INFO - Processing file /home/airflow/.local/lib/python3.12/site-packages/airflow/example_dags/example_setup_teardown.py for tasks to queue
[2026-06-14T21:45:40.510+0000] {logging_mixin.py:188} INFO - [2026-06-14T21:45:40.509+0000] {dagbag.py:545} INFO - Filling up the DagBag from /home/airflow/.local/lib/python3.12/site-packages/airflow/example_dags/example_setup_teardown.py
[2026-06-14T21:45:40.518+0000] {processor.py:840} INFO - DAG(s) 'example_setup_teardown' retrieved from /home/airflow/.local/lib/python3.12/site-packages/airflow/example_dags/example_setup_teardown.py
[2026-06-14T21:45:40.545+0000] {logging_mixin.py:188} INFO - [2026-06-14T21:45:40.544+0000] {dag.py:3089} INFO - Sync 1 DAGs
[2026-06-14T21:45:40.575+0000] {logging_mixin.py:188} INFO - [2026-06-14T21:45:40.575+0000] {dag.py:3947} INFO - Setting next_dagrun for example_setup_teardown to 2026-06-13 00:00:00+00:00, run_after=2026-06-14 00:00:00+00:00
[2026-06-14T21:45:40.611+0000] {processor.py:183} INFO - Processing /home/airflow/.local/lib/python3.12/site-packages/airflow/example_dags/example_setup_teardown.py took 0.113 seconds
[2026-06-14T21:46:12.075+0000] {processor.py:161} INFO - Started process (PID=809) to work on /home/airflow/.local/lib/python3.12/site-packages/airflow/example_dags/example_setup_teardown.py
[2026-06-14T21:46:12.077+0000] {processor.py:830} INFO - Processing file /home/airflow/.local/lib/python3.12/site-packages/airflow/example_dags/example_setup_teardown.py for tasks to queue
[2026-06-14T21:46:12.080+0000] {logging_mixin.py:188} INFO - [2026-06-14T21:46:12.080+0000] {dagbag.py:545} INFO - Filling up the DagBag from /home/airflow/.local/lib/python3.12/site-packages/airflow/example_dags/example_setup_teardown.py
[2026-06-14T21:46:12.090+0000] {processor.py:840} INFO - DAG(s) 'example_setup_teardown' retrieved from /home/airflow/.local/lib/python3.12/site-packages/airflow/example_dags/example_setup_teardown.py
[2026-06-14T21:46:12.127+0000] {logging_mixin.py:188} INFO - [2026-06-14T21:46:12.127+0000] {dag.py:3089} INFO - Sync 1 DAGs
[2026-06-14T21:46:12.171+0000] {logging_mixin.py:188} INFO - [2026-06-14T21:46:12.170+0000] {dag.py:3947} INFO - Setting next_dagrun for example_setup_teardown to 2026-06-13 00:00:00+00:00, run_after=2026-06-14 00:00:00+00:00
[2026-06-14T21:46:12.245+0000] {processor.py:183} INFO - Processing /home/airflow/.local/lib/python3.12/site-packages/airflow/example_dags/example_setup_teardown.py took 0.179 seconds
[2026-06-14T21:46:43.050+0000] {processor.py:161} INFO - Started process (PID=868) to work on /home/airflow/.local/lib/python3.12/site-packages/airflow/example_dags/example_setup_teardown.py
[2026-06-14T21:46:43.053+0000] {processor.py:830} INFO - Processing file /home/airflow/.local/lib/python3.12/site-packages/airflow/example_dags/example_setup_teardown.py for tasks to queue
[2026-06-14T21:46:43.056+0000] {logging_mixin.py:188} INFO - [2026-06-14T21:46:43.056+0000] {dagbag.py:545} INFO - Filling up the DagBag from /home/airflow/.local/lib/python3.12/site-packages/airflow/example_dags/example_setup_teardown.py
[2026-06-14T21:46:43.067+0000] {processor.py:840} INFO - DAG(s) 'example_setup_teardown' retrieved from /home/airflow/.local/lib/python3.12/site-packages/airflow/example_dags/example_setup_teardown.py
[2026-06-14T21:46:43.128+0000] {logging_mixin.py:188} INFO - [2026-06-14T21:46:43.127+0000] {dag.py:3089} INFO - Sync 1 DAGs
[2026-06-14T21:46:43.170+0000] {logging_mixin.py:188} INFO - [2026-06-14T21:46:43.170+0000] {dag.py:3947} INFO - Setting next_dagrun for example_setup_teardown to 2026-06-13 00:00:00+00:00, run_after=2026-06-14 00:00:00+00:00
[2026-06-14T21:46:43.208+0000] {processor.py:183} INFO - Processing /home/airflow/.local/lib/python3.12/site-packages/airflow/example_dags/example_setup_teardown.py took 0.168 seconds
[2026-06-14T21:47:15.533+0000] {processor.py:161} INFO - Started process (PID=927) to work on /home/airflow/.local/lib/python3.12/site-packages/airflow/example_dags/example_setup_teardown.py
[2026-06-14T21:47:15.535+0000] {processor.py:830} INFO - Processing file /home/airflow/.local/lib/python3.12/site-packages/airflow/example_dags/example_setup_teardown.py for tasks to queue
[2026-06-14T21:47:15.539+0000] {logging_mixin.py:188} INFO - [2026-06-14T21:47:15.539+0000] {dagbag.py:545} INFO - Filling up the DagBag from /home/airflow/.local/lib/python3.12/site-packages/airflow/example_dags/example_setup_teardown.py
[2026-06-14T21:47:15.557+0000] {processor.py:840} INFO - DAG(s) 'example_setup_teardown' retrieved from /home/airflow/.local/lib/python3.12/site-packages/airflow/example_dags/example_setup_teardown.py
[2026-06-14T21:47:15.614+0000] {logging_mixin.py:188} INFO - [2026-06-14T21:47:15.614+0000] {dag.py:3089} INFO - Sync 1 DAGs
[2026-06-14T21:47:15.675+0000] {logging_mixin.py:188} INFO - [2026-06-14T21:47:15.674+0000] {dag.py:3947} INFO - Setting next_dagrun for example_setup_teardown to 2026-06-13 00:00:00+00:00, run_after=2026-06-14 00:00:00+00:00
[2026-06-14T21:47:15.731+0000] {processor.py:183} INFO - Processing /home/airflow/.local/lib/python3.12/site-packages/airflow/example_dags/example_setup_teardown.py took 0.216 seconds
[2026-06-14T21:47:46.533+0000] {processor.py:161} INFO - Started process (PID=991) to work on /home/airflow/.local/lib/python3.12/site-packages/airflow/example_dags/example_setup_teardown.py
[2026-06-14T21:47:46.535+0000] {processor.py:830} INFO - Processing file /home/airflow/.local/lib/python3.12/site-packages/airflow/example_dags/example_setup_teardown.py for tasks to queue
[2026-06-14T21:47:46.539+0000] {logging_mixin.py:188} INFO - [2026-06-14T21:47:46.538+0000] {dagbag.py:545} INFO - Filling up the DagBag from /home/airflow/.local/lib/python3.12/site-packages/airflow/example_dags/example_setup_teardown.py
[2026-06-14T21:47:46.547+0000] {processor.py:840} INFO - DAG(s) 'example_setup_teardown' retrieved from /home/airflow/.local/lib/python3.12/site-packages/airflow/example_dags/example_setup_teardown.py
[2026-06-14T21:47:46.576+0000] {logging_mixin.py:188} INFO - [2026-06-14T21:47:46.575+0000] {dag.py:3089} INFO - Sync 1 DAGs
[2026-06-14T21:47:46.612+0000] {logging_mixin.py:188} INFO - [2026-06-14T21:47:46.611+0000] {dag.py:3947} INFO - Setting next_dagrun for example_setup_teardown to 2026-06-13 00:00:00+00:00, run_after=2026-06-14 00:00:00+00:00
[2026-06-14T21:47:46.637+0000] {processor.py:183} INFO - Processing /home/airflow/.local/lib/python3.12/site-packages/airflow/example_dags/example_setup_teardown.py took 0.111 seconds
[2026-06-14T21:48:17.187+0000] {processor.py:161} INFO - Started process (PID=1050) to work on /home/airflow/.local/lib/python3.12/site-packages/airflow/example_dags/example_setup_teardown.py
[2026-06-14T21:48:17.189+0000] {processor.py:830} INFO - Processing file /home/airflow/.local/lib/python3.12/site-packages/airflow/example_dags/example_setup_teardown.py for tasks to queue
[2026-06-14T21:48:17.191+0000] {logging_mixin.py:188} INFO - [2026-06-14T21:48:17.191+0000] {dagbag.py:545} INFO - Filling up the DagBag from /home/airflow/.local/lib/python3.12/site-packages/airflow/example_dags/example_setup_teardown.py
[2026-06-14T21:48:17.198+0000] {processor.py:840} INFO - DAG(s) 'example_setup_teardown' retrieved from /home/airflow/.local/lib/python3.12/site-packages/airflow/example_dags/example_setup_teardown.py
[2026-06-14T21:48:17.222+0000] {logging_mixin.py:188} INFO - [2026-06-14T21:48:17.222+0000] {dag.py:3089} INFO - Sync 1 DAGs
[2026-06-14T21:48:17.250+0000] {logging_mixin.py:188} INFO - [2026-06-14T21:48:17.249+0000] {dag.py:3947} INFO - Setting next_dagrun for example_setup_teardown to 2026-06-13 00:00:00+00:00, run_after=2026-06-14 00:00:00+00:00
[2026-06-14T21:48:17.276+0000] {processor.py:183} INFO - Processing /home/airflow/.local/lib/python3.12/site-packages/airflow/example_dags/example_setup_teardown.py took 0.095 seconds
[2026-06-14T21:48:48.271+0000] {processor.py:161} INFO - Started process (PID=1108) to work on /home/airflow/.local/lib/python3.12/site-packages/airflow/example_dags/example_setup_teardown.py
[2026-06-14T21:48:48.273+0000] {processor.py:830} INFO - Processing file /home/airflow/.local/lib/python3.12/site-packages/airflow/example_dags/example_setup_teardown.py for tasks to queue
[2026-06-14T21:48:48.275+0000] {logging_mixin.py:188} INFO - [2026-06-14T21:48:48.275+0000] {dagbag.py:545} INFO - Filling up the DagBag from /home/airflow/.local/lib/python3.12/site-packages/airflow/example_dags/example_setup_teardown.py
[2026-06-14T21:48:48.288+0000] {processor.py:840} INFO - DAG(s) 'example_setup_teardown' retrieved from /home/airflow/.local/lib/python3.12/site-packages/airflow/example_dags/example_setup_teardown.py
[2026-06-14T21:48:48.321+0000] {logging_mixin.py:188} INFO - [2026-06-14T21:48:48.320+0000] {dag.py:3089} INFO - Sync 1 DAGs
[2026-06-14T21:48:48.353+0000] {logging_mixin.py:188} INFO - [2026-06-14T21:48:48.352+0000] {dag.py:3947} INFO - Setting next_dagrun for example_setup_teardown to 2026-06-13 00:00:00+00:00, run_after=2026-06-14 00:00:00+00:00
[2026-06-14T21:48:48.380+0000] {processor.py:183} INFO - Processing /home/airflow/.local/lib/python3.12/site-packages/airflow/example_dags/example_setup_teardown.py took 0.120 seconds
[2026-06-14T21:49:18.589+0000] {processor.py:161} INFO - Started process (PID=1167) to work on /home/airflow/.local/lib/python3.12/site-packages/airflow/example_dags/example_setup_teardown.py
[2026-06-14T21:49:18.591+0000] {processor.py:830} INFO - Processing file /home/airflow/.local/lib/python3.12/site-packages/airflow/example_dags/example_setup_teardown.py for tasks to queue
[2026-06-14T21:49:18.593+0000] {logging_mixin.py:188} INFO - [2026-06-14T21:49:18.593+0000] {dagbag.py:545} INFO - Filling up the DagBag from /home/airflow/.local/lib/python3.12/site-packages/airflow/example_dags/example_setup_teardown.py
[2026-06-14T21:49:18.600+0000] {processor.py:840} INFO - DAG(s) 'example_setup_teardown' retrieved from /home/airflow/.local/lib/python3.12/site-packages/airflow/example_dags/example_setup_teardown.py
[2026-06-14T21:49:18.629+0000] {logging_mixin.py:188} INFO - [2026-06-14T21:49:18.629+0000] {dag.py:3089} INFO - Sync 1 DAGs
[2026-06-14T21:49:18.658+0000] {logging_mixin.py:188} INFO - [2026-06-14T21:49:18.657+0000] {dag.py:3947} INFO - Setting next_dagrun for example_setup_teardown to 2026-06-13 00:00:00+00:00, run_after=2026-06-14 00:00:00+00:00
[2026-06-14T21:49:18.681+0000] {processor.py:183} INFO - Processing /home/airflow/.local/lib/python3.12/site-packages/airflow/example_dags/example_setup_teardown.py took 0.099 seconds
