[2026-06-14T21:26:29.294+0000] {processor.py:161} INFO - Started process (PID=74) to work on /home/airflow/.local/lib/python3.12/site-packages/airflow/example_dags/example_complex.py
[2026-06-14T21:26:29.296+0000] {processor.py:830} INFO - Processing file /home/airflow/.local/lib/python3.12/site-packages/airflow/example_dags/example_complex.py for tasks to queue
[2026-06-14T21:26:29.300+0000] {logging_mixin.py:188} INFO - [2026-06-14T21:26:29.299+0000] {dagbag.py:545} INFO - Filling up the DagBag from /home/airflow/.local/lib/python3.12/site-packages/airflow/example_dags/example_complex.py
[2026-06-14T21:26:29.321+0000] {processor.py:840} INFO - DAG(s) 'example_complex' retrieved from /home/airflow/.local/lib/python3.12/site-packages/airflow/example_dags/example_complex.py
[2026-06-14T21:26:29.566+0000] {logging_mixin.py:188} INFO - [2026-06-14T21:26:29.565+0000] {override.py:1858} INFO - Created Permission View: can delete on DAG:example_complex
[2026-06-14T21:26:29.584+0000] {logging_mixin.py:188} INFO - [2026-06-14T21:26:29.583+0000] {override.py:1858} INFO - Created Permission View: can edit on DAG:example_complex
[2026-06-14T21:26:29.597+0000] {logging_mixin.py:188} INFO - [2026-06-14T21:26:29.596+0000] {override.py:1858} INFO - Created Permission View: can read on DAG:example_complex
[2026-06-14T21:26:29.598+0000] {logging_mixin.py:188} INFO - [2026-06-14T21:26:29.598+0000] {dag.py:3089} INFO - Sync 1 DAGs
[2026-06-14T21:26:29.623+0000] {logging_mixin.py:188} INFO - [2026-06-14T21:26:29.623+0000] {dag.py:3111} INFO - Creating ORM DAG for example_complex
[2026-06-14T21:26:29.625+0000] {logging_mixin.py:188} INFO - [2026-06-14T21:26:29.625+0000] {dag.py:3947} INFO - Setting next_dagrun for example_complex to None, run_after=None
[2026-06-14T21:26:29.664+0000] {processor.py:183} INFO - Processing /home/airflow/.local/lib/python3.12/site-packages/airflow/example_dags/example_complex.py took 0.381 seconds
[2026-06-14T21:27:00.111+0000] {processor.py:161} INFO - Started process (PID=133) to work on /home/airflow/.local/lib/python3.12/site-packages/airflow/example_dags/example_complex.py
[2026-06-14T21:27:00.112+0000] {processor.py:830} INFO - Processing file /home/airflow/.local/lib/python3.12/site-packages/airflow/example_dags/example_complex.py for tasks to queue
[2026-06-14T21:27:00.116+0000] {logging_mixin.py:188} INFO - [2026-06-14T21:27:00.115+0000] {dagbag.py:545} INFO - Filling up the DagBag from /home/airflow/.local/lib/python3.12/site-packages/airflow/example_dags/example_complex.py
[2026-06-14T21:27:00.128+0000] {processor.py:840} INFO - DAG(s) 'example_complex' retrieved from /home/airflow/.local/lib/python3.12/site-packages/airflow/example_dags/example_complex.py
[2026-06-14T21:27:00.164+0000] {logging_mixin.py:188} INFO - [2026-06-14T21:27:00.164+0000] {dag.py:3089} INFO - Sync 1 DAGs
[2026-06-14T21:27:00.179+0000] {logging_mixin.py:188} INFO - [2026-06-14T21:27:00.179+0000] {dag.py:3947} INFO - Setting next_dagrun for example_complex to None, run_after=None
[2026-06-14T21:27:00.203+0000] {processor.py:183} INFO - Processing /home/airflow/.local/lib/python3.12/site-packages/airflow/example_dags/example_complex.py took 0.098 seconds
[2026-06-14T21:27:30.493+0000] {processor.py:161} INFO - Started process (PID=192) to work on /home/airflow/.local/lib/python3.12/site-packages/airflow/example_dags/example_complex.py
[2026-06-14T21:27:30.495+0000] {processor.py:830} INFO - Processing file /home/airflow/.local/lib/python3.12/site-packages/airflow/example_dags/example_complex.py for tasks to queue
[2026-06-14T21:27:30.498+0000] {logging_mixin.py:188} INFO - [2026-06-14T21:27:30.498+0000] {dagbag.py:545} INFO - Filling up the DagBag from /home/airflow/.local/lib/python3.12/site-packages/airflow/example_dags/example_complex.py
[2026-06-14T21:27:30.515+0000] {processor.py:840} INFO - DAG(s) 'example_complex' retrieved from /home/airflow/.local/lib/python3.12/site-packages/airflow/example_dags/example_complex.py
[2026-06-14T21:27:30.572+0000] {logging_mixin.py:188} INFO - [2026-06-14T21:27:30.571+0000] {dag.py:3089} INFO - Sync 1 DAGs
[2026-06-14T21:27:30.595+0000] {logging_mixin.py:188} INFO - [2026-06-14T21:27:30.594+0000] {dag.py:3947} INFO - Setting next_dagrun for example_complex to None, run_after=None
[2026-06-14T21:27:30.674+0000] {processor.py:183} INFO - Processing /home/airflow/.local/lib/python3.12/site-packages/airflow/example_dags/example_complex.py took 0.192 seconds
[2026-06-14T21:28:00.750+0000] {processor.py:161} INFO - Started process (PID=251) to work on /home/airflow/.local/lib/python3.12/site-packages/airflow/example_dags/example_complex.py
[2026-06-14T21:28:00.752+0000] {processor.py:830} INFO - Processing file /home/airflow/.local/lib/python3.12/site-packages/airflow/example_dags/example_complex.py for tasks to queue
[2026-06-14T21:28:00.755+0000] {logging_mixin.py:188} INFO - [2026-06-14T21:28:00.754+0000] {dagbag.py:545} INFO - Filling up the DagBag from /home/airflow/.local/lib/python3.12/site-packages/airflow/example_dags/example_complex.py
[2026-06-14T21:28:00.771+0000] {processor.py:840} INFO - DAG(s) 'example_complex' retrieved from /home/airflow/.local/lib/python3.12/site-packages/airflow/example_dags/example_complex.py
[2026-06-14T21:28:00.827+0000] {logging_mixin.py:188} INFO - [2026-06-14T21:28:00.827+0000] {dag.py:3089} INFO - Sync 1 DAGs
[2026-06-14T21:28:00.847+0000] {logging_mixin.py:188} INFO - [2026-06-14T21:28:00.847+0000] {dag.py:3947} INFO - Setting next_dagrun for example_complex to None, run_after=None
[2026-06-14T21:28:00.875+0000] {processor.py:183} INFO - Processing /home/airflow/.local/lib/python3.12/site-packages/airflow/example_dags/example_complex.py took 0.133 seconds
[2026-06-14T21:28:31.030+0000] {processor.py:161} INFO - Started process (PID=310) to work on /home/airflow/.local/lib/python3.12/site-packages/airflow/example_dags/example_complex.py
[2026-06-14T21:28:31.031+0000] {processor.py:830} INFO - Processing file /home/airflow/.local/lib/python3.12/site-packages/airflow/example_dags/example_complex.py for tasks to queue
[2026-06-14T21:28:31.035+0000] {logging_mixin.py:188} INFO - [2026-06-14T21:28:31.035+0000] {dagbag.py:545} INFO - Filling up the DagBag from /home/airflow/.local/lib/python3.12/site-packages/airflow/example_dags/example_complex.py
[2026-06-14T21:28:31.056+0000] {processor.py:840} INFO - DAG(s) 'example_complex' retrieved from /home/airflow/.local/lib/python3.12/site-packages/airflow/example_dags/example_complex.py
[2026-06-14T21:28:31.106+0000] {logging_mixin.py:188} INFO - [2026-06-14T21:28:31.105+0000] {dag.py:3089} INFO - Sync 1 DAGs
[2026-06-14T21:28:31.125+0000] {logging_mixin.py:188} INFO - [2026-06-14T21:28:31.124+0000] {dag.py:3947} INFO - Setting next_dagrun for example_complex to None, run_after=None
[2026-06-14T21:28:31.153+0000] {processor.py:183} INFO - Processing /home/airflow/.local/lib/python3.12/site-packages/airflow/example_dags/example_complex.py took 0.133 seconds
[2026-06-14T21:29:01.561+0000] {processor.py:161} INFO - Started process (PID=369) to work on /home/airflow/.local/lib/python3.12/site-packages/airflow/example_dags/example_complex.py
[2026-06-14T21:29:01.563+0000] {processor.py:830} INFO - Processing file /home/airflow/.local/lib/python3.12/site-packages/airflow/example_dags/example_complex.py for tasks to queue
[2026-06-14T21:29:01.565+0000] {logging_mixin.py:188} INFO - [2026-06-14T21:29:01.565+0000] {dagbag.py:545} INFO - Filling up the DagBag from /home/airflow/.local/lib/python3.12/site-packages/airflow/example_dags/example_complex.py
[2026-06-14T21:29:01.577+0000] {processor.py:840} INFO - DAG(s) 'example_complex' retrieved from /home/airflow/.local/lib/python3.12/site-packages/airflow/example_dags/example_complex.py
[2026-06-14T21:29:01.619+0000] {logging_mixin.py:188} INFO - [2026-06-14T21:29:01.618+0000] {dag.py:3089} INFO - Sync 1 DAGs
[2026-06-14T21:29:01.634+0000] {logging_mixin.py:188} INFO - [2026-06-14T21:29:01.634+0000] {dag.py:3947} INFO - Setting next_dagrun for example_complex to None, run_after=None
[2026-06-14T21:29:01.660+0000] {processor.py:183} INFO - Processing /home/airflow/.local/lib/python3.12/site-packages/airflow/example_dags/example_complex.py took 0.106 seconds
[2026-06-14T21:29:32.208+0000] {processor.py:161} INFO - Started process (PID=428) to work on /home/airflow/.local/lib/python3.12/site-packages/airflow/example_dags/example_complex.py
[2026-06-14T21:29:32.210+0000] {processor.py:830} INFO - Processing file /home/airflow/.local/lib/python3.12/site-packages/airflow/example_dags/example_complex.py for tasks to queue
[2026-06-14T21:29:32.213+0000] {logging_mixin.py:188} INFO - [2026-06-14T21:29:32.212+0000] {dagbag.py:545} INFO - Filling up the DagBag from /home/airflow/.local/lib/python3.12/site-packages/airflow/example_dags/example_complex.py
[2026-06-14T21:29:32.231+0000] {processor.py:840} INFO - DAG(s) 'example_complex' retrieved from /home/airflow/.local/lib/python3.12/site-packages/airflow/example_dags/example_complex.py
[2026-06-14T21:29:32.284+0000] {logging_mixin.py:188} INFO - [2026-06-14T21:29:32.283+0000] {dag.py:3089} INFO - Sync 1 DAGs
[2026-06-14T21:29:32.302+0000] {logging_mixin.py:188} INFO - [2026-06-14T21:29:32.301+0000] {dag.py:3947} INFO - Setting next_dagrun for example_complex to None, run_after=None
[2026-06-14T21:29:32.369+0000] {processor.py:183} INFO - Processing /home/airflow/.local/lib/python3.12/site-packages/airflow/example_dags/example_complex.py took 0.168 seconds
[2026-06-14T21:30:02.833+0000] {processor.py:161} INFO - Started process (PID=486) to work on /home/airflow/.local/lib/python3.12/site-packages/airflow/example_dags/example_complex.py
[2026-06-14T21:30:02.835+0000] {processor.py:830} INFO - Processing file /home/airflow/.local/lib/python3.12/site-packages/airflow/example_dags/example_complex.py for tasks to queue
[2026-06-14T21:30:02.836+0000] {logging_mixin.py:188} INFO - [2026-06-14T21:30:02.836+0000] {dagbag.py:545} INFO - Filling up the DagBag from /home/airflow/.local/lib/python3.12/site-packages/airflow/example_dags/example_complex.py
[2026-06-14T21:30:02.851+0000] {processor.py:840} INFO - DAG(s) 'example_complex' retrieved from /home/airflow/.local/lib/python3.12/site-packages/airflow/example_dags/example_complex.py
[2026-06-14T21:30:02.896+0000] {logging_mixin.py:188} INFO - [2026-06-14T21:30:02.895+0000] {dag.py:3089} INFO - Sync 1 DAGs
[2026-06-14T21:30:02.916+0000] {logging_mixin.py:188} INFO - [2026-06-14T21:30:02.916+0000] {dag.py:3947} INFO - Setting next_dagrun for example_complex to None, run_after=None
[2026-06-14T21:30:02.949+0000] {processor.py:183} INFO - Processing /home/airflow/.local/lib/python3.12/site-packages/airflow/example_dags/example_complex.py took 0.125 seconds
[2026-06-14T21:30:33.507+0000] {processor.py:161} INFO - Started process (PID=544) to work on /home/airflow/.local/lib/python3.12/site-packages/airflow/example_dags/example_complex.py
[2026-06-14T21:30:33.508+0000] {processor.py:830} INFO - Processing file /home/airflow/.local/lib/python3.12/site-packages/airflow/example_dags/example_complex.py for tasks to queue
[2026-06-14T21:30:33.510+0000] {logging_mixin.py:188} INFO - [2026-06-14T21:30:33.509+0000] {dagbag.py:545} INFO - Filling up the DagBag from /home/airflow/.local/lib/python3.12/site-packages/airflow/example_dags/example_complex.py
[2026-06-14T21:30:33.524+0000] {processor.py:840} INFO - DAG(s) 'example_complex' retrieved from /home/airflow/.local/lib/python3.12/site-packages/airflow/example_dags/example_complex.py
[2026-06-14T21:30:33.566+0000] {logging_mixin.py:188} INFO - [2026-06-14T21:30:33.566+0000] {dag.py:3089} INFO - Sync 1 DAGs
[2026-06-14T21:30:33.582+0000] {logging_mixin.py:188} INFO - [2026-06-14T21:30:33.582+0000] {dag.py:3947} INFO - Setting next_dagrun for example_complex to None, run_after=None
[2026-06-14T21:30:33.607+0000] {processor.py:183} INFO - Processing /home/airflow/.local/lib/python3.12/site-packages/airflow/example_dags/example_complex.py took 0.108 seconds
[2026-06-14T21:31:03.855+0000] {processor.py:161} INFO - Started process (PID=603) to work on /home/airflow/.local/lib/python3.12/site-packages/airflow/example_dags/example_complex.py
[2026-06-14T21:31:03.856+0000] {processor.py:830} INFO - Processing file /home/airflow/.local/lib/python3.12/site-packages/airflow/example_dags/example_complex.py for tasks to queue
[2026-06-14T21:31:03.858+0000] {logging_mixin.py:188} INFO - [2026-06-14T21:31:03.858+0000] {dagbag.py:545} INFO - Filling up the DagBag from /home/airflow/.local/lib/python3.12/site-packages/airflow/example_dags/example_complex.py
[2026-06-14T21:31:03.870+0000] {processor.py:840} INFO - DAG(s) 'example_complex' retrieved from /home/airflow/.local/lib/python3.12/site-packages/airflow/example_dags/example_complex.py
[2026-06-14T21:31:03.918+0000] {logging_mixin.py:188} INFO - [2026-06-14T21:31:03.918+0000] {dag.py:3089} INFO - Sync 1 DAGs
[2026-06-14T21:31:03.936+0000] {logging_mixin.py:188} INFO - [2026-06-14T21:31:03.936+0000] {dag.py:3947} INFO - Setting next_dagrun for example_complex to None, run_after=None
[2026-06-14T21:31:03.967+0000] {processor.py:183} INFO - Processing /home/airflow/.local/lib/python3.12/site-packages/airflow/example_dags/example_complex.py took 0.119 seconds
[2026-06-14T21:31:34.396+0000] {processor.py:161} INFO - Started process (PID=661) to work on /home/airflow/.local/lib/python3.12/site-packages/airflow/example_dags/example_complex.py
[2026-06-14T21:31:34.398+0000] {processor.py:830} INFO - Processing file /home/airflow/.local/lib/python3.12/site-packages/airflow/example_dags/example_complex.py for tasks to queue
[2026-06-14T21:31:34.400+0000] {logging_mixin.py:188} INFO - [2026-06-14T21:31:34.399+0000] {dagbag.py:545} INFO - Filling up the DagBag from /home/airflow/.local/lib/python3.12/site-packages/airflow/example_dags/example_complex.py
[2026-06-14T21:31:34.420+0000] {processor.py:840} INFO - DAG(s) 'example_complex' retrieved from /home/airflow/.local/lib/python3.12/site-packages/airflow/example_dags/example_complex.py
[2026-06-14T21:31:34.481+0000] {logging_mixin.py:188} INFO - [2026-06-14T21:31:34.480+0000] {dag.py:3089} INFO - Sync 1 DAGs
[2026-06-14T21:31:34.507+0000] {logging_mixin.py:188} INFO - [2026-06-14T21:31:34.507+0000] {dag.py:3947} INFO - Setting next_dagrun for example_complex to None, run_after=None
[2026-06-14T21:31:34.548+0000] {processor.py:183} INFO - Processing /home/airflow/.local/lib/python3.12/site-packages/airflow/example_dags/example_complex.py took 0.164 seconds
[2026-06-14T21:32:04.787+0000] {processor.py:161} INFO - Started process (PID=718) to work on /home/airflow/.local/lib/python3.12/site-packages/airflow/example_dags/example_complex.py
[2026-06-14T21:32:04.790+0000] {processor.py:830} INFO - Processing file /home/airflow/.local/lib/python3.12/site-packages/airflow/example_dags/example_complex.py for tasks to queue
[2026-06-14T21:32:04.791+0000] {logging_mixin.py:188} INFO - [2026-06-14T21:32:04.791+0000] {dagbag.py:545} INFO - Filling up the DagBag from /home/airflow/.local/lib/python3.12/site-packages/airflow/example_dags/example_complex.py
[2026-06-14T21:32:04.814+0000] {processor.py:840} INFO - DAG(s) 'example_complex' retrieved from /home/airflow/.local/lib/python3.12/site-packages/airflow/example_dags/example_complex.py
[2026-06-14T21:32:04.853+0000] {logging_mixin.py:188} INFO - [2026-06-14T21:32:04.852+0000] {dag.py:3089} INFO - Sync 1 DAGs
[2026-06-14T21:32:04.868+0000] {logging_mixin.py:188} INFO - [2026-06-14T21:32:04.868+0000] {dag.py:3947} INFO - Setting next_dagrun for example_complex to None, run_after=None
[2026-06-14T21:32:04.892+0000] {processor.py:183} INFO - Processing /home/airflow/.local/lib/python3.12/site-packages/airflow/example_dags/example_complex.py took 0.114 seconds
[2026-06-14T21:39:58.337+0000] {processor.py:161} INFO - Started process (PID=75) to work on /home/airflow/.local/lib/python3.12/site-packages/airflow/example_dags/example_complex.py
[2026-06-14T21:39:58.340+0000] {processor.py:830} INFO - Processing file /home/airflow/.local/lib/python3.12/site-packages/airflow/example_dags/example_complex.py for tasks to queue
[2026-06-14T21:39:58.344+0000] {logging_mixin.py:188} INFO - [2026-06-14T21:39:58.343+0000] {dagbag.py:545} INFO - Filling up the DagBag from /home/airflow/.local/lib/python3.12/site-packages/airflow/example_dags/example_complex.py
[2026-06-14T21:39:58.374+0000] {processor.py:840} INFO - DAG(s) 'example_complex' retrieved from /home/airflow/.local/lib/python3.12/site-packages/airflow/example_dags/example_complex.py
[2026-06-14T21:39:58.663+0000] {logging_mixin.py:188} INFO - [2026-06-14T21:39:58.662+0000] {dag.py:3089} INFO - Sync 1 DAGs
[2026-06-14T21:39:58.683+0000] {logging_mixin.py:188} INFO - [2026-06-14T21:39:58.683+0000] {dag.py:3947} INFO - Setting next_dagrun for example_complex to None, run_after=None
[2026-06-14T21:39:58.731+0000] {processor.py:183} INFO - Processing /home/airflow/.local/lib/python3.12/site-packages/airflow/example_dags/example_complex.py took 0.404 seconds
[2026-06-14T21:40:29.587+0000] {processor.py:161} INFO - Started process (PID=134) to work on /home/airflow/.local/lib/python3.12/site-packages/airflow/example_dags/example_complex.py
[2026-06-14T21:40:29.588+0000] {processor.py:830} INFO - Processing file /home/airflow/.local/lib/python3.12/site-packages/airflow/example_dags/example_complex.py for tasks to queue
[2026-06-14T21:40:29.591+0000] {logging_mixin.py:188} INFO - [2026-06-14T21:40:29.591+0000] {dagbag.py:545} INFO - Filling up the DagBag from /home/airflow/.local/lib/python3.12/site-packages/airflow/example_dags/example_complex.py
[2026-06-14T21:40:29.609+0000] {processor.py:840} INFO - DAG(s) 'example_complex' retrieved from /home/airflow/.local/lib/python3.12/site-packages/airflow/example_dags/example_complex.py
[2026-06-14T21:40:29.667+0000] {logging_mixin.py:188} INFO - [2026-06-14T21:40:29.667+0000] {dag.py:3089} INFO - Sync 1 DAGs
[2026-06-14T21:40:29.686+0000] {logging_mixin.py:188} INFO - [2026-06-14T21:40:29.685+0000] {dag.py:3947} INFO - Setting next_dagrun for example_complex to None, run_after=None
[2026-06-14T21:40:29.723+0000] {processor.py:183} INFO - Processing /home/airflow/.local/lib/python3.12/site-packages/airflow/example_dags/example_complex.py took 0.148 seconds
[2026-06-14T21:41:00.012+0000] {processor.py:161} INFO - Started process (PID=193) to work on /home/airflow/.local/lib/python3.12/site-packages/airflow/example_dags/example_complex.py
[2026-06-14T21:41:00.014+0000] {processor.py:830} INFO - Processing file /home/airflow/.local/lib/python3.12/site-packages/airflow/example_dags/example_complex.py for tasks to queue
[2026-06-14T21:41:00.016+0000] {logging_mixin.py:188} INFO - [2026-06-14T21:41:00.016+0000] {dagbag.py:545} INFO - Filling up the DagBag from /home/airflow/.local/lib/python3.12/site-packages/airflow/example_dags/example_complex.py
[2026-06-14T21:41:00.032+0000] {processor.py:840} INFO - DAG(s) 'example_complex' retrieved from /home/airflow/.local/lib/python3.12/site-packages/airflow/example_dags/example_complex.py
[2026-06-14T21:41:00.084+0000] {logging_mixin.py:188} INFO - [2026-06-14T21:41:00.084+0000] {dag.py:3089} INFO - Sync 1 DAGs
[2026-06-14T21:41:00.104+0000] {logging_mixin.py:188} INFO - [2026-06-14T21:41:00.104+0000] {dag.py:3947} INFO - Setting next_dagrun for example_complex to None, run_after=None
[2026-06-14T21:41:00.132+0000] {processor.py:183} INFO - Processing /home/airflow/.local/lib/python3.12/site-packages/airflow/example_dags/example_complex.py took 0.130 seconds
[2026-06-14T21:41:30.254+0000] {processor.py:161} INFO - Started process (PID=252) to work on /home/airflow/.local/lib/python3.12/site-packages/airflow/example_dags/example_complex.py
[2026-06-14T21:41:30.255+0000] {processor.py:830} INFO - Processing file /home/airflow/.local/lib/python3.12/site-packages/airflow/example_dags/example_complex.py for tasks to queue
[2026-06-14T21:41:30.257+0000] {logging_mixin.py:188} INFO - [2026-06-14T21:41:30.257+0000] {dagbag.py:545} INFO - Filling up the DagBag from /home/airflow/.local/lib/python3.12/site-packages/airflow/example_dags/example_complex.py
[2026-06-14T21:41:30.278+0000] {processor.py:840} INFO - DAG(s) 'example_complex' retrieved from /home/airflow/.local/lib/python3.12/site-packages/airflow/example_dags/example_complex.py
[2026-06-14T21:41:30.349+0000] {logging_mixin.py:188} INFO - [2026-06-14T21:41:30.349+0000] {dag.py:3089} INFO - Sync 1 DAGs
[2026-06-14T21:41:30.374+0000] {logging_mixin.py:188} INFO - [2026-06-14T21:41:30.373+0000] {dag.py:3947} INFO - Setting next_dagrun for example_complex to None, run_after=None
[2026-06-14T21:41:30.411+0000] {processor.py:183} INFO - Processing /home/airflow/.local/lib/python3.12/site-packages/airflow/example_dags/example_complex.py took 0.166 seconds
[2026-06-14T21:42:00.579+0000] {processor.py:161} INFO - Started process (PID=311) to work on /home/airflow/.local/lib/python3.12/site-packages/airflow/example_dags/example_complex.py
[2026-06-14T21:42:00.582+0000] {processor.py:830} INFO - Processing file /home/airflow/.local/lib/python3.12/site-packages/airflow/example_dags/example_complex.py for tasks to queue
[2026-06-14T21:42:00.593+0000] {logging_mixin.py:188} INFO - [2026-06-14T21:42:00.592+0000] {dagbag.py:545} INFO - Filling up the DagBag from /home/airflow/.local/lib/python3.12/site-packages/airflow/example_dags/example_complex.py
[2026-06-14T21:42:00.618+0000] {processor.py:840} INFO - DAG(s) 'example_complex' retrieved from /home/airflow/.local/lib/python3.12/site-packages/airflow/example_dags/example_complex.py
[2026-06-14T21:42:00.684+0000] {logging_mixin.py:188} INFO - [2026-06-14T21:42:00.684+0000] {dag.py:3089} INFO - Sync 1 DAGs
[2026-06-14T21:42:00.711+0000] {logging_mixin.py:188} INFO - [2026-06-14T21:42:00.711+0000] {dag.py:3947} INFO - Setting next_dagrun for example_complex to None, run_after=None
[2026-06-14T21:42:00.745+0000] {processor.py:183} INFO - Processing /home/airflow/.local/lib/python3.12/site-packages/airflow/example_dags/example_complex.py took 0.179 seconds
[2026-06-14T21:42:31.005+0000] {processor.py:161} INFO - Started process (PID=370) to work on /home/airflow/.local/lib/python3.12/site-packages/airflow/example_dags/example_complex.py
[2026-06-14T21:42:31.008+0000] {processor.py:830} INFO - Processing file /home/airflow/.local/lib/python3.12/site-packages/airflow/example_dags/example_complex.py for tasks to queue
[2026-06-14T21:42:31.018+0000] {logging_mixin.py:188} INFO - [2026-06-14T21:42:31.018+0000] {dagbag.py:545} INFO - Filling up the DagBag from /home/airflow/.local/lib/python3.12/site-packages/airflow/example_dags/example_complex.py
[2026-06-14T21:42:31.050+0000] {processor.py:840} INFO - DAG(s) 'example_complex' retrieved from /home/airflow/.local/lib/python3.12/site-packages/airflow/example_dags/example_complex.py
[2026-06-14T21:42:31.145+0000] {logging_mixin.py:188} INFO - [2026-06-14T21:42:31.145+0000] {dag.py:3089} INFO - Sync 1 DAGs
[2026-06-14T21:42:31.185+0000] {logging_mixin.py:188} INFO - [2026-06-14T21:42:31.185+0000] {dag.py:3947} INFO - Setting next_dagrun for example_complex to None, run_after=None
[2026-06-14T21:42:31.244+0000] {processor.py:183} INFO - Processing /home/airflow/.local/lib/python3.12/site-packages/airflow/example_dags/example_complex.py took 0.258 seconds
[2026-06-14T21:43:01.422+0000] {processor.py:161} INFO - Started process (PID=429) to work on /home/airflow/.local/lib/python3.12/site-packages/airflow/example_dags/example_complex.py
[2026-06-14T21:43:01.424+0000] {processor.py:830} INFO - Processing file /home/airflow/.local/lib/python3.12/site-packages/airflow/example_dags/example_complex.py for tasks to queue
[2026-06-14T21:43:01.427+0000] {logging_mixin.py:188} INFO - [2026-06-14T21:43:01.427+0000] {dagbag.py:545} INFO - Filling up the DagBag from /home/airflow/.local/lib/python3.12/site-packages/airflow/example_dags/example_complex.py
[2026-06-14T21:43:01.447+0000] {processor.py:840} INFO - DAG(s) 'example_complex' retrieved from /home/airflow/.local/lib/python3.12/site-packages/airflow/example_dags/example_complex.py
[2026-06-14T21:43:01.496+0000] {logging_mixin.py:188} INFO - [2026-06-14T21:43:01.495+0000] {dag.py:3089} INFO - Sync 1 DAGs
[2026-06-14T21:43:01.522+0000] {logging_mixin.py:188} INFO - [2026-06-14T21:43:01.521+0000] {dag.py:3947} INFO - Setting next_dagrun for example_complex to None, run_after=None
[2026-06-14T21:43:01.561+0000] {processor.py:183} INFO - Processing /home/airflow/.local/lib/python3.12/site-packages/airflow/example_dags/example_complex.py took 0.150 seconds
[2026-06-14T21:43:31.781+0000] {processor.py:161} INFO - Started process (PID=489) to work on /home/airflow/.local/lib/python3.12/site-packages/airflow/example_dags/example_complex.py
[2026-06-14T21:43:31.782+0000] {processor.py:830} INFO - Processing file /home/airflow/.local/lib/python3.12/site-packages/airflow/example_dags/example_complex.py for tasks to queue
[2026-06-14T21:43:31.785+0000] {logging_mixin.py:188} INFO - [2026-06-14T21:43:31.785+0000] {dagbag.py:545} INFO - Filling up the DagBag from /home/airflow/.local/lib/python3.12/site-packages/airflow/example_dags/example_complex.py
[2026-06-14T21:43:31.798+0000] {processor.py:840} INFO - DAG(s) 'example_complex' retrieved from /home/airflow/.local/lib/python3.12/site-packages/airflow/example_dags/example_complex.py
[2026-06-14T21:43:31.841+0000] {logging_mixin.py:188} INFO - [2026-06-14T21:43:31.840+0000] {dag.py:3089} INFO - Sync 1 DAGs
[2026-06-14T21:43:31.856+0000] {logging_mixin.py:188} INFO - [2026-06-14T21:43:31.856+0000] {dag.py:3947} INFO - Setting next_dagrun for example_complex to None, run_after=None
[2026-06-14T21:43:31.882+0000] {processor.py:183} INFO - Processing /home/airflow/.local/lib/python3.12/site-packages/airflow/example_dags/example_complex.py took 0.109 seconds
[2026-06-14T21:44:01.958+0000] {processor.py:161} INFO - Started process (PID=548) to work on /home/airflow/.local/lib/python3.12/site-packages/airflow/example_dags/example_complex.py
[2026-06-14T21:44:01.959+0000] {processor.py:830} INFO - Processing file /home/airflow/.local/lib/python3.12/site-packages/airflow/example_dags/example_complex.py for tasks to queue
[2026-06-14T21:44:01.962+0000] {logging_mixin.py:188} INFO - [2026-06-14T21:44:01.961+0000] {dagbag.py:545} INFO - Filling up the DagBag from /home/airflow/.local/lib/python3.12/site-packages/airflow/example_dags/example_complex.py
[2026-06-14T21:44:01.972+0000] {processor.py:840} INFO - DAG(s) 'example_complex' retrieved from /home/airflow/.local/lib/python3.12/site-packages/airflow/example_dags/example_complex.py
[2026-06-14T21:44:02.008+0000] {logging_mixin.py:188} INFO - [2026-06-14T21:44:02.007+0000] {dag.py:3089} INFO - Sync 1 DAGs
[2026-06-14T21:44:02.022+0000] {logging_mixin.py:188} INFO - [2026-06-14T21:44:02.022+0000] {dag.py:3947} INFO - Setting next_dagrun for example_complex to None, run_after=None
[2026-06-14T21:44:02.046+0000] {processor.py:183} INFO - Processing /home/airflow/.local/lib/python3.12/site-packages/airflow/example_dags/example_complex.py took 0.095 seconds
[2026-06-14T21:44:32.152+0000] {processor.py:161} INFO - Started process (PID=607) to work on /home/airflow/.local/lib/python3.12/site-packages/airflow/example_dags/example_complex.py
[2026-06-14T21:44:32.153+0000] {processor.py:830} INFO - Processing file /home/airflow/.local/lib/python3.12/site-packages/airflow/example_dags/example_complex.py for tasks to queue
[2026-06-14T21:44:32.155+0000] {logging_mixin.py:188} INFO - [2026-06-14T21:44:32.155+0000] {dagbag.py:545} INFO - Filling up the DagBag from /home/airflow/.local/lib/python3.12/site-packages/airflow/example_dags/example_complex.py
[2026-06-14T21:44:32.165+0000] {processor.py:840} INFO - DAG(s) 'example_complex' retrieved from /home/airflow/.local/lib/python3.12/site-packages/airflow/example_dags/example_complex.py
[2026-06-14T21:44:32.202+0000] {logging_mixin.py:188} INFO - [2026-06-14T21:44:32.202+0000] {dag.py:3089} INFO - Sync 1 DAGs
[2026-06-14T21:44:32.216+0000] {logging_mixin.py:188} INFO - [2026-06-14T21:44:32.215+0000] {dag.py:3947} INFO - Setting next_dagrun for example_complex to None, run_after=None
[2026-06-14T21:44:32.238+0000] {processor.py:183} INFO - Processing /home/airflow/.local/lib/python3.12/site-packages/airflow/example_dags/example_complex.py took 0.092 seconds
[2026-06-14T21:45:02.677+0000] {processor.py:161} INFO - Started process (PID=665) to work on /home/airflow/.local/lib/python3.12/site-packages/airflow/example_dags/example_complex.py
[2026-06-14T21:45:02.679+0000] {processor.py:830} INFO - Processing file /home/airflow/.local/lib/python3.12/site-packages/airflow/example_dags/example_complex.py for tasks to queue
[2026-06-14T21:45:02.682+0000] {logging_mixin.py:188} INFO - [2026-06-14T21:45:02.681+0000] {dagbag.py:545} INFO - Filling up the DagBag from /home/airflow/.local/lib/python3.12/site-packages/airflow/example_dags/example_complex.py
[2026-06-14T21:45:02.701+0000] {processor.py:840} INFO - DAG(s) 'example_complex' retrieved from /home/airflow/.local/lib/python3.12/site-packages/airflow/example_dags/example_complex.py
[2026-06-14T21:45:02.759+0000] {logging_mixin.py:188} INFO - [2026-06-14T21:45:02.758+0000] {dag.py:3089} INFO - Sync 1 DAGs
[2026-06-14T21:45:02.776+0000] {logging_mixin.py:188} INFO - [2026-06-14T21:45:02.776+0000] {dag.py:3947} INFO - Setting next_dagrun for example_complex to None, run_after=None
[2026-06-14T21:45:02.833+0000] {processor.py:183} INFO - Processing /home/airflow/.local/lib/python3.12/site-packages/airflow/example_dags/example_complex.py took 0.165 seconds
[2026-06-14T21:45:33.169+0000] {processor.py:161} INFO - Started process (PID=724) to work on /home/airflow/.local/lib/python3.12/site-packages/airflow/example_dags/example_complex.py
[2026-06-14T21:45:33.171+0000] {processor.py:830} INFO - Processing file /home/airflow/.local/lib/python3.12/site-packages/airflow/example_dags/example_complex.py for tasks to queue
[2026-06-14T21:45:33.176+0000] {logging_mixin.py:188} INFO - [2026-06-14T21:45:33.175+0000] {dagbag.py:545} INFO - Filling up the DagBag from /home/airflow/.local/lib/python3.12/site-packages/airflow/example_dags/example_complex.py
[2026-06-14T21:45:33.201+0000] {processor.py:840} INFO - DAG(s) 'example_complex' retrieved from /home/airflow/.local/lib/python3.12/site-packages/airflow/example_dags/example_complex.py
[2026-06-14T21:45:33.294+0000] {logging_mixin.py:188} INFO - [2026-06-14T21:45:33.293+0000] {dag.py:3089} INFO - Sync 1 DAGs
[2026-06-14T21:45:33.324+0000] {logging_mixin.py:188} INFO - [2026-06-14T21:45:33.324+0000] {dag.py:3947} INFO - Setting next_dagrun for example_complex to None, run_after=None
[2026-06-14T21:45:33.367+0000] {processor.py:183} INFO - Processing /home/airflow/.local/lib/python3.12/site-packages/airflow/example_dags/example_complex.py took 0.212 seconds
[2026-06-14T21:46:04.031+0000] {processor.py:161} INFO - Started process (PID=783) to work on /home/airflow/.local/lib/python3.12/site-packages/airflow/example_dags/example_complex.py
[2026-06-14T21:46:04.033+0000] {processor.py:830} INFO - Processing file /home/airflow/.local/lib/python3.12/site-packages/airflow/example_dags/example_complex.py for tasks to queue
[2026-06-14T21:46:04.036+0000] {logging_mixin.py:188} INFO - [2026-06-14T21:46:04.035+0000] {dagbag.py:545} INFO - Filling up the DagBag from /home/airflow/.local/lib/python3.12/site-packages/airflow/example_dags/example_complex.py
[2026-06-14T21:46:04.053+0000] {processor.py:840} INFO - DAG(s) 'example_complex' retrieved from /home/airflow/.local/lib/python3.12/site-packages/airflow/example_dags/example_complex.py
[2026-06-14T21:46:04.099+0000] {logging_mixin.py:188} INFO - [2026-06-14T21:46:04.099+0000] {dag.py:3089} INFO - Sync 1 DAGs
[2026-06-14T21:46:04.118+0000] {logging_mixin.py:188} INFO - [2026-06-14T21:46:04.118+0000] {dag.py:3947} INFO - Setting next_dagrun for example_complex to None, run_after=None
[2026-06-14T21:46:04.158+0000] {processor.py:183} INFO - Processing /home/airflow/.local/lib/python3.12/site-packages/airflow/example_dags/example_complex.py took 0.139 seconds
[2026-06-14T21:46:34.558+0000] {processor.py:161} INFO - Started process (PID=842) to work on /home/airflow/.local/lib/python3.12/site-packages/airflow/example_dags/example_complex.py
[2026-06-14T21:46:34.560+0000] {processor.py:830} INFO - Processing file /home/airflow/.local/lib/python3.12/site-packages/airflow/example_dags/example_complex.py for tasks to queue
[2026-06-14T21:46:34.565+0000] {logging_mixin.py:188} INFO - [2026-06-14T21:46:34.564+0000] {dagbag.py:545} INFO - Filling up the DagBag from /home/airflow/.local/lib/python3.12/site-packages/airflow/example_dags/example_complex.py
[2026-06-14T21:46:34.580+0000] {processor.py:840} INFO - DAG(s) 'example_complex' retrieved from /home/airflow/.local/lib/python3.12/site-packages/airflow/example_dags/example_complex.py
[2026-06-14T21:46:34.637+0000] {logging_mixin.py:188} INFO - [2026-06-14T21:46:34.636+0000] {dag.py:3089} INFO - Sync 1 DAGs
[2026-06-14T21:46:34.666+0000] {logging_mixin.py:188} INFO - [2026-06-14T21:46:34.665+0000] {dag.py:3947} INFO - Setting next_dagrun for example_complex to None, run_after=None
[2026-06-14T21:46:34.745+0000] {processor.py:183} INFO - Processing /home/airflow/.local/lib/python3.12/site-packages/airflow/example_dags/example_complex.py took 0.197 seconds
[2026-06-14T21:47:05.289+0000] {processor.py:161} INFO - Started process (PID=901) to work on /home/airflow/.local/lib/python3.12/site-packages/airflow/example_dags/example_complex.py
[2026-06-14T21:47:05.290+0000] {processor.py:830} INFO - Processing file /home/airflow/.local/lib/python3.12/site-packages/airflow/example_dags/example_complex.py for tasks to queue
[2026-06-14T21:47:05.293+0000] {logging_mixin.py:188} INFO - [2026-06-14T21:47:05.293+0000] {dagbag.py:545} INFO - Filling up the DagBag from /home/airflow/.local/lib/python3.12/site-packages/airflow/example_dags/example_complex.py
[2026-06-14T21:47:05.309+0000] {processor.py:840} INFO - DAG(s) 'example_complex' retrieved from /home/airflow/.local/lib/python3.12/site-packages/airflow/example_dags/example_complex.py
[2026-06-14T21:47:05.349+0000] {logging_mixin.py:188} INFO - [2026-06-14T21:47:05.348+0000] {dag.py:3089} INFO - Sync 1 DAGs
[2026-06-14T21:47:05.366+0000] {logging_mixin.py:188} INFO - [2026-06-14T21:47:05.366+0000] {dag.py:3947} INFO - Setting next_dagrun for example_complex to None, run_after=None
[2026-06-14T21:47:05.393+0000] {processor.py:183} INFO - Processing /home/airflow/.local/lib/python3.12/site-packages/airflow/example_dags/example_complex.py took 0.112 seconds
[2026-06-14T21:47:35.795+0000] {processor.py:161} INFO - Started process (PID=960) to work on /home/airflow/.local/lib/python3.12/site-packages/airflow/example_dags/example_complex.py
[2026-06-14T21:47:35.797+0000] {processor.py:830} INFO - Processing file /home/airflow/.local/lib/python3.12/site-packages/airflow/example_dags/example_complex.py for tasks to queue
[2026-06-14T21:47:35.799+0000] {logging_mixin.py:188} INFO - [2026-06-14T21:47:35.799+0000] {dagbag.py:545} INFO - Filling up the DagBag from /home/airflow/.local/lib/python3.12/site-packages/airflow/example_dags/example_complex.py
[2026-06-14T21:47:35.815+0000] {processor.py:840} INFO - DAG(s) 'example_complex' retrieved from /home/airflow/.local/lib/python3.12/site-packages/airflow/example_dags/example_complex.py
[2026-06-14T21:47:35.856+0000] {logging_mixin.py:188} INFO - [2026-06-14T21:47:35.855+0000] {dag.py:3089} INFO - Sync 1 DAGs
[2026-06-14T21:47:35.877+0000] {logging_mixin.py:188} INFO - [2026-06-14T21:47:35.876+0000] {dag.py:3947} INFO - Setting next_dagrun for example_complex to None, run_after=None
[2026-06-14T21:47:35.938+0000] {processor.py:183} INFO - Processing /home/airflow/.local/lib/python3.12/site-packages/airflow/example_dags/example_complex.py took 0.151 seconds
[2026-06-14T21:48:06.295+0000] {processor.py:161} INFO - Started process (PID=1018) to work on /home/airflow/.local/lib/python3.12/site-packages/airflow/example_dags/example_complex.py
[2026-06-14T21:48:06.296+0000] {processor.py:830} INFO - Processing file /home/airflow/.local/lib/python3.12/site-packages/airflow/example_dags/example_complex.py for tasks to queue
[2026-06-14T21:48:06.298+0000] {logging_mixin.py:188} INFO - [2026-06-14T21:48:06.298+0000] {dagbag.py:545} INFO - Filling up the DagBag from /home/airflow/.local/lib/python3.12/site-packages/airflow/example_dags/example_complex.py
[2026-06-14T21:48:06.310+0000] {processor.py:840} INFO - DAG(s) 'example_complex' retrieved from /home/airflow/.local/lib/python3.12/site-packages/airflow/example_dags/example_complex.py
[2026-06-14T21:48:06.342+0000] {logging_mixin.py:188} INFO - [2026-06-14T21:48:06.342+0000] {dag.py:3089} INFO - Sync 1 DAGs
[2026-06-14T21:48:06.361+0000] {logging_mixin.py:188} INFO - [2026-06-14T21:48:06.361+0000] {dag.py:3947} INFO - Setting next_dagrun for example_complex to None, run_after=None
[2026-06-14T21:48:06.426+0000] {processor.py:183} INFO - Processing /home/airflow/.local/lib/python3.12/site-packages/airflow/example_dags/example_complex.py took 0.143 seconds
[2026-06-14T21:48:36.907+0000] {processor.py:161} INFO - Started process (PID=1077) to work on /home/airflow/.local/lib/python3.12/site-packages/airflow/example_dags/example_complex.py
[2026-06-14T21:48:36.908+0000] {processor.py:830} INFO - Processing file /home/airflow/.local/lib/python3.12/site-packages/airflow/example_dags/example_complex.py for tasks to queue
[2026-06-14T21:48:36.911+0000] {logging_mixin.py:188} INFO - [2026-06-14T21:48:36.910+0000] {dagbag.py:545} INFO - Filling up the DagBag from /home/airflow/.local/lib/python3.12/site-packages/airflow/example_dags/example_complex.py
[2026-06-14T21:48:36.924+0000] {processor.py:840} INFO - DAG(s) 'example_complex' retrieved from /home/airflow/.local/lib/python3.12/site-packages/airflow/example_dags/example_complex.py
[2026-06-14T21:48:36.962+0000] {logging_mixin.py:188} INFO - [2026-06-14T21:48:36.962+0000] {dag.py:3089} INFO - Sync 1 DAGs
[2026-06-14T21:48:36.978+0000] {logging_mixin.py:188} INFO - [2026-06-14T21:48:36.978+0000] {dag.py:3947} INFO - Setting next_dagrun for example_complex to None, run_after=None
[2026-06-14T21:48:37.002+0000] {processor.py:183} INFO - Processing /home/airflow/.local/lib/python3.12/site-packages/airflow/example_dags/example_complex.py took 0.104 seconds
[2026-06-14T21:49:07.271+0000] {processor.py:161} INFO - Started process (PID=1135) to work on /home/airflow/.local/lib/python3.12/site-packages/airflow/example_dags/example_complex.py
[2026-06-14T21:49:07.273+0000] {processor.py:830} INFO - Processing file /home/airflow/.local/lib/python3.12/site-packages/airflow/example_dags/example_complex.py for tasks to queue
[2026-06-14T21:49:07.275+0000] {logging_mixin.py:188} INFO - [2026-06-14T21:49:07.275+0000] {dagbag.py:545} INFO - Filling up the DagBag from /home/airflow/.local/lib/python3.12/site-packages/airflow/example_dags/example_complex.py
[2026-06-14T21:49:07.291+0000] {processor.py:840} INFO - DAG(s) 'example_complex' retrieved from /home/airflow/.local/lib/python3.12/site-packages/airflow/example_dags/example_complex.py
[2026-06-14T21:49:07.336+0000] {logging_mixin.py:188} INFO - [2026-06-14T21:49:07.336+0000] {dag.py:3089} INFO - Sync 1 DAGs
[2026-06-14T21:49:07.351+0000] {logging_mixin.py:188} INFO - [2026-06-14T21:49:07.351+0000] {dag.py:3947} INFO - Setting next_dagrun for example_complex to None, run_after=None
[2026-06-14T21:49:07.376+0000] {processor.py:183} INFO - Processing /home/airflow/.local/lib/python3.12/site-packages/airflow/example_dags/example_complex.py took 0.116 seconds
[2026-06-14T21:49:37.547+0000] {processor.py:161} INFO - Started process (PID=1194) to work on /home/airflow/.local/lib/python3.12/site-packages/airflow/example_dags/example_complex.py
[2026-06-14T21:49:37.549+0000] {processor.py:830} INFO - Processing file /home/airflow/.local/lib/python3.12/site-packages/airflow/example_dags/example_complex.py for tasks to queue
[2026-06-14T21:49:37.552+0000] {logging_mixin.py:188} INFO - [2026-06-14T21:49:37.551+0000] {dagbag.py:545} INFO - Filling up the DagBag from /home/airflow/.local/lib/python3.12/site-packages/airflow/example_dags/example_complex.py
[2026-06-14T21:49:37.569+0000] {processor.py:840} INFO - DAG(s) 'example_complex' retrieved from /home/airflow/.local/lib/python3.12/site-packages/airflow/example_dags/example_complex.py
[2026-06-14T21:49:37.607+0000] {logging_mixin.py:188} INFO - [2026-06-14T21:49:37.607+0000] {dag.py:3089} INFO - Sync 1 DAGs
[2026-06-14T21:49:37.623+0000] {logging_mixin.py:188} INFO - [2026-06-14T21:49:37.622+0000] {dag.py:3947} INFO - Setting next_dagrun for example_complex to None, run_after=None
[2026-06-14T21:49:37.652+0000] {processor.py:183} INFO - Processing /home/airflow/.local/lib/python3.12/site-packages/airflow/example_dags/example_complex.py took 0.114 seconds
