[2026-06-14T21:26:33.623+0000] {processor.py:161} INFO - Started process (PID=92) to work on /home/airflow/.local/lib/python3.12/site-packages/airflow/example_dags/example_dynamic_task_mapping_with_no_taskflow_operators.py
[2026-06-14T21:26:33.625+0000] {processor.py:830} INFO - Processing file /home/airflow/.local/lib/python3.12/site-packages/airflow/example_dags/example_dynamic_task_mapping_with_no_taskflow_operators.py for tasks to queue
[2026-06-14T21:26:33.628+0000] {logging_mixin.py:188} INFO - [2026-06-14T21:26:33.628+0000] {dagbag.py:545} INFO - Filling up the DagBag from /home/airflow/.local/lib/python3.12/site-packages/airflow/example_dags/example_dynamic_task_mapping_with_no_taskflow_operators.py
[2026-06-14T21:26:33.642+0000] {processor.py:840} INFO - DAG(s) 'example_dynamic_task_mapping_with_no_taskflow_operators' retrieved from /home/airflow/.local/lib/python3.12/site-packages/airflow/example_dags/example_dynamic_task_mapping_with_no_taskflow_operators.py
[2026-06-14T21:26:33.845+0000] {logging_mixin.py:188} INFO - [2026-06-14T21:26:33.844+0000] {override.py:1858} INFO - Created Permission View: can delete on DAG:example_dynamic_task_mapping_with_no_taskflow_operators
[2026-06-14T21:26:33.864+0000] {logging_mixin.py:188} INFO - [2026-06-14T21:26:33.863+0000] {override.py:1858} INFO - Created Permission View: can edit on DAG:example_dynamic_task_mapping_with_no_taskflow_operators
[2026-06-14T21:26:33.874+0000] {logging_mixin.py:188} INFO - [2026-06-14T21:26:33.873+0000] {override.py:1858} INFO - Created Permission View: can read on DAG:example_dynamic_task_mapping_with_no_taskflow_operators
[2026-06-14T21:26:33.876+0000] {logging_mixin.py:188} INFO - [2026-06-14T21:26:33.875+0000] {dag.py:3089} INFO - Sync 1 DAGs
[2026-06-14T21:26:33.896+0000] {logging_mixin.py:188} INFO - [2026-06-14T21:26:33.896+0000] {dag.py:3111} INFO - Creating ORM DAG for example_dynamic_task_mapping_with_no_taskflow_operators
[2026-06-14T21:26:33.914+0000] {logging_mixin.py:188} INFO - [2026-06-14T21:26:33.914+0000] {dag.py:3947} INFO - Setting next_dagrun for example_dynamic_task_mapping_with_no_taskflow_operators to 2026-06-13 00:00:00+00:00, run_after=2026-06-14 00:00:00+00:00
[2026-06-14T21:26:33.942+0000] {processor.py:183} INFO - Processing /home/airflow/.local/lib/python3.12/site-packages/airflow/example_dags/example_dynamic_task_mapping_with_no_taskflow_operators.py took 0.330 seconds
[2026-06-14T21:27:04.914+0000] {processor.py:161} INFO - Started process (PID=151) to work on /home/airflow/.local/lib/python3.12/site-packages/airflow/example_dags/example_dynamic_task_mapping_with_no_taskflow_operators.py
[2026-06-14T21:27:04.915+0000] {processor.py:830} INFO - Processing file /home/airflow/.local/lib/python3.12/site-packages/airflow/example_dags/example_dynamic_task_mapping_with_no_taskflow_operators.py for tasks to queue
[2026-06-14T21:27:04.918+0000] {logging_mixin.py:188} INFO - [2026-06-14T21:27:04.918+0000] {dagbag.py:545} INFO - Filling up the DagBag from /home/airflow/.local/lib/python3.12/site-packages/airflow/example_dags/example_dynamic_task_mapping_with_no_taskflow_operators.py
[2026-06-14T21:27:04.930+0000] {processor.py:840} INFO - DAG(s) 'example_dynamic_task_mapping_with_no_taskflow_operators' retrieved from /home/airflow/.local/lib/python3.12/site-packages/airflow/example_dags/example_dynamic_task_mapping_with_no_taskflow_operators.py
[2026-06-14T21:27:04.961+0000] {logging_mixin.py:188} INFO - [2026-06-14T21:27:04.960+0000] {dag.py:3089} INFO - Sync 1 DAGs
[2026-06-14T21:27:04.992+0000] {logging_mixin.py:188} INFO - [2026-06-14T21:27:04.992+0000] {dag.py:3947} INFO - Setting next_dagrun for example_dynamic_task_mapping_with_no_taskflow_operators to 2026-06-13 00:00:00+00:00, run_after=2026-06-14 00:00:00+00:00
[2026-06-14T21:27:05.016+0000] {processor.py:183} INFO - Processing /home/airflow/.local/lib/python3.12/site-packages/airflow/example_dags/example_dynamic_task_mapping_with_no_taskflow_operators.py took 0.110 seconds
[2026-06-14T21:27:35.187+0000] {processor.py:161} INFO - Started process (PID=210) to work on /home/airflow/.local/lib/python3.12/site-packages/airflow/example_dags/example_dynamic_task_mapping_with_no_taskflow_operators.py
[2026-06-14T21:27:35.188+0000] {processor.py:830} INFO - Processing file /home/airflow/.local/lib/python3.12/site-packages/airflow/example_dags/example_dynamic_task_mapping_with_no_taskflow_operators.py for tasks to queue
[2026-06-14T21:27:35.191+0000] {logging_mixin.py:188} INFO - [2026-06-14T21:27:35.190+0000] {dagbag.py:545} INFO - Filling up the DagBag from /home/airflow/.local/lib/python3.12/site-packages/airflow/example_dags/example_dynamic_task_mapping_with_no_taskflow_operators.py
[2026-06-14T21:27:35.200+0000] {processor.py:840} INFO - DAG(s) 'example_dynamic_task_mapping_with_no_taskflow_operators' retrieved from /home/airflow/.local/lib/python3.12/site-packages/airflow/example_dags/example_dynamic_task_mapping_with_no_taskflow_operators.py
[2026-06-14T21:27:35.230+0000] {logging_mixin.py:188} INFO - [2026-06-14T21:27:35.230+0000] {dag.py:3089} INFO - Sync 1 DAGs
[2026-06-14T21:27:35.268+0000] {logging_mixin.py:188} INFO - [2026-06-14T21:27:35.268+0000] {dag.py:3947} INFO - Setting next_dagrun for example_dynamic_task_mapping_with_no_taskflow_operators to 2026-06-13 00:00:00+00:00, run_after=2026-06-14 00:00:00+00:00
[2026-06-14T21:27:35.294+0000] {processor.py:183} INFO - Processing /home/airflow/.local/lib/python3.12/site-packages/airflow/example_dags/example_dynamic_task_mapping_with_no_taskflow_operators.py took 0.113 seconds
[2026-06-14T21:28:06.214+0000] {processor.py:161} INFO - Started process (PID=269) to work on /home/airflow/.local/lib/python3.12/site-packages/airflow/example_dags/example_dynamic_task_mapping_with_no_taskflow_operators.py
[2026-06-14T21:28:06.216+0000] {processor.py:830} INFO - Processing file /home/airflow/.local/lib/python3.12/site-packages/airflow/example_dags/example_dynamic_task_mapping_with_no_taskflow_operators.py for tasks to queue
[2026-06-14T21:28:06.219+0000] {logging_mixin.py:188} INFO - [2026-06-14T21:28:06.218+0000] {dagbag.py:545} INFO - Filling up the DagBag from /home/airflow/.local/lib/python3.12/site-packages/airflow/example_dags/example_dynamic_task_mapping_with_no_taskflow_operators.py
[2026-06-14T21:28:06.229+0000] {processor.py:840} INFO - DAG(s) 'example_dynamic_task_mapping_with_no_taskflow_operators' retrieved from /home/airflow/.local/lib/python3.12/site-packages/airflow/example_dags/example_dynamic_task_mapping_with_no_taskflow_operators.py
[2026-06-14T21:28:06.257+0000] {logging_mixin.py:188} INFO - [2026-06-14T21:28:06.257+0000] {dag.py:3089} INFO - Sync 1 DAGs
[2026-06-14T21:28:06.286+0000] {logging_mixin.py:188} INFO - [2026-06-14T21:28:06.286+0000] {dag.py:3947} INFO - Setting next_dagrun for example_dynamic_task_mapping_with_no_taskflow_operators to 2026-06-13 00:00:00+00:00, run_after=2026-06-14 00:00:00+00:00
[2026-06-14T21:28:06.351+0000] {processor.py:183} INFO - Processing /home/airflow/.local/lib/python3.12/site-packages/airflow/example_dags/example_dynamic_task_mapping_with_no_taskflow_operators.py took 0.148 seconds
[2026-06-14T21:28:36.569+0000] {processor.py:161} INFO - Started process (PID=328) to work on /home/airflow/.local/lib/python3.12/site-packages/airflow/example_dags/example_dynamic_task_mapping_with_no_taskflow_operators.py
[2026-06-14T21:28:36.571+0000] {processor.py:830} INFO - Processing file /home/airflow/.local/lib/python3.12/site-packages/airflow/example_dags/example_dynamic_task_mapping_with_no_taskflow_operators.py for tasks to queue
[2026-06-14T21:28:36.574+0000] {logging_mixin.py:188} INFO - [2026-06-14T21:28:36.573+0000] {dagbag.py:545} INFO - Filling up the DagBag from /home/airflow/.local/lib/python3.12/site-packages/airflow/example_dags/example_dynamic_task_mapping_with_no_taskflow_operators.py
[2026-06-14T21:28:36.582+0000] {processor.py:840} INFO - DAG(s) 'example_dynamic_task_mapping_with_no_taskflow_operators' retrieved from /home/airflow/.local/lib/python3.12/site-packages/airflow/example_dags/example_dynamic_task_mapping_with_no_taskflow_operators.py
[2026-06-14T21:28:36.611+0000] {logging_mixin.py:188} INFO - [2026-06-14T21:28:36.611+0000] {dag.py:3089} INFO - Sync 1 DAGs
[2026-06-14T21:28:36.685+0000] {logging_mixin.py:188} INFO - [2026-06-14T21:28:36.684+0000] {dag.py:3947} INFO - Setting next_dagrun for example_dynamic_task_mapping_with_no_taskflow_operators to 2026-06-13 00:00:00+00:00, run_after=2026-06-14 00:00:00+00:00
[2026-06-14T21:28:36.723+0000] {processor.py:183} INFO - Processing /home/airflow/.local/lib/python3.12/site-packages/airflow/example_dags/example_dynamic_task_mapping_with_no_taskflow_operators.py took 0.163 seconds
[2026-06-14T21:29:07.494+0000] {processor.py:161} INFO - Started process (PID=387) to work on /home/airflow/.local/lib/python3.12/site-packages/airflow/example_dags/example_dynamic_task_mapping_with_no_taskflow_operators.py
[2026-06-14T21:29:07.495+0000] {processor.py:830} INFO - Processing file /home/airflow/.local/lib/python3.12/site-packages/airflow/example_dags/example_dynamic_task_mapping_with_no_taskflow_operators.py for tasks to queue
[2026-06-14T21:29:07.499+0000] {logging_mixin.py:188} INFO - [2026-06-14T21:29:07.499+0000] {dagbag.py:545} INFO - Filling up the DagBag from /home/airflow/.local/lib/python3.12/site-packages/airflow/example_dags/example_dynamic_task_mapping_with_no_taskflow_operators.py
[2026-06-14T21:29:07.517+0000] {processor.py:840} INFO - DAG(s) 'example_dynamic_task_mapping_with_no_taskflow_operators' retrieved from /home/airflow/.local/lib/python3.12/site-packages/airflow/example_dags/example_dynamic_task_mapping_with_no_taskflow_operators.py
[2026-06-14T21:29:07.560+0000] {logging_mixin.py:188} INFO - [2026-06-14T21:29:07.559+0000] {dag.py:3089} INFO - Sync 1 DAGs
[2026-06-14T21:29:07.596+0000] {logging_mixin.py:188} INFO - [2026-06-14T21:29:07.595+0000] {dag.py:3947} INFO - Setting next_dagrun for example_dynamic_task_mapping_with_no_taskflow_operators to 2026-06-13 00:00:00+00:00, run_after=2026-06-14 00:00:00+00:00
[2026-06-14T21:29:07.629+0000] {processor.py:183} INFO - Processing /home/airflow/.local/lib/python3.12/site-packages/airflow/example_dags/example_dynamic_task_mapping_with_no_taskflow_operators.py took 0.147 seconds
[2026-06-14T21:29:37.775+0000] {processor.py:161} INFO - Started process (PID=446) to work on /home/airflow/.local/lib/python3.12/site-packages/airflow/example_dags/example_dynamic_task_mapping_with_no_taskflow_operators.py
[2026-06-14T21:29:37.777+0000] {processor.py:830} INFO - Processing file /home/airflow/.local/lib/python3.12/site-packages/airflow/example_dags/example_dynamic_task_mapping_with_no_taskflow_operators.py for tasks to queue
[2026-06-14T21:29:37.782+0000] {logging_mixin.py:188} INFO - [2026-06-14T21:29:37.781+0000] {dagbag.py:545} INFO - Filling up the DagBag from /home/airflow/.local/lib/python3.12/site-packages/airflow/example_dags/example_dynamic_task_mapping_with_no_taskflow_operators.py
[2026-06-14T21:29:37.792+0000] {processor.py:840} INFO - DAG(s) 'example_dynamic_task_mapping_with_no_taskflow_operators' retrieved from /home/airflow/.local/lib/python3.12/site-packages/airflow/example_dags/example_dynamic_task_mapping_with_no_taskflow_operators.py
[2026-06-14T21:29:37.820+0000] {logging_mixin.py:188} INFO - [2026-06-14T21:29:37.820+0000] {dag.py:3089} INFO - Sync 1 DAGs
[2026-06-14T21:29:37.852+0000] {logging_mixin.py:188} INFO - [2026-06-14T21:29:37.851+0000] {dag.py:3947} INFO - Setting next_dagrun for example_dynamic_task_mapping_with_no_taskflow_operators to 2026-06-13 00:00:00+00:00, run_after=2026-06-14 00:00:00+00:00
[2026-06-14T21:29:37.921+0000] {processor.py:183} INFO - Processing /home/airflow/.local/lib/python3.12/site-packages/airflow/example_dags/example_dynamic_task_mapping_with_no_taskflow_operators.py took 0.153 seconds
[2026-06-14T21:30:08.417+0000] {processor.py:161} INFO - Started process (PID=504) to work on /home/airflow/.local/lib/python3.12/site-packages/airflow/example_dags/example_dynamic_task_mapping_with_no_taskflow_operators.py
[2026-06-14T21:30:08.419+0000] {processor.py:830} INFO - Processing file /home/airflow/.local/lib/python3.12/site-packages/airflow/example_dags/example_dynamic_task_mapping_with_no_taskflow_operators.py for tasks to queue
[2026-06-14T21:30:08.421+0000] {logging_mixin.py:188} INFO - [2026-06-14T21:30:08.420+0000] {dagbag.py:545} INFO - Filling up the DagBag from /home/airflow/.local/lib/python3.12/site-packages/airflow/example_dags/example_dynamic_task_mapping_with_no_taskflow_operators.py
[2026-06-14T21:30:08.433+0000] {processor.py:840} INFO - DAG(s) 'example_dynamic_task_mapping_with_no_taskflow_operators' retrieved from /home/airflow/.local/lib/python3.12/site-packages/airflow/example_dags/example_dynamic_task_mapping_with_no_taskflow_operators.py
[2026-06-14T21:30:08.458+0000] {logging_mixin.py:188} INFO - [2026-06-14T21:30:08.458+0000] {dag.py:3089} INFO - Sync 1 DAGs
[2026-06-14T21:30:08.492+0000] {logging_mixin.py:188} INFO - [2026-06-14T21:30:08.491+0000] {dag.py:3947} INFO - Setting next_dagrun for example_dynamic_task_mapping_with_no_taskflow_operators to 2026-06-13 00:00:00+00:00, run_after=2026-06-14 00:00:00+00:00
[2026-06-14T21:30:08.522+0000] {processor.py:183} INFO - Processing /home/airflow/.local/lib/python3.12/site-packages/airflow/example_dags/example_dynamic_task_mapping_with_no_taskflow_operators.py took 0.120 seconds
[2026-06-14T21:30:39.138+0000] {processor.py:161} INFO - Started process (PID=562) to work on /home/airflow/.local/lib/python3.12/site-packages/airflow/example_dags/example_dynamic_task_mapping_with_no_taskflow_operators.py
[2026-06-14T21:30:39.140+0000] {processor.py:830} INFO - Processing file /home/airflow/.local/lib/python3.12/site-packages/airflow/example_dags/example_dynamic_task_mapping_with_no_taskflow_operators.py for tasks to queue
[2026-06-14T21:30:39.142+0000] {logging_mixin.py:188} INFO - [2026-06-14T21:30:39.141+0000] {dagbag.py:545} INFO - Filling up the DagBag from /home/airflow/.local/lib/python3.12/site-packages/airflow/example_dags/example_dynamic_task_mapping_with_no_taskflow_operators.py
[2026-06-14T21:30:39.153+0000] {processor.py:840} INFO - DAG(s) 'example_dynamic_task_mapping_with_no_taskflow_operators' retrieved from /home/airflow/.local/lib/python3.12/site-packages/airflow/example_dags/example_dynamic_task_mapping_with_no_taskflow_operators.py
[2026-06-14T21:30:39.183+0000] {logging_mixin.py:188} INFO - [2026-06-14T21:30:39.182+0000] {dag.py:3089} INFO - Sync 1 DAGs
[2026-06-14T21:30:39.208+0000] {logging_mixin.py:188} INFO - [2026-06-14T21:30:39.207+0000] {dag.py:3947} INFO - Setting next_dagrun for example_dynamic_task_mapping_with_no_taskflow_operators to 2026-06-13 00:00:00+00:00, run_after=2026-06-14 00:00:00+00:00
[2026-06-14T21:30:39.238+0000] {processor.py:183} INFO - Processing /home/airflow/.local/lib/python3.12/site-packages/airflow/example_dags/example_dynamic_task_mapping_with_no_taskflow_operators.py took 0.107 seconds
[2026-06-14T21:31:09.343+0000] {processor.py:161} INFO - Started process (PID=621) to work on /home/airflow/.local/lib/python3.12/site-packages/airflow/example_dags/example_dynamic_task_mapping_with_no_taskflow_operators.py
[2026-06-14T21:31:09.345+0000] {processor.py:830} INFO - Processing file /home/airflow/.local/lib/python3.12/site-packages/airflow/example_dags/example_dynamic_task_mapping_with_no_taskflow_operators.py for tasks to queue
[2026-06-14T21:31:09.347+0000] {logging_mixin.py:188} INFO - [2026-06-14T21:31:09.347+0000] {dagbag.py:545} INFO - Filling up the DagBag from /home/airflow/.local/lib/python3.12/site-packages/airflow/example_dags/example_dynamic_task_mapping_with_no_taskflow_operators.py
[2026-06-14T21:31:09.362+0000] {processor.py:840} INFO - DAG(s) 'example_dynamic_task_mapping_with_no_taskflow_operators' retrieved from /home/airflow/.local/lib/python3.12/site-packages/airflow/example_dags/example_dynamic_task_mapping_with_no_taskflow_operators.py
[2026-06-14T21:31:09.404+0000] {logging_mixin.py:188} INFO - [2026-06-14T21:31:09.404+0000] {dag.py:3089} INFO - Sync 1 DAGs
[2026-06-14T21:31:09.443+0000] {logging_mixin.py:188} INFO - [2026-06-14T21:31:09.443+0000] {dag.py:3947} INFO - Setting next_dagrun for example_dynamic_task_mapping_with_no_taskflow_operators to 2026-06-13 00:00:00+00:00, run_after=2026-06-14 00:00:00+00:00
[2026-06-14T21:31:09.473+0000] {processor.py:183} INFO - Processing /home/airflow/.local/lib/python3.12/site-packages/airflow/example_dags/example_dynamic_task_mapping_with_no_taskflow_operators.py took 0.142 seconds
[2026-06-14T21:31:40.135+0000] {processor.py:161} INFO - Started process (PID=679) to work on /home/airflow/.local/lib/python3.12/site-packages/airflow/example_dags/example_dynamic_task_mapping_with_no_taskflow_operators.py
[2026-06-14T21:31:40.137+0000] {processor.py:830} INFO - Processing file /home/airflow/.local/lib/python3.12/site-packages/airflow/example_dags/example_dynamic_task_mapping_with_no_taskflow_operators.py for tasks to queue
[2026-06-14T21:31:40.139+0000] {logging_mixin.py:188} INFO - [2026-06-14T21:31:40.138+0000] {dagbag.py:545} INFO - Filling up the DagBag from /home/airflow/.local/lib/python3.12/site-packages/airflow/example_dags/example_dynamic_task_mapping_with_no_taskflow_operators.py
[2026-06-14T21:31:40.154+0000] {processor.py:840} INFO - DAG(s) 'example_dynamic_task_mapping_with_no_taskflow_operators' retrieved from /home/airflow/.local/lib/python3.12/site-packages/airflow/example_dags/example_dynamic_task_mapping_with_no_taskflow_operators.py
[2026-06-14T21:31:40.186+0000] {logging_mixin.py:188} INFO - [2026-06-14T21:31:40.185+0000] {dag.py:3089} INFO - Sync 1 DAGs
[2026-06-14T21:31:40.225+0000] {logging_mixin.py:188} INFO - [2026-06-14T21:31:40.224+0000] {dag.py:3947} INFO - Setting next_dagrun for example_dynamic_task_mapping_with_no_taskflow_operators to 2026-06-13 00:00:00+00:00, run_after=2026-06-14 00:00:00+00:00
[2026-06-14T21:31:40.254+0000] {processor.py:183} INFO - Processing /home/airflow/.local/lib/python3.12/site-packages/airflow/example_dags/example_dynamic_task_mapping_with_no_taskflow_operators.py took 0.132 seconds
[2026-06-14T21:32:10.965+0000] {processor.py:161} INFO - Started process (PID=736) to work on /home/airflow/.local/lib/python3.12/site-packages/airflow/example_dags/example_dynamic_task_mapping_with_no_taskflow_operators.py
[2026-06-14T21:32:10.967+0000] {processor.py:830} INFO - Processing file /home/airflow/.local/lib/python3.12/site-packages/airflow/example_dags/example_dynamic_task_mapping_with_no_taskflow_operators.py for tasks to queue
[2026-06-14T21:32:10.969+0000] {logging_mixin.py:188} INFO - [2026-06-14T21:32:10.968+0000] {dagbag.py:545} INFO - Filling up the DagBag from /home/airflow/.local/lib/python3.12/site-packages/airflow/example_dags/example_dynamic_task_mapping_with_no_taskflow_operators.py
[2026-06-14T21:32:10.981+0000] {processor.py:840} INFO - DAG(s) 'example_dynamic_task_mapping_with_no_taskflow_operators' retrieved from /home/airflow/.local/lib/python3.12/site-packages/airflow/example_dags/example_dynamic_task_mapping_with_no_taskflow_operators.py
[2026-06-14T21:32:11.018+0000] {logging_mixin.py:188} INFO - [2026-06-14T21:32:11.017+0000] {dag.py:3089} INFO - Sync 1 DAGs
[2026-06-14T21:32:11.070+0000] {logging_mixin.py:188} INFO - [2026-06-14T21:32:11.070+0000] {dag.py:3947} INFO - Setting next_dagrun for example_dynamic_task_mapping_with_no_taskflow_operators to 2026-06-13 00:00:00+00:00, run_after=2026-06-14 00:00:00+00:00
[2026-06-14T21:32:11.116+0000] {processor.py:183} INFO - Processing /home/airflow/.local/lib/python3.12/site-packages/airflow/example_dags/example_dynamic_task_mapping_with_no_taskflow_operators.py took 0.161 seconds
[2026-06-14T21:40:02.103+0000] {processor.py:161} INFO - Started process (PID=93) to work on /home/airflow/.local/lib/python3.12/site-packages/airflow/example_dags/example_dynamic_task_mapping_with_no_taskflow_operators.py
[2026-06-14T21:40:02.104+0000] {processor.py:830} INFO - Processing file /home/airflow/.local/lib/python3.12/site-packages/airflow/example_dags/example_dynamic_task_mapping_with_no_taskflow_operators.py for tasks to queue
[2026-06-14T21:40:02.107+0000] {logging_mixin.py:188} INFO - [2026-06-14T21:40:02.106+0000] {dagbag.py:545} INFO - Filling up the DagBag from /home/airflow/.local/lib/python3.12/site-packages/airflow/example_dags/example_dynamic_task_mapping_with_no_taskflow_operators.py
[2026-06-14T21:40:02.120+0000] {processor.py:840} INFO - DAG(s) 'example_dynamic_task_mapping_with_no_taskflow_operators' retrieved from /home/airflow/.local/lib/python3.12/site-packages/airflow/example_dags/example_dynamic_task_mapping_with_no_taskflow_operators.py
[2026-06-14T21:40:02.265+0000] {logging_mixin.py:188} INFO - [2026-06-14T21:40:02.265+0000] {dag.py:3089} INFO - Sync 1 DAGs
[2026-06-14T21:40:02.303+0000] {logging_mixin.py:188} INFO - [2026-06-14T21:40:02.302+0000] {dag.py:3947} INFO - Setting next_dagrun for example_dynamic_task_mapping_with_no_taskflow_operators to 2026-06-13 00:00:00+00:00, run_after=2026-06-14 00:00:00+00:00
[2026-06-14T21:40:02.334+0000] {processor.py:183} INFO - Processing /home/airflow/.local/lib/python3.12/site-packages/airflow/example_dags/example_dynamic_task_mapping_with_no_taskflow_operators.py took 0.238 seconds
[2026-06-14T21:40:33.197+0000] {processor.py:161} INFO - Started process (PID=152) to work on /home/airflow/.local/lib/python3.12/site-packages/airflow/example_dags/example_dynamic_task_mapping_with_no_taskflow_operators.py
[2026-06-14T21:40:33.199+0000] {processor.py:830} INFO - Processing file /home/airflow/.local/lib/python3.12/site-packages/airflow/example_dags/example_dynamic_task_mapping_with_no_taskflow_operators.py for tasks to queue
[2026-06-14T21:40:33.201+0000] {logging_mixin.py:188} INFO - [2026-06-14T21:40:33.201+0000] {dagbag.py:545} INFO - Filling up the DagBag from /home/airflow/.local/lib/python3.12/site-packages/airflow/example_dags/example_dynamic_task_mapping_with_no_taskflow_operators.py
[2026-06-14T21:40:33.210+0000] {processor.py:840} INFO - DAG(s) 'example_dynamic_task_mapping_with_no_taskflow_operators' retrieved from /home/airflow/.local/lib/python3.12/site-packages/airflow/example_dags/example_dynamic_task_mapping_with_no_taskflow_operators.py
[2026-06-14T21:40:33.238+0000] {logging_mixin.py:188} INFO - [2026-06-14T21:40:33.238+0000] {dag.py:3089} INFO - Sync 1 DAGs
[2026-06-14T21:40:33.274+0000] {logging_mixin.py:188} INFO - [2026-06-14T21:40:33.274+0000] {dag.py:3947} INFO - Setting next_dagrun for example_dynamic_task_mapping_with_no_taskflow_operators to 2026-06-13 00:00:00+00:00, run_after=2026-06-14 00:00:00+00:00
[2026-06-14T21:40:33.307+0000] {processor.py:183} INFO - Processing /home/airflow/.local/lib/python3.12/site-packages/airflow/example_dags/example_dynamic_task_mapping_with_no_taskflow_operators.py took 0.117 seconds
[2026-06-14T21:41:03.773+0000] {processor.py:161} INFO - Started process (PID=211) to work on /home/airflow/.local/lib/python3.12/site-packages/airflow/example_dags/example_dynamic_task_mapping_with_no_taskflow_operators.py
[2026-06-14T21:41:03.775+0000] {processor.py:830} INFO - Processing file /home/airflow/.local/lib/python3.12/site-packages/airflow/example_dags/example_dynamic_task_mapping_with_no_taskflow_operators.py for tasks to queue
[2026-06-14T21:41:03.779+0000] {logging_mixin.py:188} INFO - [2026-06-14T21:41:03.778+0000] {dagbag.py:545} INFO - Filling up the DagBag from /home/airflow/.local/lib/python3.12/site-packages/airflow/example_dags/example_dynamic_task_mapping_with_no_taskflow_operators.py
[2026-06-14T21:41:03.795+0000] {processor.py:840} INFO - DAG(s) 'example_dynamic_task_mapping_with_no_taskflow_operators' retrieved from /home/airflow/.local/lib/python3.12/site-packages/airflow/example_dags/example_dynamic_task_mapping_with_no_taskflow_operators.py
[2026-06-14T21:41:03.835+0000] {logging_mixin.py:188} INFO - [2026-06-14T21:41:03.834+0000] {dag.py:3089} INFO - Sync 1 DAGs
[2026-06-14T21:41:03.878+0000] {logging_mixin.py:188} INFO - [2026-06-14T21:41:03.877+0000] {dag.py:3947} INFO - Setting next_dagrun for example_dynamic_task_mapping_with_no_taskflow_operators to 2026-06-13 00:00:00+00:00, run_after=2026-06-14 00:00:00+00:00
[2026-06-14T21:41:03.919+0000] {processor.py:183} INFO - Processing /home/airflow/.local/lib/python3.12/site-packages/airflow/example_dags/example_dynamic_task_mapping_with_no_taskflow_operators.py took 0.161 seconds
[2026-06-14T21:41:34.791+0000] {processor.py:161} INFO - Started process (PID=270) to work on /home/airflow/.local/lib/python3.12/site-packages/airflow/example_dags/example_dynamic_task_mapping_with_no_taskflow_operators.py
[2026-06-14T21:41:34.792+0000] {processor.py:830} INFO - Processing file /home/airflow/.local/lib/python3.12/site-packages/airflow/example_dags/example_dynamic_task_mapping_with_no_taskflow_operators.py for tasks to queue
[2026-06-14T21:41:34.795+0000] {logging_mixin.py:188} INFO - [2026-06-14T21:41:34.794+0000] {dagbag.py:545} INFO - Filling up the DagBag from /home/airflow/.local/lib/python3.12/site-packages/airflow/example_dags/example_dynamic_task_mapping_with_no_taskflow_operators.py
[2026-06-14T21:41:34.803+0000] {processor.py:840} INFO - DAG(s) 'example_dynamic_task_mapping_with_no_taskflow_operators' retrieved from /home/airflow/.local/lib/python3.12/site-packages/airflow/example_dags/example_dynamic_task_mapping_with_no_taskflow_operators.py
[2026-06-14T21:41:34.827+0000] {logging_mixin.py:188} INFO - [2026-06-14T21:41:34.827+0000] {dag.py:3089} INFO - Sync 1 DAGs
[2026-06-14T21:41:34.854+0000] {logging_mixin.py:188} INFO - [2026-06-14T21:41:34.854+0000] {dag.py:3947} INFO - Setting next_dagrun for example_dynamic_task_mapping_with_no_taskflow_operators to 2026-06-13 00:00:00+00:00, run_after=2026-06-14 00:00:00+00:00
[2026-06-14T21:41:34.878+0000] {processor.py:183} INFO - Processing /home/airflow/.local/lib/python3.12/site-packages/airflow/example_dags/example_dynamic_task_mapping_with_no_taskflow_operators.py took 0.094 seconds
[2026-06-14T21:42:05.358+0000] {processor.py:161} INFO - Started process (PID=329) to work on /home/airflow/.local/lib/python3.12/site-packages/airflow/example_dags/example_dynamic_task_mapping_with_no_taskflow_operators.py
[2026-06-14T21:42:05.360+0000] {processor.py:830} INFO - Processing file /home/airflow/.local/lib/python3.12/site-packages/airflow/example_dags/example_dynamic_task_mapping_with_no_taskflow_operators.py for tasks to queue
[2026-06-14T21:42:05.363+0000] {logging_mixin.py:188} INFO - [2026-06-14T21:42:05.363+0000] {dagbag.py:545} INFO - Filling up the DagBag from /home/airflow/.local/lib/python3.12/site-packages/airflow/example_dags/example_dynamic_task_mapping_with_no_taskflow_operators.py
[2026-06-14T21:42:05.374+0000] {processor.py:840} INFO - DAG(s) 'example_dynamic_task_mapping_with_no_taskflow_operators' retrieved from /home/airflow/.local/lib/python3.12/site-packages/airflow/example_dags/example_dynamic_task_mapping_with_no_taskflow_operators.py
[2026-06-14T21:42:05.404+0000] {logging_mixin.py:188} INFO - [2026-06-14T21:42:05.403+0000] {dag.py:3089} INFO - Sync 1 DAGs
[2026-06-14T21:42:05.441+0000] {logging_mixin.py:188} INFO - [2026-06-14T21:42:05.440+0000] {dag.py:3947} INFO - Setting next_dagrun for example_dynamic_task_mapping_with_no_taskflow_operators to 2026-06-13 00:00:00+00:00, run_after=2026-06-14 00:00:00+00:00
[2026-06-14T21:42:05.474+0000] {processor.py:183} INFO - Processing /home/airflow/.local/lib/python3.12/site-packages/airflow/example_dags/example_dynamic_task_mapping_with_no_taskflow_operators.py took 0.127 seconds
[2026-06-14T21:42:36.179+0000] {processor.py:161} INFO - Started process (PID=388) to work on /home/airflow/.local/lib/python3.12/site-packages/airflow/example_dags/example_dynamic_task_mapping_with_no_taskflow_operators.py
[2026-06-14T21:42:36.181+0000] {processor.py:830} INFO - Processing file /home/airflow/.local/lib/python3.12/site-packages/airflow/example_dags/example_dynamic_task_mapping_with_no_taskflow_operators.py for tasks to queue
[2026-06-14T21:42:36.183+0000] {logging_mixin.py:188} INFO - [2026-06-14T21:42:36.183+0000] {dagbag.py:545} INFO - Filling up the DagBag from /home/airflow/.local/lib/python3.12/site-packages/airflow/example_dags/example_dynamic_task_mapping_with_no_taskflow_operators.py
[2026-06-14T21:42:36.190+0000] {processor.py:840} INFO - DAG(s) 'example_dynamic_task_mapping_with_no_taskflow_operators' retrieved from /home/airflow/.local/lib/python3.12/site-packages/airflow/example_dags/example_dynamic_task_mapping_with_no_taskflow_operators.py
[2026-06-14T21:42:36.213+0000] {logging_mixin.py:188} INFO - [2026-06-14T21:42:36.213+0000] {dag.py:3089} INFO - Sync 1 DAGs
[2026-06-14T21:42:36.236+0000] {logging_mixin.py:188} INFO - [2026-06-14T21:42:36.236+0000] {dag.py:3947} INFO - Setting next_dagrun for example_dynamic_task_mapping_with_no_taskflow_operators to 2026-06-13 00:00:00+00:00, run_after=2026-06-14 00:00:00+00:00
[2026-06-14T21:42:36.263+0000] {processor.py:183} INFO - Processing /home/airflow/.local/lib/python3.12/site-packages/airflow/example_dags/example_dynamic_task_mapping_with_no_taskflow_operators.py took 0.090 seconds
[2026-06-14T21:43:06.637+0000] {processor.py:161} INFO - Started process (PID=447) to work on /home/airflow/.local/lib/python3.12/site-packages/airflow/example_dags/example_dynamic_task_mapping_with_no_taskflow_operators.py
[2026-06-14T21:43:06.638+0000] {processor.py:830} INFO - Processing file /home/airflow/.local/lib/python3.12/site-packages/airflow/example_dags/example_dynamic_task_mapping_with_no_taskflow_operators.py for tasks to queue
[2026-06-14T21:43:06.642+0000] {logging_mixin.py:188} INFO - [2026-06-14T21:43:06.641+0000] {dagbag.py:545} INFO - Filling up the DagBag from /home/airflow/.local/lib/python3.12/site-packages/airflow/example_dags/example_dynamic_task_mapping_with_no_taskflow_operators.py
[2026-06-14T21:43:06.654+0000] {processor.py:840} INFO - DAG(s) 'example_dynamic_task_mapping_with_no_taskflow_operators' retrieved from /home/airflow/.local/lib/python3.12/site-packages/airflow/example_dags/example_dynamic_task_mapping_with_no_taskflow_operators.py
[2026-06-14T21:43:06.686+0000] {logging_mixin.py:188} INFO - [2026-06-14T21:43:06.686+0000] {dag.py:3089} INFO - Sync 1 DAGs
[2026-06-14T21:43:06.718+0000] {logging_mixin.py:188} INFO - [2026-06-14T21:43:06.717+0000] {dag.py:3947} INFO - Setting next_dagrun for example_dynamic_task_mapping_with_no_taskflow_operators to 2026-06-13 00:00:00+00:00, run_after=2026-06-14 00:00:00+00:00
[2026-06-14T21:43:06.750+0000] {processor.py:183} INFO - Processing /home/airflow/.local/lib/python3.12/site-packages/airflow/example_dags/example_dynamic_task_mapping_with_no_taskflow_operators.py took 0.123 seconds
[2026-06-14T21:43:37.594+0000] {processor.py:161} INFO - Started process (PID=506) to work on /home/airflow/.local/lib/python3.12/site-packages/airflow/example_dags/example_dynamic_task_mapping_with_no_taskflow_operators.py
[2026-06-14T21:43:37.596+0000] {processor.py:830} INFO - Processing file /home/airflow/.local/lib/python3.12/site-packages/airflow/example_dags/example_dynamic_task_mapping_with_no_taskflow_operators.py for tasks to queue
[2026-06-14T21:43:37.599+0000] {logging_mixin.py:188} INFO - [2026-06-14T21:43:37.598+0000] {dagbag.py:545} INFO - Filling up the DagBag from /home/airflow/.local/lib/python3.12/site-packages/airflow/example_dags/example_dynamic_task_mapping_with_no_taskflow_operators.py
[2026-06-14T21:43:37.607+0000] {processor.py:840} INFO - DAG(s) 'example_dynamic_task_mapping_with_no_taskflow_operators' retrieved from /home/airflow/.local/lib/python3.12/site-packages/airflow/example_dags/example_dynamic_task_mapping_with_no_taskflow_operators.py
[2026-06-14T21:43:37.640+0000] {logging_mixin.py:188} INFO - [2026-06-14T21:43:37.640+0000] {dag.py:3089} INFO - Sync 1 DAGs
[2026-06-14T21:43:37.680+0000] {logging_mixin.py:188} INFO - [2026-06-14T21:43:37.679+0000] {dag.py:3947} INFO - Setting next_dagrun for example_dynamic_task_mapping_with_no_taskflow_operators to 2026-06-13 00:00:00+00:00, run_after=2026-06-14 00:00:00+00:00
[2026-06-14T21:43:37.714+0000] {processor.py:183} INFO - Processing /home/airflow/.local/lib/python3.12/site-packages/airflow/example_dags/example_dynamic_task_mapping_with_no_taskflow_operators.py took 0.131 seconds
[2026-06-14T21:44:08.380+0000] {processor.py:161} INFO - Started process (PID=565) to work on /home/airflow/.local/lib/python3.12/site-packages/airflow/example_dags/example_dynamic_task_mapping_with_no_taskflow_operators.py
[2026-06-14T21:44:08.381+0000] {processor.py:830} INFO - Processing file /home/airflow/.local/lib/python3.12/site-packages/airflow/example_dags/example_dynamic_task_mapping_with_no_taskflow_operators.py for tasks to queue
[2026-06-14T21:44:08.383+0000] {logging_mixin.py:188} INFO - [2026-06-14T21:44:08.383+0000] {dagbag.py:545} INFO - Filling up the DagBag from /home/airflow/.local/lib/python3.12/site-packages/airflow/example_dags/example_dynamic_task_mapping_with_no_taskflow_operators.py
[2026-06-14T21:44:08.390+0000] {processor.py:840} INFO - DAG(s) 'example_dynamic_task_mapping_with_no_taskflow_operators' retrieved from /home/airflow/.local/lib/python3.12/site-packages/airflow/example_dags/example_dynamic_task_mapping_with_no_taskflow_operators.py
[2026-06-14T21:44:08.414+0000] {logging_mixin.py:188} INFO - [2026-06-14T21:44:08.414+0000] {dag.py:3089} INFO - Sync 1 DAGs
[2026-06-14T21:44:08.442+0000] {logging_mixin.py:188} INFO - [2026-06-14T21:44:08.441+0000] {dag.py:3947} INFO - Setting next_dagrun for example_dynamic_task_mapping_with_no_taskflow_operators to 2026-06-13 00:00:00+00:00, run_after=2026-06-14 00:00:00+00:00
[2026-06-14T21:44:08.462+0000] {processor.py:183} INFO - Processing /home/airflow/.local/lib/python3.12/site-packages/airflow/example_dags/example_dynamic_task_mapping_with_no_taskflow_operators.py took 0.088 seconds
[2026-06-14T21:44:39.008+0000] {processor.py:161} INFO - Started process (PID=624) to work on /home/airflow/.local/lib/python3.12/site-packages/airflow/example_dags/example_dynamic_task_mapping_with_no_taskflow_operators.py
[2026-06-14T21:44:39.013+0000] {processor.py:830} INFO - Processing file /home/airflow/.local/lib/python3.12/site-packages/airflow/example_dags/example_dynamic_task_mapping_with_no_taskflow_operators.py for tasks to queue
[2026-06-14T21:44:39.017+0000] {logging_mixin.py:188} INFO - [2026-06-14T21:44:39.017+0000] {dagbag.py:545} INFO - Filling up the DagBag from /home/airflow/.local/lib/python3.12/site-packages/airflow/example_dags/example_dynamic_task_mapping_with_no_taskflow_operators.py
[2026-06-14T21:44:39.029+0000] {processor.py:840} INFO - DAG(s) 'example_dynamic_task_mapping_with_no_taskflow_operators' retrieved from /home/airflow/.local/lib/python3.12/site-packages/airflow/example_dags/example_dynamic_task_mapping_with_no_taskflow_operators.py
[2026-06-14T21:44:39.057+0000] {logging_mixin.py:188} INFO - [2026-06-14T21:44:39.056+0000] {dag.py:3089} INFO - Sync 1 DAGs
[2026-06-14T21:44:39.084+0000] {logging_mixin.py:188} INFO - [2026-06-14T21:44:39.084+0000] {dag.py:3947} INFO - Setting next_dagrun for example_dynamic_task_mapping_with_no_taskflow_operators to 2026-06-13 00:00:00+00:00, run_after=2026-06-14 00:00:00+00:00
[2026-06-14T21:44:39.116+0000] {processor.py:183} INFO - Processing /home/airflow/.local/lib/python3.12/site-packages/airflow/example_dags/example_dynamic_task_mapping_with_no_taskflow_operators.py took 0.129 seconds
[2026-06-14T21:45:09.235+0000] {processor.py:161} INFO - Started process (PID=683) to work on /home/airflow/.local/lib/python3.12/site-packages/airflow/example_dags/example_dynamic_task_mapping_with_no_taskflow_operators.py
[2026-06-14T21:45:09.236+0000] {processor.py:830} INFO - Processing file /home/airflow/.local/lib/python3.12/site-packages/airflow/example_dags/example_dynamic_task_mapping_with_no_taskflow_operators.py for tasks to queue
[2026-06-14T21:45:09.239+0000] {logging_mixin.py:188} INFO - [2026-06-14T21:45:09.238+0000] {dagbag.py:545} INFO - Filling up the DagBag from /home/airflow/.local/lib/python3.12/site-packages/airflow/example_dags/example_dynamic_task_mapping_with_no_taskflow_operators.py
[2026-06-14T21:45:09.246+0000] {processor.py:840} INFO - DAG(s) 'example_dynamic_task_mapping_with_no_taskflow_operators' retrieved from /home/airflow/.local/lib/python3.12/site-packages/airflow/example_dags/example_dynamic_task_mapping_with_no_taskflow_operators.py
[2026-06-14T21:45:09.269+0000] {logging_mixin.py:188} INFO - [2026-06-14T21:45:09.269+0000] {dag.py:3089} INFO - Sync 1 DAGs
[2026-06-14T21:45:09.291+0000] {logging_mixin.py:188} INFO - [2026-06-14T21:45:09.291+0000] {dag.py:3947} INFO - Setting next_dagrun for example_dynamic_task_mapping_with_no_taskflow_operators to 2026-06-13 00:00:00+00:00, run_after=2026-06-14 00:00:00+00:00
[2026-06-14T21:45:09.312+0000] {processor.py:183} INFO - Processing /home/airflow/.local/lib/python3.12/site-packages/airflow/example_dags/example_dynamic_task_mapping_with_no_taskflow_operators.py took 0.083 seconds
[2026-06-14T21:45:39.837+0000] {processor.py:161} INFO - Started process (PID=742) to work on /home/airflow/.local/lib/python3.12/site-packages/airflow/example_dags/example_dynamic_task_mapping_with_no_taskflow_operators.py
[2026-06-14T21:45:39.838+0000] {processor.py:830} INFO - Processing file /home/airflow/.local/lib/python3.12/site-packages/airflow/example_dags/example_dynamic_task_mapping_with_no_taskflow_operators.py for tasks to queue
[2026-06-14T21:45:39.841+0000] {logging_mixin.py:188} INFO - [2026-06-14T21:45:39.840+0000] {dagbag.py:545} INFO - Filling up the DagBag from /home/airflow/.local/lib/python3.12/site-packages/airflow/example_dags/example_dynamic_task_mapping_with_no_taskflow_operators.py
[2026-06-14T21:45:39.851+0000] {processor.py:840} INFO - DAG(s) 'example_dynamic_task_mapping_with_no_taskflow_operators' retrieved from /home/airflow/.local/lib/python3.12/site-packages/airflow/example_dags/example_dynamic_task_mapping_with_no_taskflow_operators.py
[2026-06-14T21:45:39.879+0000] {logging_mixin.py:188} INFO - [2026-06-14T21:45:39.879+0000] {dag.py:3089} INFO - Sync 1 DAGs
[2026-06-14T21:45:39.910+0000] {logging_mixin.py:188} INFO - [2026-06-14T21:45:39.909+0000] {dag.py:3947} INFO - Setting next_dagrun for example_dynamic_task_mapping_with_no_taskflow_operators to 2026-06-13 00:00:00+00:00, run_after=2026-06-14 00:00:00+00:00
[2026-06-14T21:45:39.935+0000] {processor.py:183} INFO - Processing /home/airflow/.local/lib/python3.12/site-packages/airflow/example_dags/example_dynamic_task_mapping_with_no_taskflow_operators.py took 0.103 seconds
[2026-06-14T21:46:10.508+0000] {processor.py:161} INFO - Started process (PID=801) to work on /home/airflow/.local/lib/python3.12/site-packages/airflow/example_dags/example_dynamic_task_mapping_with_no_taskflow_operators.py
[2026-06-14T21:46:10.510+0000] {processor.py:830} INFO - Processing file /home/airflow/.local/lib/python3.12/site-packages/airflow/example_dags/example_dynamic_task_mapping_with_no_taskflow_operators.py for tasks to queue
[2026-06-14T21:46:10.513+0000] {logging_mixin.py:188} INFO - [2026-06-14T21:46:10.513+0000] {dagbag.py:545} INFO - Filling up the DagBag from /home/airflow/.local/lib/python3.12/site-packages/airflow/example_dags/example_dynamic_task_mapping_with_no_taskflow_operators.py
[2026-06-14T21:46:10.525+0000] {processor.py:840} INFO - DAG(s) 'example_dynamic_task_mapping_with_no_taskflow_operators' retrieved from /home/airflow/.local/lib/python3.12/site-packages/airflow/example_dags/example_dynamic_task_mapping_with_no_taskflow_operators.py
[2026-06-14T21:46:10.561+0000] {logging_mixin.py:188} INFO - [2026-06-14T21:46:10.561+0000] {dag.py:3089} INFO - Sync 1 DAGs
[2026-06-14T21:46:10.611+0000] {logging_mixin.py:188} INFO - [2026-06-14T21:46:10.611+0000] {dag.py:3947} INFO - Setting next_dagrun for example_dynamic_task_mapping_with_no_taskflow_operators to 2026-06-13 00:00:00+00:00, run_after=2026-06-14 00:00:00+00:00
[2026-06-14T21:46:10.697+0000] {processor.py:183} INFO - Processing /home/airflow/.local/lib/python3.12/site-packages/airflow/example_dags/example_dynamic_task_mapping_with_no_taskflow_operators.py took 0.198 seconds
[2026-06-14T21:46:40.800+0000] {processor.py:161} INFO - Started process (PID=860) to work on /home/airflow/.local/lib/python3.12/site-packages/airflow/example_dags/example_dynamic_task_mapping_with_no_taskflow_operators.py
[2026-06-14T21:46:40.802+0000] {processor.py:830} INFO - Processing file /home/airflow/.local/lib/python3.12/site-packages/airflow/example_dags/example_dynamic_task_mapping_with_no_taskflow_operators.py for tasks to queue
[2026-06-14T21:46:40.809+0000] {logging_mixin.py:188} INFO - [2026-06-14T21:46:40.809+0000] {dagbag.py:545} INFO - Filling up the DagBag from /home/airflow/.local/lib/python3.12/site-packages/airflow/example_dags/example_dynamic_task_mapping_with_no_taskflow_operators.py
[2026-06-14T21:46:40.829+0000] {processor.py:840} INFO - DAG(s) 'example_dynamic_task_mapping_with_no_taskflow_operators' retrieved from /home/airflow/.local/lib/python3.12/site-packages/airflow/example_dags/example_dynamic_task_mapping_with_no_taskflow_operators.py
[2026-06-14T21:46:40.888+0000] {logging_mixin.py:188} INFO - [2026-06-14T21:46:40.888+0000] {dag.py:3089} INFO - Sync 1 DAGs
[2026-06-14T21:46:40.959+0000] {logging_mixin.py:188} INFO - [2026-06-14T21:46:40.958+0000] {dag.py:3947} INFO - Setting next_dagrun for example_dynamic_task_mapping_with_no_taskflow_operators to 2026-06-13 00:00:00+00:00, run_after=2026-06-14 00:00:00+00:00
[2026-06-14T21:46:41.032+0000] {processor.py:183} INFO - Processing /home/airflow/.local/lib/python3.12/site-packages/airflow/example_dags/example_dynamic_task_mapping_with_no_taskflow_operators.py took 0.253 seconds
[2026-06-14T21:47:13.194+0000] {processor.py:161} INFO - Started process (PID=919) to work on /home/airflow/.local/lib/python3.12/site-packages/airflow/example_dags/example_dynamic_task_mapping_with_no_taskflow_operators.py
[2026-06-14T21:47:13.199+0000] {processor.py:830} INFO - Processing file /home/airflow/.local/lib/python3.12/site-packages/airflow/example_dags/example_dynamic_task_mapping_with_no_taskflow_operators.py for tasks to queue
[2026-06-14T21:47:13.215+0000] {logging_mixin.py:188} INFO - [2026-06-14T21:47:13.215+0000] {dagbag.py:545} INFO - Filling up the DagBag from /home/airflow/.local/lib/python3.12/site-packages/airflow/example_dags/example_dynamic_task_mapping_with_no_taskflow_operators.py
[2026-06-14T21:47:13.259+0000] {processor.py:840} INFO - DAG(s) 'example_dynamic_task_mapping_with_no_taskflow_operators' retrieved from /home/airflow/.local/lib/python3.12/site-packages/airflow/example_dags/example_dynamic_task_mapping_with_no_taskflow_operators.py
[2026-06-14T21:47:13.336+0000] {logging_mixin.py:188} INFO - [2026-06-14T21:47:13.336+0000] {dag.py:3089} INFO - Sync 1 DAGs
[2026-06-14T21:47:13.407+0000] {logging_mixin.py:188} INFO - [2026-06-14T21:47:13.407+0000] {dag.py:3947} INFO - Setting next_dagrun for example_dynamic_task_mapping_with_no_taskflow_operators to 2026-06-13 00:00:00+00:00, run_after=2026-06-14 00:00:00+00:00
[2026-06-14T21:47:13.504+0000] {processor.py:183} INFO - Processing /home/airflow/.local/lib/python3.12/site-packages/airflow/example_dags/example_dynamic_task_mapping_with_no_taskflow_operators.py took 0.343 seconds
[2026-06-14T21:47:44.398+0000] {processor.py:161} INFO - Started process (PID=978) to work on /home/airflow/.local/lib/python3.12/site-packages/airflow/example_dags/example_dynamic_task_mapping_with_no_taskflow_operators.py
[2026-06-14T21:47:44.399+0000] {processor.py:830} INFO - Processing file /home/airflow/.local/lib/python3.12/site-packages/airflow/example_dags/example_dynamic_task_mapping_with_no_taskflow_operators.py for tasks to queue
[2026-06-14T21:47:44.403+0000] {logging_mixin.py:188} INFO - [2026-06-14T21:47:44.403+0000] {dagbag.py:545} INFO - Filling up the DagBag from /home/airflow/.local/lib/python3.12/site-packages/airflow/example_dags/example_dynamic_task_mapping_with_no_taskflow_operators.py
[2026-06-14T21:47:44.414+0000] {processor.py:840} INFO - DAG(s) 'example_dynamic_task_mapping_with_no_taskflow_operators' retrieved from /home/airflow/.local/lib/python3.12/site-packages/airflow/example_dags/example_dynamic_task_mapping_with_no_taskflow_operators.py
[2026-06-14T21:47:44.447+0000] {logging_mixin.py:188} INFO - [2026-06-14T21:47:44.446+0000] {dag.py:3089} INFO - Sync 1 DAGs
[2026-06-14T21:47:44.481+0000] {logging_mixin.py:188} INFO - [2026-06-14T21:47:44.480+0000] {dag.py:3947} INFO - Setting next_dagrun for example_dynamic_task_mapping_with_no_taskflow_operators to 2026-06-13 00:00:00+00:00, run_after=2026-06-14 00:00:00+00:00
[2026-06-14T21:47:44.514+0000] {processor.py:183} INFO - Processing /home/airflow/.local/lib/python3.12/site-packages/airflow/example_dags/example_dynamic_task_mapping_with_no_taskflow_operators.py took 0.125 seconds
[2026-06-14T21:48:15.272+0000] {processor.py:161} INFO - Started process (PID=1036) to work on /home/airflow/.local/lib/python3.12/site-packages/airflow/example_dags/example_dynamic_task_mapping_with_no_taskflow_operators.py
[2026-06-14T21:48:15.274+0000] {processor.py:830} INFO - Processing file /home/airflow/.local/lib/python3.12/site-packages/airflow/example_dags/example_dynamic_task_mapping_with_no_taskflow_operators.py for tasks to queue
[2026-06-14T21:48:15.276+0000] {logging_mixin.py:188} INFO - [2026-06-14T21:48:15.276+0000] {dagbag.py:545} INFO - Filling up the DagBag from /home/airflow/.local/lib/python3.12/site-packages/airflow/example_dags/example_dynamic_task_mapping_with_no_taskflow_operators.py
[2026-06-14T21:48:15.283+0000] {processor.py:840} INFO - DAG(s) 'example_dynamic_task_mapping_with_no_taskflow_operators' retrieved from /home/airflow/.local/lib/python3.12/site-packages/airflow/example_dags/example_dynamic_task_mapping_with_no_taskflow_operators.py
[2026-06-14T21:48:15.309+0000] {logging_mixin.py:188} INFO - [2026-06-14T21:48:15.308+0000] {dag.py:3089} INFO - Sync 1 DAGs
[2026-06-14T21:48:15.334+0000] {logging_mixin.py:188} INFO - [2026-06-14T21:48:15.334+0000] {dag.py:3947} INFO - Setting next_dagrun for example_dynamic_task_mapping_with_no_taskflow_operators to 2026-06-13 00:00:00+00:00, run_after=2026-06-14 00:00:00+00:00
[2026-06-14T21:48:15.357+0000] {processor.py:183} INFO - Processing /home/airflow/.local/lib/python3.12/site-packages/airflow/example_dags/example_dynamic_task_mapping_with_no_taskflow_operators.py took 0.091 seconds
[2026-06-14T21:48:46.107+0000] {processor.py:161} INFO - Started process (PID=1095) to work on /home/airflow/.local/lib/python3.12/site-packages/airflow/example_dags/example_dynamic_task_mapping_with_no_taskflow_operators.py
[2026-06-14T21:48:46.109+0000] {processor.py:830} INFO - Processing file /home/airflow/.local/lib/python3.12/site-packages/airflow/example_dags/example_dynamic_task_mapping_with_no_taskflow_operators.py for tasks to queue
[2026-06-14T21:48:46.111+0000] {logging_mixin.py:188} INFO - [2026-06-14T21:48:46.110+0000] {dagbag.py:545} INFO - Filling up the DagBag from /home/airflow/.local/lib/python3.12/site-packages/airflow/example_dags/example_dynamic_task_mapping_with_no_taskflow_operators.py
[2026-06-14T21:48:46.125+0000] {processor.py:840} INFO - DAG(s) 'example_dynamic_task_mapping_with_no_taskflow_operators' retrieved from /home/airflow/.local/lib/python3.12/site-packages/airflow/example_dags/example_dynamic_task_mapping_with_no_taskflow_operators.py
[2026-06-14T21:48:46.155+0000] {logging_mixin.py:188} INFO - [2026-06-14T21:48:46.154+0000] {dag.py:3089} INFO - Sync 1 DAGs
[2026-06-14T21:48:46.189+0000] {logging_mixin.py:188} INFO - [2026-06-14T21:48:46.189+0000] {dag.py:3947} INFO - Setting next_dagrun for example_dynamic_task_mapping_with_no_taskflow_operators to 2026-06-13 00:00:00+00:00, run_after=2026-06-14 00:00:00+00:00
[2026-06-14T21:48:46.267+0000] {processor.py:183} INFO - Processing /home/airflow/.local/lib/python3.12/site-packages/airflow/example_dags/example_dynamic_task_mapping_with_no_taskflow_operators.py took 0.168 seconds
[2026-06-14T21:49:16.457+0000] {processor.py:161} INFO - Started process (PID=1158) to work on /home/airflow/.local/lib/python3.12/site-packages/airflow/example_dags/example_dynamic_task_mapping_with_no_taskflow_operators.py
[2026-06-14T21:49:16.459+0000] {processor.py:830} INFO - Processing file /home/airflow/.local/lib/python3.12/site-packages/airflow/example_dags/example_dynamic_task_mapping_with_no_taskflow_operators.py for tasks to queue
[2026-06-14T21:49:16.464+0000] {logging_mixin.py:188} INFO - [2026-06-14T21:49:16.463+0000] {dagbag.py:545} INFO - Filling up the DagBag from /home/airflow/.local/lib/python3.12/site-packages/airflow/example_dags/example_dynamic_task_mapping_with_no_taskflow_operators.py
[2026-06-14T21:49:16.478+0000] {processor.py:840} INFO - DAG(s) 'example_dynamic_task_mapping_with_no_taskflow_operators' retrieved from /home/airflow/.local/lib/python3.12/site-packages/airflow/example_dags/example_dynamic_task_mapping_with_no_taskflow_operators.py
[2026-06-14T21:49:16.512+0000] {logging_mixin.py:188} INFO - [2026-06-14T21:49:16.512+0000] {dag.py:3089} INFO - Sync 1 DAGs
[2026-06-14T21:49:16.549+0000] {logging_mixin.py:188} INFO - [2026-06-14T21:49:16.549+0000] {dag.py:3947} INFO - Setting next_dagrun for example_dynamic_task_mapping_with_no_taskflow_operators to 2026-06-13 00:00:00+00:00, run_after=2026-06-14 00:00:00+00:00
[2026-06-14T21:49:16.579+0000] {processor.py:183} INFO - Processing /home/airflow/.local/lib/python3.12/site-packages/airflow/example_dags/example_dynamic_task_mapping_with_no_taskflow_operators.py took 0.135 seconds
