[2026-06-14T21:26:27.002+0000] {processor.py:161} INFO - Started process (PID=67) to work on /home/airflow/.local/lib/python3.12/site-packages/airflow/example_dags/example_trigger_target_dag.py
[2026-06-14T21:26:27.004+0000] {processor.py:830} INFO - Processing file /home/airflow/.local/lib/python3.12/site-packages/airflow/example_dags/example_trigger_target_dag.py for tasks to queue
[2026-06-14T21:26:27.009+0000] {logging_mixin.py:188} INFO - [2026-06-14T21:26:27.008+0000] {dagbag.py:545} INFO - Filling up the DagBag from /home/airflow/.local/lib/python3.12/site-packages/airflow/example_dags/example_trigger_target_dag.py
[2026-06-14T21:26:27.025+0000] {processor.py:840} INFO - DAG(s) 'example_trigger_target_dag' retrieved from /home/airflow/.local/lib/python3.12/site-packages/airflow/example_dags/example_trigger_target_dag.py
[2026-06-14T21:26:27.293+0000] {logging_mixin.py:188} INFO - [2026-06-14T21:26:27.292+0000] {override.py:1858} INFO - Created Permission View: can delete on DAG:example_trigger_target_dag
[2026-06-14T21:26:27.315+0000] {logging_mixin.py:188} INFO - [2026-06-14T21:26:27.315+0000] {override.py:1858} INFO - Created Permission View: can edit on DAG:example_trigger_target_dag
[2026-06-14T21:26:27.331+0000] {logging_mixin.py:188} INFO - [2026-06-14T21:26:27.330+0000] {override.py:1858} INFO - Created Permission View: can read on DAG:example_trigger_target_dag
[2026-06-14T21:26:27.332+0000] {logging_mixin.py:188} INFO - [2026-06-14T21:26:27.332+0000] {dag.py:3089} INFO - Sync 1 DAGs
[2026-06-14T21:26:27.365+0000] {logging_mixin.py:188} INFO - [2026-06-14T21:26:27.364+0000] {dag.py:3111} INFO - Creating ORM DAG for example_trigger_target_dag
[2026-06-14T21:26:27.371+0000] {logging_mixin.py:188} INFO - [2026-06-14T21:26:27.371+0000] {dag.py:3947} INFO - Setting next_dagrun for example_trigger_target_dag to None, run_after=None
[2026-06-14T21:26:27.418+0000] {processor.py:183} INFO - Processing /home/airflow/.local/lib/python3.12/site-packages/airflow/example_dags/example_trigger_target_dag.py took 0.429 seconds
[2026-06-14T21:26:58.217+0000] {processor.py:161} INFO - Started process (PID=126) to work on /home/airflow/.local/lib/python3.12/site-packages/airflow/example_dags/example_trigger_target_dag.py
[2026-06-14T21:26:58.218+0000] {processor.py:830} INFO - Processing file /home/airflow/.local/lib/python3.12/site-packages/airflow/example_dags/example_trigger_target_dag.py for tasks to queue
[2026-06-14T21:26:58.220+0000] {logging_mixin.py:188} INFO - [2026-06-14T21:26:58.220+0000] {dagbag.py:545} INFO - Filling up the DagBag from /home/airflow/.local/lib/python3.12/site-packages/airflow/example_dags/example_trigger_target_dag.py
[2026-06-14T21:26:58.229+0000] {processor.py:840} INFO - DAG(s) 'example_trigger_target_dag' retrieved from /home/airflow/.local/lib/python3.12/site-packages/airflow/example_dags/example_trigger_target_dag.py
[2026-06-14T21:26:58.264+0000] {logging_mixin.py:188} INFO - [2026-06-14T21:26:58.264+0000] {dag.py:3089} INFO - Sync 1 DAGs
[2026-06-14T21:26:58.289+0000] {logging_mixin.py:188} INFO - [2026-06-14T21:26:58.289+0000] {dag.py:3947} INFO - Setting next_dagrun for example_trigger_target_dag to None, run_after=None
[2026-06-14T21:26:58.322+0000] {processor.py:183} INFO - Processing /home/airflow/.local/lib/python3.12/site-packages/airflow/example_dags/example_trigger_target_dag.py took 0.113 seconds
[2026-06-14T21:27:28.735+0000] {processor.py:161} INFO - Started process (PID=185) to work on /home/airflow/.local/lib/python3.12/site-packages/airflow/example_dags/example_trigger_target_dag.py
[2026-06-14T21:27:28.737+0000] {processor.py:830} INFO - Processing file /home/airflow/.local/lib/python3.12/site-packages/airflow/example_dags/example_trigger_target_dag.py for tasks to queue
[2026-06-14T21:27:28.739+0000] {logging_mixin.py:188} INFO - [2026-06-14T21:27:28.739+0000] {dagbag.py:545} INFO - Filling up the DagBag from /home/airflow/.local/lib/python3.12/site-packages/airflow/example_dags/example_trigger_target_dag.py
[2026-06-14T21:27:28.747+0000] {processor.py:840} INFO - DAG(s) 'example_trigger_target_dag' retrieved from /home/airflow/.local/lib/python3.12/site-packages/airflow/example_dags/example_trigger_target_dag.py
[2026-06-14T21:27:28.775+0000] {logging_mixin.py:188} INFO - [2026-06-14T21:27:28.775+0000] {dag.py:3089} INFO - Sync 1 DAGs
[2026-06-14T21:27:28.791+0000] {logging_mixin.py:188} INFO - [2026-06-14T21:27:28.791+0000] {dag.py:3947} INFO - Setting next_dagrun for example_trigger_target_dag to None, run_after=None
[2026-06-14T21:27:28.859+0000] {processor.py:183} INFO - Processing /home/airflow/.local/lib/python3.12/site-packages/airflow/example_dags/example_trigger_target_dag.py took 0.131 seconds
[2026-06-14T21:27:58.940+0000] {processor.py:161} INFO - Started process (PID=244) to work on /home/airflow/.local/lib/python3.12/site-packages/airflow/example_dags/example_trigger_target_dag.py
[2026-06-14T21:27:58.988+0000] {processor.py:830} INFO - Processing file /home/airflow/.local/lib/python3.12/site-packages/airflow/example_dags/example_trigger_target_dag.py for tasks to queue
[2026-06-14T21:27:58.992+0000] {logging_mixin.py:188} INFO - [2026-06-14T21:27:58.992+0000] {dagbag.py:545} INFO - Filling up the DagBag from /home/airflow/.local/lib/python3.12/site-packages/airflow/example_dags/example_trigger_target_dag.py
[2026-06-14T21:27:59.013+0000] {processor.py:840} INFO - DAG(s) 'example_trigger_target_dag' retrieved from /home/airflow/.local/lib/python3.12/site-packages/airflow/example_dags/example_trigger_target_dag.py
[2026-06-14T21:27:59.043+0000] {logging_mixin.py:188} INFO - [2026-06-14T21:27:59.042+0000] {dag.py:3089} INFO - Sync 1 DAGs
[2026-06-14T21:27:59.063+0000] {logging_mixin.py:188} INFO - [2026-06-14T21:27:59.062+0000] {dag.py:3947} INFO - Setting next_dagrun for example_trigger_target_dag to None, run_after=None
[2026-06-14T21:27:59.107+0000] {processor.py:183} INFO - Processing /home/airflow/.local/lib/python3.12/site-packages/airflow/example_dags/example_trigger_target_dag.py took 0.175 seconds
[2026-06-14T21:28:29.228+0000] {processor.py:161} INFO - Started process (PID=303) to work on /home/airflow/.local/lib/python3.12/site-packages/airflow/example_dags/example_trigger_target_dag.py
[2026-06-14T21:28:29.230+0000] {processor.py:830} INFO - Processing file /home/airflow/.local/lib/python3.12/site-packages/airflow/example_dags/example_trigger_target_dag.py for tasks to queue
[2026-06-14T21:28:29.234+0000] {logging_mixin.py:188} INFO - [2026-06-14T21:28:29.234+0000] {dagbag.py:545} INFO - Filling up the DagBag from /home/airflow/.local/lib/python3.12/site-packages/airflow/example_dags/example_trigger_target_dag.py
[2026-06-14T21:28:29.245+0000] {processor.py:840} INFO - DAG(s) 'example_trigger_target_dag' retrieved from /home/airflow/.local/lib/python3.12/site-packages/airflow/example_dags/example_trigger_target_dag.py
[2026-06-14T21:28:29.275+0000] {logging_mixin.py:188} INFO - [2026-06-14T21:28:29.275+0000] {dag.py:3089} INFO - Sync 1 DAGs
[2026-06-14T21:28:29.289+0000] {logging_mixin.py:188} INFO - [2026-06-14T21:28:29.288+0000] {dag.py:3947} INFO - Setting next_dagrun for example_trigger_target_dag to None, run_after=None
[2026-06-14T21:28:29.359+0000] {processor.py:183} INFO - Processing /home/airflow/.local/lib/python3.12/site-packages/airflow/example_dags/example_trigger_target_dag.py took 0.140 seconds
[2026-06-14T21:28:59.696+0000] {processor.py:161} INFO - Started process (PID=362) to work on /home/airflow/.local/lib/python3.12/site-packages/airflow/example_dags/example_trigger_target_dag.py
[2026-06-14T21:28:59.702+0000] {processor.py:830} INFO - Processing file /home/airflow/.local/lib/python3.12/site-packages/airflow/example_dags/example_trigger_target_dag.py for tasks to queue
[2026-06-14T21:28:59.709+0000] {logging_mixin.py:188} INFO - [2026-06-14T21:28:59.708+0000] {dagbag.py:545} INFO - Filling up the DagBag from /home/airflow/.local/lib/python3.12/site-packages/airflow/example_dags/example_trigger_target_dag.py
[2026-06-14T21:28:59.725+0000] {processor.py:840} INFO - DAG(s) 'example_trigger_target_dag' retrieved from /home/airflow/.local/lib/python3.12/site-packages/airflow/example_dags/example_trigger_target_dag.py
[2026-06-14T21:28:59.769+0000] {logging_mixin.py:188} INFO - [2026-06-14T21:28:59.768+0000] {dag.py:3089} INFO - Sync 1 DAGs
[2026-06-14T21:28:59.795+0000] {logging_mixin.py:188} INFO - [2026-06-14T21:28:59.795+0000] {dag.py:3947} INFO - Setting next_dagrun for example_trigger_target_dag to None, run_after=None
[2026-06-14T21:28:59.841+0000] {processor.py:183} INFO - Processing /home/airflow/.local/lib/python3.12/site-packages/airflow/example_dags/example_trigger_target_dag.py took 0.162 seconds
[2026-06-14T21:29:30.430+0000] {processor.py:161} INFO - Started process (PID=421) to work on /home/airflow/.local/lib/python3.12/site-packages/airflow/example_dags/example_trigger_target_dag.py
[2026-06-14T21:29:30.431+0000] {processor.py:830} INFO - Processing file /home/airflow/.local/lib/python3.12/site-packages/airflow/example_dags/example_trigger_target_dag.py for tasks to queue
[2026-06-14T21:29:30.435+0000] {logging_mixin.py:188} INFO - [2026-06-14T21:29:30.434+0000] {dagbag.py:545} INFO - Filling up the DagBag from /home/airflow/.local/lib/python3.12/site-packages/airflow/example_dags/example_trigger_target_dag.py
[2026-06-14T21:29:30.444+0000] {processor.py:840} INFO - DAG(s) 'example_trigger_target_dag' retrieved from /home/airflow/.local/lib/python3.12/site-packages/airflow/example_dags/example_trigger_target_dag.py
[2026-06-14T21:29:30.477+0000] {logging_mixin.py:188} INFO - [2026-06-14T21:29:30.477+0000] {dag.py:3089} INFO - Sync 1 DAGs
[2026-06-14T21:29:30.501+0000] {logging_mixin.py:188} INFO - [2026-06-14T21:29:30.501+0000] {dag.py:3947} INFO - Setting next_dagrun for example_trigger_target_dag to None, run_after=None
[2026-06-14T21:29:30.573+0000] {processor.py:183} INFO - Processing /home/airflow/.local/lib/python3.12/site-packages/airflow/example_dags/example_trigger_target_dag.py took 0.153 seconds
[2026-06-14T21:30:01.173+0000] {processor.py:161} INFO - Started process (PID=479) to work on /home/airflow/.local/lib/python3.12/site-packages/airflow/example_dags/example_trigger_target_dag.py
[2026-06-14T21:30:01.175+0000] {processor.py:830} INFO - Processing file /home/airflow/.local/lib/python3.12/site-packages/airflow/example_dags/example_trigger_target_dag.py for tasks to queue
[2026-06-14T21:30:01.176+0000] {logging_mixin.py:188} INFO - [2026-06-14T21:30:01.176+0000] {dagbag.py:545} INFO - Filling up the DagBag from /home/airflow/.local/lib/python3.12/site-packages/airflow/example_dags/example_trigger_target_dag.py
[2026-06-14T21:30:01.186+0000] {processor.py:840} INFO - DAG(s) 'example_trigger_target_dag' retrieved from /home/airflow/.local/lib/python3.12/site-packages/airflow/example_dags/example_trigger_target_dag.py
[2026-06-14T21:30:01.219+0000] {logging_mixin.py:188} INFO - [2026-06-14T21:30:01.219+0000] {dag.py:3089} INFO - Sync 1 DAGs
[2026-06-14T21:30:01.243+0000] {logging_mixin.py:188} INFO - [2026-06-14T21:30:01.243+0000] {dag.py:3947} INFO - Setting next_dagrun for example_trigger_target_dag to None, run_after=None
[2026-06-14T21:30:01.276+0000] {processor.py:183} INFO - Processing /home/airflow/.local/lib/python3.12/site-packages/airflow/example_dags/example_trigger_target_dag.py took 0.115 seconds
[2026-06-14T21:30:31.845+0000] {processor.py:161} INFO - Started process (PID=537) to work on /home/airflow/.local/lib/python3.12/site-packages/airflow/example_dags/example_trigger_target_dag.py
[2026-06-14T21:30:31.847+0000] {processor.py:830} INFO - Processing file /home/airflow/.local/lib/python3.12/site-packages/airflow/example_dags/example_trigger_target_dag.py for tasks to queue
[2026-06-14T21:30:31.848+0000] {logging_mixin.py:188} INFO - [2026-06-14T21:30:31.848+0000] {dagbag.py:545} INFO - Filling up the DagBag from /home/airflow/.local/lib/python3.12/site-packages/airflow/example_dags/example_trigger_target_dag.py
[2026-06-14T21:30:31.856+0000] {processor.py:840} INFO - DAG(s) 'example_trigger_target_dag' retrieved from /home/airflow/.local/lib/python3.12/site-packages/airflow/example_dags/example_trigger_target_dag.py
[2026-06-14T21:30:31.884+0000] {logging_mixin.py:188} INFO - [2026-06-14T21:30:31.884+0000] {dag.py:3089} INFO - Sync 1 DAGs
[2026-06-14T21:30:31.900+0000] {logging_mixin.py:188} INFO - [2026-06-14T21:30:31.899+0000] {dag.py:3947} INFO - Setting next_dagrun for example_trigger_target_dag to None, run_after=None
[2026-06-14T21:30:31.968+0000] {processor.py:183} INFO - Processing /home/airflow/.local/lib/python3.12/site-packages/airflow/example_dags/example_trigger_target_dag.py took 0.133 seconds
[2026-06-14T21:31:02.164+0000] {processor.py:161} INFO - Started process (PID=596) to work on /home/airflow/.local/lib/python3.12/site-packages/airflow/example_dags/example_trigger_target_dag.py
[2026-06-14T21:31:02.165+0000] {processor.py:830} INFO - Processing file /home/airflow/.local/lib/python3.12/site-packages/airflow/example_dags/example_trigger_target_dag.py for tasks to queue
[2026-06-14T21:31:02.166+0000] {logging_mixin.py:188} INFO - [2026-06-14T21:31:02.166+0000] {dagbag.py:545} INFO - Filling up the DagBag from /home/airflow/.local/lib/python3.12/site-packages/airflow/example_dags/example_trigger_target_dag.py
[2026-06-14T21:31:02.175+0000] {processor.py:840} INFO - DAG(s) 'example_trigger_target_dag' retrieved from /home/airflow/.local/lib/python3.12/site-packages/airflow/example_dags/example_trigger_target_dag.py
[2026-06-14T21:31:02.201+0000] {logging_mixin.py:188} INFO - [2026-06-14T21:31:02.200+0000] {dag.py:3089} INFO - Sync 1 DAGs
[2026-06-14T21:31:02.217+0000] {logging_mixin.py:188} INFO - [2026-06-14T21:31:02.216+0000] {dag.py:3947} INFO - Setting next_dagrun for example_trigger_target_dag to None, run_after=None
[2026-06-14T21:31:02.245+0000] {processor.py:183} INFO - Processing /home/airflow/.local/lib/python3.12/site-packages/airflow/example_dags/example_trigger_target_dag.py took 0.090 seconds
[2026-06-14T21:31:32.543+0000] {processor.py:161} INFO - Started process (PID=654) to work on /home/airflow/.local/lib/python3.12/site-packages/airflow/example_dags/example_trigger_target_dag.py
[2026-06-14T21:31:32.544+0000] {processor.py:830} INFO - Processing file /home/airflow/.local/lib/python3.12/site-packages/airflow/example_dags/example_trigger_target_dag.py for tasks to queue
[2026-06-14T21:31:32.546+0000] {logging_mixin.py:188} INFO - [2026-06-14T21:31:32.546+0000] {dagbag.py:545} INFO - Filling up the DagBag from /home/airflow/.local/lib/python3.12/site-packages/airflow/example_dags/example_trigger_target_dag.py
[2026-06-14T21:31:32.557+0000] {processor.py:840} INFO - DAG(s) 'example_trigger_target_dag' retrieved from /home/airflow/.local/lib/python3.12/site-packages/airflow/example_dags/example_trigger_target_dag.py
[2026-06-14T21:31:32.599+0000] {logging_mixin.py:188} INFO - [2026-06-14T21:31:32.598+0000] {dag.py:3089} INFO - Sync 1 DAGs
[2026-06-14T21:31:32.625+0000] {logging_mixin.py:188} INFO - [2026-06-14T21:31:32.624+0000] {dag.py:3947} INFO - Setting next_dagrun for example_trigger_target_dag to None, run_after=None
[2026-06-14T21:31:32.697+0000] {processor.py:183} INFO - Processing /home/airflow/.local/lib/python3.12/site-packages/airflow/example_dags/example_trigger_target_dag.py took 0.162 seconds
[2026-06-14T21:32:02.849+0000] {processor.py:161} INFO - Started process (PID=711) to work on /home/airflow/.local/lib/python3.12/site-packages/airflow/example_dags/example_trigger_target_dag.py
[2026-06-14T21:32:02.854+0000] {processor.py:830} INFO - Processing file /home/airflow/.local/lib/python3.12/site-packages/airflow/example_dags/example_trigger_target_dag.py for tasks to queue
[2026-06-14T21:32:02.856+0000] {logging_mixin.py:188} INFO - [2026-06-14T21:32:02.855+0000] {dagbag.py:545} INFO - Filling up the DagBag from /home/airflow/.local/lib/python3.12/site-packages/airflow/example_dags/example_trigger_target_dag.py
[2026-06-14T21:32:02.871+0000] {processor.py:840} INFO - DAG(s) 'example_trigger_target_dag' retrieved from /home/airflow/.local/lib/python3.12/site-packages/airflow/example_dags/example_trigger_target_dag.py
[2026-06-14T21:32:02.915+0000] {logging_mixin.py:188} INFO - [2026-06-14T21:32:02.915+0000] {dag.py:3089} INFO - Sync 1 DAGs
[2026-06-14T21:32:02.941+0000] {logging_mixin.py:188} INFO - [2026-06-14T21:32:02.940+0000] {dag.py:3947} INFO - Setting next_dagrun for example_trigger_target_dag to None, run_after=None
[2026-06-14T21:32:03.015+0000] {processor.py:183} INFO - Processing /home/airflow/.local/lib/python3.12/site-packages/airflow/example_dags/example_trigger_target_dag.py took 0.178 seconds
[2026-06-14T21:32:33.160+0000] {processor.py:161} INFO - Started process (PID=769) to work on /home/airflow/.local/lib/python3.12/site-packages/airflow/example_dags/example_trigger_target_dag.py
[2026-06-14T21:32:33.162+0000] {processor.py:830} INFO - Processing file /home/airflow/.local/lib/python3.12/site-packages/airflow/example_dags/example_trigger_target_dag.py for tasks to queue
[2026-06-14T21:32:33.163+0000] {logging_mixin.py:188} INFO - [2026-06-14T21:32:33.163+0000] {dagbag.py:545} INFO - Filling up the DagBag from /home/airflow/.local/lib/python3.12/site-packages/airflow/example_dags/example_trigger_target_dag.py
[2026-06-14T21:32:33.173+0000] {processor.py:840} INFO - DAG(s) 'example_trigger_target_dag' retrieved from /home/airflow/.local/lib/python3.12/site-packages/airflow/example_dags/example_trigger_target_dag.py
[2026-06-14T21:32:33.209+0000] {logging_mixin.py:188} INFO - [2026-06-14T21:32:33.208+0000] {dag.py:3089} INFO - Sync 1 DAGs
[2026-06-14T21:32:33.228+0000] {logging_mixin.py:188} INFO - [2026-06-14T21:32:33.227+0000] {dag.py:3947} INFO - Setting next_dagrun for example_trigger_target_dag to None, run_after=None
[2026-06-14T21:39:56.190+0000] {processor.py:161} INFO - Started process (PID=68) to work on /home/airflow/.local/lib/python3.12/site-packages/airflow/example_dags/example_trigger_target_dag.py
[2026-06-14T21:39:56.193+0000] {processor.py:830} INFO - Processing file /home/airflow/.local/lib/python3.12/site-packages/airflow/example_dags/example_trigger_target_dag.py for tasks to queue
[2026-06-14T21:39:56.199+0000] {logging_mixin.py:188} INFO - [2026-06-14T21:39:56.198+0000] {dagbag.py:545} INFO - Filling up the DagBag from /home/airflow/.local/lib/python3.12/site-packages/airflow/example_dags/example_trigger_target_dag.py
[2026-06-14T21:39:56.223+0000] {processor.py:840} INFO - DAG(s) 'example_trigger_target_dag' retrieved from /home/airflow/.local/lib/python3.12/site-packages/airflow/example_dags/example_trigger_target_dag.py
[2026-06-14T21:39:56.586+0000] {logging_mixin.py:188} INFO - [2026-06-14T21:39:56.585+0000] {dag.py:3089} INFO - Sync 1 DAGs
[2026-06-14T21:39:56.616+0000] {logging_mixin.py:188} INFO - [2026-06-14T21:39:56.616+0000] {dag.py:3947} INFO - Setting next_dagrun for example_trigger_target_dag to None, run_after=None
[2026-06-14T21:39:56.662+0000] {processor.py:183} INFO - Processing /home/airflow/.local/lib/python3.12/site-packages/airflow/example_dags/example_trigger_target_dag.py took 0.488 seconds
[2026-06-14T21:40:27.133+0000] {processor.py:161} INFO - Started process (PID=127) to work on /home/airflow/.local/lib/python3.12/site-packages/airflow/example_dags/example_trigger_target_dag.py
[2026-06-14T21:40:27.134+0000] {processor.py:830} INFO - Processing file /home/airflow/.local/lib/python3.12/site-packages/airflow/example_dags/example_trigger_target_dag.py for tasks to queue
[2026-06-14T21:40:27.136+0000] {logging_mixin.py:188} INFO - [2026-06-14T21:40:27.136+0000] {dagbag.py:545} INFO - Filling up the DagBag from /home/airflow/.local/lib/python3.12/site-packages/airflow/example_dags/example_trigger_target_dag.py
[2026-06-14T21:40:27.144+0000] {processor.py:840} INFO - DAG(s) 'example_trigger_target_dag' retrieved from /home/airflow/.local/lib/python3.12/site-packages/airflow/example_dags/example_trigger_target_dag.py
[2026-06-14T21:40:27.167+0000] {logging_mixin.py:188} INFO - [2026-06-14T21:40:27.166+0000] {dag.py:3089} INFO - Sync 1 DAGs
[2026-06-14T21:40:27.181+0000] {logging_mixin.py:188} INFO - [2026-06-14T21:40:27.181+0000] {dag.py:3947} INFO - Setting next_dagrun for example_trigger_target_dag to None, run_after=None
[2026-06-14T21:40:27.203+0000] {processor.py:183} INFO - Processing /home/airflow/.local/lib/python3.12/site-packages/airflow/example_dags/example_trigger_target_dag.py took 0.076 seconds
[2026-06-14T21:40:57.374+0000] {processor.py:161} INFO - Started process (PID=186) to work on /home/airflow/.local/lib/python3.12/site-packages/airflow/example_dags/example_trigger_target_dag.py
[2026-06-14T21:40:57.375+0000] {processor.py:830} INFO - Processing file /home/airflow/.local/lib/python3.12/site-packages/airflow/example_dags/example_trigger_target_dag.py for tasks to queue
[2026-06-14T21:40:57.378+0000] {logging_mixin.py:188} INFO - [2026-06-14T21:40:57.377+0000] {dagbag.py:545} INFO - Filling up the DagBag from /home/airflow/.local/lib/python3.12/site-packages/airflow/example_dags/example_trigger_target_dag.py
[2026-06-14T21:40:57.387+0000] {processor.py:840} INFO - DAG(s) 'example_trigger_target_dag' retrieved from /home/airflow/.local/lib/python3.12/site-packages/airflow/example_dags/example_trigger_target_dag.py
[2026-06-14T21:40:57.419+0000] {logging_mixin.py:188} INFO - [2026-06-14T21:40:57.419+0000] {dag.py:3089} INFO - Sync 1 DAGs
[2026-06-14T21:40:57.437+0000] {logging_mixin.py:188} INFO - [2026-06-14T21:40:57.437+0000] {dag.py:3947} INFO - Setting next_dagrun for example_trigger_target_dag to None, run_after=None
[2026-06-14T21:40:57.471+0000] {processor.py:183} INFO - Processing /home/airflow/.local/lib/python3.12/site-packages/airflow/example_dags/example_trigger_target_dag.py took 0.104 seconds
[2026-06-14T21:41:27.717+0000] {processor.py:161} INFO - Started process (PID=245) to work on /home/airflow/.local/lib/python3.12/site-packages/airflow/example_dags/example_trigger_target_dag.py
[2026-06-14T21:41:27.718+0000] {processor.py:830} INFO - Processing file /home/airflow/.local/lib/python3.12/site-packages/airflow/example_dags/example_trigger_target_dag.py for tasks to queue
[2026-06-14T21:41:27.720+0000] {logging_mixin.py:188} INFO - [2026-06-14T21:41:27.720+0000] {dagbag.py:545} INFO - Filling up the DagBag from /home/airflow/.local/lib/python3.12/site-packages/airflow/example_dags/example_trigger_target_dag.py
[2026-06-14T21:41:27.730+0000] {processor.py:840} INFO - DAG(s) 'example_trigger_target_dag' retrieved from /home/airflow/.local/lib/python3.12/site-packages/airflow/example_dags/example_trigger_target_dag.py
[2026-06-14T21:41:27.751+0000] {logging_mixin.py:188} INFO - [2026-06-14T21:41:27.751+0000] {dag.py:3089} INFO - Sync 1 DAGs
[2026-06-14T21:41:27.766+0000] {logging_mixin.py:188} INFO - [2026-06-14T21:41:27.766+0000] {dag.py:3947} INFO - Setting next_dagrun for example_trigger_target_dag to None, run_after=None
[2026-06-14T21:41:27.800+0000] {processor.py:183} INFO - Processing /home/airflow/.local/lib/python3.12/site-packages/airflow/example_dags/example_trigger_target_dag.py took 0.089 seconds
[2026-06-14T21:41:57.925+0000] {processor.py:161} INFO - Started process (PID=304) to work on /home/airflow/.local/lib/python3.12/site-packages/airflow/example_dags/example_trigger_target_dag.py
[2026-06-14T21:41:57.927+0000] {processor.py:830} INFO - Processing file /home/airflow/.local/lib/python3.12/site-packages/airflow/example_dags/example_trigger_target_dag.py for tasks to queue
[2026-06-14T21:41:57.932+0000] {logging_mixin.py:188} INFO - [2026-06-14T21:41:57.931+0000] {dagbag.py:545} INFO - Filling up the DagBag from /home/airflow/.local/lib/python3.12/site-packages/airflow/example_dags/example_trigger_target_dag.py
[2026-06-14T21:41:57.944+0000] {processor.py:840} INFO - DAG(s) 'example_trigger_target_dag' retrieved from /home/airflow/.local/lib/python3.12/site-packages/airflow/example_dags/example_trigger_target_dag.py
[2026-06-14T21:41:57.970+0000] {logging_mixin.py:188} INFO - [2026-06-14T21:41:57.970+0000] {dag.py:3089} INFO - Sync 1 DAGs
[2026-06-14T21:41:57.995+0000] {logging_mixin.py:188} INFO - [2026-06-14T21:41:57.995+0000] {dag.py:3947} INFO - Setting next_dagrun for example_trigger_target_dag to None, run_after=None
[2026-06-14T21:41:58.035+0000] {processor.py:183} INFO - Processing /home/airflow/.local/lib/python3.12/site-packages/airflow/example_dags/example_trigger_target_dag.py took 0.119 seconds
[2026-06-14T21:42:28.444+0000] {processor.py:161} INFO - Started process (PID=363) to work on /home/airflow/.local/lib/python3.12/site-packages/airflow/example_dags/example_trigger_target_dag.py
[2026-06-14T21:42:28.446+0000] {processor.py:830} INFO - Processing file /home/airflow/.local/lib/python3.12/site-packages/airflow/example_dags/example_trigger_target_dag.py for tasks to queue
[2026-06-14T21:42:28.449+0000] {logging_mixin.py:188} INFO - [2026-06-14T21:42:28.449+0000] {dagbag.py:545} INFO - Filling up the DagBag from /home/airflow/.local/lib/python3.12/site-packages/airflow/example_dags/example_trigger_target_dag.py
[2026-06-14T21:42:28.457+0000] {processor.py:840} INFO - DAG(s) 'example_trigger_target_dag' retrieved from /home/airflow/.local/lib/python3.12/site-packages/airflow/example_dags/example_trigger_target_dag.py
[2026-06-14T21:42:28.485+0000] {logging_mixin.py:188} INFO - [2026-06-14T21:42:28.485+0000] {dag.py:3089} INFO - Sync 1 DAGs
[2026-06-14T21:42:28.507+0000] {logging_mixin.py:188} INFO - [2026-06-14T21:42:28.506+0000] {dag.py:3947} INFO - Setting next_dagrun for example_trigger_target_dag to None, run_after=None
[2026-06-14T21:42:28.540+0000] {processor.py:183} INFO - Processing /home/airflow/.local/lib/python3.12/site-packages/airflow/example_dags/example_trigger_target_dag.py took 0.106 seconds
[2026-06-14T21:42:58.726+0000] {processor.py:161} INFO - Started process (PID=422) to work on /home/airflow/.local/lib/python3.12/site-packages/airflow/example_dags/example_trigger_target_dag.py
[2026-06-14T21:42:58.728+0000] {processor.py:830} INFO - Processing file /home/airflow/.local/lib/python3.12/site-packages/airflow/example_dags/example_trigger_target_dag.py for tasks to queue
[2026-06-14T21:42:58.731+0000] {logging_mixin.py:188} INFO - [2026-06-14T21:42:58.730+0000] {dagbag.py:545} INFO - Filling up the DagBag from /home/airflow/.local/lib/python3.12/site-packages/airflow/example_dags/example_trigger_target_dag.py
[2026-06-14T21:42:58.738+0000] {processor.py:840} INFO - DAG(s) 'example_trigger_target_dag' retrieved from /home/airflow/.local/lib/python3.12/site-packages/airflow/example_dags/example_trigger_target_dag.py
[2026-06-14T21:42:58.759+0000] {logging_mixin.py:188} INFO - [2026-06-14T21:42:58.759+0000] {dag.py:3089} INFO - Sync 1 DAGs
[2026-06-14T21:42:58.772+0000] {logging_mixin.py:188} INFO - [2026-06-14T21:42:58.771+0000] {dag.py:3947} INFO - Setting next_dagrun for example_trigger_target_dag to None, run_after=None
[2026-06-14T21:42:58.795+0000] {processor.py:183} INFO - Processing /home/airflow/.local/lib/python3.12/site-packages/airflow/example_dags/example_trigger_target_dag.py took 0.078 seconds
[2026-06-14T21:43:28.835+0000] {processor.py:161} INFO - Started process (PID=480) to work on /home/airflow/.local/lib/python3.12/site-packages/airflow/example_dags/example_trigger_target_dag.py
[2026-06-14T21:43:28.836+0000] {processor.py:830} INFO - Processing file /home/airflow/.local/lib/python3.12/site-packages/airflow/example_dags/example_trigger_target_dag.py for tasks to queue
[2026-06-14T21:43:28.839+0000] {logging_mixin.py:188} INFO - [2026-06-14T21:43:28.838+0000] {dagbag.py:545} INFO - Filling up the DagBag from /home/airflow/.local/lib/python3.12/site-packages/airflow/example_dags/example_trigger_target_dag.py
[2026-06-14T21:43:28.845+0000] {processor.py:840} INFO - DAG(s) 'example_trigger_target_dag' retrieved from /home/airflow/.local/lib/python3.12/site-packages/airflow/example_dags/example_trigger_target_dag.py
[2026-06-14T21:43:28.865+0000] {logging_mixin.py:188} INFO - [2026-06-14T21:43:28.864+0000] {dag.py:3089} INFO - Sync 1 DAGs
[2026-06-14T21:43:28.877+0000] {logging_mixin.py:188} INFO - [2026-06-14T21:43:28.877+0000] {dag.py:3947} INFO - Setting next_dagrun for example_trigger_target_dag to None, run_after=None
[2026-06-14T21:43:28.898+0000] {processor.py:183} INFO - Processing /home/airflow/.local/lib/python3.12/site-packages/airflow/example_dags/example_trigger_target_dag.py took 0.068 seconds
[2026-06-14T21:43:58.969+0000] {processor.py:161} INFO - Started process (PID=539) to work on /home/airflow/.local/lib/python3.12/site-packages/airflow/example_dags/example_trigger_target_dag.py
[2026-06-14T21:43:58.970+0000] {processor.py:830} INFO - Processing file /home/airflow/.local/lib/python3.12/site-packages/airflow/example_dags/example_trigger_target_dag.py for tasks to queue
[2026-06-14T21:43:58.972+0000] {logging_mixin.py:188} INFO - [2026-06-14T21:43:58.972+0000] {dagbag.py:545} INFO - Filling up the DagBag from /home/airflow/.local/lib/python3.12/site-packages/airflow/example_dags/example_trigger_target_dag.py
[2026-06-14T21:43:58.979+0000] {processor.py:840} INFO - DAG(s) 'example_trigger_target_dag' retrieved from /home/airflow/.local/lib/python3.12/site-packages/airflow/example_dags/example_trigger_target_dag.py
[2026-06-14T21:43:59.001+0000] {logging_mixin.py:188} INFO - [2026-06-14T21:43:59.001+0000] {dag.py:3089} INFO - Sync 1 DAGs
[2026-06-14T21:43:59.015+0000] {logging_mixin.py:188} INFO - [2026-06-14T21:43:59.014+0000] {dag.py:3947} INFO - Setting next_dagrun for example_trigger_target_dag to None, run_after=None
[2026-06-14T21:43:59.036+0000] {processor.py:183} INFO - Processing /home/airflow/.local/lib/python3.12/site-packages/airflow/example_dags/example_trigger_target_dag.py took 0.074 seconds
[2026-06-14T21:44:29.131+0000] {processor.py:161} INFO - Started process (PID=598) to work on /home/airflow/.local/lib/python3.12/site-packages/airflow/example_dags/example_trigger_target_dag.py
[2026-06-14T21:44:29.132+0000] {processor.py:830} INFO - Processing file /home/airflow/.local/lib/python3.12/site-packages/airflow/example_dags/example_trigger_target_dag.py for tasks to queue
[2026-06-14T21:44:29.135+0000] {logging_mixin.py:188} INFO - [2026-06-14T21:44:29.134+0000] {dagbag.py:545} INFO - Filling up the DagBag from /home/airflow/.local/lib/python3.12/site-packages/airflow/example_dags/example_trigger_target_dag.py
[2026-06-14T21:44:29.141+0000] {processor.py:840} INFO - DAG(s) 'example_trigger_target_dag' retrieved from /home/airflow/.local/lib/python3.12/site-packages/airflow/example_dags/example_trigger_target_dag.py
[2026-06-14T21:44:29.164+0000] {logging_mixin.py:188} INFO - [2026-06-14T21:44:29.164+0000] {dag.py:3089} INFO - Sync 1 DAGs
[2026-06-14T21:44:29.179+0000] {logging_mixin.py:188} INFO - [2026-06-14T21:44:29.179+0000] {dag.py:3947} INFO - Setting next_dagrun for example_trigger_target_dag to None, run_after=None
[2026-06-14T21:44:29.205+0000] {processor.py:183} INFO - Processing /home/airflow/.local/lib/python3.12/site-packages/airflow/example_dags/example_trigger_target_dag.py took 0.080 seconds
[2026-06-14T21:44:59.702+0000] {processor.py:161} INFO - Started process (PID=658) to work on /home/airflow/.local/lib/python3.12/site-packages/airflow/example_dags/example_trigger_target_dag.py
[2026-06-14T21:44:59.703+0000] {processor.py:830} INFO - Processing file /home/airflow/.local/lib/python3.12/site-packages/airflow/example_dags/example_trigger_target_dag.py for tasks to queue
[2026-06-14T21:44:59.707+0000] {logging_mixin.py:188} INFO - [2026-06-14T21:44:59.706+0000] {dagbag.py:545} INFO - Filling up the DagBag from /home/airflow/.local/lib/python3.12/site-packages/airflow/example_dags/example_trigger_target_dag.py
[2026-06-14T21:44:59.718+0000] {processor.py:840} INFO - DAG(s) 'example_trigger_target_dag' retrieved from /home/airflow/.local/lib/python3.12/site-packages/airflow/example_dags/example_trigger_target_dag.py
[2026-06-14T21:44:59.752+0000] {logging_mixin.py:188} INFO - [2026-06-14T21:44:59.751+0000] {dag.py:3089} INFO - Sync 1 DAGs
[2026-06-14T21:44:59.769+0000] {logging_mixin.py:188} INFO - [2026-06-14T21:44:59.769+0000] {dag.py:3947} INFO - Setting next_dagrun for example_trigger_target_dag to None, run_after=None
[2026-06-14T21:44:59.799+0000] {processor.py:183} INFO - Processing /home/airflow/.local/lib/python3.12/site-packages/airflow/example_dags/example_trigger_target_dag.py took 0.107 seconds
[2026-06-14T21:45:29.961+0000] {processor.py:161} INFO - Started process (PID=717) to work on /home/airflow/.local/lib/python3.12/site-packages/airflow/example_dags/example_trigger_target_dag.py
[2026-06-14T21:45:29.963+0000] {processor.py:830} INFO - Processing file /home/airflow/.local/lib/python3.12/site-packages/airflow/example_dags/example_trigger_target_dag.py for tasks to queue
[2026-06-14T21:45:29.967+0000] {logging_mixin.py:188} INFO - [2026-06-14T21:45:29.967+0000] {dagbag.py:545} INFO - Filling up the DagBag from /home/airflow/.local/lib/python3.12/site-packages/airflow/example_dags/example_trigger_target_dag.py
[2026-06-14T21:45:29.981+0000] {processor.py:840} INFO - DAG(s) 'example_trigger_target_dag' retrieved from /home/airflow/.local/lib/python3.12/site-packages/airflow/example_dags/example_trigger_target_dag.py
[2026-06-14T21:45:30.015+0000] {logging_mixin.py:188} INFO - [2026-06-14T21:45:30.014+0000] {dag.py:3089} INFO - Sync 1 DAGs
[2026-06-14T21:45:30.038+0000] {logging_mixin.py:188} INFO - [2026-06-14T21:45:30.037+0000] {dag.py:3947} INFO - Setting next_dagrun for example_trigger_target_dag to None, run_after=None
[2026-06-14T21:45:30.082+0000] {processor.py:183} INFO - Processing /home/airflow/.local/lib/python3.12/site-packages/airflow/example_dags/example_trigger_target_dag.py took 0.134 seconds
[2026-06-14T21:46:00.244+0000] {processor.py:161} INFO - Started process (PID=776) to work on /home/airflow/.local/lib/python3.12/site-packages/airflow/example_dags/example_trigger_target_dag.py
[2026-06-14T21:46:00.246+0000] {processor.py:830} INFO - Processing file /home/airflow/.local/lib/python3.12/site-packages/airflow/example_dags/example_trigger_target_dag.py for tasks to queue
[2026-06-14T21:46:00.249+0000] {logging_mixin.py:188} INFO - [2026-06-14T21:46:00.248+0000] {dagbag.py:545} INFO - Filling up the DagBag from /home/airflow/.local/lib/python3.12/site-packages/airflow/example_dags/example_trigger_target_dag.py
[2026-06-14T21:46:00.259+0000] {processor.py:840} INFO - DAG(s) 'example_trigger_target_dag' retrieved from /home/airflow/.local/lib/python3.12/site-packages/airflow/example_dags/example_trigger_target_dag.py
[2026-06-14T21:46:00.293+0000] {logging_mixin.py:188} INFO - [2026-06-14T21:46:00.293+0000] {dag.py:3089} INFO - Sync 1 DAGs
[2026-06-14T21:46:00.313+0000] {logging_mixin.py:188} INFO - [2026-06-14T21:46:00.313+0000] {dag.py:3947} INFO - Setting next_dagrun for example_trigger_target_dag to None, run_after=None
[2026-06-14T21:46:00.344+0000] {processor.py:183} INFO - Processing /home/airflow/.local/lib/python3.12/site-packages/airflow/example_dags/example_trigger_target_dag.py took 0.108 seconds
[2026-06-14T21:46:30.671+0000] {processor.py:161} INFO - Started process (PID=835) to work on /home/airflow/.local/lib/python3.12/site-packages/airflow/example_dags/example_trigger_target_dag.py
[2026-06-14T21:46:30.672+0000] {processor.py:830} INFO - Processing file /home/airflow/.local/lib/python3.12/site-packages/airflow/example_dags/example_trigger_target_dag.py for tasks to queue
[2026-06-14T21:46:30.675+0000] {logging_mixin.py:188} INFO - [2026-06-14T21:46:30.674+0000] {dagbag.py:545} INFO - Filling up the DagBag from /home/airflow/.local/lib/python3.12/site-packages/airflow/example_dags/example_trigger_target_dag.py
[2026-06-14T21:46:30.682+0000] {processor.py:840} INFO - DAG(s) 'example_trigger_target_dag' retrieved from /home/airflow/.local/lib/python3.12/site-packages/airflow/example_dags/example_trigger_target_dag.py
[2026-06-14T21:46:30.714+0000] {logging_mixin.py:188} INFO - [2026-06-14T21:46:30.714+0000] {dag.py:3089} INFO - Sync 1 DAGs
[2026-06-14T21:46:30.734+0000] {logging_mixin.py:188} INFO - [2026-06-14T21:46:30.734+0000] {dag.py:3947} INFO - Setting next_dagrun for example_trigger_target_dag to None, run_after=None
[2026-06-14T21:46:30.815+0000] {processor.py:183} INFO - Processing /home/airflow/.local/lib/python3.12/site-packages/airflow/example_dags/example_trigger_target_dag.py took 0.152 seconds
[2026-06-14T21:47:01.635+0000] {processor.py:161} INFO - Started process (PID=894) to work on /home/airflow/.local/lib/python3.12/site-packages/airflow/example_dags/example_trigger_target_dag.py
[2026-06-14T21:47:01.639+0000] {processor.py:830} INFO - Processing file /home/airflow/.local/lib/python3.12/site-packages/airflow/example_dags/example_trigger_target_dag.py for tasks to queue
[2026-06-14T21:47:01.646+0000] {logging_mixin.py:188} INFO - [2026-06-14T21:47:01.645+0000] {dagbag.py:545} INFO - Filling up the DagBag from /home/airflow/.local/lib/python3.12/site-packages/airflow/example_dags/example_trigger_target_dag.py
[2026-06-14T21:47:01.667+0000] {processor.py:840} INFO - DAG(s) 'example_trigger_target_dag' retrieved from /home/airflow/.local/lib/python3.12/site-packages/airflow/example_dags/example_trigger_target_dag.py
[2026-06-14T21:47:01.722+0000] {logging_mixin.py:188} INFO - [2026-06-14T21:47:01.721+0000] {dag.py:3089} INFO - Sync 1 DAGs
[2026-06-14T21:47:01.755+0000] {logging_mixin.py:188} INFO - [2026-06-14T21:47:01.755+0000] {dag.py:3947} INFO - Setting next_dagrun for example_trigger_target_dag to None, run_after=None
[2026-06-14T21:47:01.803+0000] {processor.py:183} INFO - Processing /home/airflow/.local/lib/python3.12/site-packages/airflow/example_dags/example_trigger_target_dag.py took 0.190 seconds
[2026-06-14T21:47:32.150+0000] {processor.py:161} INFO - Started process (PID=953) to work on /home/airflow/.local/lib/python3.12/site-packages/airflow/example_dags/example_trigger_target_dag.py
[2026-06-14T21:47:32.152+0000] {processor.py:830} INFO - Processing file /home/airflow/.local/lib/python3.12/site-packages/airflow/example_dags/example_trigger_target_dag.py for tasks to queue
[2026-06-14T21:47:32.155+0000] {logging_mixin.py:188} INFO - [2026-06-14T21:47:32.154+0000] {dagbag.py:545} INFO - Filling up the DagBag from /home/airflow/.local/lib/python3.12/site-packages/airflow/example_dags/example_trigger_target_dag.py
[2026-06-14T21:47:32.163+0000] {processor.py:840} INFO - DAG(s) 'example_trigger_target_dag' retrieved from /home/airflow/.local/lib/python3.12/site-packages/airflow/example_dags/example_trigger_target_dag.py
[2026-06-14T21:47:32.190+0000] {logging_mixin.py:188} INFO - [2026-06-14T21:47:32.190+0000] {dag.py:3089} INFO - Sync 1 DAGs
[2026-06-14T21:47:32.207+0000] {logging_mixin.py:188} INFO - [2026-06-14T21:47:32.206+0000] {dag.py:3947} INFO - Setting next_dagrun for example_trigger_target_dag to None, run_after=None
[2026-06-14T21:47:32.277+0000] {processor.py:183} INFO - Processing /home/airflow/.local/lib/python3.12/site-packages/airflow/example_dags/example_trigger_target_dag.py took 0.135 seconds
[2026-06-14T21:48:02.731+0000] {processor.py:161} INFO - Started process (PID=1011) to work on /home/airflow/.local/lib/python3.12/site-packages/airflow/example_dags/example_trigger_target_dag.py
[2026-06-14T21:48:02.732+0000] {processor.py:830} INFO - Processing file /home/airflow/.local/lib/python3.12/site-packages/airflow/example_dags/example_trigger_target_dag.py for tasks to queue
[2026-06-14T21:48:02.735+0000] {logging_mixin.py:188} INFO - [2026-06-14T21:48:02.735+0000] {dagbag.py:545} INFO - Filling up the DagBag from /home/airflow/.local/lib/python3.12/site-packages/airflow/example_dags/example_trigger_target_dag.py
[2026-06-14T21:48:02.745+0000] {processor.py:840} INFO - DAG(s) 'example_trigger_target_dag' retrieved from /home/airflow/.local/lib/python3.12/site-packages/airflow/example_dags/example_trigger_target_dag.py
[2026-06-14T21:48:02.780+0000] {logging_mixin.py:188} INFO - [2026-06-14T21:48:02.779+0000] {dag.py:3089} INFO - Sync 1 DAGs
[2026-06-14T21:48:02.798+0000] {logging_mixin.py:188} INFO - [2026-06-14T21:48:02.797+0000] {dag.py:3947} INFO - Setting next_dagrun for example_trigger_target_dag to None, run_after=None
[2026-06-14T21:48:02.826+0000] {processor.py:183} INFO - Processing /home/airflow/.local/lib/python3.12/site-packages/airflow/example_dags/example_trigger_target_dag.py took 0.104 seconds
[2026-06-14T21:48:33.368+0000] {processor.py:161} INFO - Started process (PID=1070) to work on /home/airflow/.local/lib/python3.12/site-packages/airflow/example_dags/example_trigger_target_dag.py
[2026-06-14T21:48:33.370+0000] {processor.py:830} INFO - Processing file /home/airflow/.local/lib/python3.12/site-packages/airflow/example_dags/example_trigger_target_dag.py for tasks to queue
[2026-06-14T21:48:33.374+0000] {logging_mixin.py:188} INFO - [2026-06-14T21:48:33.373+0000] {dagbag.py:545} INFO - Filling up the DagBag from /home/airflow/.local/lib/python3.12/site-packages/airflow/example_dags/example_trigger_target_dag.py
[2026-06-14T21:48:33.386+0000] {processor.py:840} INFO - DAG(s) 'example_trigger_target_dag' retrieved from /home/airflow/.local/lib/python3.12/site-packages/airflow/example_dags/example_trigger_target_dag.py
[2026-06-14T21:48:33.416+0000] {logging_mixin.py:188} INFO - [2026-06-14T21:48:33.416+0000] {dag.py:3089} INFO - Sync 1 DAGs
[2026-06-14T21:48:33.439+0000] {logging_mixin.py:188} INFO - [2026-06-14T21:48:33.436+0000] {dag.py:3947} INFO - Setting next_dagrun for example_trigger_target_dag to None, run_after=None
[2026-06-14T21:48:33.496+0000] {processor.py:183} INFO - Processing /home/airflow/.local/lib/python3.12/site-packages/airflow/example_dags/example_trigger_target_dag.py took 0.138 seconds
[2026-06-14T21:49:03.590+0000] {processor.py:161} INFO - Started process (PID=1128) to work on /home/airflow/.local/lib/python3.12/site-packages/airflow/example_dags/example_trigger_target_dag.py
[2026-06-14T21:49:03.592+0000] {processor.py:830} INFO - Processing file /home/airflow/.local/lib/python3.12/site-packages/airflow/example_dags/example_trigger_target_dag.py for tasks to queue
[2026-06-14T21:49:03.595+0000] {logging_mixin.py:188} INFO - [2026-06-14T21:49:03.595+0000] {dagbag.py:545} INFO - Filling up the DagBag from /home/airflow/.local/lib/python3.12/site-packages/airflow/example_dags/example_trigger_target_dag.py
[2026-06-14T21:49:03.603+0000] {processor.py:840} INFO - DAG(s) 'example_trigger_target_dag' retrieved from /home/airflow/.local/lib/python3.12/site-packages/airflow/example_dags/example_trigger_target_dag.py
[2026-06-14T21:49:03.632+0000] {logging_mixin.py:188} INFO - [2026-06-14T21:49:03.631+0000] {dag.py:3089} INFO - Sync 1 DAGs
[2026-06-14T21:49:03.651+0000] {logging_mixin.py:188} INFO - [2026-06-14T21:49:03.651+0000] {dag.py:3947} INFO - Setting next_dagrun for example_trigger_target_dag to None, run_after=None
[2026-06-14T21:49:03.681+0000] {processor.py:183} INFO - Processing /home/airflow/.local/lib/python3.12/site-packages/airflow/example_dags/example_trigger_target_dag.py took 0.098 seconds
[2026-06-14T21:49:33.886+0000] {processor.py:161} INFO - Started process (PID=1187) to work on /home/airflow/.local/lib/python3.12/site-packages/airflow/example_dags/example_trigger_target_dag.py
[2026-06-14T21:49:33.888+0000] {processor.py:830} INFO - Processing file /home/airflow/.local/lib/python3.12/site-packages/airflow/example_dags/example_trigger_target_dag.py for tasks to queue
[2026-06-14T21:49:33.892+0000] {logging_mixin.py:188} INFO - [2026-06-14T21:49:33.891+0000] {dagbag.py:545} INFO - Filling up the DagBag from /home/airflow/.local/lib/python3.12/site-packages/airflow/example_dags/example_trigger_target_dag.py
[2026-06-14T21:49:33.904+0000] {processor.py:840} INFO - DAG(s) 'example_trigger_target_dag' retrieved from /home/airflow/.local/lib/python3.12/site-packages/airflow/example_dags/example_trigger_target_dag.py
[2026-06-14T21:49:33.937+0000] {logging_mixin.py:188} INFO - [2026-06-14T21:49:33.936+0000] {dag.py:3089} INFO - Sync 1 DAGs
[2026-06-14T21:49:33.955+0000] {logging_mixin.py:188} INFO - [2026-06-14T21:49:33.954+0000] {dag.py:3947} INFO - Setting next_dagrun for example_trigger_target_dag to None, run_after=None
[2026-06-14T21:49:34.023+0000] {processor.py:183} INFO - Processing /home/airflow/.local/lib/python3.12/site-packages/airflow/example_dags/example_trigger_target_dag.py took 0.146 seconds
