[2026-06-14T21:26:33.620+0000] {processor.py:161} INFO - Started process (PID=91) to work on /home/airflow/.local/lib/python3.12/site-packages/airflow/example_dags/example_branch_datetime_operator.py
[2026-06-14T21:26:33.621+0000] {processor.py:830} INFO - Processing file /home/airflow/.local/lib/python3.12/site-packages/airflow/example_dags/example_branch_datetime_operator.py for tasks to queue
[2026-06-14T21:26:33.624+0000] {logging_mixin.py:188} INFO - [2026-06-14T21:26:33.624+0000] {dagbag.py:545} INFO - Filling up the DagBag from /home/airflow/.local/lib/python3.12/site-packages/airflow/example_dags/example_branch_datetime_operator.py
[2026-06-14T21:26:33.648+0000] {processor.py:840} INFO - DAG(s) 'example_branch_datetime_operator_3', 'example_branch_datetime_operator', 'example_branch_datetime_operator_2' retrieved from /home/airflow/.local/lib/python3.12/site-packages/airflow/example_dags/example_branch_datetime_operator.py
[2026-06-14T21:26:33.846+0000] {logging_mixin.py:188} INFO - [2026-06-14T21:26:33.845+0000] {override.py:1858} INFO - Created Permission View: can delete on DAG:example_branch_datetime_operator_3
[2026-06-14T21:26:33.863+0000] {logging_mixin.py:188} INFO - [2026-06-14T21:26:33.862+0000] {override.py:1858} INFO - Created Permission View: can edit on DAG:example_branch_datetime_operator_3
[2026-06-14T21:26:33.875+0000] {logging_mixin.py:188} INFO - [2026-06-14T21:26:33.874+0000] {override.py:1858} INFO - Created Permission View: can read on DAG:example_branch_datetime_operator_3
[2026-06-14T21:26:33.896+0000] {logging_mixin.py:188} INFO - [2026-06-14T21:26:33.895+0000] {override.py:1858} INFO - Created Permission View: can delete on DAG:example_branch_datetime_operator
[2026-06-14T21:26:33.908+0000] {logging_mixin.py:188} INFO - [2026-06-14T21:26:33.907+0000] {override.py:1858} INFO - Created Permission View: can edit on DAG:example_branch_datetime_operator
[2026-06-14T21:26:33.920+0000] {logging_mixin.py:188} INFO - [2026-06-14T21:26:33.919+0000] {override.py:1858} INFO - Created Permission View: can read on DAG:example_branch_datetime_operator
[2026-06-14T21:26:33.943+0000] {logging_mixin.py:188} INFO - [2026-06-14T21:26:33.942+0000] {override.py:1858} INFO - Created Permission View: can delete on DAG:example_branch_datetime_operator_2
[2026-06-14T21:26:33.956+0000] {logging_mixin.py:188} INFO - [2026-06-14T21:26:33.955+0000] {override.py:1858} INFO - Created Permission View: can edit on DAG:example_branch_datetime_operator_2
[2026-06-14T21:26:33.968+0000] {logging_mixin.py:188} INFO - [2026-06-14T21:26:33.967+0000] {override.py:1858} INFO - Created Permission View: can read on DAG:example_branch_datetime_operator_2
[2026-06-14T21:26:33.971+0000] {logging_mixin.py:188} INFO - [2026-06-14T21:26:33.970+0000] {dag.py:3089} INFO - Sync 3 DAGs
[2026-06-14T21:26:33.991+0000] {logging_mixin.py:188} INFO - [2026-06-14T21:26:33.991+0000] {dag.py:3111} INFO - Creating ORM DAG for example_branch_datetime_operator_3
[2026-06-14T21:26:33.993+0000] {logging_mixin.py:188} INFO - [2026-06-14T21:26:33.993+0000] {dag.py:3111} INFO - Creating ORM DAG for example_branch_datetime_operator
[2026-06-14T21:26:33.995+0000] {logging_mixin.py:188} INFO - [2026-06-14T21:26:33.994+0000] {dag.py:3111} INFO - Creating ORM DAG for example_branch_datetime_operator_2
[2026-06-14T21:26:34.011+0000] {logging_mixin.py:188} INFO - [2026-06-14T21:26:34.011+0000] {dag.py:3947} INFO - Setting next_dagrun for example_branch_datetime_operator to 2026-06-13 00:00:00+00:00, run_after=2026-06-14 00:00:00+00:00
[2026-06-14T21:26:34.014+0000] {logging_mixin.py:188} INFO - [2026-06-14T21:26:34.014+0000] {dag.py:3947} INFO - Setting next_dagrun for example_branch_datetime_operator_2 to 2026-06-13 00:00:00+00:00, run_after=2026-06-14 00:00:00+00:00
[2026-06-14T21:26:34.016+0000] {logging_mixin.py:188} INFO - [2026-06-14T21:26:34.016+0000] {dag.py:3947} INFO - Setting next_dagrun for example_branch_datetime_operator_3 to 2026-06-13 00:00:00+00:00, run_after=2026-06-14 00:00:00+00:00
[2026-06-14T21:26:34.045+0000] {processor.py:183} INFO - Processing /home/airflow/.local/lib/python3.12/site-packages/airflow/example_dags/example_branch_datetime_operator.py took 0.433 seconds
[2026-06-14T21:27:04.913+0000] {processor.py:161} INFO - Started process (PID=150) to work on /home/airflow/.local/lib/python3.12/site-packages/airflow/example_dags/example_branch_datetime_operator.py
[2026-06-14T21:27:04.915+0000] {processor.py:830} INFO - Processing file /home/airflow/.local/lib/python3.12/site-packages/airflow/example_dags/example_branch_datetime_operator.py for tasks to queue
[2026-06-14T21:27:04.917+0000] {logging_mixin.py:188} INFO - [2026-06-14T21:27:04.917+0000] {dagbag.py:545} INFO - Filling up the DagBag from /home/airflow/.local/lib/python3.12/site-packages/airflow/example_dags/example_branch_datetime_operator.py
[2026-06-14T21:27:04.933+0000] {processor.py:840} INFO - DAG(s) 'example_branch_datetime_operator', 'example_branch_datetime_operator_2', 'example_branch_datetime_operator_3' retrieved from /home/airflow/.local/lib/python3.12/site-packages/airflow/example_dags/example_branch_datetime_operator.py
[2026-06-14T21:27:04.971+0000] {logging_mixin.py:188} INFO - [2026-06-14T21:27:04.970+0000] {dag.py:3089} INFO - Sync 3 DAGs
[2026-06-14T21:27:05.009+0000] {logging_mixin.py:188} INFO - [2026-06-14T21:27:05.009+0000] {dag.py:3947} INFO - Setting next_dagrun for example_branch_datetime_operator to 2026-06-13 00:00:00+00:00, run_after=2026-06-14 00:00:00+00:00
[2026-06-14T21:27:05.014+0000] {logging_mixin.py:188} INFO - [2026-06-14T21:27:05.014+0000] {dag.py:3947} INFO - Setting next_dagrun for example_branch_datetime_operator_2 to 2026-06-13 00:00:00+00:00, run_after=2026-06-14 00:00:00+00:00
[2026-06-14T21:27:05.018+0000] {logging_mixin.py:188} INFO - [2026-06-14T21:27:05.017+0000] {dag.py:3947} INFO - Setting next_dagrun for example_branch_datetime_operator_3 to 2026-06-13 00:00:00+00:00, run_after=2026-06-14 00:00:00+00:00
[2026-06-14T21:27:05.044+0000] {processor.py:183} INFO - Processing /home/airflow/.local/lib/python3.12/site-packages/airflow/example_dags/example_branch_datetime_operator.py took 0.138 seconds
[2026-06-14T21:27:35.188+0000] {processor.py:161} INFO - Started process (PID=209) to work on /home/airflow/.local/lib/python3.12/site-packages/airflow/example_dags/example_branch_datetime_operator.py
[2026-06-14T21:27:35.189+0000] {processor.py:830} INFO - Processing file /home/airflow/.local/lib/python3.12/site-packages/airflow/example_dags/example_branch_datetime_operator.py for tasks to queue
[2026-06-14T21:27:35.192+0000] {logging_mixin.py:188} INFO - [2026-06-14T21:27:35.192+0000] {dagbag.py:545} INFO - Filling up the DagBag from /home/airflow/.local/lib/python3.12/site-packages/airflow/example_dags/example_branch_datetime_operator.py
[2026-06-14T21:27:35.205+0000] {processor.py:840} INFO - DAG(s) 'example_branch_datetime_operator', 'example_branch_datetime_operator_2', 'example_branch_datetime_operator_3' retrieved from /home/airflow/.local/lib/python3.12/site-packages/airflow/example_dags/example_branch_datetime_operator.py
[2026-06-14T21:27:35.252+0000] {logging_mixin.py:188} INFO - [2026-06-14T21:27:35.252+0000] {dag.py:3089} INFO - Sync 3 DAGs
[2026-06-14T21:27:35.288+0000] {logging_mixin.py:188} INFO - [2026-06-14T21:27:35.288+0000] {dag.py:3947} INFO - Setting next_dagrun for example_branch_datetime_operator to 2026-06-13 00:00:00+00:00, run_after=2026-06-14 00:00:00+00:00
[2026-06-14T21:27:35.295+0000] {logging_mixin.py:188} INFO - [2026-06-14T21:27:35.295+0000] {dag.py:3947} INFO - Setting next_dagrun for example_branch_datetime_operator_2 to 2026-06-13 00:00:00+00:00, run_after=2026-06-14 00:00:00+00:00
[2026-06-14T21:27:35.299+0000] {logging_mixin.py:188} INFO - [2026-06-14T21:27:35.298+0000] {dag.py:3947} INFO - Setting next_dagrun for example_branch_datetime_operator_3 to 2026-06-13 00:00:00+00:00, run_after=2026-06-14 00:00:00+00:00
[2026-06-14T21:27:35.329+0000] {processor.py:183} INFO - Processing /home/airflow/.local/lib/python3.12/site-packages/airflow/example_dags/example_branch_datetime_operator.py took 0.149 seconds
[2026-06-14T21:28:06.210+0000] {processor.py:161} INFO - Started process (PID=268) to work on /home/airflow/.local/lib/python3.12/site-packages/airflow/example_dags/example_branch_datetime_operator.py
[2026-06-14T21:28:06.212+0000] {processor.py:830} INFO - Processing file /home/airflow/.local/lib/python3.12/site-packages/airflow/example_dags/example_branch_datetime_operator.py for tasks to queue
[2026-06-14T21:28:06.215+0000] {logging_mixin.py:188} INFO - [2026-06-14T21:28:06.214+0000] {dagbag.py:545} INFO - Filling up the DagBag from /home/airflow/.local/lib/python3.12/site-packages/airflow/example_dags/example_branch_datetime_operator.py
[2026-06-14T21:28:06.230+0000] {processor.py:840} INFO - DAG(s) 'example_branch_datetime_operator_2', 'example_branch_datetime_operator_3', 'example_branch_datetime_operator' retrieved from /home/airflow/.local/lib/python3.12/site-packages/airflow/example_dags/example_branch_datetime_operator.py
[2026-06-14T21:28:06.267+0000] {logging_mixin.py:188} INFO - [2026-06-14T21:28:06.267+0000] {dag.py:3089} INFO - Sync 3 DAGs
[2026-06-14T21:28:06.298+0000] {logging_mixin.py:188} INFO - [2026-06-14T21:28:06.298+0000] {dag.py:3947} INFO - Setting next_dagrun for example_branch_datetime_operator to 2026-06-13 00:00:00+00:00, run_after=2026-06-14 00:00:00+00:00
[2026-06-14T21:28:06.304+0000] {logging_mixin.py:188} INFO - [2026-06-14T21:28:06.303+0000] {dag.py:3947} INFO - Setting next_dagrun for example_branch_datetime_operator_2 to 2026-06-13 00:00:00+00:00, run_after=2026-06-14 00:00:00+00:00
[2026-06-14T21:28:06.307+0000] {logging_mixin.py:188} INFO - [2026-06-14T21:28:06.306+0000] {dag.py:3947} INFO - Setting next_dagrun for example_branch_datetime_operator_3 to 2026-06-13 00:00:00+00:00, run_after=2026-06-14 00:00:00+00:00
[2026-06-14T21:28:06.352+0000] {processor.py:183} INFO - Processing /home/airflow/.local/lib/python3.12/site-packages/airflow/example_dags/example_branch_datetime_operator.py took 0.151 seconds
[2026-06-14T21:28:36.564+0000] {processor.py:161} INFO - Started process (PID=327) to work on /home/airflow/.local/lib/python3.12/site-packages/airflow/example_dags/example_branch_datetime_operator.py
[2026-06-14T21:28:36.566+0000] {processor.py:830} INFO - Processing file /home/airflow/.local/lib/python3.12/site-packages/airflow/example_dags/example_branch_datetime_operator.py for tasks to queue
[2026-06-14T21:28:36.568+0000] {logging_mixin.py:188} INFO - [2026-06-14T21:28:36.568+0000] {dagbag.py:545} INFO - Filling up the DagBag from /home/airflow/.local/lib/python3.12/site-packages/airflow/example_dags/example_branch_datetime_operator.py
[2026-06-14T21:28:36.580+0000] {processor.py:840} INFO - DAG(s) 'example_branch_datetime_operator_2', 'example_branch_datetime_operator', 'example_branch_datetime_operator_3' retrieved from /home/airflow/.local/lib/python3.12/site-packages/airflow/example_dags/example_branch_datetime_operator.py
[2026-06-14T21:28:36.624+0000] {logging_mixin.py:188} INFO - [2026-06-14T21:28:36.623+0000] {dag.py:3089} INFO - Sync 3 DAGs
[2026-06-14T21:28:36.709+0000] {logging_mixin.py:188} INFO - [2026-06-14T21:28:36.709+0000] {dag.py:3947} INFO - Setting next_dagrun for example_branch_datetime_operator to 2026-06-13 00:00:00+00:00, run_after=2026-06-14 00:00:00+00:00
[2026-06-14T21:28:36.718+0000] {logging_mixin.py:188} INFO - [2026-06-14T21:28:36.717+0000] {dag.py:3947} INFO - Setting next_dagrun for example_branch_datetime_operator_2 to 2026-06-13 00:00:00+00:00, run_after=2026-06-14 00:00:00+00:00
[2026-06-14T21:28:36.723+0000] {logging_mixin.py:188} INFO - [2026-06-14T21:28:36.722+0000] {dag.py:3947} INFO - Setting next_dagrun for example_branch_datetime_operator_3 to 2026-06-13 00:00:00+00:00, run_after=2026-06-14 00:00:00+00:00
[2026-06-14T21:28:36.750+0000] {processor.py:183} INFO - Processing /home/airflow/.local/lib/python3.12/site-packages/airflow/example_dags/example_branch_datetime_operator.py took 0.194 seconds
[2026-06-14T21:29:07.492+0000] {processor.py:161} INFO - Started process (PID=386) to work on /home/airflow/.local/lib/python3.12/site-packages/airflow/example_dags/example_branch_datetime_operator.py
[2026-06-14T21:29:07.495+0000] {processor.py:830} INFO - Processing file /home/airflow/.local/lib/python3.12/site-packages/airflow/example_dags/example_branch_datetime_operator.py for tasks to queue
[2026-06-14T21:29:07.499+0000] {logging_mixin.py:188} INFO - [2026-06-14T21:29:07.499+0000] {dagbag.py:545} INFO - Filling up the DagBag from /home/airflow/.local/lib/python3.12/site-packages/airflow/example_dags/example_branch_datetime_operator.py
[2026-06-14T21:29:07.522+0000] {processor.py:840} INFO - DAG(s) 'example_branch_datetime_operator', 'example_branch_datetime_operator_2', 'example_branch_datetime_operator_3' retrieved from /home/airflow/.local/lib/python3.12/site-packages/airflow/example_dags/example_branch_datetime_operator.py
[2026-06-14T21:29:07.577+0000] {logging_mixin.py:188} INFO - [2026-06-14T21:29:07.576+0000] {dag.py:3089} INFO - Sync 3 DAGs
[2026-06-14T21:29:07.627+0000] {logging_mixin.py:188} INFO - [2026-06-14T21:29:07.627+0000] {dag.py:3947} INFO - Setting next_dagrun for example_branch_datetime_operator to 2026-06-13 00:00:00+00:00, run_after=2026-06-14 00:00:00+00:00
[2026-06-14T21:29:07.636+0000] {logging_mixin.py:188} INFO - [2026-06-14T21:29:07.636+0000] {dag.py:3947} INFO - Setting next_dagrun for example_branch_datetime_operator_2 to 2026-06-13 00:00:00+00:00, run_after=2026-06-14 00:00:00+00:00
[2026-06-14T21:29:07.640+0000] {logging_mixin.py:188} INFO - [2026-06-14T21:29:07.640+0000] {dag.py:3947} INFO - Setting next_dagrun for example_branch_datetime_operator_3 to 2026-06-13 00:00:00+00:00, run_after=2026-06-14 00:00:00+00:00
[2026-06-14T21:29:07.670+0000] {processor.py:183} INFO - Processing /home/airflow/.local/lib/python3.12/site-packages/airflow/example_dags/example_branch_datetime_operator.py took 0.190 seconds
[2026-06-14T21:29:37.775+0000] {processor.py:161} INFO - Started process (PID=445) to work on /home/airflow/.local/lib/python3.12/site-packages/airflow/example_dags/example_branch_datetime_operator.py
[2026-06-14T21:29:37.777+0000] {processor.py:830} INFO - Processing file /home/airflow/.local/lib/python3.12/site-packages/airflow/example_dags/example_branch_datetime_operator.py for tasks to queue
[2026-06-14T21:29:37.781+0000] {logging_mixin.py:188} INFO - [2026-06-14T21:29:37.781+0000] {dagbag.py:545} INFO - Filling up the DagBag from /home/airflow/.local/lib/python3.12/site-packages/airflow/example_dags/example_branch_datetime_operator.py
[2026-06-14T21:29:37.793+0000] {processor.py:840} INFO - DAG(s) 'example_branch_datetime_operator', 'example_branch_datetime_operator_3', 'example_branch_datetime_operator_2' retrieved from /home/airflow/.local/lib/python3.12/site-packages/airflow/example_dags/example_branch_datetime_operator.py
[2026-06-14T21:29:37.831+0000] {logging_mixin.py:188} INFO - [2026-06-14T21:29:37.831+0000] {dag.py:3089} INFO - Sync 3 DAGs
[2026-06-14T21:29:37.858+0000] {logging_mixin.py:188} INFO - [2026-06-14T21:29:37.858+0000] {dag.py:3947} INFO - Setting next_dagrun for example_branch_datetime_operator to 2026-06-13 00:00:00+00:00, run_after=2026-06-14 00:00:00+00:00
[2026-06-14T21:29:37.866+0000] {logging_mixin.py:188} INFO - [2026-06-14T21:29:37.866+0000] {dag.py:3947} INFO - Setting next_dagrun for example_branch_datetime_operator_2 to 2026-06-13 00:00:00+00:00, run_after=2026-06-14 00:00:00+00:00
[2026-06-14T21:29:37.869+0000] {logging_mixin.py:188} INFO - [2026-06-14T21:29:37.869+0000] {dag.py:3947} INFO - Setting next_dagrun for example_branch_datetime_operator_3 to 2026-06-13 00:00:00+00:00, run_after=2026-06-14 00:00:00+00:00
[2026-06-14T21:29:37.920+0000] {processor.py:183} INFO - Processing /home/airflow/.local/lib/python3.12/site-packages/airflow/example_dags/example_branch_datetime_operator.py took 0.155 seconds
[2026-06-14T21:30:08.403+0000] {processor.py:161} INFO - Started process (PID=503) to work on /home/airflow/.local/lib/python3.12/site-packages/airflow/example_dags/example_branch_datetime_operator.py
[2026-06-14T21:30:08.405+0000] {processor.py:830} INFO - Processing file /home/airflow/.local/lib/python3.12/site-packages/airflow/example_dags/example_branch_datetime_operator.py for tasks to queue
[2026-06-14T21:30:08.407+0000] {logging_mixin.py:188} INFO - [2026-06-14T21:30:08.406+0000] {dagbag.py:545} INFO - Filling up the DagBag from /home/airflow/.local/lib/python3.12/site-packages/airflow/example_dags/example_branch_datetime_operator.py
[2026-06-14T21:30:08.422+0000] {processor.py:840} INFO - DAG(s) 'example_branch_datetime_operator_3', 'example_branch_datetime_operator', 'example_branch_datetime_operator_2' retrieved from /home/airflow/.local/lib/python3.12/site-packages/airflow/example_dags/example_branch_datetime_operator.py
[2026-06-14T21:30:08.454+0000] {logging_mixin.py:188} INFO - [2026-06-14T21:30:08.454+0000] {dag.py:3089} INFO - Sync 3 DAGs
[2026-06-14T21:30:08.481+0000] {logging_mixin.py:188} INFO - [2026-06-14T21:30:08.481+0000] {dag.py:3947} INFO - Setting next_dagrun for example_branch_datetime_operator to 2026-06-13 00:00:00+00:00, run_after=2026-06-14 00:00:00+00:00
[2026-06-14T21:30:08.488+0000] {logging_mixin.py:188} INFO - [2026-06-14T21:30:08.488+0000] {dag.py:3947} INFO - Setting next_dagrun for example_branch_datetime_operator_2 to 2026-06-13 00:00:00+00:00, run_after=2026-06-14 00:00:00+00:00
[2026-06-14T21:30:08.492+0000] {logging_mixin.py:188} INFO - [2026-06-14T21:30:08.492+0000] {dag.py:3947} INFO - Setting next_dagrun for example_branch_datetime_operator_3 to 2026-06-13 00:00:00+00:00, run_after=2026-06-14 00:00:00+00:00
[2026-06-14T21:30:08.515+0000] {processor.py:183} INFO - Processing /home/airflow/.local/lib/python3.12/site-packages/airflow/example_dags/example_branch_datetime_operator.py took 0.125 seconds
[2026-06-14T21:30:39.137+0000] {processor.py:161} INFO - Started process (PID=561) to work on /home/airflow/.local/lib/python3.12/site-packages/airflow/example_dags/example_branch_datetime_operator.py
[2026-06-14T21:30:39.139+0000] {processor.py:830} INFO - Processing file /home/airflow/.local/lib/python3.12/site-packages/airflow/example_dags/example_branch_datetime_operator.py for tasks to queue
[2026-06-14T21:30:39.141+0000] {logging_mixin.py:188} INFO - [2026-06-14T21:30:39.140+0000] {dagbag.py:545} INFO - Filling up the DagBag from /home/airflow/.local/lib/python3.12/site-packages/airflow/example_dags/example_branch_datetime_operator.py
[2026-06-14T21:30:39.154+0000] {processor.py:840} INFO - DAG(s) 'example_branch_datetime_operator_2', 'example_branch_datetime_operator', 'example_branch_datetime_operator_3' retrieved from /home/airflow/.local/lib/python3.12/site-packages/airflow/example_dags/example_branch_datetime_operator.py
[2026-06-14T21:30:39.192+0000] {logging_mixin.py:188} INFO - [2026-06-14T21:30:39.192+0000] {dag.py:3089} INFO - Sync 3 DAGs
[2026-06-14T21:30:39.223+0000] {logging_mixin.py:188} INFO - [2026-06-14T21:30:39.223+0000] {dag.py:3947} INFO - Setting next_dagrun for example_branch_datetime_operator to 2026-06-13 00:00:00+00:00, run_after=2026-06-14 00:00:00+00:00
[2026-06-14T21:30:39.231+0000] {logging_mixin.py:188} INFO - [2026-06-14T21:30:39.231+0000] {dag.py:3947} INFO - Setting next_dagrun for example_branch_datetime_operator_2 to 2026-06-13 00:00:00+00:00, run_after=2026-06-14 00:00:00+00:00
[2026-06-14T21:30:39.235+0000] {logging_mixin.py:188} INFO - [2026-06-14T21:30:39.235+0000] {dag.py:3947} INFO - Setting next_dagrun for example_branch_datetime_operator_3 to 2026-06-13 00:00:00+00:00, run_after=2026-06-14 00:00:00+00:00
[2026-06-14T21:30:39.260+0000] {processor.py:183} INFO - Processing /home/airflow/.local/lib/python3.12/site-packages/airflow/example_dags/example_branch_datetime_operator.py took 0.129 seconds
[2026-06-14T21:31:09.337+0000] {processor.py:161} INFO - Started process (PID=620) to work on /home/airflow/.local/lib/python3.12/site-packages/airflow/example_dags/example_branch_datetime_operator.py
[2026-06-14T21:31:09.338+0000] {processor.py:830} INFO - Processing file /home/airflow/.local/lib/python3.12/site-packages/airflow/example_dags/example_branch_datetime_operator.py for tasks to queue
[2026-06-14T21:31:09.340+0000] {logging_mixin.py:188} INFO - [2026-06-14T21:31:09.339+0000] {dagbag.py:545} INFO - Filling up the DagBag from /home/airflow/.local/lib/python3.12/site-packages/airflow/example_dags/example_branch_datetime_operator.py
[2026-06-14T21:31:09.357+0000] {processor.py:840} INFO - DAG(s) 'example_branch_datetime_operator_3', 'example_branch_datetime_operator_2', 'example_branch_datetime_operator' retrieved from /home/airflow/.local/lib/python3.12/site-packages/airflow/example_dags/example_branch_datetime_operator.py
[2026-06-14T21:31:09.417+0000] {logging_mixin.py:188} INFO - [2026-06-14T21:31:09.417+0000] {dag.py:3089} INFO - Sync 3 DAGs
[2026-06-14T21:31:09.460+0000] {logging_mixin.py:188} INFO - [2026-06-14T21:31:09.459+0000] {dag.py:3947} INFO - Setting next_dagrun for example_branch_datetime_operator to 2026-06-13 00:00:00+00:00, run_after=2026-06-14 00:00:00+00:00
[2026-06-14T21:31:09.470+0000] {logging_mixin.py:188} INFO - [2026-06-14T21:31:09.470+0000] {dag.py:3947} INFO - Setting next_dagrun for example_branch_datetime_operator_2 to 2026-06-13 00:00:00+00:00, run_after=2026-06-14 00:00:00+00:00
[2026-06-14T21:31:09.475+0000] {logging_mixin.py:188} INFO - [2026-06-14T21:31:09.475+0000] {dag.py:3947} INFO - Setting next_dagrun for example_branch_datetime_operator_3 to 2026-06-13 00:00:00+00:00, run_after=2026-06-14 00:00:00+00:00
[2026-06-14T21:31:09.506+0000] {processor.py:183} INFO - Processing /home/airflow/.local/lib/python3.12/site-packages/airflow/example_dags/example_branch_datetime_operator.py took 0.178 seconds
[2026-06-14T21:31:40.102+0000] {processor.py:161} INFO - Started process (PID=678) to work on /home/airflow/.local/lib/python3.12/site-packages/airflow/example_dags/example_branch_datetime_operator.py
[2026-06-14T21:31:40.104+0000] {processor.py:830} INFO - Processing file /home/airflow/.local/lib/python3.12/site-packages/airflow/example_dags/example_branch_datetime_operator.py for tasks to queue
[2026-06-14T21:31:40.106+0000] {logging_mixin.py:188} INFO - [2026-06-14T21:31:40.105+0000] {dagbag.py:545} INFO - Filling up the DagBag from /home/airflow/.local/lib/python3.12/site-packages/airflow/example_dags/example_branch_datetime_operator.py
[2026-06-14T21:31:40.124+0000] {processor.py:840} INFO - DAG(s) 'example_branch_datetime_operator', 'example_branch_datetime_operator_3', 'example_branch_datetime_operator_2' retrieved from /home/airflow/.local/lib/python3.12/site-packages/airflow/example_dags/example_branch_datetime_operator.py
[2026-06-14T21:31:40.168+0000] {logging_mixin.py:188} INFO - [2026-06-14T21:31:40.167+0000] {dag.py:3089} INFO - Sync 3 DAGs
[2026-06-14T21:31:40.212+0000] {logging_mixin.py:188} INFO - [2026-06-14T21:31:40.212+0000] {dag.py:3947} INFO - Setting next_dagrun for example_branch_datetime_operator to 2026-06-13 00:00:00+00:00, run_after=2026-06-14 00:00:00+00:00
[2026-06-14T21:31:40.221+0000] {logging_mixin.py:188} INFO - [2026-06-14T21:31:40.221+0000] {dag.py:3947} INFO - Setting next_dagrun for example_branch_datetime_operator_2 to 2026-06-13 00:00:00+00:00, run_after=2026-06-14 00:00:00+00:00
[2026-06-14T21:31:40.225+0000] {logging_mixin.py:188} INFO - [2026-06-14T21:31:40.225+0000] {dag.py:3947} INFO - Setting next_dagrun for example_branch_datetime_operator_3 to 2026-06-13 00:00:00+00:00, run_after=2026-06-14 00:00:00+00:00
[2026-06-14T21:31:40.254+0000] {processor.py:183} INFO - Processing /home/airflow/.local/lib/python3.12/site-packages/airflow/example_dags/example_branch_datetime_operator.py took 0.165 seconds
[2026-06-14T21:32:10.710+0000] {processor.py:161} INFO - Started process (PID=735) to work on /home/airflow/.local/lib/python3.12/site-packages/airflow/example_dags/example_branch_datetime_operator.py
[2026-06-14T21:32:10.712+0000] {processor.py:830} INFO - Processing file /home/airflow/.local/lib/python3.12/site-packages/airflow/example_dags/example_branch_datetime_operator.py for tasks to queue
[2026-06-14T21:32:10.714+0000] {logging_mixin.py:188} INFO - [2026-06-14T21:32:10.713+0000] {dagbag.py:545} INFO - Filling up the DagBag from /home/airflow/.local/lib/python3.12/site-packages/airflow/example_dags/example_branch_datetime_operator.py
[2026-06-14T21:32:10.731+0000] {processor.py:840} INFO - DAG(s) 'example_branch_datetime_operator', 'example_branch_datetime_operator_2', 'example_branch_datetime_operator_3' retrieved from /home/airflow/.local/lib/python3.12/site-packages/airflow/example_dags/example_branch_datetime_operator.py
[2026-06-14T21:32:10.781+0000] {logging_mixin.py:188} INFO - [2026-06-14T21:32:10.781+0000] {dag.py:3089} INFO - Sync 3 DAGs
[2026-06-14T21:32:10.818+0000] {logging_mixin.py:188} INFO - [2026-06-14T21:32:10.818+0000] {dag.py:3947} INFO - Setting next_dagrun for example_branch_datetime_operator to 2026-06-13 00:00:00+00:00, run_after=2026-06-14 00:00:00+00:00
[2026-06-14T21:32:10.829+0000] {logging_mixin.py:188} INFO - [2026-06-14T21:32:10.829+0000] {dag.py:3947} INFO - Setting next_dagrun for example_branch_datetime_operator_2 to 2026-06-13 00:00:00+00:00, run_after=2026-06-14 00:00:00+00:00
[2026-06-14T21:32:10.835+0000] {logging_mixin.py:188} INFO - [2026-06-14T21:32:10.835+0000] {dag.py:3947} INFO - Setting next_dagrun for example_branch_datetime_operator_3 to 2026-06-13 00:00:00+00:00, run_after=2026-06-14 00:00:00+00:00
[2026-06-14T21:32:10.905+0000] {processor.py:183} INFO - Processing /home/airflow/.local/lib/python3.12/site-packages/airflow/example_dags/example_branch_datetime_operator.py took 0.206 seconds
[2026-06-14T21:40:02.111+0000] {processor.py:161} INFO - Started process (PID=92) to work on /home/airflow/.local/lib/python3.12/site-packages/airflow/example_dags/example_branch_datetime_operator.py
[2026-06-14T21:40:02.113+0000] {processor.py:830} INFO - Processing file /home/airflow/.local/lib/python3.12/site-packages/airflow/example_dags/example_branch_datetime_operator.py for tasks to queue
[2026-06-14T21:40:02.117+0000] {logging_mixin.py:188} INFO - [2026-06-14T21:40:02.116+0000] {dagbag.py:545} INFO - Filling up the DagBag from /home/airflow/.local/lib/python3.12/site-packages/airflow/example_dags/example_branch_datetime_operator.py
[2026-06-14T21:40:02.134+0000] {processor.py:840} INFO - DAG(s) 'example_branch_datetime_operator_2', 'example_branch_datetime_operator', 'example_branch_datetime_operator_3' retrieved from /home/airflow/.local/lib/python3.12/site-packages/airflow/example_dags/example_branch_datetime_operator.py
[2026-06-14T21:40:02.324+0000] {logging_mixin.py:188} INFO - [2026-06-14T21:40:02.323+0000] {dag.py:3089} INFO - Sync 3 DAGs
[2026-06-14T21:40:02.361+0000] {logging_mixin.py:188} INFO - [2026-06-14T21:40:02.361+0000] {dag.py:3947} INFO - Setting next_dagrun for example_branch_datetime_operator to 2026-06-13 00:00:00+00:00, run_after=2026-06-14 00:00:00+00:00
[2026-06-14T21:40:02.367+0000] {logging_mixin.py:188} INFO - [2026-06-14T21:40:02.367+0000] {dag.py:3947} INFO - Setting next_dagrun for example_branch_datetime_operator_2 to 2026-06-13 00:00:00+00:00, run_after=2026-06-14 00:00:00+00:00
[2026-06-14T21:40:02.370+0000] {logging_mixin.py:188} INFO - [2026-06-14T21:40:02.370+0000] {dag.py:3947} INFO - Setting next_dagrun for example_branch_datetime_operator_3 to 2026-06-13 00:00:00+00:00, run_after=2026-06-14 00:00:00+00:00
[2026-06-14T21:40:02.395+0000] {processor.py:183} INFO - Processing /home/airflow/.local/lib/python3.12/site-packages/airflow/example_dags/example_branch_datetime_operator.py took 0.294 seconds
[2026-06-14T21:40:33.197+0000] {processor.py:161} INFO - Started process (PID=151) to work on /home/airflow/.local/lib/python3.12/site-packages/airflow/example_dags/example_branch_datetime_operator.py
[2026-06-14T21:40:33.198+0000] {processor.py:830} INFO - Processing file /home/airflow/.local/lib/python3.12/site-packages/airflow/example_dags/example_branch_datetime_operator.py for tasks to queue
[2026-06-14T21:40:33.201+0000] {logging_mixin.py:188} INFO - [2026-06-14T21:40:33.201+0000] {dagbag.py:545} INFO - Filling up the DagBag from /home/airflow/.local/lib/python3.12/site-packages/airflow/example_dags/example_branch_datetime_operator.py
[2026-06-14T21:40:33.214+0000] {processor.py:840} INFO - DAG(s) 'example_branch_datetime_operator_2', 'example_branch_datetime_operator_3', 'example_branch_datetime_operator' retrieved from /home/airflow/.local/lib/python3.12/site-packages/airflow/example_dags/example_branch_datetime_operator.py
[2026-06-14T21:40:33.262+0000] {logging_mixin.py:188} INFO - [2026-06-14T21:40:33.261+0000] {dag.py:3089} INFO - Sync 3 DAGs
[2026-06-14T21:40:33.301+0000] {logging_mixin.py:188} INFO - [2026-06-14T21:40:33.301+0000] {dag.py:3947} INFO - Setting next_dagrun for example_branch_datetime_operator to 2026-06-13 00:00:00+00:00, run_after=2026-06-14 00:00:00+00:00
[2026-06-14T21:40:33.308+0000] {logging_mixin.py:188} INFO - [2026-06-14T21:40:33.308+0000] {dag.py:3947} INFO - Setting next_dagrun for example_branch_datetime_operator_2 to 2026-06-13 00:00:00+00:00, run_after=2026-06-14 00:00:00+00:00
[2026-06-14T21:40:33.312+0000] {logging_mixin.py:188} INFO - [2026-06-14T21:40:33.312+0000] {dag.py:3947} INFO - Setting next_dagrun for example_branch_datetime_operator_3 to 2026-06-13 00:00:00+00:00, run_after=2026-06-14 00:00:00+00:00
[2026-06-14T21:40:33.340+0000] {processor.py:183} INFO - Processing /home/airflow/.local/lib/python3.12/site-packages/airflow/example_dags/example_branch_datetime_operator.py took 0.151 seconds
[2026-06-14T21:41:03.768+0000] {processor.py:161} INFO - Started process (PID=210) to work on /home/airflow/.local/lib/python3.12/site-packages/airflow/example_dags/example_branch_datetime_operator.py
[2026-06-14T21:41:03.770+0000] {processor.py:830} INFO - Processing file /home/airflow/.local/lib/python3.12/site-packages/airflow/example_dags/example_branch_datetime_operator.py for tasks to queue
[2026-06-14T21:41:03.774+0000] {logging_mixin.py:188} INFO - [2026-06-14T21:41:03.773+0000] {dagbag.py:545} INFO - Filling up the DagBag from /home/airflow/.local/lib/python3.12/site-packages/airflow/example_dags/example_branch_datetime_operator.py
[2026-06-14T21:41:03.796+0000] {processor.py:840} INFO - DAG(s) 'example_branch_datetime_operator_3', 'example_branch_datetime_operator_2', 'example_branch_datetime_operator' retrieved from /home/airflow/.local/lib/python3.12/site-packages/airflow/example_dags/example_branch_datetime_operator.py
[2026-06-14T21:41:03.850+0000] {logging_mixin.py:188} INFO - [2026-06-14T21:41:03.850+0000] {dag.py:3089} INFO - Sync 3 DAGs
[2026-06-14T21:41:03.903+0000] {logging_mixin.py:188} INFO - [2026-06-14T21:41:03.903+0000] {dag.py:3947} INFO - Setting next_dagrun for example_branch_datetime_operator to 2026-06-13 00:00:00+00:00, run_after=2026-06-14 00:00:00+00:00
[2026-06-14T21:41:03.914+0000] {logging_mixin.py:188} INFO - [2026-06-14T21:41:03.913+0000] {dag.py:3947} INFO - Setting next_dagrun for example_branch_datetime_operator_2 to 2026-06-13 00:00:00+00:00, run_after=2026-06-14 00:00:00+00:00
[2026-06-14T21:41:03.919+0000] {logging_mixin.py:188} INFO - [2026-06-14T21:41:03.919+0000] {dag.py:3947} INFO - Setting next_dagrun for example_branch_datetime_operator_3 to 2026-06-13 00:00:00+00:00, run_after=2026-06-14 00:00:00+00:00
[2026-06-14T21:41:03.950+0000] {processor.py:183} INFO - Processing /home/airflow/.local/lib/python3.12/site-packages/airflow/example_dags/example_branch_datetime_operator.py took 0.192 seconds
[2026-06-14T21:41:34.791+0000] {processor.py:161} INFO - Started process (PID=269) to work on /home/airflow/.local/lib/python3.12/site-packages/airflow/example_dags/example_branch_datetime_operator.py
[2026-06-14T21:41:34.792+0000] {processor.py:830} INFO - Processing file /home/airflow/.local/lib/python3.12/site-packages/airflow/example_dags/example_branch_datetime_operator.py for tasks to queue
[2026-06-14T21:41:34.795+0000] {logging_mixin.py:188} INFO - [2026-06-14T21:41:34.795+0000] {dagbag.py:545} INFO - Filling up the DagBag from /home/airflow/.local/lib/python3.12/site-packages/airflow/example_dags/example_branch_datetime_operator.py
[2026-06-14T21:41:34.807+0000] {processor.py:840} INFO - DAG(s) 'example_branch_datetime_operator_3', 'example_branch_datetime_operator', 'example_branch_datetime_operator_2' retrieved from /home/airflow/.local/lib/python3.12/site-packages/airflow/example_dags/example_branch_datetime_operator.py
[2026-06-14T21:41:34.840+0000] {logging_mixin.py:188} INFO - [2026-06-14T21:41:34.840+0000] {dag.py:3089} INFO - Sync 3 DAGs
[2026-06-14T21:41:34.867+0000] {logging_mixin.py:188} INFO - [2026-06-14T21:41:34.867+0000] {dag.py:3947} INFO - Setting next_dagrun for example_branch_datetime_operator to 2026-06-13 00:00:00+00:00, run_after=2026-06-14 00:00:00+00:00
[2026-06-14T21:41:34.873+0000] {logging_mixin.py:188} INFO - [2026-06-14T21:41:34.873+0000] {dag.py:3947} INFO - Setting next_dagrun for example_branch_datetime_operator_2 to 2026-06-13 00:00:00+00:00, run_after=2026-06-14 00:00:00+00:00
[2026-06-14T21:41:34.877+0000] {logging_mixin.py:188} INFO - [2026-06-14T21:41:34.876+0000] {dag.py:3947} INFO - Setting next_dagrun for example_branch_datetime_operator_3 to 2026-06-13 00:00:00+00:00, run_after=2026-06-14 00:00:00+00:00
[2026-06-14T21:41:34.900+0000] {processor.py:183} INFO - Processing /home/airflow/.local/lib/python3.12/site-packages/airflow/example_dags/example_branch_datetime_operator.py took 0.116 seconds
[2026-06-14T21:42:05.354+0000] {processor.py:161} INFO - Started process (PID=328) to work on /home/airflow/.local/lib/python3.12/site-packages/airflow/example_dags/example_branch_datetime_operator.py
[2026-06-14T21:42:05.356+0000] {processor.py:830} INFO - Processing file /home/airflow/.local/lib/python3.12/site-packages/airflow/example_dags/example_branch_datetime_operator.py for tasks to queue
[2026-06-14T21:42:05.359+0000] {logging_mixin.py:188} INFO - [2026-06-14T21:42:05.358+0000] {dagbag.py:545} INFO - Filling up the DagBag from /home/airflow/.local/lib/python3.12/site-packages/airflow/example_dags/example_branch_datetime_operator.py
[2026-06-14T21:42:05.375+0000] {processor.py:840} INFO - DAG(s) 'example_branch_datetime_operator_3', 'example_branch_datetime_operator_2', 'example_branch_datetime_operator' retrieved from /home/airflow/.local/lib/python3.12/site-packages/airflow/example_dags/example_branch_datetime_operator.py
[2026-06-14T21:42:05.423+0000] {logging_mixin.py:188} INFO - [2026-06-14T21:42:05.422+0000] {dag.py:3089} INFO - Sync 3 DAGs
[2026-06-14T21:42:05.455+0000] {logging_mixin.py:188} INFO - [2026-06-14T21:42:05.454+0000] {dag.py:3947} INFO - Setting next_dagrun for example_branch_datetime_operator to 2026-06-13 00:00:00+00:00, run_after=2026-06-14 00:00:00+00:00
[2026-06-14T21:42:05.470+0000] {logging_mixin.py:188} INFO - [2026-06-14T21:42:05.469+0000] {dag.py:3947} INFO - Setting next_dagrun for example_branch_datetime_operator_2 to 2026-06-13 00:00:00+00:00, run_after=2026-06-14 00:00:00+00:00
[2026-06-14T21:42:05.474+0000] {logging_mixin.py:188} INFO - [2026-06-14T21:42:05.474+0000] {dag.py:3947} INFO - Setting next_dagrun for example_branch_datetime_operator_3 to 2026-06-13 00:00:00+00:00, run_after=2026-06-14 00:00:00+00:00
[2026-06-14T21:42:05.508+0000] {processor.py:183} INFO - Processing /home/airflow/.local/lib/python3.12/site-packages/airflow/example_dags/example_branch_datetime_operator.py took 0.162 seconds
[2026-06-14T21:42:36.179+0000] {processor.py:161} INFO - Started process (PID=387) to work on /home/airflow/.local/lib/python3.12/site-packages/airflow/example_dags/example_branch_datetime_operator.py
[2026-06-14T21:42:36.181+0000] {processor.py:830} INFO - Processing file /home/airflow/.local/lib/python3.12/site-packages/airflow/example_dags/example_branch_datetime_operator.py for tasks to queue
[2026-06-14T21:42:36.183+0000] {logging_mixin.py:188} INFO - [2026-06-14T21:42:36.182+0000] {dagbag.py:545} INFO - Filling up the DagBag from /home/airflow/.local/lib/python3.12/site-packages/airflow/example_dags/example_branch_datetime_operator.py
[2026-06-14T21:42:36.193+0000] {processor.py:840} INFO - DAG(s) 'example_branch_datetime_operator_2', 'example_branch_datetime_operator', 'example_branch_datetime_operator_3' retrieved from /home/airflow/.local/lib/python3.12/site-packages/airflow/example_dags/example_branch_datetime_operator.py
[2026-06-14T21:42:36.226+0000] {logging_mixin.py:188} INFO - [2026-06-14T21:42:36.226+0000] {dag.py:3089} INFO - Sync 3 DAGs
[2026-06-14T21:42:36.251+0000] {logging_mixin.py:188} INFO - [2026-06-14T21:42:36.251+0000] {dag.py:3947} INFO - Setting next_dagrun for example_branch_datetime_operator to 2026-06-13 00:00:00+00:00, run_after=2026-06-14 00:00:00+00:00
[2026-06-14T21:42:36.257+0000] {logging_mixin.py:188} INFO - [2026-06-14T21:42:36.257+0000] {dag.py:3947} INFO - Setting next_dagrun for example_branch_datetime_operator_2 to 2026-06-13 00:00:00+00:00, run_after=2026-06-14 00:00:00+00:00
[2026-06-14T21:42:36.260+0000] {logging_mixin.py:188} INFO - [2026-06-14T21:42:36.260+0000] {dag.py:3947} INFO - Setting next_dagrun for example_branch_datetime_operator_3 to 2026-06-13 00:00:00+00:00, run_after=2026-06-14 00:00:00+00:00
[2026-06-14T21:42:36.283+0000] {processor.py:183} INFO - Processing /home/airflow/.local/lib/python3.12/site-packages/airflow/example_dags/example_branch_datetime_operator.py took 0.109 seconds
[2026-06-14T21:43:06.637+0000] {processor.py:161} INFO - Started process (PID=446) to work on /home/airflow/.local/lib/python3.12/site-packages/airflow/example_dags/example_branch_datetime_operator.py
[2026-06-14T21:43:06.638+0000] {processor.py:830} INFO - Processing file /home/airflow/.local/lib/python3.12/site-packages/airflow/example_dags/example_branch_datetime_operator.py for tasks to queue
[2026-06-14T21:43:06.641+0000] {logging_mixin.py:188} INFO - [2026-06-14T21:43:06.641+0000] {dagbag.py:545} INFO - Filling up the DagBag from /home/airflow/.local/lib/python3.12/site-packages/airflow/example_dags/example_branch_datetime_operator.py
[2026-06-14T21:43:06.653+0000] {processor.py:840} INFO - DAG(s) 'example_branch_datetime_operator_2', 'example_branch_datetime_operator_3', 'example_branch_datetime_operator' retrieved from /home/airflow/.local/lib/python3.12/site-packages/airflow/example_dags/example_branch_datetime_operator.py
[2026-06-14T21:43:06.694+0000] {logging_mixin.py:188} INFO - [2026-06-14T21:43:06.694+0000] {dag.py:3089} INFO - Sync 3 DAGs
[2026-06-14T21:43:06.726+0000] {logging_mixin.py:188} INFO - [2026-06-14T21:43:06.726+0000] {dag.py:3947} INFO - Setting next_dagrun for example_branch_datetime_operator to 2026-06-13 00:00:00+00:00, run_after=2026-06-14 00:00:00+00:00
[2026-06-14T21:43:06.733+0000] {logging_mixin.py:188} INFO - [2026-06-14T21:43:06.733+0000] {dag.py:3947} INFO - Setting next_dagrun for example_branch_datetime_operator_2 to 2026-06-13 00:00:00+00:00, run_after=2026-06-14 00:00:00+00:00
[2026-06-14T21:43:06.737+0000] {logging_mixin.py:188} INFO - [2026-06-14T21:43:06.737+0000] {dag.py:3947} INFO - Setting next_dagrun for example_branch_datetime_operator_3 to 2026-06-13 00:00:00+00:00, run_after=2026-06-14 00:00:00+00:00
[2026-06-14T21:43:06.765+0000] {processor.py:183} INFO - Processing /home/airflow/.local/lib/python3.12/site-packages/airflow/example_dags/example_branch_datetime_operator.py took 0.139 seconds
[2026-06-14T21:43:37.594+0000] {processor.py:161} INFO - Started process (PID=505) to work on /home/airflow/.local/lib/python3.12/site-packages/airflow/example_dags/example_branch_datetime_operator.py
[2026-06-14T21:43:37.596+0000] {processor.py:830} INFO - Processing file /home/airflow/.local/lib/python3.12/site-packages/airflow/example_dags/example_branch_datetime_operator.py for tasks to queue
[2026-06-14T21:43:37.598+0000] {logging_mixin.py:188} INFO - [2026-06-14T21:43:37.598+0000] {dagbag.py:545} INFO - Filling up the DagBag from /home/airflow/.local/lib/python3.12/site-packages/airflow/example_dags/example_branch_datetime_operator.py
[2026-06-14T21:43:37.611+0000] {processor.py:840} INFO - DAG(s) 'example_branch_datetime_operator_3', 'example_branch_datetime_operator_2', 'example_branch_datetime_operator' retrieved from /home/airflow/.local/lib/python3.12/site-packages/airflow/example_dags/example_branch_datetime_operator.py
[2026-06-14T21:43:37.651+0000] {logging_mixin.py:188} INFO - [2026-06-14T21:43:37.650+0000] {dag.py:3089} INFO - Sync 3 DAGs
[2026-06-14T21:43:37.686+0000] {logging_mixin.py:188} INFO - [2026-06-14T21:43:37.686+0000] {dag.py:3947} INFO - Setting next_dagrun for example_branch_datetime_operator to 2026-06-13 00:00:00+00:00, run_after=2026-06-14 00:00:00+00:00
[2026-06-14T21:43:37.693+0000] {logging_mixin.py:188} INFO - [2026-06-14T21:43:37.692+0000] {dag.py:3947} INFO - Setting next_dagrun for example_branch_datetime_operator_2 to 2026-06-13 00:00:00+00:00, run_after=2026-06-14 00:00:00+00:00
[2026-06-14T21:43:37.698+0000] {logging_mixin.py:188} INFO - [2026-06-14T21:43:37.698+0000] {dag.py:3947} INFO - Setting next_dagrun for example_branch_datetime_operator_3 to 2026-06-13 00:00:00+00:00, run_after=2026-06-14 00:00:00+00:00
[2026-06-14T21:43:37.720+0000] {processor.py:183} INFO - Processing /home/airflow/.local/lib/python3.12/site-packages/airflow/example_dags/example_branch_datetime_operator.py took 0.137 seconds
[2026-06-14T21:44:08.379+0000] {processor.py:161} INFO - Started process (PID=564) to work on /home/airflow/.local/lib/python3.12/site-packages/airflow/example_dags/example_branch_datetime_operator.py
[2026-06-14T21:44:08.380+0000] {processor.py:830} INFO - Processing file /home/airflow/.local/lib/python3.12/site-packages/airflow/example_dags/example_branch_datetime_operator.py for tasks to queue
[2026-06-14T21:44:08.382+0000] {logging_mixin.py:188} INFO - [2026-06-14T21:44:08.382+0000] {dagbag.py:545} INFO - Filling up the DagBag from /home/airflow/.local/lib/python3.12/site-packages/airflow/example_dags/example_branch_datetime_operator.py
[2026-06-14T21:44:08.391+0000] {processor.py:840} INFO - DAG(s) 'example_branch_datetime_operator_3', 'example_branch_datetime_operator', 'example_branch_datetime_operator_2' retrieved from /home/airflow/.local/lib/python3.12/site-packages/airflow/example_dags/example_branch_datetime_operator.py
[2026-06-14T21:44:08.422+0000] {logging_mixin.py:188} INFO - [2026-06-14T21:44:08.422+0000] {dag.py:3089} INFO - Sync 3 DAGs
[2026-06-14T21:44:08.446+0000] {logging_mixin.py:188} INFO - [2026-06-14T21:44:08.446+0000] {dag.py:3947} INFO - Setting next_dagrun for example_branch_datetime_operator to 2026-06-13 00:00:00+00:00, run_after=2026-06-14 00:00:00+00:00
[2026-06-14T21:44:08.452+0000] {logging_mixin.py:188} INFO - [2026-06-14T21:44:08.452+0000] {dag.py:3947} INFO - Setting next_dagrun for example_branch_datetime_operator_2 to 2026-06-13 00:00:00+00:00, run_after=2026-06-14 00:00:00+00:00
[2026-06-14T21:44:08.455+0000] {logging_mixin.py:188} INFO - [2026-06-14T21:44:08.455+0000] {dag.py:3947} INFO - Setting next_dagrun for example_branch_datetime_operator_3 to 2026-06-13 00:00:00+00:00, run_after=2026-06-14 00:00:00+00:00
[2026-06-14T21:44:08.475+0000] {processor.py:183} INFO - Processing /home/airflow/.local/lib/python3.12/site-packages/airflow/example_dags/example_branch_datetime_operator.py took 0.102 seconds
[2026-06-14T21:44:39.004+0000] {processor.py:161} INFO - Started process (PID=623) to work on /home/airflow/.local/lib/python3.12/site-packages/airflow/example_dags/example_branch_datetime_operator.py
[2026-06-14T21:44:39.006+0000] {processor.py:830} INFO - Processing file /home/airflow/.local/lib/python3.12/site-packages/airflow/example_dags/example_branch_datetime_operator.py for tasks to queue
[2026-06-14T21:44:39.014+0000] {logging_mixin.py:188} INFO - [2026-06-14T21:44:39.014+0000] {dagbag.py:545} INFO - Filling up the DagBag from /home/airflow/.local/lib/python3.12/site-packages/airflow/example_dags/example_branch_datetime_operator.py
[2026-06-14T21:44:39.029+0000] {processor.py:840} INFO - DAG(s) 'example_branch_datetime_operator_2', 'example_branch_datetime_operator_3', 'example_branch_datetime_operator' retrieved from /home/airflow/.local/lib/python3.12/site-packages/airflow/example_dags/example_branch_datetime_operator.py
[2026-06-14T21:44:39.072+0000] {logging_mixin.py:188} INFO - [2026-06-14T21:44:39.071+0000] {dag.py:3089} INFO - Sync 3 DAGs
[2026-06-14T21:44:39.108+0000] {logging_mixin.py:188} INFO - [2026-06-14T21:44:39.108+0000] {dag.py:3947} INFO - Setting next_dagrun for example_branch_datetime_operator to 2026-06-13 00:00:00+00:00, run_after=2026-06-14 00:00:00+00:00
[2026-06-14T21:44:39.115+0000] {logging_mixin.py:188} INFO - [2026-06-14T21:44:39.115+0000] {dag.py:3947} INFO - Setting next_dagrun for example_branch_datetime_operator_2 to 2026-06-13 00:00:00+00:00, run_after=2026-06-14 00:00:00+00:00
[2026-06-14T21:44:39.122+0000] {logging_mixin.py:188} INFO - [2026-06-14T21:44:39.121+0000] {dag.py:3947} INFO - Setting next_dagrun for example_branch_datetime_operator_3 to 2026-06-13 00:00:00+00:00, run_after=2026-06-14 00:00:00+00:00
[2026-06-14T21:44:39.151+0000] {processor.py:183} INFO - Processing /home/airflow/.local/lib/python3.12/site-packages/airflow/example_dags/example_branch_datetime_operator.py took 0.168 seconds
[2026-06-14T21:45:09.235+0000] {processor.py:161} INFO - Started process (PID=682) to work on /home/airflow/.local/lib/python3.12/site-packages/airflow/example_dags/example_branch_datetime_operator.py
[2026-06-14T21:45:09.236+0000] {processor.py:830} INFO - Processing file /home/airflow/.local/lib/python3.12/site-packages/airflow/example_dags/example_branch_datetime_operator.py for tasks to queue
[2026-06-14T21:45:09.238+0000] {logging_mixin.py:188} INFO - [2026-06-14T21:45:09.238+0000] {dagbag.py:545} INFO - Filling up the DagBag from /home/airflow/.local/lib/python3.12/site-packages/airflow/example_dags/example_branch_datetime_operator.py
[2026-06-14T21:45:09.248+0000] {processor.py:840} INFO - DAG(s) 'example_branch_datetime_operator_2', 'example_branch_datetime_operator_3', 'example_branch_datetime_operator' retrieved from /home/airflow/.local/lib/python3.12/site-packages/airflow/example_dags/example_branch_datetime_operator.py
[2026-06-14T21:45:09.277+0000] {logging_mixin.py:188} INFO - [2026-06-14T21:45:09.277+0000] {dag.py:3089} INFO - Sync 3 DAGs
[2026-06-14T21:45:09.304+0000] {logging_mixin.py:188} INFO - [2026-06-14T21:45:09.303+0000] {dag.py:3947} INFO - Setting next_dagrun for example_branch_datetime_operator to 2026-06-13 00:00:00+00:00, run_after=2026-06-14 00:00:00+00:00
[2026-06-14T21:45:09.309+0000] {logging_mixin.py:188} INFO - [2026-06-14T21:45:09.309+0000] {dag.py:3947} INFO - Setting next_dagrun for example_branch_datetime_operator_2 to 2026-06-13 00:00:00+00:00, run_after=2026-06-14 00:00:00+00:00
[2026-06-14T21:45:09.312+0000] {logging_mixin.py:188} INFO - [2026-06-14T21:45:09.312+0000] {dag.py:3947} INFO - Setting next_dagrun for example_branch_datetime_operator_3 to 2026-06-13 00:00:00+00:00, run_after=2026-06-14 00:00:00+00:00
[2026-06-14T21:45:09.335+0000] {processor.py:183} INFO - Processing /home/airflow/.local/lib/python3.12/site-packages/airflow/example_dags/example_branch_datetime_operator.py took 0.106 seconds
[2026-06-14T21:45:39.832+0000] {processor.py:161} INFO - Started process (PID=741) to work on /home/airflow/.local/lib/python3.12/site-packages/airflow/example_dags/example_branch_datetime_operator.py
[2026-06-14T21:45:39.833+0000] {processor.py:830} INFO - Processing file /home/airflow/.local/lib/python3.12/site-packages/airflow/example_dags/example_branch_datetime_operator.py for tasks to queue
[2026-06-14T21:45:39.836+0000] {logging_mixin.py:188} INFO - [2026-06-14T21:45:39.836+0000] {dagbag.py:545} INFO - Filling up the DagBag from /home/airflow/.local/lib/python3.12/site-packages/airflow/example_dags/example_branch_datetime_operator.py
[2026-06-14T21:45:39.849+0000] {processor.py:840} INFO - DAG(s) 'example_branch_datetime_operator', 'example_branch_datetime_operator_3', 'example_branch_datetime_operator_2' retrieved from /home/airflow/.local/lib/python3.12/site-packages/airflow/example_dags/example_branch_datetime_operator.py
[2026-06-14T21:45:39.893+0000] {logging_mixin.py:188} INFO - [2026-06-14T21:45:39.893+0000] {dag.py:3089} INFO - Sync 3 DAGs
[2026-06-14T21:45:39.922+0000] {logging_mixin.py:188} INFO - [2026-06-14T21:45:39.922+0000] {dag.py:3947} INFO - Setting next_dagrun for example_branch_datetime_operator to 2026-06-13 00:00:00+00:00, run_after=2026-06-14 00:00:00+00:00
[2026-06-14T21:45:39.928+0000] {logging_mixin.py:188} INFO - [2026-06-14T21:45:39.928+0000] {dag.py:3947} INFO - Setting next_dagrun for example_branch_datetime_operator_2 to 2026-06-13 00:00:00+00:00, run_after=2026-06-14 00:00:00+00:00
[2026-06-14T21:45:39.932+0000] {logging_mixin.py:188} INFO - [2026-06-14T21:45:39.932+0000] {dag.py:3947} INFO - Setting next_dagrun for example_branch_datetime_operator_3 to 2026-06-13 00:00:00+00:00, run_after=2026-06-14 00:00:00+00:00
[2026-06-14T21:45:39.956+0000] {processor.py:183} INFO - Processing /home/airflow/.local/lib/python3.12/site-packages/airflow/example_dags/example_branch_datetime_operator.py took 0.131 seconds
[2026-06-14T21:46:10.236+0000] {processor.py:161} INFO - Started process (PID=800) to work on /home/airflow/.local/lib/python3.12/site-packages/airflow/example_dags/example_branch_datetime_operator.py
[2026-06-14T21:46:10.238+0000] {processor.py:830} INFO - Processing file /home/airflow/.local/lib/python3.12/site-packages/airflow/example_dags/example_branch_datetime_operator.py for tasks to queue
[2026-06-14T21:46:10.243+0000] {logging_mixin.py:188} INFO - [2026-06-14T21:46:10.242+0000] {dagbag.py:545} INFO - Filling up the DagBag from /home/airflow/.local/lib/python3.12/site-packages/airflow/example_dags/example_branch_datetime_operator.py
[2026-06-14T21:46:10.269+0000] {processor.py:840} INFO - DAG(s) 'example_branch_datetime_operator', 'example_branch_datetime_operator_3', 'example_branch_datetime_operator_2' retrieved from /home/airflow/.local/lib/python3.12/site-packages/airflow/example_dags/example_branch_datetime_operator.py
[2026-06-14T21:46:10.348+0000] {logging_mixin.py:188} INFO - [2026-06-14T21:46:10.347+0000] {dag.py:3089} INFO - Sync 3 DAGs
[2026-06-14T21:46:10.391+0000] {logging_mixin.py:188} INFO - [2026-06-14T21:46:10.390+0000] {dag.py:3947} INFO - Setting next_dagrun for example_branch_datetime_operator to 2026-06-13 00:00:00+00:00, run_after=2026-06-14 00:00:00+00:00
[2026-06-14T21:46:10.400+0000] {logging_mixin.py:188} INFO - [2026-06-14T21:46:10.400+0000] {dag.py:3947} INFO - Setting next_dagrun for example_branch_datetime_operator_2 to 2026-06-13 00:00:00+00:00, run_after=2026-06-14 00:00:00+00:00
[2026-06-14T21:46:10.407+0000] {logging_mixin.py:188} INFO - [2026-06-14T21:46:10.406+0000] {dag.py:3947} INFO - Setting next_dagrun for example_branch_datetime_operator_3 to 2026-06-13 00:00:00+00:00, run_after=2026-06-14 00:00:00+00:00
[2026-06-14T21:46:10.438+0000] {processor.py:183} INFO - Processing /home/airflow/.local/lib/python3.12/site-packages/airflow/example_dags/example_branch_datetime_operator.py took 0.215 seconds
[2026-06-14T21:46:40.805+0000] {processor.py:161} INFO - Started process (PID=859) to work on /home/airflow/.local/lib/python3.12/site-packages/airflow/example_dags/example_branch_datetime_operator.py
[2026-06-14T21:46:40.808+0000] {processor.py:830} INFO - Processing file /home/airflow/.local/lib/python3.12/site-packages/airflow/example_dags/example_branch_datetime_operator.py for tasks to queue
[2026-06-14T21:46:40.812+0000] {logging_mixin.py:188} INFO - [2026-06-14T21:46:40.812+0000] {dagbag.py:545} INFO - Filling up the DagBag from /home/airflow/.local/lib/python3.12/site-packages/airflow/example_dags/example_branch_datetime_operator.py
[2026-06-14T21:46:40.838+0000] {processor.py:840} INFO - DAG(s) 'example_branch_datetime_operator_2', 'example_branch_datetime_operator', 'example_branch_datetime_operator_3' retrieved from /home/airflow/.local/lib/python3.12/site-packages/airflow/example_dags/example_branch_datetime_operator.py
[2026-06-14T21:46:40.928+0000] {logging_mixin.py:188} INFO - [2026-06-14T21:46:40.927+0000] {dag.py:3089} INFO - Sync 3 DAGs
[2026-06-14T21:46:41.024+0000] {logging_mixin.py:188} INFO - [2026-06-14T21:46:41.024+0000] {dag.py:3947} INFO - Setting next_dagrun for example_branch_datetime_operator to 2026-06-13 00:00:00+00:00, run_after=2026-06-14 00:00:00+00:00
[2026-06-14T21:46:41.046+0000] {logging_mixin.py:188} INFO - [2026-06-14T21:46:41.045+0000] {dag.py:3947} INFO - Setting next_dagrun for example_branch_datetime_operator_2 to 2026-06-13 00:00:00+00:00, run_after=2026-06-14 00:00:00+00:00
[2026-06-14T21:46:41.054+0000] {logging_mixin.py:188} INFO - [2026-06-14T21:46:41.053+0000] {dag.py:3947} INFO - Setting next_dagrun for example_branch_datetime_operator_3 to 2026-06-13 00:00:00+00:00, run_after=2026-06-14 00:00:00+00:00
[2026-06-14T21:46:41.111+0000] {processor.py:183} INFO - Processing /home/airflow/.local/lib/python3.12/site-packages/airflow/example_dags/example_branch_datetime_operator.py took 0.328 seconds
[2026-06-14T21:47:12.556+0000] {processor.py:161} INFO - Started process (PID=918) to work on /home/airflow/.local/lib/python3.12/site-packages/airflow/example_dags/example_branch_datetime_operator.py
[2026-06-14T21:47:12.558+0000] {processor.py:830} INFO - Processing file /home/airflow/.local/lib/python3.12/site-packages/airflow/example_dags/example_branch_datetime_operator.py for tasks to queue
[2026-06-14T21:47:12.575+0000] {logging_mixin.py:188} INFO - [2026-06-14T21:47:12.574+0000] {dagbag.py:545} INFO - Filling up the DagBag from /home/airflow/.local/lib/python3.12/site-packages/airflow/example_dags/example_branch_datetime_operator.py
[2026-06-14T21:47:12.623+0000] {processor.py:840} INFO - DAG(s) 'example_branch_datetime_operator', 'example_branch_datetime_operator_3', 'example_branch_datetime_operator_2' retrieved from /home/airflow/.local/lib/python3.12/site-packages/airflow/example_dags/example_branch_datetime_operator.py
[2026-06-14T21:47:12.782+0000] {logging_mixin.py:188} INFO - [2026-06-14T21:47:12.782+0000] {dag.py:3089} INFO - Sync 3 DAGs
[2026-06-14T21:47:12.894+0000] {logging_mixin.py:188} INFO - [2026-06-14T21:47:12.893+0000] {dag.py:3947} INFO - Setting next_dagrun for example_branch_datetime_operator to 2026-06-13 00:00:00+00:00, run_after=2026-06-14 00:00:00+00:00
[2026-06-14T21:47:12.912+0000] {logging_mixin.py:188} INFO - [2026-06-14T21:47:12.911+0000] {dag.py:3947} INFO - Setting next_dagrun for example_branch_datetime_operator_2 to 2026-06-13 00:00:00+00:00, run_after=2026-06-14 00:00:00+00:00
[2026-06-14T21:47:12.920+0000] {logging_mixin.py:188} INFO - [2026-06-14T21:47:12.919+0000] {dag.py:3947} INFO - Setting next_dagrun for example_branch_datetime_operator_3 to 2026-06-13 00:00:00+00:00, run_after=2026-06-14 00:00:00+00:00
[2026-06-14T21:47:13.058+0000] {processor.py:183} INFO - Processing /home/airflow/.local/lib/python3.12/site-packages/airflow/example_dags/example_branch_datetime_operator.py took 0.552 seconds
[2026-06-14T21:47:43.348+0000] {processor.py:161} INFO - Started process (PID=976) to work on /home/airflow/.local/lib/python3.12/site-packages/airflow/example_dags/example_branch_datetime_operator.py
[2026-06-14T21:47:43.350+0000] {processor.py:830} INFO - Processing file /home/airflow/.local/lib/python3.12/site-packages/airflow/example_dags/example_branch_datetime_operator.py for tasks to queue
[2026-06-14T21:47:43.353+0000] {logging_mixin.py:188} INFO - [2026-06-14T21:47:43.353+0000] {dagbag.py:545} INFO - Filling up the DagBag from /home/airflow/.local/lib/python3.12/site-packages/airflow/example_dags/example_branch_datetime_operator.py
[2026-06-14T21:47:43.369+0000] {processor.py:840} INFO - DAG(s) 'example_branch_datetime_operator_2', 'example_branch_datetime_operator', 'example_branch_datetime_operator_3' retrieved from /home/airflow/.local/lib/python3.12/site-packages/airflow/example_dags/example_branch_datetime_operator.py
[2026-06-14T21:47:43.412+0000] {logging_mixin.py:188} INFO - [2026-06-14T21:47:43.412+0000] {dag.py:3089} INFO - Sync 3 DAGs
[2026-06-14T21:47:43.447+0000] {logging_mixin.py:188} INFO - [2026-06-14T21:47:43.447+0000] {dag.py:3947} INFO - Setting next_dagrun for example_branch_datetime_operator to 2026-06-13 00:00:00+00:00, run_after=2026-06-14 00:00:00+00:00
[2026-06-14T21:47:43.455+0000] {logging_mixin.py:188} INFO - [2026-06-14T21:47:43.455+0000] {dag.py:3947} INFO - Setting next_dagrun for example_branch_datetime_operator_2 to 2026-06-13 00:00:00+00:00, run_after=2026-06-14 00:00:00+00:00
[2026-06-14T21:47:43.460+0000] {logging_mixin.py:188} INFO - [2026-06-14T21:47:43.460+0000] {dag.py:3947} INFO - Setting next_dagrun for example_branch_datetime_operator_3 to 2026-06-13 00:00:00+00:00, run_after=2026-06-14 00:00:00+00:00
[2026-06-14T21:47:43.487+0000] {processor.py:183} INFO - Processing /home/airflow/.local/lib/python3.12/site-packages/airflow/example_dags/example_branch_datetime_operator.py took 0.147 seconds
[2026-06-14T21:48:14.247+0000] {processor.py:161} INFO - Started process (PID=1034) to work on /home/airflow/.local/lib/python3.12/site-packages/airflow/example_dags/example_branch_datetime_operator.py
[2026-06-14T21:48:14.249+0000] {processor.py:830} INFO - Processing file /home/airflow/.local/lib/python3.12/site-packages/airflow/example_dags/example_branch_datetime_operator.py for tasks to queue
[2026-06-14T21:48:14.252+0000] {logging_mixin.py:188} INFO - [2026-06-14T21:48:14.251+0000] {dagbag.py:545} INFO - Filling up the DagBag from /home/airflow/.local/lib/python3.12/site-packages/airflow/example_dags/example_branch_datetime_operator.py
[2026-06-14T21:48:14.279+0000] {processor.py:840} INFO - DAG(s) 'example_branch_datetime_operator_3', 'example_branch_datetime_operator_2', 'example_branch_datetime_operator' retrieved from /home/airflow/.local/lib/python3.12/site-packages/airflow/example_dags/example_branch_datetime_operator.py
[2026-06-14T21:48:14.325+0000] {logging_mixin.py:188} INFO - [2026-06-14T21:48:14.325+0000] {dag.py:3089} INFO - Sync 3 DAGs
[2026-06-14T21:48:14.358+0000] {logging_mixin.py:188} INFO - [2026-06-14T21:48:14.357+0000] {dag.py:3947} INFO - Setting next_dagrun for example_branch_datetime_operator to 2026-06-13 00:00:00+00:00, run_after=2026-06-14 00:00:00+00:00
[2026-06-14T21:48:14.365+0000] {logging_mixin.py:188} INFO - [2026-06-14T21:48:14.364+0000] {dag.py:3947} INFO - Setting next_dagrun for example_branch_datetime_operator_2 to 2026-06-13 00:00:00+00:00, run_after=2026-06-14 00:00:00+00:00
[2026-06-14T21:48:14.368+0000] {logging_mixin.py:188} INFO - [2026-06-14T21:48:14.368+0000] {dag.py:3947} INFO - Setting next_dagrun for example_branch_datetime_operator_3 to 2026-06-13 00:00:00+00:00, run_after=2026-06-14 00:00:00+00:00
[2026-06-14T21:48:14.388+0000] {processor.py:183} INFO - Processing /home/airflow/.local/lib/python3.12/site-packages/airflow/example_dags/example_branch_datetime_operator.py took 0.147 seconds
[2026-06-14T21:48:45.095+0000] {processor.py:161} INFO - Started process (PID=1093) to work on /home/airflow/.local/lib/python3.12/site-packages/airflow/example_dags/example_branch_datetime_operator.py
[2026-06-14T21:48:45.097+0000] {processor.py:830} INFO - Processing file /home/airflow/.local/lib/python3.12/site-packages/airflow/example_dags/example_branch_datetime_operator.py for tasks to queue
[2026-06-14T21:48:45.100+0000] {logging_mixin.py:188} INFO - [2026-06-14T21:48:45.100+0000] {dagbag.py:545} INFO - Filling up the DagBag from /home/airflow/.local/lib/python3.12/site-packages/airflow/example_dags/example_branch_datetime_operator.py
[2026-06-14T21:48:45.114+0000] {processor.py:840} INFO - DAG(s) 'example_branch_datetime_operator_3', 'example_branch_datetime_operator', 'example_branch_datetime_operator_2' retrieved from /home/airflow/.local/lib/python3.12/site-packages/airflow/example_dags/example_branch_datetime_operator.py
[2026-06-14T21:48:45.156+0000] {logging_mixin.py:188} INFO - [2026-06-14T21:48:45.155+0000] {dag.py:3089} INFO - Sync 3 DAGs
[2026-06-14T21:48:45.190+0000] {logging_mixin.py:188} INFO - [2026-06-14T21:48:45.190+0000] {dag.py:3947} INFO - Setting next_dagrun for example_branch_datetime_operator to 2026-06-13 00:00:00+00:00, run_after=2026-06-14 00:00:00+00:00
[2026-06-14T21:48:45.196+0000] {logging_mixin.py:188} INFO - [2026-06-14T21:48:45.196+0000] {dag.py:3947} INFO - Setting next_dagrun for example_branch_datetime_operator_2 to 2026-06-13 00:00:00+00:00, run_after=2026-06-14 00:00:00+00:00
[2026-06-14T21:48:45.200+0000] {logging_mixin.py:188} INFO - [2026-06-14T21:48:45.199+0000] {dag.py:3947} INFO - Setting next_dagrun for example_branch_datetime_operator_3 to 2026-06-13 00:00:00+00:00, run_after=2026-06-14 00:00:00+00:00
[2026-06-14T21:48:45.224+0000] {processor.py:183} INFO - Processing /home/airflow/.local/lib/python3.12/site-packages/airflow/example_dags/example_branch_datetime_operator.py took 0.137 seconds
[2026-06-14T21:49:15.440+0000] {processor.py:161} INFO - Started process (PID=1151) to work on /home/airflow/.local/lib/python3.12/site-packages/airflow/example_dags/example_branch_datetime_operator.py
[2026-06-14T21:49:15.442+0000] {processor.py:830} INFO - Processing file /home/airflow/.local/lib/python3.12/site-packages/airflow/example_dags/example_branch_datetime_operator.py for tasks to queue
[2026-06-14T21:49:15.446+0000] {logging_mixin.py:188} INFO - [2026-06-14T21:49:15.445+0000] {dagbag.py:545} INFO - Filling up the DagBag from /home/airflow/.local/lib/python3.12/site-packages/airflow/example_dags/example_branch_datetime_operator.py
[2026-06-14T21:49:15.458+0000] {processor.py:840} INFO - DAG(s) 'example_branch_datetime_operator_3', 'example_branch_datetime_operator', 'example_branch_datetime_operator_2' retrieved from /home/airflow/.local/lib/python3.12/site-packages/airflow/example_dags/example_branch_datetime_operator.py
[2026-06-14T21:49:15.492+0000] {logging_mixin.py:188} INFO - [2026-06-14T21:49:15.492+0000] {dag.py:3089} INFO - Sync 3 DAGs
[2026-06-14T21:49:15.527+0000] {logging_mixin.py:188} INFO - [2026-06-14T21:49:15.527+0000] {dag.py:3947} INFO - Setting next_dagrun for example_branch_datetime_operator to 2026-06-13 00:00:00+00:00, run_after=2026-06-14 00:00:00+00:00
[2026-06-14T21:49:15.535+0000] {logging_mixin.py:188} INFO - [2026-06-14T21:49:15.535+0000] {dag.py:3947} INFO - Setting next_dagrun for example_branch_datetime_operator_2 to 2026-06-13 00:00:00+00:00, run_after=2026-06-14 00:00:00+00:00
[2026-06-14T21:49:15.538+0000] {logging_mixin.py:188} INFO - [2026-06-14T21:49:15.538+0000] {dag.py:3947} INFO - Setting next_dagrun for example_branch_datetime_operator_3 to 2026-06-13 00:00:00+00:00, run_after=2026-06-14 00:00:00+00:00
[2026-06-14T21:49:15.605+0000] {processor.py:183} INFO - Processing /home/airflow/.local/lib/python3.12/site-packages/airflow/example_dags/example_branch_datetime_operator.py took 0.174 seconds
