[2026-06-14T21:26:35.704+0000] {processor.py:161} INFO - Started process (PID=102) to work on /home/airflow/.local/lib/python3.12/site-packages/airflow/example_dags/example_short_circuit_decorator.py
[2026-06-14T21:26:35.706+0000] {processor.py:830} INFO - Processing file /home/airflow/.local/lib/python3.12/site-packages/airflow/example_dags/example_short_circuit_decorator.py for tasks to queue
[2026-06-14T21:26:35.709+0000] {logging_mixin.py:188} INFO - [2026-06-14T21:26:35.709+0000] {dagbag.py:545} INFO - Filling up the DagBag from /home/airflow/.local/lib/python3.12/site-packages/airflow/example_dags/example_short_circuit_decorator.py
[2026-06-14T21:26:35.725+0000] {processor.py:840} INFO - DAG(s) 'example_short_circuit_decorator' retrieved from /home/airflow/.local/lib/python3.12/site-packages/airflow/example_dags/example_short_circuit_decorator.py
[2026-06-14T21:26:35.934+0000] {logging_mixin.py:188} INFO - [2026-06-14T21:26:35.933+0000] {override.py:1858} INFO - Created Permission View: can delete on DAG:example_short_circuit_decorator
[2026-06-14T21:26:35.963+0000] {logging_mixin.py:188} INFO - [2026-06-14T21:26:35.962+0000] {override.py:1858} INFO - Created Permission View: can edit on DAG:example_short_circuit_decorator
[2026-06-14T21:26:35.978+0000] {logging_mixin.py:188} INFO - [2026-06-14T21:26:35.977+0000] {override.py:1858} INFO - Created Permission View: can read on DAG:example_short_circuit_decorator
[2026-06-14T21:26:35.979+0000] {logging_mixin.py:188} INFO - [2026-06-14T21:26:35.979+0000] {dag.py:3089} INFO - Sync 1 DAGs
[2026-06-14T21:26:36.003+0000] {logging_mixin.py:188} INFO - [2026-06-14T21:26:36.002+0000] {dag.py:3111} INFO - Creating ORM DAG for example_short_circuit_decorator
[2026-06-14T21:26:36.022+0000] {logging_mixin.py:188} INFO - [2026-06-14T21:26:36.021+0000] {dag.py:3947} INFO - Setting next_dagrun for example_short_circuit_decorator to 2026-06-13 00:00:00+00:00, run_after=2026-06-14 00:00:00+00:00
[2026-06-14T21:26:36.054+0000] {processor.py:183} INFO - Processing /home/airflow/.local/lib/python3.12/site-packages/airflow/example_dags/example_short_circuit_decorator.py took 0.362 seconds
[2026-06-14T21:27:06.937+0000] {processor.py:161} INFO - Started process (PID=161) to work on /home/airflow/.local/lib/python3.12/site-packages/airflow/example_dags/example_short_circuit_decorator.py
[2026-06-14T21:27:06.938+0000] {processor.py:830} INFO - Processing file /home/airflow/.local/lib/python3.12/site-packages/airflow/example_dags/example_short_circuit_decorator.py for tasks to queue
[2026-06-14T21:27:06.941+0000] {logging_mixin.py:188} INFO - [2026-06-14T21:27:06.940+0000] {dagbag.py:545} INFO - Filling up the DagBag from /home/airflow/.local/lib/python3.12/site-packages/airflow/example_dags/example_short_circuit_decorator.py
[2026-06-14T21:27:06.952+0000] {processor.py:840} INFO - DAG(s) 'example_short_circuit_decorator' retrieved from /home/airflow/.local/lib/python3.12/site-packages/airflow/example_dags/example_short_circuit_decorator.py
[2026-06-14T21:27:06.986+0000] {logging_mixin.py:188} INFO - [2026-06-14T21:27:06.985+0000] {dag.py:3089} INFO - Sync 1 DAGs
[2026-06-14T21:27:07.012+0000] {logging_mixin.py:188} INFO - [2026-06-14T21:27:07.012+0000] {dag.py:3947} INFO - Setting next_dagrun for example_short_circuit_decorator to 2026-06-13 00:00:00+00:00, run_after=2026-06-14 00:00:00+00:00
[2026-06-14T21:27:07.040+0000] {processor.py:183} INFO - Processing /home/airflow/.local/lib/python3.12/site-packages/airflow/example_dags/example_short_circuit_decorator.py took 0.110 seconds
[2026-06-14T21:27:37.079+0000] {processor.py:161} INFO - Started process (PID=220) to work on /home/airflow/.local/lib/python3.12/site-packages/airflow/example_dags/example_short_circuit_decorator.py
[2026-06-14T21:27:37.081+0000] {processor.py:830} INFO - Processing file /home/airflow/.local/lib/python3.12/site-packages/airflow/example_dags/example_short_circuit_decorator.py for tasks to queue
[2026-06-14T21:27:37.085+0000] {logging_mixin.py:188} INFO - [2026-06-14T21:27:37.084+0000] {dagbag.py:545} INFO - Filling up the DagBag from /home/airflow/.local/lib/python3.12/site-packages/airflow/example_dags/example_short_circuit_decorator.py
[2026-06-14T21:27:37.103+0000] {processor.py:840} INFO - DAG(s) 'example_short_circuit_decorator' retrieved from /home/airflow/.local/lib/python3.12/site-packages/airflow/example_dags/example_short_circuit_decorator.py
[2026-06-14T21:27:37.133+0000] {logging_mixin.py:188} INFO - [2026-06-14T21:27:37.132+0000] {dag.py:3089} INFO - Sync 1 DAGs
[2026-06-14T21:27:37.158+0000] {logging_mixin.py:188} INFO - [2026-06-14T21:27:37.157+0000] {dag.py:3947} INFO - Setting next_dagrun for example_short_circuit_decorator to 2026-06-13 00:00:00+00:00, run_after=2026-06-14 00:00:00+00:00
[2026-06-14T21:27:37.186+0000] {processor.py:183} INFO - Processing /home/airflow/.local/lib/python3.12/site-packages/airflow/example_dags/example_short_circuit_decorator.py took 0.115 seconds
[2026-06-14T21:28:07.396+0000] {processor.py:161} INFO - Started process (PID=279) to work on /home/airflow/.local/lib/python3.12/site-packages/airflow/example_dags/example_short_circuit_decorator.py
[2026-06-14T21:28:07.398+0000] {processor.py:830} INFO - Processing file /home/airflow/.local/lib/python3.12/site-packages/airflow/example_dags/example_short_circuit_decorator.py for tasks to queue
[2026-06-14T21:28:07.401+0000] {logging_mixin.py:188} INFO - [2026-06-14T21:28:07.400+0000] {dagbag.py:545} INFO - Filling up the DagBag from /home/airflow/.local/lib/python3.12/site-packages/airflow/example_dags/example_short_circuit_decorator.py
[2026-06-14T21:28:07.415+0000] {processor.py:840} INFO - DAG(s) 'example_short_circuit_decorator' retrieved from /home/airflow/.local/lib/python3.12/site-packages/airflow/example_dags/example_short_circuit_decorator.py
[2026-06-14T21:28:07.449+0000] {logging_mixin.py:188} INFO - [2026-06-14T21:28:07.449+0000] {dag.py:3089} INFO - Sync 1 DAGs
[2026-06-14T21:28:07.483+0000] {logging_mixin.py:188} INFO - [2026-06-14T21:28:07.483+0000] {dag.py:3947} INFO - Setting next_dagrun for example_short_circuit_decorator to 2026-06-13 00:00:00+00:00, run_after=2026-06-14 00:00:00+00:00
[2026-06-14T21:28:07.512+0000] {processor.py:183} INFO - Processing /home/airflow/.local/lib/python3.12/site-packages/airflow/example_dags/example_short_circuit_decorator.py took 0.127 seconds
[2026-06-14T21:28:37.941+0000] {processor.py:161} INFO - Started process (PID=338) to work on /home/airflow/.local/lib/python3.12/site-packages/airflow/example_dags/example_short_circuit_decorator.py
[2026-06-14T21:28:37.942+0000] {processor.py:830} INFO - Processing file /home/airflow/.local/lib/python3.12/site-packages/airflow/example_dags/example_short_circuit_decorator.py for tasks to queue
[2026-06-14T21:28:37.946+0000] {logging_mixin.py:188} INFO - [2026-06-14T21:28:37.945+0000] {dagbag.py:545} INFO - Filling up the DagBag from /home/airflow/.local/lib/python3.12/site-packages/airflow/example_dags/example_short_circuit_decorator.py
[2026-06-14T21:28:37.959+0000] {processor.py:840} INFO - DAG(s) 'example_short_circuit_decorator' retrieved from /home/airflow/.local/lib/python3.12/site-packages/airflow/example_dags/example_short_circuit_decorator.py
[2026-06-14T21:28:37.996+0000] {logging_mixin.py:188} INFO - [2026-06-14T21:28:37.996+0000] {dag.py:3089} INFO - Sync 1 DAGs
[2026-06-14T21:28:38.036+0000] {logging_mixin.py:188} INFO - [2026-06-14T21:28:38.036+0000] {dag.py:3947} INFO - Setting next_dagrun for example_short_circuit_decorator to 2026-06-13 00:00:00+00:00, run_after=2026-06-14 00:00:00+00:00
[2026-06-14T21:28:38.065+0000] {processor.py:183} INFO - Processing /home/airflow/.local/lib/python3.12/site-packages/airflow/example_dags/example_short_circuit_decorator.py took 0.136 seconds
[2026-06-14T21:29:08.809+0000] {processor.py:161} INFO - Started process (PID=397) to work on /home/airflow/.local/lib/python3.12/site-packages/airflow/example_dags/example_short_circuit_decorator.py
[2026-06-14T21:29:08.813+0000] {processor.py:830} INFO - Processing file /home/airflow/.local/lib/python3.12/site-packages/airflow/example_dags/example_short_circuit_decorator.py for tasks to queue
[2026-06-14T21:29:08.828+0000] {logging_mixin.py:188} INFO - [2026-06-14T21:29:08.827+0000] {dagbag.py:545} INFO - Filling up the DagBag from /home/airflow/.local/lib/python3.12/site-packages/airflow/example_dags/example_short_circuit_decorator.py
[2026-06-14T21:29:08.881+0000] {processor.py:840} INFO - DAG(s) 'example_short_circuit_decorator' retrieved from /home/airflow/.local/lib/python3.12/site-packages/airflow/example_dags/example_short_circuit_decorator.py
[2026-06-14T21:29:08.981+0000] {logging_mixin.py:188} INFO - [2026-06-14T21:29:08.981+0000] {dag.py:3089} INFO - Sync 1 DAGs
[2026-06-14T21:29:09.036+0000] {logging_mixin.py:188} INFO - [2026-06-14T21:29:09.035+0000] {dag.py:3947} INFO - Setting next_dagrun for example_short_circuit_decorator to 2026-06-13 00:00:00+00:00, run_after=2026-06-14 00:00:00+00:00
[2026-06-14T21:29:09.078+0000] {processor.py:183} INFO - Processing /home/airflow/.local/lib/python3.12/site-packages/airflow/example_dags/example_short_circuit_decorator.py took 0.289 seconds
[2026-06-14T21:29:39.476+0000] {processor.py:161} INFO - Started process (PID=456) to work on /home/airflow/.local/lib/python3.12/site-packages/airflow/example_dags/example_short_circuit_decorator.py
[2026-06-14T21:29:39.479+0000] {processor.py:830} INFO - Processing file /home/airflow/.local/lib/python3.12/site-packages/airflow/example_dags/example_short_circuit_decorator.py for tasks to queue
[2026-06-14T21:29:39.483+0000] {logging_mixin.py:188} INFO - [2026-06-14T21:29:39.482+0000] {dagbag.py:545} INFO - Filling up the DagBag from /home/airflow/.local/lib/python3.12/site-packages/airflow/example_dags/example_short_circuit_decorator.py
[2026-06-14T21:29:39.499+0000] {processor.py:840} INFO - DAG(s) 'example_short_circuit_decorator' retrieved from /home/airflow/.local/lib/python3.12/site-packages/airflow/example_dags/example_short_circuit_decorator.py
[2026-06-14T21:29:39.541+0000] {logging_mixin.py:188} INFO - [2026-06-14T21:29:39.540+0000] {dag.py:3089} INFO - Sync 1 DAGs
[2026-06-14T21:29:39.582+0000] {logging_mixin.py:188} INFO - [2026-06-14T21:29:39.581+0000] {dag.py:3947} INFO - Setting next_dagrun for example_short_circuit_decorator to 2026-06-13 00:00:00+00:00, run_after=2026-06-14 00:00:00+00:00
[2026-06-14T21:29:39.661+0000] {processor.py:183} INFO - Processing /home/airflow/.local/lib/python3.12/site-packages/airflow/example_dags/example_short_circuit_decorator.py took 0.196 seconds
[2026-06-14T21:30:09.817+0000] {processor.py:161} INFO - Started process (PID=514) to work on /home/airflow/.local/lib/python3.12/site-packages/airflow/example_dags/example_short_circuit_decorator.py
[2026-06-14T21:30:09.818+0000] {processor.py:830} INFO - Processing file /home/airflow/.local/lib/python3.12/site-packages/airflow/example_dags/example_short_circuit_decorator.py for tasks to queue
[2026-06-14T21:30:09.820+0000] {logging_mixin.py:188} INFO - [2026-06-14T21:30:09.819+0000] {dagbag.py:545} INFO - Filling up the DagBag from /home/airflow/.local/lib/python3.12/site-packages/airflow/example_dags/example_short_circuit_decorator.py
[2026-06-14T21:30:09.837+0000] {processor.py:840} INFO - DAG(s) 'example_short_circuit_decorator' retrieved from /home/airflow/.local/lib/python3.12/site-packages/airflow/example_dags/example_short_circuit_decorator.py
[2026-06-14T21:30:09.873+0000] {logging_mixin.py:188} INFO - [2026-06-14T21:30:09.873+0000] {dag.py:3089} INFO - Sync 1 DAGs
[2026-06-14T21:30:09.902+0000] {logging_mixin.py:188} INFO - [2026-06-14T21:30:09.901+0000] {dag.py:3947} INFO - Setting next_dagrun for example_short_circuit_decorator to 2026-06-13 00:00:00+00:00, run_after=2026-06-14 00:00:00+00:00
[2026-06-14T21:30:09.933+0000] {processor.py:183} INFO - Processing /home/airflow/.local/lib/python3.12/site-packages/airflow/example_dags/example_short_circuit_decorator.py took 0.128 seconds
[2026-06-14T21:30:40.931+0000] {processor.py:161} INFO - Started process (PID=572) to work on /home/airflow/.local/lib/python3.12/site-packages/airflow/example_dags/example_short_circuit_decorator.py
[2026-06-14T21:30:40.932+0000] {processor.py:830} INFO - Processing file /home/airflow/.local/lib/python3.12/site-packages/airflow/example_dags/example_short_circuit_decorator.py for tasks to queue
[2026-06-14T21:30:40.933+0000] {logging_mixin.py:188} INFO - [2026-06-14T21:30:40.933+0000] {dagbag.py:545} INFO - Filling up the DagBag from /home/airflow/.local/lib/python3.12/site-packages/airflow/example_dags/example_short_circuit_decorator.py
[2026-06-14T21:30:40.944+0000] {processor.py:840} INFO - DAG(s) 'example_short_circuit_decorator' retrieved from /home/airflow/.local/lib/python3.12/site-packages/airflow/example_dags/example_short_circuit_decorator.py
[2026-06-14T21:30:40.970+0000] {logging_mixin.py:188} INFO - [2026-06-14T21:30:40.970+0000] {dag.py:3089} INFO - Sync 1 DAGs
[2026-06-14T21:30:40.996+0000] {logging_mixin.py:188} INFO - [2026-06-14T21:30:40.996+0000] {dag.py:3947} INFO - Setting next_dagrun for example_short_circuit_decorator to 2026-06-13 00:00:00+00:00, run_after=2026-06-14 00:00:00+00:00
[2026-06-14T21:30:41.032+0000] {processor.py:183} INFO - Processing /home/airflow/.local/lib/python3.12/site-packages/airflow/example_dags/example_short_circuit_decorator.py took 0.110 seconds
[2026-06-14T21:31:11.363+0000] {processor.py:161} INFO - Started process (PID=631) to work on /home/airflow/.local/lib/python3.12/site-packages/airflow/example_dags/example_short_circuit_decorator.py
[2026-06-14T21:31:11.365+0000] {processor.py:830} INFO - Processing file /home/airflow/.local/lib/python3.12/site-packages/airflow/example_dags/example_short_circuit_decorator.py for tasks to queue
[2026-06-14T21:31:11.367+0000] {logging_mixin.py:188} INFO - [2026-06-14T21:31:11.366+0000] {dagbag.py:545} INFO - Filling up the DagBag from /home/airflow/.local/lib/python3.12/site-packages/airflow/example_dags/example_short_circuit_decorator.py
[2026-06-14T21:31:11.381+0000] {processor.py:840} INFO - DAG(s) 'example_short_circuit_decorator' retrieved from /home/airflow/.local/lib/python3.12/site-packages/airflow/example_dags/example_short_circuit_decorator.py
[2026-06-14T21:31:11.422+0000] {logging_mixin.py:188} INFO - [2026-06-14T21:31:11.421+0000] {dag.py:3089} INFO - Sync 1 DAGs
[2026-06-14T21:31:11.455+0000] {logging_mixin.py:188} INFO - [2026-06-14T21:31:11.454+0000] {dag.py:3947} INFO - Setting next_dagrun for example_short_circuit_decorator to 2026-06-13 00:00:00+00:00, run_after=2026-06-14 00:00:00+00:00
[2026-06-14T21:31:11.528+0000] {processor.py:183} INFO - Processing /home/airflow/.local/lib/python3.12/site-packages/airflow/example_dags/example_short_circuit_decorator.py took 0.172 seconds
[2026-06-14T21:31:42.345+0000] {processor.py:161} INFO - Started process (PID=689) to work on /home/airflow/.local/lib/python3.12/site-packages/airflow/example_dags/example_short_circuit_decorator.py
[2026-06-14T21:31:42.347+0000] {processor.py:830} INFO - Processing file /home/airflow/.local/lib/python3.12/site-packages/airflow/example_dags/example_short_circuit_decorator.py for tasks to queue
[2026-06-14T21:31:42.349+0000] {logging_mixin.py:188} INFO - [2026-06-14T21:31:42.348+0000] {dagbag.py:545} INFO - Filling up the DagBag from /home/airflow/.local/lib/python3.12/site-packages/airflow/example_dags/example_short_circuit_decorator.py
[2026-06-14T21:31:42.363+0000] {processor.py:840} INFO - DAG(s) 'example_short_circuit_decorator' retrieved from /home/airflow/.local/lib/python3.12/site-packages/airflow/example_dags/example_short_circuit_decorator.py
[2026-06-14T21:31:42.400+0000] {logging_mixin.py:188} INFO - [2026-06-14T21:31:42.400+0000] {dag.py:3089} INFO - Sync 1 DAGs
[2026-06-14T21:31:42.430+0000] {logging_mixin.py:188} INFO - [2026-06-14T21:31:42.429+0000] {dag.py:3947} INFO - Setting next_dagrun for example_short_circuit_decorator to 2026-06-13 00:00:00+00:00, run_after=2026-06-14 00:00:00+00:00
[2026-06-14T21:31:42.461+0000] {processor.py:183} INFO - Processing /home/airflow/.local/lib/python3.12/site-packages/airflow/example_dags/example_short_circuit_decorator.py took 0.128 seconds
[2026-06-14T21:32:14.052+0000] {processor.py:161} INFO - Started process (PID=746) to work on /home/airflow/.local/lib/python3.12/site-packages/airflow/example_dags/example_short_circuit_decorator.py
[2026-06-14T21:32:14.054+0000] {processor.py:830} INFO - Processing file /home/airflow/.local/lib/python3.12/site-packages/airflow/example_dags/example_short_circuit_decorator.py for tasks to queue
[2026-06-14T21:32:14.055+0000] {logging_mixin.py:188} INFO - [2026-06-14T21:32:14.055+0000] {dagbag.py:545} INFO - Filling up the DagBag from /home/airflow/.local/lib/python3.12/site-packages/airflow/example_dags/example_short_circuit_decorator.py
[2026-06-14T21:32:14.068+0000] {processor.py:840} INFO - DAG(s) 'example_short_circuit_decorator' retrieved from /home/airflow/.local/lib/python3.12/site-packages/airflow/example_dags/example_short_circuit_decorator.py
[2026-06-14T21:32:14.114+0000] {logging_mixin.py:188} INFO - [2026-06-14T21:32:14.114+0000] {dag.py:3089} INFO - Sync 1 DAGs
[2026-06-14T21:32:14.149+0000] {logging_mixin.py:188} INFO - [2026-06-14T21:32:14.149+0000] {dag.py:3947} INFO - Setting next_dagrun for example_short_circuit_decorator to 2026-06-13 00:00:00+00:00, run_after=2026-06-14 00:00:00+00:00
[2026-06-14T21:32:14.175+0000] {processor.py:183} INFO - Processing /home/airflow/.local/lib/python3.12/site-packages/airflow/example_dags/example_short_circuit_decorator.py took 0.130 seconds
[2026-06-14T21:40:03.656+0000] {processor.py:161} INFO - Started process (PID=103) to work on /home/airflow/.local/lib/python3.12/site-packages/airflow/example_dags/example_short_circuit_decorator.py
[2026-06-14T21:40:03.657+0000] {processor.py:830} INFO - Processing file /home/airflow/.local/lib/python3.12/site-packages/airflow/example_dags/example_short_circuit_decorator.py for tasks to queue
[2026-06-14T21:40:03.660+0000] {logging_mixin.py:188} INFO - [2026-06-14T21:40:03.660+0000] {dagbag.py:545} INFO - Filling up the DagBag from /home/airflow/.local/lib/python3.12/site-packages/airflow/example_dags/example_short_circuit_decorator.py
[2026-06-14T21:40:03.674+0000] {processor.py:840} INFO - DAG(s) 'example_short_circuit_decorator' retrieved from /home/airflow/.local/lib/python3.12/site-packages/airflow/example_dags/example_short_circuit_decorator.py
[2026-06-14T21:40:03.844+0000] {logging_mixin.py:188} INFO - [2026-06-14T21:40:03.843+0000] {dag.py:3089} INFO - Sync 1 DAGs
[2026-06-14T21:40:03.867+0000] {logging_mixin.py:188} INFO - [2026-06-14T21:40:03.867+0000] {dag.py:3947} INFO - Setting next_dagrun for example_short_circuit_decorator to 2026-06-13 00:00:00+00:00, run_after=2026-06-14 00:00:00+00:00
[2026-06-14T21:40:03.893+0000] {processor.py:183} INFO - Processing /home/airflow/.local/lib/python3.12/site-packages/airflow/example_dags/example_short_circuit_decorator.py took 0.245 seconds
[2026-06-14T21:40:34.180+0000] {processor.py:161} INFO - Started process (PID=162) to work on /home/airflow/.local/lib/python3.12/site-packages/airflow/example_dags/example_short_circuit_decorator.py
[2026-06-14T21:40:34.182+0000] {processor.py:830} INFO - Processing file /home/airflow/.local/lib/python3.12/site-packages/airflow/example_dags/example_short_circuit_decorator.py for tasks to queue
[2026-06-14T21:40:34.190+0000] {logging_mixin.py:188} INFO - [2026-06-14T21:40:34.189+0000] {dagbag.py:545} INFO - Filling up the DagBag from /home/airflow/.local/lib/python3.12/site-packages/airflow/example_dags/example_short_circuit_decorator.py
[2026-06-14T21:40:34.211+0000] {processor.py:840} INFO - DAG(s) 'example_short_circuit_decorator' retrieved from /home/airflow/.local/lib/python3.12/site-packages/airflow/example_dags/example_short_circuit_decorator.py
[2026-06-14T21:40:34.247+0000] {logging_mixin.py:188} INFO - [2026-06-14T21:40:34.247+0000] {dag.py:3089} INFO - Sync 1 DAGs
[2026-06-14T21:40:34.285+0000] {logging_mixin.py:188} INFO - [2026-06-14T21:40:34.285+0000] {dag.py:3947} INFO - Setting next_dagrun for example_short_circuit_decorator to 2026-06-13 00:00:00+00:00, run_after=2026-06-14 00:00:00+00:00
[2026-06-14T21:40:34.320+0000] {processor.py:183} INFO - Processing /home/airflow/.local/lib/python3.12/site-packages/airflow/example_dags/example_short_circuit_decorator.py took 0.152 seconds
[2026-06-14T21:41:04.895+0000] {processor.py:161} INFO - Started process (PID=221) to work on /home/airflow/.local/lib/python3.12/site-packages/airflow/example_dags/example_short_circuit_decorator.py
[2026-06-14T21:41:04.896+0000] {processor.py:830} INFO - Processing file /home/airflow/.local/lib/python3.12/site-packages/airflow/example_dags/example_short_circuit_decorator.py for tasks to queue
[2026-06-14T21:41:04.899+0000] {logging_mixin.py:188} INFO - [2026-06-14T21:41:04.899+0000] {dagbag.py:545} INFO - Filling up the DagBag from /home/airflow/.local/lib/python3.12/site-packages/airflow/example_dags/example_short_circuit_decorator.py
[2026-06-14T21:41:04.912+0000] {processor.py:840} INFO - DAG(s) 'example_short_circuit_decorator' retrieved from /home/airflow/.local/lib/python3.12/site-packages/airflow/example_dags/example_short_circuit_decorator.py
[2026-06-14T21:41:04.946+0000] {logging_mixin.py:188} INFO - [2026-06-14T21:41:04.945+0000] {dag.py:3089} INFO - Sync 1 DAGs
[2026-06-14T21:41:04.990+0000] {logging_mixin.py:188} INFO - [2026-06-14T21:41:04.990+0000] {dag.py:3947} INFO - Setting next_dagrun for example_short_circuit_decorator to 2026-06-13 00:00:00+00:00, run_after=2026-06-14 00:00:00+00:00
[2026-06-14T21:41:05.027+0000] {processor.py:183} INFO - Processing /home/airflow/.local/lib/python3.12/site-packages/airflow/example_dags/example_short_circuit_decorator.py took 0.141 seconds
[2026-06-14T21:41:35.574+0000] {processor.py:161} INFO - Started process (PID=280) to work on /home/airflow/.local/lib/python3.12/site-packages/airflow/example_dags/example_short_circuit_decorator.py
[2026-06-14T21:41:35.576+0000] {processor.py:830} INFO - Processing file /home/airflow/.local/lib/python3.12/site-packages/airflow/example_dags/example_short_circuit_decorator.py for tasks to queue
[2026-06-14T21:41:35.579+0000] {logging_mixin.py:188} INFO - [2026-06-14T21:41:35.579+0000] {dagbag.py:545} INFO - Filling up the DagBag from /home/airflow/.local/lib/python3.12/site-packages/airflow/example_dags/example_short_circuit_decorator.py
[2026-06-14T21:41:35.591+0000] {processor.py:840} INFO - DAG(s) 'example_short_circuit_decorator' retrieved from /home/airflow/.local/lib/python3.12/site-packages/airflow/example_dags/example_short_circuit_decorator.py
[2026-06-14T21:41:35.626+0000] {logging_mixin.py:188} INFO - [2026-06-14T21:41:35.625+0000] {dag.py:3089} INFO - Sync 1 DAGs
[2026-06-14T21:41:35.659+0000] {logging_mixin.py:188} INFO - [2026-06-14T21:41:35.658+0000] {dag.py:3947} INFO - Setting next_dagrun for example_short_circuit_decorator to 2026-06-13 00:00:00+00:00, run_after=2026-06-14 00:00:00+00:00
[2026-06-14T21:41:35.686+0000] {processor.py:183} INFO - Processing /home/airflow/.local/lib/python3.12/site-packages/airflow/example_dags/example_short_circuit_decorator.py took 0.123 seconds
[2026-06-14T21:42:06.359+0000] {processor.py:161} INFO - Started process (PID=339) to work on /home/airflow/.local/lib/python3.12/site-packages/airflow/example_dags/example_short_circuit_decorator.py
[2026-06-14T21:42:06.361+0000] {processor.py:830} INFO - Processing file /home/airflow/.local/lib/python3.12/site-packages/airflow/example_dags/example_short_circuit_decorator.py for tasks to queue
[2026-06-14T21:42:06.365+0000] {logging_mixin.py:188} INFO - [2026-06-14T21:42:06.364+0000] {dagbag.py:545} INFO - Filling up the DagBag from /home/airflow/.local/lib/python3.12/site-packages/airflow/example_dags/example_short_circuit_decorator.py
[2026-06-14T21:42:06.380+0000] {processor.py:840} INFO - DAG(s) 'example_short_circuit_decorator' retrieved from /home/airflow/.local/lib/python3.12/site-packages/airflow/example_dags/example_short_circuit_decorator.py
[2026-06-14T21:42:06.422+0000] {logging_mixin.py:188} INFO - [2026-06-14T21:42:06.421+0000] {dag.py:3089} INFO - Sync 1 DAGs
[2026-06-14T21:42:06.454+0000] {logging_mixin.py:188} INFO - [2026-06-14T21:42:06.454+0000] {dag.py:3947} INFO - Setting next_dagrun for example_short_circuit_decorator to 2026-06-13 00:00:00+00:00, run_after=2026-06-14 00:00:00+00:00
[2026-06-14T21:42:06.483+0000] {processor.py:183} INFO - Processing /home/airflow/.local/lib/python3.12/site-packages/airflow/example_dags/example_short_circuit_decorator.py took 0.133 seconds
[2026-06-14T21:42:36.911+0000] {processor.py:161} INFO - Started process (PID=398) to work on /home/airflow/.local/lib/python3.12/site-packages/airflow/example_dags/example_short_circuit_decorator.py
[2026-06-14T21:42:36.913+0000] {processor.py:830} INFO - Processing file /home/airflow/.local/lib/python3.12/site-packages/airflow/example_dags/example_short_circuit_decorator.py for tasks to queue
[2026-06-14T21:42:36.916+0000] {logging_mixin.py:188} INFO - [2026-06-14T21:42:36.916+0000] {dagbag.py:545} INFO - Filling up the DagBag from /home/airflow/.local/lib/python3.12/site-packages/airflow/example_dags/example_short_circuit_decorator.py
[2026-06-14T21:42:36.932+0000] {processor.py:840} INFO - DAG(s) 'example_short_circuit_decorator' retrieved from /home/airflow/.local/lib/python3.12/site-packages/airflow/example_dags/example_short_circuit_decorator.py
[2026-06-14T21:42:36.964+0000] {logging_mixin.py:188} INFO - [2026-06-14T21:42:36.963+0000] {dag.py:3089} INFO - Sync 1 DAGs
[2026-06-14T21:42:36.991+0000] {logging_mixin.py:188} INFO - [2026-06-14T21:42:36.991+0000] {dag.py:3947} INFO - Setting next_dagrun for example_short_circuit_decorator to 2026-06-13 00:00:00+00:00, run_after=2026-06-14 00:00:00+00:00
[2026-06-14T21:42:37.016+0000] {processor.py:183} INFO - Processing /home/airflow/.local/lib/python3.12/site-packages/airflow/example_dags/example_short_circuit_decorator.py took 0.115 seconds
[2026-06-14T21:43:07.539+0000] {processor.py:161} INFO - Started process (PID=457) to work on /home/airflow/.local/lib/python3.12/site-packages/airflow/example_dags/example_short_circuit_decorator.py
[2026-06-14T21:43:07.541+0000] {processor.py:830} INFO - Processing file /home/airflow/.local/lib/python3.12/site-packages/airflow/example_dags/example_short_circuit_decorator.py for tasks to queue
[2026-06-14T21:43:07.545+0000] {logging_mixin.py:188} INFO - [2026-06-14T21:43:07.544+0000] {dagbag.py:545} INFO - Filling up the DagBag from /home/airflow/.local/lib/python3.12/site-packages/airflow/example_dags/example_short_circuit_decorator.py
[2026-06-14T21:43:07.558+0000] {processor.py:840} INFO - DAG(s) 'example_short_circuit_decorator' retrieved from /home/airflow/.local/lib/python3.12/site-packages/airflow/example_dags/example_short_circuit_decorator.py
[2026-06-14T21:43:07.603+0000] {logging_mixin.py:188} INFO - [2026-06-14T21:43:07.602+0000] {dag.py:3089} INFO - Sync 1 DAGs
[2026-06-14T21:43:07.644+0000] {logging_mixin.py:188} INFO - [2026-06-14T21:43:07.644+0000] {dag.py:3947} INFO - Setting next_dagrun for example_short_circuit_decorator to 2026-06-13 00:00:00+00:00, run_after=2026-06-14 00:00:00+00:00
[2026-06-14T21:43:07.679+0000] {processor.py:183} INFO - Processing /home/airflow/.local/lib/python3.12/site-packages/airflow/example_dags/example_short_circuit_decorator.py took 0.148 seconds
[2026-06-14T21:43:38.512+0000] {processor.py:161} INFO - Started process (PID=516) to work on /home/airflow/.local/lib/python3.12/site-packages/airflow/example_dags/example_short_circuit_decorator.py
[2026-06-14T21:43:38.514+0000] {processor.py:830} INFO - Processing file /home/airflow/.local/lib/python3.12/site-packages/airflow/example_dags/example_short_circuit_decorator.py for tasks to queue
[2026-06-14T21:43:38.518+0000] {logging_mixin.py:188} INFO - [2026-06-14T21:43:38.518+0000] {dagbag.py:545} INFO - Filling up the DagBag from /home/airflow/.local/lib/python3.12/site-packages/airflow/example_dags/example_short_circuit_decorator.py
[2026-06-14T21:43:38.533+0000] {processor.py:840} INFO - DAG(s) 'example_short_circuit_decorator' retrieved from /home/airflow/.local/lib/python3.12/site-packages/airflow/example_dags/example_short_circuit_decorator.py
[2026-06-14T21:43:38.574+0000] {logging_mixin.py:188} INFO - [2026-06-14T21:43:38.574+0000] {dag.py:3089} INFO - Sync 1 DAGs
[2026-06-14T21:43:38.616+0000] {logging_mixin.py:188} INFO - [2026-06-14T21:43:38.616+0000] {dag.py:3947} INFO - Setting next_dagrun for example_short_circuit_decorator to 2026-06-13 00:00:00+00:00, run_after=2026-06-14 00:00:00+00:00
[2026-06-14T21:43:38.649+0000] {processor.py:183} INFO - Processing /home/airflow/.local/lib/python3.12/site-packages/airflow/example_dags/example_short_circuit_decorator.py took 0.147 seconds
[2026-06-14T21:44:09.094+0000] {processor.py:161} INFO - Started process (PID=575) to work on /home/airflow/.local/lib/python3.12/site-packages/airflow/example_dags/example_short_circuit_decorator.py
[2026-06-14T21:44:09.095+0000] {processor.py:830} INFO - Processing file /home/airflow/.local/lib/python3.12/site-packages/airflow/example_dags/example_short_circuit_decorator.py for tasks to queue
[2026-06-14T21:44:09.098+0000] {logging_mixin.py:188} INFO - [2026-06-14T21:44:09.098+0000] {dagbag.py:545} INFO - Filling up the DagBag from /home/airflow/.local/lib/python3.12/site-packages/airflow/example_dags/example_short_circuit_decorator.py
[2026-06-14T21:44:09.110+0000] {processor.py:840} INFO - DAG(s) 'example_short_circuit_decorator' retrieved from /home/airflow/.local/lib/python3.12/site-packages/airflow/example_dags/example_short_circuit_decorator.py
[2026-06-14T21:44:09.148+0000] {logging_mixin.py:188} INFO - [2026-06-14T21:44:09.147+0000] {dag.py:3089} INFO - Sync 1 DAGs
[2026-06-14T21:44:09.181+0000] {logging_mixin.py:188} INFO - [2026-06-14T21:44:09.181+0000] {dag.py:3947} INFO - Setting next_dagrun for example_short_circuit_decorator to 2026-06-13 00:00:00+00:00, run_after=2026-06-14 00:00:00+00:00
[2026-06-14T21:44:09.209+0000] {processor.py:183} INFO - Processing /home/airflow/.local/lib/python3.12/site-packages/airflow/example_dags/example_short_circuit_decorator.py took 0.123 seconds
[2026-06-14T21:44:39.972+0000] {processor.py:161} INFO - Started process (PID=634) to work on /home/airflow/.local/lib/python3.12/site-packages/airflow/example_dags/example_short_circuit_decorator.py
[2026-06-14T21:44:39.973+0000] {processor.py:830} INFO - Processing file /home/airflow/.local/lib/python3.12/site-packages/airflow/example_dags/example_short_circuit_decorator.py for tasks to queue
[2026-06-14T21:44:39.976+0000] {logging_mixin.py:188} INFO - [2026-06-14T21:44:39.976+0000] {dagbag.py:545} INFO - Filling up the DagBag from /home/airflow/.local/lib/python3.12/site-packages/airflow/example_dags/example_short_circuit_decorator.py
[2026-06-14T21:44:39.988+0000] {processor.py:840} INFO - DAG(s) 'example_short_circuit_decorator' retrieved from /home/airflow/.local/lib/python3.12/site-packages/airflow/example_dags/example_short_circuit_decorator.py
[2026-06-14T21:44:40.024+0000] {logging_mixin.py:188} INFO - [2026-06-14T21:44:40.023+0000] {dag.py:3089} INFO - Sync 1 DAGs
[2026-06-14T21:44:40.057+0000] {logging_mixin.py:188} INFO - [2026-06-14T21:44:40.056+0000] {dag.py:3947} INFO - Setting next_dagrun for example_short_circuit_decorator to 2026-06-13 00:00:00+00:00, run_after=2026-06-14 00:00:00+00:00
[2026-06-14T21:44:40.091+0000] {processor.py:183} INFO - Processing /home/airflow/.local/lib/python3.12/site-packages/airflow/example_dags/example_short_circuit_decorator.py took 0.127 seconds
[2026-06-14T21:45:10.286+0000] {processor.py:161} INFO - Started process (PID=693) to work on /home/airflow/.local/lib/python3.12/site-packages/airflow/example_dags/example_short_circuit_decorator.py
[2026-06-14T21:45:10.288+0000] {processor.py:830} INFO - Processing file /home/airflow/.local/lib/python3.12/site-packages/airflow/example_dags/example_short_circuit_decorator.py for tasks to queue
[2026-06-14T21:45:10.290+0000] {logging_mixin.py:188} INFO - [2026-06-14T21:45:10.290+0000] {dagbag.py:545} INFO - Filling up the DagBag from /home/airflow/.local/lib/python3.12/site-packages/airflow/example_dags/example_short_circuit_decorator.py
[2026-06-14T21:45:10.302+0000] {processor.py:840} INFO - DAG(s) 'example_short_circuit_decorator' retrieved from /home/airflow/.local/lib/python3.12/site-packages/airflow/example_dags/example_short_circuit_decorator.py
[2026-06-14T21:45:10.332+0000] {logging_mixin.py:188} INFO - [2026-06-14T21:45:10.332+0000] {dag.py:3089} INFO - Sync 1 DAGs
[2026-06-14T21:45:10.360+0000] {logging_mixin.py:188} INFO - [2026-06-14T21:45:10.359+0000] {dag.py:3947} INFO - Setting next_dagrun for example_short_circuit_decorator to 2026-06-13 00:00:00+00:00, run_after=2026-06-14 00:00:00+00:00
[2026-06-14T21:45:10.387+0000] {processor.py:183} INFO - Processing /home/airflow/.local/lib/python3.12/site-packages/airflow/example_dags/example_short_circuit_decorator.py took 0.109 seconds
[2026-06-14T21:45:40.682+0000] {processor.py:161} INFO - Started process (PID=752) to work on /home/airflow/.local/lib/python3.12/site-packages/airflow/example_dags/example_short_circuit_decorator.py
[2026-06-14T21:45:40.684+0000] {processor.py:830} INFO - Processing file /home/airflow/.local/lib/python3.12/site-packages/airflow/example_dags/example_short_circuit_decorator.py for tasks to queue
[2026-06-14T21:45:40.688+0000] {logging_mixin.py:188} INFO - [2026-06-14T21:45:40.688+0000] {dagbag.py:545} INFO - Filling up the DagBag from /home/airflow/.local/lib/python3.12/site-packages/airflow/example_dags/example_short_circuit_decorator.py
[2026-06-14T21:45:40.716+0000] {processor.py:840} INFO - DAG(s) 'example_short_circuit_decorator' retrieved from /home/airflow/.local/lib/python3.12/site-packages/airflow/example_dags/example_short_circuit_decorator.py
[2026-06-14T21:45:40.779+0000] {logging_mixin.py:188} INFO - [2026-06-14T21:45:40.779+0000] {dag.py:3089} INFO - Sync 1 DAGs
[2026-06-14T21:45:40.854+0000] {logging_mixin.py:188} INFO - [2026-06-14T21:45:40.853+0000] {dag.py:3947} INFO - Setting next_dagrun for example_short_circuit_decorator to 2026-06-13 00:00:00+00:00, run_after=2026-06-14 00:00:00+00:00
[2026-06-14T21:45:40.924+0000] {processor.py:183} INFO - Processing /home/airflow/.local/lib/python3.12/site-packages/airflow/example_dags/example_short_circuit_decorator.py took 0.256 seconds
[2026-06-14T21:46:12.308+0000] {processor.py:161} INFO - Started process (PID=811) to work on /home/airflow/.local/lib/python3.12/site-packages/airflow/example_dags/example_short_circuit_decorator.py
[2026-06-14T21:46:12.311+0000] {processor.py:830} INFO - Processing file /home/airflow/.local/lib/python3.12/site-packages/airflow/example_dags/example_short_circuit_decorator.py for tasks to queue
[2026-06-14T21:46:12.315+0000] {logging_mixin.py:188} INFO - [2026-06-14T21:46:12.314+0000] {dagbag.py:545} INFO - Filling up the DagBag from /home/airflow/.local/lib/python3.12/site-packages/airflow/example_dags/example_short_circuit_decorator.py
[2026-06-14T21:46:12.332+0000] {processor.py:840} INFO - DAG(s) 'example_short_circuit_decorator' retrieved from /home/airflow/.local/lib/python3.12/site-packages/airflow/example_dags/example_short_circuit_decorator.py
[2026-06-14T21:46:12.366+0000] {logging_mixin.py:188} INFO - [2026-06-14T21:46:12.366+0000] {dag.py:3089} INFO - Sync 1 DAGs
[2026-06-14T21:46:12.397+0000] {logging_mixin.py:188} INFO - [2026-06-14T21:46:12.396+0000] {dag.py:3947} INFO - Setting next_dagrun for example_short_circuit_decorator to 2026-06-13 00:00:00+00:00, run_after=2026-06-14 00:00:00+00:00
[2026-06-14T21:46:12.430+0000] {processor.py:183} INFO - Processing /home/airflow/.local/lib/python3.12/site-packages/airflow/example_dags/example_short_circuit_decorator.py took 0.133 seconds
[2026-06-14T21:46:43.285+0000] {processor.py:161} INFO - Started process (PID=870) to work on /home/airflow/.local/lib/python3.12/site-packages/airflow/example_dags/example_short_circuit_decorator.py
[2026-06-14T21:46:43.287+0000] {processor.py:830} INFO - Processing file /home/airflow/.local/lib/python3.12/site-packages/airflow/example_dags/example_short_circuit_decorator.py for tasks to queue
[2026-06-14T21:46:43.292+0000] {logging_mixin.py:188} INFO - [2026-06-14T21:46:43.291+0000] {dagbag.py:545} INFO - Filling up the DagBag from /home/airflow/.local/lib/python3.12/site-packages/airflow/example_dags/example_short_circuit_decorator.py
[2026-06-14T21:46:43.313+0000] {processor.py:840} INFO - DAG(s) 'example_short_circuit_decorator' retrieved from /home/airflow/.local/lib/python3.12/site-packages/airflow/example_dags/example_short_circuit_decorator.py
[2026-06-14T21:46:43.372+0000] {logging_mixin.py:188} INFO - [2026-06-14T21:46:43.372+0000] {dag.py:3089} INFO - Sync 1 DAGs
[2026-06-14T21:46:43.412+0000] {logging_mixin.py:188} INFO - [2026-06-14T21:46:43.412+0000] {dag.py:3947} INFO - Setting next_dagrun for example_short_circuit_decorator to 2026-06-13 00:00:00+00:00, run_after=2026-06-14 00:00:00+00:00
[2026-06-14T21:46:43.453+0000] {processor.py:183} INFO - Processing /home/airflow/.local/lib/python3.12/site-packages/airflow/example_dags/example_short_circuit_decorator.py took 0.185 seconds
[2026-06-14T21:47:15.812+0000] {processor.py:161} INFO - Started process (PID=929) to work on /home/airflow/.local/lib/python3.12/site-packages/airflow/example_dags/example_short_circuit_decorator.py
[2026-06-14T21:47:15.814+0000] {processor.py:830} INFO - Processing file /home/airflow/.local/lib/python3.12/site-packages/airflow/example_dags/example_short_circuit_decorator.py for tasks to queue
[2026-06-14T21:47:15.822+0000] {logging_mixin.py:188} INFO - [2026-06-14T21:47:15.820+0000] {dagbag.py:545} INFO - Filling up the DagBag from /home/airflow/.local/lib/python3.12/site-packages/airflow/example_dags/example_short_circuit_decorator.py
[2026-06-14T21:47:15.852+0000] {processor.py:840} INFO - DAG(s) 'example_short_circuit_decorator' retrieved from /home/airflow/.local/lib/python3.12/site-packages/airflow/example_dags/example_short_circuit_decorator.py
[2026-06-14T21:47:15.928+0000] {logging_mixin.py:188} INFO - [2026-06-14T21:47:15.927+0000] {dag.py:3089} INFO - Sync 1 DAGs
[2026-06-14T21:47:16.008+0000] {logging_mixin.py:188} INFO - [2026-06-14T21:47:16.008+0000] {dag.py:3947} INFO - Setting next_dagrun for example_short_circuit_decorator to 2026-06-13 00:00:00+00:00, run_after=2026-06-14 00:00:00+00:00
[2026-06-14T21:47:16.075+0000] {processor.py:183} INFO - Processing /home/airflow/.local/lib/python3.12/site-packages/airflow/example_dags/example_short_circuit_decorator.py took 0.280 seconds
[2026-06-14T21:47:46.682+0000] {processor.py:161} INFO - Started process (PID=993) to work on /home/airflow/.local/lib/python3.12/site-packages/airflow/example_dags/example_short_circuit_decorator.py
[2026-06-14T21:47:46.684+0000] {processor.py:830} INFO - Processing file /home/airflow/.local/lib/python3.12/site-packages/airflow/example_dags/example_short_circuit_decorator.py for tasks to queue
[2026-06-14T21:47:46.687+0000] {logging_mixin.py:188} INFO - [2026-06-14T21:47:46.687+0000] {dagbag.py:545} INFO - Filling up the DagBag from /home/airflow/.local/lib/python3.12/site-packages/airflow/example_dags/example_short_circuit_decorator.py
[2026-06-14T21:47:46.703+0000] {processor.py:840} INFO - DAG(s) 'example_short_circuit_decorator' retrieved from /home/airflow/.local/lib/python3.12/site-packages/airflow/example_dags/example_short_circuit_decorator.py
[2026-06-14T21:47:46.734+0000] {logging_mixin.py:188} INFO - [2026-06-14T21:47:46.733+0000] {dag.py:3089} INFO - Sync 1 DAGs
[2026-06-14T21:47:46.771+0000] {logging_mixin.py:188} INFO - [2026-06-14T21:47:46.770+0000] {dag.py:3947} INFO - Setting next_dagrun for example_short_circuit_decorator to 2026-06-13 00:00:00+00:00, run_after=2026-06-14 00:00:00+00:00
[2026-06-14T21:47:46.843+0000] {processor.py:183} INFO - Processing /home/airflow/.local/lib/python3.12/site-packages/airflow/example_dags/example_short_circuit_decorator.py took 0.171 seconds
[2026-06-14T21:48:17.334+0000] {processor.py:161} INFO - Started process (PID=1052) to work on /home/airflow/.local/lib/python3.12/site-packages/airflow/example_dags/example_short_circuit_decorator.py
[2026-06-14T21:48:17.336+0000] {processor.py:830} INFO - Processing file /home/airflow/.local/lib/python3.12/site-packages/airflow/example_dags/example_short_circuit_decorator.py for tasks to queue
[2026-06-14T21:48:17.339+0000] {logging_mixin.py:188} INFO - [2026-06-14T21:48:17.338+0000] {dagbag.py:545} INFO - Filling up the DagBag from /home/airflow/.local/lib/python3.12/site-packages/airflow/example_dags/example_short_circuit_decorator.py
[2026-06-14T21:48:17.352+0000] {processor.py:840} INFO - DAG(s) 'example_short_circuit_decorator' retrieved from /home/airflow/.local/lib/python3.12/site-packages/airflow/example_dags/example_short_circuit_decorator.py
[2026-06-14T21:48:17.382+0000] {logging_mixin.py:188} INFO - [2026-06-14T21:48:17.381+0000] {dag.py:3089} INFO - Sync 1 DAGs
[2026-06-14T21:48:17.413+0000] {logging_mixin.py:188} INFO - [2026-06-14T21:48:17.413+0000] {dag.py:3947} INFO - Setting next_dagrun for example_short_circuit_decorator to 2026-06-13 00:00:00+00:00, run_after=2026-06-14 00:00:00+00:00
[2026-06-14T21:48:17.465+0000] {processor.py:183} INFO - Processing /home/airflow/.local/lib/python3.12/site-packages/airflow/example_dags/example_short_circuit_decorator.py took 0.141 seconds
[2026-06-14T21:48:48.425+0000] {processor.py:161} INFO - Started process (PID=1110) to work on /home/airflow/.local/lib/python3.12/site-packages/airflow/example_dags/example_short_circuit_decorator.py
[2026-06-14T21:48:48.429+0000] {processor.py:830} INFO - Processing file /home/airflow/.local/lib/python3.12/site-packages/airflow/example_dags/example_short_circuit_decorator.py for tasks to queue
[2026-06-14T21:48:48.434+0000] {logging_mixin.py:188} INFO - [2026-06-14T21:48:48.433+0000] {dagbag.py:545} INFO - Filling up the DagBag from /home/airflow/.local/lib/python3.12/site-packages/airflow/example_dags/example_short_circuit_decorator.py
[2026-06-14T21:48:48.451+0000] {processor.py:840} INFO - DAG(s) 'example_short_circuit_decorator' retrieved from /home/airflow/.local/lib/python3.12/site-packages/airflow/example_dags/example_short_circuit_decorator.py
[2026-06-14T21:48:48.483+0000] {logging_mixin.py:188} INFO - [2026-06-14T21:48:48.483+0000] {dag.py:3089} INFO - Sync 1 DAGs
[2026-06-14T21:48:48.510+0000] {logging_mixin.py:188} INFO - [2026-06-14T21:48:48.510+0000] {dag.py:3947} INFO - Setting next_dagrun for example_short_circuit_decorator to 2026-06-13 00:00:00+00:00, run_after=2026-06-14 00:00:00+00:00
[2026-06-14T21:48:48.532+0000] {processor.py:183} INFO - Processing /home/airflow/.local/lib/python3.12/site-packages/airflow/example_dags/example_short_circuit_decorator.py took 0.114 seconds
[2026-06-14T21:49:18.893+0000] {processor.py:161} INFO - Started process (PID=1169) to work on /home/airflow/.local/lib/python3.12/site-packages/airflow/example_dags/example_short_circuit_decorator.py
[2026-06-14T21:49:18.895+0000] {processor.py:830} INFO - Processing file /home/airflow/.local/lib/python3.12/site-packages/airflow/example_dags/example_short_circuit_decorator.py for tasks to queue
[2026-06-14T21:49:18.899+0000] {logging_mixin.py:188} INFO - [2026-06-14T21:49:18.898+0000] {dagbag.py:545} INFO - Filling up the DagBag from /home/airflow/.local/lib/python3.12/site-packages/airflow/example_dags/example_short_circuit_decorator.py
[2026-06-14T21:49:18.915+0000] {processor.py:840} INFO - DAG(s) 'example_short_circuit_decorator' retrieved from /home/airflow/.local/lib/python3.12/site-packages/airflow/example_dags/example_short_circuit_decorator.py
[2026-06-14T21:49:18.953+0000] {logging_mixin.py:188} INFO - [2026-06-14T21:49:18.953+0000] {dag.py:3089} INFO - Sync 1 DAGs
[2026-06-14T21:49:18.985+0000] {logging_mixin.py:188} INFO - [2026-06-14T21:49:18.985+0000] {dag.py:3947} INFO - Setting next_dagrun for example_short_circuit_decorator to 2026-06-13 00:00:00+00:00, run_after=2026-06-14 00:00:00+00:00
[2026-06-14T21:49:19.017+0000] {processor.py:183} INFO - Processing /home/airflow/.local/lib/python3.12/site-packages/airflow/example_dags/example_short_circuit_decorator.py took 0.130 seconds
