[2026-06-14T21:26:29.733+0000] {processor.py:161} INFO - Started process (PID=75) to work on /home/airflow/.local/lib/python3.12/site-packages/airflow/example_dags/example_skip_dag.py
[2026-06-14T21:26:29.735+0000] {processor.py:830} INFO - Processing file /home/airflow/.local/lib/python3.12/site-packages/airflow/example_dags/example_skip_dag.py for tasks to queue
[2026-06-14T21:26:29.739+0000] {logging_mixin.py:188} INFO - [2026-06-14T21:26:29.738+0000] {dagbag.py:545} INFO - Filling up the DagBag from /home/airflow/.local/lib/python3.12/site-packages/airflow/example_dags/example_skip_dag.py
[2026-06-14T21:26:29.756+0000] {processor.py:840} INFO - DAG(s) 'example_skip_dag' retrieved from /home/airflow/.local/lib/python3.12/site-packages/airflow/example_dags/example_skip_dag.py
[2026-06-14T21:26:29.923+0000] {logging_mixin.py:188} INFO - [2026-06-14T21:26:29.922+0000] {override.py:1858} INFO - Created Permission View: can delete on DAG:example_skip_dag
[2026-06-14T21:26:29.937+0000] {logging_mixin.py:188} INFO - [2026-06-14T21:26:29.937+0000] {override.py:1858} INFO - Created Permission View: can edit on DAG:example_skip_dag
[2026-06-14T21:26:29.945+0000] {logging_mixin.py:188} INFO - [2026-06-14T21:26:29.945+0000] {override.py:1858} INFO - Created Permission View: can read on DAG:example_skip_dag
[2026-06-14T21:26:29.947+0000] {logging_mixin.py:188} INFO - [2026-06-14T21:26:29.946+0000] {dag.py:3089} INFO - Sync 1 DAGs
[2026-06-14T21:26:29.965+0000] {logging_mixin.py:188} INFO - [2026-06-14T21:26:29.964+0000] {dag.py:3111} INFO - Creating ORM DAG for example_skip_dag
[2026-06-14T21:26:29.983+0000] {logging_mixin.py:188} INFO - [2026-06-14T21:26:29.983+0000] {dag.py:3947} INFO - Setting next_dagrun for example_skip_dag to 2026-06-13 00:00:00+00:00, run_after=2026-06-14 00:00:00+00:00
[2026-06-14T21:26:30.016+0000] {processor.py:183} INFO - Processing /home/airflow/.local/lib/python3.12/site-packages/airflow/example_dags/example_skip_dag.py took 0.296 seconds
[2026-06-14T21:27:00.248+0000] {processor.py:161} INFO - Started process (PID=134) to work on /home/airflow/.local/lib/python3.12/site-packages/airflow/example_dags/example_skip_dag.py
[2026-06-14T21:27:00.250+0000] {processor.py:830} INFO - Processing file /home/airflow/.local/lib/python3.12/site-packages/airflow/example_dags/example_skip_dag.py for tasks to queue
[2026-06-14T21:27:00.258+0000] {logging_mixin.py:188} INFO - [2026-06-14T21:27:00.257+0000] {dagbag.py:545} INFO - Filling up the DagBag from /home/airflow/.local/lib/python3.12/site-packages/airflow/example_dags/example_skip_dag.py
[2026-06-14T21:27:00.275+0000] {processor.py:840} INFO - DAG(s) 'example_skip_dag' retrieved from /home/airflow/.local/lib/python3.12/site-packages/airflow/example_dags/example_skip_dag.py
[2026-06-14T21:27:00.328+0000] {logging_mixin.py:188} INFO - [2026-06-14T21:27:00.328+0000] {dag.py:3089} INFO - Sync 1 DAGs
[2026-06-14T21:27:00.379+0000] {logging_mixin.py:188} INFO - [2026-06-14T21:27:00.378+0000] {dag.py:3947} INFO - Setting next_dagrun for example_skip_dag to 2026-06-13 00:00:00+00:00, run_after=2026-06-14 00:00:00+00:00
[2026-06-14T21:27:00.418+0000] {processor.py:183} INFO - Processing /home/airflow/.local/lib/python3.12/site-packages/airflow/example_dags/example_skip_dag.py took 0.180 seconds
[2026-06-14T21:27:30.538+0000] {processor.py:161} INFO - Started process (PID=193) to work on /home/airflow/.local/lib/python3.12/site-packages/airflow/example_dags/example_skip_dag.py
[2026-06-14T21:27:30.540+0000] {processor.py:830} INFO - Processing file /home/airflow/.local/lib/python3.12/site-packages/airflow/example_dags/example_skip_dag.py for tasks to queue
[2026-06-14T21:27:30.544+0000] {logging_mixin.py:188} INFO - [2026-06-14T21:27:30.543+0000] {dagbag.py:545} INFO - Filling up the DagBag from /home/airflow/.local/lib/python3.12/site-packages/airflow/example_dags/example_skip_dag.py
[2026-06-14T21:27:30.559+0000] {processor.py:840} INFO - DAG(s) 'example_skip_dag' retrieved from /home/airflow/.local/lib/python3.12/site-packages/airflow/example_dags/example_skip_dag.py
[2026-06-14T21:27:30.596+0000] {logging_mixin.py:188} INFO - [2026-06-14T21:27:30.596+0000] {dag.py:3089} INFO - Sync 1 DAGs
[2026-06-14T21:27:30.632+0000] {logging_mixin.py:188} INFO - [2026-06-14T21:27:30.632+0000] {dag.py:3947} INFO - Setting next_dagrun for example_skip_dag to 2026-06-13 00:00:00+00:00, run_after=2026-06-14 00:00:00+00:00
[2026-06-14T21:27:30.674+0000] {processor.py:183} INFO - Processing /home/airflow/.local/lib/python3.12/site-packages/airflow/example_dags/example_skip_dag.py took 0.147 seconds
[2026-06-14T21:28:00.768+0000] {processor.py:161} INFO - Started process (PID=252) to work on /home/airflow/.local/lib/python3.12/site-packages/airflow/example_dags/example_skip_dag.py
[2026-06-14T21:28:00.769+0000] {processor.py:830} INFO - Processing file /home/airflow/.local/lib/python3.12/site-packages/airflow/example_dags/example_skip_dag.py for tasks to queue
[2026-06-14T21:28:00.772+0000] {logging_mixin.py:188} INFO - [2026-06-14T21:28:00.771+0000] {dagbag.py:545} INFO - Filling up the DagBag from /home/airflow/.local/lib/python3.12/site-packages/airflow/example_dags/example_skip_dag.py
[2026-06-14T21:28:00.782+0000] {processor.py:840} INFO - DAG(s) 'example_skip_dag' retrieved from /home/airflow/.local/lib/python3.12/site-packages/airflow/example_dags/example_skip_dag.py
[2026-06-14T21:28:00.824+0000] {logging_mixin.py:188} INFO - [2026-06-14T21:28:00.823+0000] {dag.py:3089} INFO - Sync 1 DAGs
[2026-06-14T21:28:00.855+0000] {logging_mixin.py:188} INFO - [2026-06-14T21:28:00.854+0000] {dag.py:3947} INFO - Setting next_dagrun for example_skip_dag to 2026-06-13 00:00:00+00:00, run_after=2026-06-14 00:00:00+00:00
[2026-06-14T21:28:00.884+0000] {processor.py:183} INFO - Processing /home/airflow/.local/lib/python3.12/site-packages/airflow/example_dags/example_skip_dag.py took 0.125 seconds
[2026-06-14T21:28:31.212+0000] {processor.py:161} INFO - Started process (PID=311) to work on /home/airflow/.local/lib/python3.12/site-packages/airflow/example_dags/example_skip_dag.py
[2026-06-14T21:28:31.214+0000] {processor.py:830} INFO - Processing file /home/airflow/.local/lib/python3.12/site-packages/airflow/example_dags/example_skip_dag.py for tasks to queue
[2026-06-14T21:28:31.218+0000] {logging_mixin.py:188} INFO - [2026-06-14T21:28:31.217+0000] {dagbag.py:545} INFO - Filling up the DagBag from /home/airflow/.local/lib/python3.12/site-packages/airflow/example_dags/example_skip_dag.py
[2026-06-14T21:28:31.228+0000] {processor.py:840} INFO - DAG(s) 'example_skip_dag' retrieved from /home/airflow/.local/lib/python3.12/site-packages/airflow/example_dags/example_skip_dag.py
[2026-06-14T21:28:31.268+0000] {logging_mixin.py:188} INFO - [2026-06-14T21:28:31.268+0000] {dag.py:3089} INFO - Sync 1 DAGs
[2026-06-14T21:28:31.303+0000] {logging_mixin.py:188} INFO - [2026-06-14T21:28:31.303+0000] {dag.py:3947} INFO - Setting next_dagrun for example_skip_dag to 2026-06-13 00:00:00+00:00, run_after=2026-06-14 00:00:00+00:00
[2026-06-14T21:28:31.344+0000] {processor.py:183} INFO - Processing /home/airflow/.local/lib/python3.12/site-packages/airflow/example_dags/example_skip_dag.py took 0.143 seconds
[2026-06-14T21:29:01.582+0000] {processor.py:161} INFO - Started process (PID=370) to work on /home/airflow/.local/lib/python3.12/site-packages/airflow/example_dags/example_skip_dag.py
[2026-06-14T21:29:01.584+0000] {processor.py:830} INFO - Processing file /home/airflow/.local/lib/python3.12/site-packages/airflow/example_dags/example_skip_dag.py for tasks to queue
[2026-06-14T21:29:01.586+0000] {logging_mixin.py:188} INFO - [2026-06-14T21:29:01.586+0000] {dagbag.py:545} INFO - Filling up the DagBag from /home/airflow/.local/lib/python3.12/site-packages/airflow/example_dags/example_skip_dag.py
[2026-06-14T21:29:01.599+0000] {processor.py:840} INFO - DAG(s) 'example_skip_dag' retrieved from /home/airflow/.local/lib/python3.12/site-packages/airflow/example_dags/example_skip_dag.py
[2026-06-14T21:29:01.629+0000] {logging_mixin.py:188} INFO - [2026-06-14T21:29:01.629+0000] {dag.py:3089} INFO - Sync 1 DAGs
[2026-06-14T21:29:01.659+0000] {logging_mixin.py:188} INFO - [2026-06-14T21:29:01.658+0000] {dag.py:3947} INFO - Setting next_dagrun for example_skip_dag to 2026-06-13 00:00:00+00:00, run_after=2026-06-14 00:00:00+00:00
[2026-06-14T21:29:01.686+0000] {processor.py:183} INFO - Processing /home/airflow/.local/lib/python3.12/site-packages/airflow/example_dags/example_skip_dag.py took 0.111 seconds
[2026-06-14T21:29:32.231+0000] {processor.py:161} INFO - Started process (PID=429) to work on /home/airflow/.local/lib/python3.12/site-packages/airflow/example_dags/example_skip_dag.py
[2026-06-14T21:29:32.233+0000] {processor.py:830} INFO - Processing file /home/airflow/.local/lib/python3.12/site-packages/airflow/example_dags/example_skip_dag.py for tasks to queue
[2026-06-14T21:29:32.236+0000] {logging_mixin.py:188} INFO - [2026-06-14T21:29:32.236+0000] {dagbag.py:545} INFO - Filling up the DagBag from /home/airflow/.local/lib/python3.12/site-packages/airflow/example_dags/example_skip_dag.py
[2026-06-14T21:29:32.249+0000] {processor.py:840} INFO - DAG(s) 'example_skip_dag' retrieved from /home/airflow/.local/lib/python3.12/site-packages/airflow/example_dags/example_skip_dag.py
[2026-06-14T21:29:32.288+0000] {logging_mixin.py:188} INFO - [2026-06-14T21:29:32.288+0000] {dag.py:3089} INFO - Sync 1 DAGs
[2026-06-14T21:29:32.325+0000] {logging_mixin.py:188} INFO - [2026-06-14T21:29:32.325+0000] {dag.py:3947} INFO - Setting next_dagrun for example_skip_dag to 2026-06-13 00:00:00+00:00, run_after=2026-06-14 00:00:00+00:00
[2026-06-14T21:29:32.369+0000] {processor.py:183} INFO - Processing /home/airflow/.local/lib/python3.12/site-packages/airflow/example_dags/example_skip_dag.py took 0.147 seconds
[2026-06-14T21:30:02.853+0000] {processor.py:161} INFO - Started process (PID=487) to work on /home/airflow/.local/lib/python3.12/site-packages/airflow/example_dags/example_skip_dag.py
[2026-06-14T21:30:02.854+0000] {processor.py:830} INFO - Processing file /home/airflow/.local/lib/python3.12/site-packages/airflow/example_dags/example_skip_dag.py for tasks to queue
[2026-06-14T21:30:02.856+0000] {logging_mixin.py:188} INFO - [2026-06-14T21:30:02.855+0000] {dagbag.py:545} INFO - Filling up the DagBag from /home/airflow/.local/lib/python3.12/site-packages/airflow/example_dags/example_skip_dag.py
[2026-06-14T21:30:02.865+0000] {processor.py:840} INFO - DAG(s) 'example_skip_dag' retrieved from /home/airflow/.local/lib/python3.12/site-packages/airflow/example_dags/example_skip_dag.py
[2026-06-14T21:30:02.894+0000] {logging_mixin.py:188} INFO - [2026-06-14T21:30:02.893+0000] {dag.py:3089} INFO - Sync 1 DAGs
[2026-06-14T21:30:02.930+0000] {logging_mixin.py:188} INFO - [2026-06-14T21:30:02.930+0000] {dag.py:3947} INFO - Setting next_dagrun for example_skip_dag to 2026-06-13 00:00:00+00:00, run_after=2026-06-14 00:00:00+00:00
[2026-06-14T21:30:02.962+0000] {processor.py:183} INFO - Processing /home/airflow/.local/lib/python3.12/site-packages/airflow/example_dags/example_skip_dag.py took 0.119 seconds
[2026-06-14T21:30:33.526+0000] {processor.py:161} INFO - Started process (PID=545) to work on /home/airflow/.local/lib/python3.12/site-packages/airflow/example_dags/example_skip_dag.py
[2026-06-14T21:30:33.528+0000] {processor.py:830} INFO - Processing file /home/airflow/.local/lib/python3.12/site-packages/airflow/example_dags/example_skip_dag.py for tasks to queue
[2026-06-14T21:30:33.529+0000] {logging_mixin.py:188} INFO - [2026-06-14T21:30:33.529+0000] {dagbag.py:545} INFO - Filling up the DagBag from /home/airflow/.local/lib/python3.12/site-packages/airflow/example_dags/example_skip_dag.py
[2026-06-14T21:30:33.541+0000] {processor.py:840} INFO - DAG(s) 'example_skip_dag' retrieved from /home/airflow/.local/lib/python3.12/site-packages/airflow/example_dags/example_skip_dag.py
[2026-06-14T21:30:33.566+0000] {logging_mixin.py:188} INFO - [2026-06-14T21:30:33.566+0000] {dag.py:3089} INFO - Sync 1 DAGs
[2026-06-14T21:30:33.601+0000] {logging_mixin.py:188} INFO - [2026-06-14T21:30:33.601+0000] {dag.py:3947} INFO - Setting next_dagrun for example_skip_dag to 2026-06-13 00:00:00+00:00, run_after=2026-06-14 00:00:00+00:00
[2026-06-14T21:30:33.626+0000] {processor.py:183} INFO - Processing /home/airflow/.local/lib/python3.12/site-packages/airflow/example_dags/example_skip_dag.py took 0.106 seconds
[2026-06-14T21:31:03.882+0000] {processor.py:161} INFO - Started process (PID=604) to work on /home/airflow/.local/lib/python3.12/site-packages/airflow/example_dags/example_skip_dag.py
[2026-06-14T21:31:03.884+0000] {processor.py:830} INFO - Processing file /home/airflow/.local/lib/python3.12/site-packages/airflow/example_dags/example_skip_dag.py for tasks to queue
[2026-06-14T21:31:03.886+0000] {logging_mixin.py:188} INFO - [2026-06-14T21:31:03.885+0000] {dagbag.py:545} INFO - Filling up the DagBag from /home/airflow/.local/lib/python3.12/site-packages/airflow/example_dags/example_skip_dag.py
[2026-06-14T21:31:03.897+0000] {processor.py:840} INFO - DAG(s) 'example_skip_dag' retrieved from /home/airflow/.local/lib/python3.12/site-packages/airflow/example_dags/example_skip_dag.py
[2026-06-14T21:31:03.925+0000] {logging_mixin.py:188} INFO - [2026-06-14T21:31:03.924+0000] {dag.py:3089} INFO - Sync 1 DAGs
[2026-06-14T21:31:03.957+0000] {logging_mixin.py:188} INFO - [2026-06-14T21:31:03.956+0000] {dag.py:3947} INFO - Setting next_dagrun for example_skip_dag to 2026-06-13 00:00:00+00:00, run_after=2026-06-14 00:00:00+00:00
[2026-06-14T21:31:03.983+0000] {processor.py:183} INFO - Processing /home/airflow/.local/lib/python3.12/site-packages/airflow/example_dags/example_skip_dag.py took 0.110 seconds
[2026-06-14T21:31:34.433+0000] {processor.py:161} INFO - Started process (PID=662) to work on /home/airflow/.local/lib/python3.12/site-packages/airflow/example_dags/example_skip_dag.py
[2026-06-14T21:31:34.435+0000] {processor.py:830} INFO - Processing file /home/airflow/.local/lib/python3.12/site-packages/airflow/example_dags/example_skip_dag.py for tasks to queue
[2026-06-14T21:31:34.438+0000] {logging_mixin.py:188} INFO - [2026-06-14T21:31:34.437+0000] {dagbag.py:545} INFO - Filling up the DagBag from /home/airflow/.local/lib/python3.12/site-packages/airflow/example_dags/example_skip_dag.py
[2026-06-14T21:31:34.453+0000] {processor.py:840} INFO - DAG(s) 'example_skip_dag' retrieved from /home/airflow/.local/lib/python3.12/site-packages/airflow/example_dags/example_skip_dag.py
[2026-06-14T21:31:34.493+0000] {logging_mixin.py:188} INFO - [2026-06-14T21:31:34.492+0000] {dag.py:3089} INFO - Sync 1 DAGs
[2026-06-14T21:31:34.538+0000] {logging_mixin.py:188} INFO - [2026-06-14T21:31:34.538+0000] {dag.py:3947} INFO - Setting next_dagrun for example_skip_dag to 2026-06-13 00:00:00+00:00, run_after=2026-06-14 00:00:00+00:00
[2026-06-14T21:31:34.570+0000] {processor.py:183} INFO - Processing /home/airflow/.local/lib/python3.12/site-packages/airflow/example_dags/example_skip_dag.py took 0.149 seconds
[2026-06-14T21:32:04.948+0000] {processor.py:161} INFO - Started process (PID=719) to work on /home/airflow/.local/lib/python3.12/site-packages/airflow/example_dags/example_skip_dag.py
[2026-06-14T21:32:04.950+0000] {processor.py:830} INFO - Processing file /home/airflow/.local/lib/python3.12/site-packages/airflow/example_dags/example_skip_dag.py for tasks to queue
[2026-06-14T21:32:04.952+0000] {logging_mixin.py:188} INFO - [2026-06-14T21:32:04.951+0000] {dagbag.py:545} INFO - Filling up the DagBag from /home/airflow/.local/lib/python3.12/site-packages/airflow/example_dags/example_skip_dag.py
[2026-06-14T21:32:04.961+0000] {processor.py:840} INFO - DAG(s) 'example_skip_dag' retrieved from /home/airflow/.local/lib/python3.12/site-packages/airflow/example_dags/example_skip_dag.py
[2026-06-14T21:32:04.987+0000] {logging_mixin.py:188} INFO - [2026-06-14T21:32:04.987+0000] {dag.py:3089} INFO - Sync 1 DAGs
[2026-06-14T21:32:05.018+0000] {logging_mixin.py:188} INFO - [2026-06-14T21:32:05.017+0000] {dag.py:3947} INFO - Setting next_dagrun for example_skip_dag to 2026-06-13 00:00:00+00:00, run_after=2026-06-14 00:00:00+00:00
[2026-06-14T21:32:05.094+0000] {processor.py:183} INFO - Processing /home/airflow/.local/lib/python3.12/site-packages/airflow/example_dags/example_skip_dag.py took 0.159 seconds
[2026-06-14T21:39:58.373+0000] {processor.py:161} INFO - Started process (PID=76) to work on /home/airflow/.local/lib/python3.12/site-packages/airflow/example_dags/example_skip_dag.py
[2026-06-14T21:39:58.375+0000] {processor.py:830} INFO - Processing file /home/airflow/.local/lib/python3.12/site-packages/airflow/example_dags/example_skip_dag.py for tasks to queue
[2026-06-14T21:39:58.379+0000] {logging_mixin.py:188} INFO - [2026-06-14T21:39:58.378+0000] {dagbag.py:545} INFO - Filling up the DagBag from /home/airflow/.local/lib/python3.12/site-packages/airflow/example_dags/example_skip_dag.py
[2026-06-14T21:39:58.394+0000] {processor.py:840} INFO - DAG(s) 'example_skip_dag' retrieved from /home/airflow/.local/lib/python3.12/site-packages/airflow/example_dags/example_skip_dag.py
[2026-06-14T21:39:58.676+0000] {logging_mixin.py:188} INFO - [2026-06-14T21:39:58.675+0000] {dag.py:3089} INFO - Sync 1 DAGs
[2026-06-14T21:39:58.725+0000] {logging_mixin.py:188} INFO - [2026-06-14T21:39:58.724+0000] {dag.py:3947} INFO - Setting next_dagrun for example_skip_dag to 2026-06-13 00:00:00+00:00, run_after=2026-06-14 00:00:00+00:00
[2026-06-14T21:39:58.764+0000] {processor.py:183} INFO - Processing /home/airflow/.local/lib/python3.12/site-packages/airflow/example_dags/example_skip_dag.py took 0.403 seconds
[2026-06-14T21:40:29.587+0000] {processor.py:161} INFO - Started process (PID=135) to work on /home/airflow/.local/lib/python3.12/site-packages/airflow/example_dags/example_skip_dag.py
[2026-06-14T21:40:29.588+0000] {processor.py:830} INFO - Processing file /home/airflow/.local/lib/python3.12/site-packages/airflow/example_dags/example_skip_dag.py for tasks to queue
[2026-06-14T21:40:29.591+0000] {logging_mixin.py:188} INFO - [2026-06-14T21:40:29.591+0000] {dagbag.py:545} INFO - Filling up the DagBag from /home/airflow/.local/lib/python3.12/site-packages/airflow/example_dags/example_skip_dag.py
[2026-06-14T21:40:29.600+0000] {processor.py:840} INFO - DAG(s) 'example_skip_dag' retrieved from /home/airflow/.local/lib/python3.12/site-packages/airflow/example_dags/example_skip_dag.py
[2026-06-14T21:40:29.627+0000] {logging_mixin.py:188} INFO - [2026-06-14T21:40:29.627+0000] {dag.py:3089} INFO - Sync 1 DAGs
[2026-06-14T21:40:29.670+0000] {logging_mixin.py:188} INFO - [2026-06-14T21:40:29.669+0000] {dag.py:3947} INFO - Setting next_dagrun for example_skip_dag to 2026-06-13 00:00:00+00:00, run_after=2026-06-14 00:00:00+00:00
[2026-06-14T21:40:29.700+0000] {processor.py:183} INFO - Processing /home/airflow/.local/lib/python3.12/site-packages/airflow/example_dags/example_skip_dag.py took 0.123 seconds
[2026-06-14T21:41:00.016+0000] {processor.py:161} INFO - Started process (PID=194) to work on /home/airflow/.local/lib/python3.12/site-packages/airflow/example_dags/example_skip_dag.py
[2026-06-14T21:41:00.017+0000] {processor.py:830} INFO - Processing file /home/airflow/.local/lib/python3.12/site-packages/airflow/example_dags/example_skip_dag.py for tasks to queue
[2026-06-14T21:41:00.020+0000] {logging_mixin.py:188} INFO - [2026-06-14T21:41:00.019+0000] {dagbag.py:545} INFO - Filling up the DagBag from /home/airflow/.local/lib/python3.12/site-packages/airflow/example_dags/example_skip_dag.py
[2026-06-14T21:41:00.026+0000] {processor.py:840} INFO - DAG(s) 'example_skip_dag' retrieved from /home/airflow/.local/lib/python3.12/site-packages/airflow/example_dags/example_skip_dag.py
[2026-06-14T21:41:00.053+0000] {logging_mixin.py:188} INFO - [2026-06-14T21:41:00.053+0000] {dag.py:3089} INFO - Sync 1 DAGs
[2026-06-14T21:41:00.077+0000] {logging_mixin.py:188} INFO - [2026-06-14T21:41:00.077+0000] {dag.py:3947} INFO - Setting next_dagrun for example_skip_dag to 2026-06-13 00:00:00+00:00, run_after=2026-06-14 00:00:00+00:00
[2026-06-14T21:41:00.104+0000] {processor.py:183} INFO - Processing /home/airflow/.local/lib/python3.12/site-packages/airflow/example_dags/example_skip_dag.py took 0.096 seconds
[2026-06-14T21:41:30.253+0000] {processor.py:161} INFO - Started process (PID=253) to work on /home/airflow/.local/lib/python3.12/site-packages/airflow/example_dags/example_skip_dag.py
[2026-06-14T21:41:30.255+0000] {processor.py:830} INFO - Processing file /home/airflow/.local/lib/python3.12/site-packages/airflow/example_dags/example_skip_dag.py for tasks to queue
[2026-06-14T21:41:30.258+0000] {logging_mixin.py:188} INFO - [2026-06-14T21:41:30.258+0000] {dagbag.py:545} INFO - Filling up the DagBag from /home/airflow/.local/lib/python3.12/site-packages/airflow/example_dags/example_skip_dag.py
[2026-06-14T21:41:30.270+0000] {processor.py:840} INFO - DAG(s) 'example_skip_dag' retrieved from /home/airflow/.local/lib/python3.12/site-packages/airflow/example_dags/example_skip_dag.py
[2026-06-14T21:41:30.312+0000] {logging_mixin.py:188} INFO - [2026-06-14T21:41:30.312+0000] {dag.py:3089} INFO - Sync 1 DAGs
[2026-06-14T21:41:30.368+0000] {logging_mixin.py:188} INFO - [2026-06-14T21:41:30.368+0000] {dag.py:3947} INFO - Setting next_dagrun for example_skip_dag to 2026-06-13 00:00:00+00:00, run_after=2026-06-14 00:00:00+00:00
[2026-06-14T21:41:30.409+0000] {processor.py:183} INFO - Processing /home/airflow/.local/lib/python3.12/site-packages/airflow/example_dags/example_skip_dag.py took 0.164 seconds
[2026-06-14T21:42:00.579+0000] {processor.py:161} INFO - Started process (PID=312) to work on /home/airflow/.local/lib/python3.12/site-packages/airflow/example_dags/example_skip_dag.py
[2026-06-14T21:42:00.582+0000] {processor.py:830} INFO - Processing file /home/airflow/.local/lib/python3.12/site-packages/airflow/example_dags/example_skip_dag.py for tasks to queue
[2026-06-14T21:42:00.589+0000] {logging_mixin.py:188} INFO - [2026-06-14T21:42:00.588+0000] {dagbag.py:545} INFO - Filling up the DagBag from /home/airflow/.local/lib/python3.12/site-packages/airflow/example_dags/example_skip_dag.py
[2026-06-14T21:42:00.607+0000] {processor.py:840} INFO - DAG(s) 'example_skip_dag' retrieved from /home/airflow/.local/lib/python3.12/site-packages/airflow/example_dags/example_skip_dag.py
[2026-06-14T21:42:00.656+0000] {logging_mixin.py:188} INFO - [2026-06-14T21:42:00.655+0000] {dag.py:3089} INFO - Sync 1 DAGs
[2026-06-14T21:42:00.701+0000] {logging_mixin.py:188} INFO - [2026-06-14T21:42:00.700+0000] {dag.py:3947} INFO - Setting next_dagrun for example_skip_dag to 2026-06-13 00:00:00+00:00, run_after=2026-06-14 00:00:00+00:00
[2026-06-14T21:42:00.746+0000] {processor.py:183} INFO - Processing /home/airflow/.local/lib/python3.12/site-packages/airflow/example_dags/example_skip_dag.py took 0.180 seconds
[2026-06-14T21:42:31.015+0000] {processor.py:161} INFO - Started process (PID=371) to work on /home/airflow/.local/lib/python3.12/site-packages/airflow/example_dags/example_skip_dag.py
[2026-06-14T21:42:31.018+0000] {processor.py:830} INFO - Processing file /home/airflow/.local/lib/python3.12/site-packages/airflow/example_dags/example_skip_dag.py for tasks to queue
[2026-06-14T21:42:31.024+0000] {logging_mixin.py:188} INFO - [2026-06-14T21:42:31.023+0000] {dagbag.py:545} INFO - Filling up the DagBag from /home/airflow/.local/lib/python3.12/site-packages/airflow/example_dags/example_skip_dag.py
[2026-06-14T21:42:31.046+0000] {processor.py:840} INFO - DAG(s) 'example_skip_dag' retrieved from /home/airflow/.local/lib/python3.12/site-packages/airflow/example_dags/example_skip_dag.py
[2026-06-14T21:42:31.104+0000] {logging_mixin.py:188} INFO - [2026-06-14T21:42:31.104+0000] {dag.py:3089} INFO - Sync 1 DAGs
[2026-06-14T21:42:31.168+0000] {logging_mixin.py:188} INFO - [2026-06-14T21:42:31.168+0000] {dag.py:3947} INFO - Setting next_dagrun for example_skip_dag to 2026-06-13 00:00:00+00:00, run_after=2026-06-14 00:00:00+00:00
[2026-06-14T21:42:31.222+0000] {processor.py:183} INFO - Processing /home/airflow/.local/lib/python3.12/site-packages/airflow/example_dags/example_skip_dag.py took 0.227 seconds
[2026-06-14T21:43:01.424+0000] {processor.py:161} INFO - Started process (PID=430) to work on /home/airflow/.local/lib/python3.12/site-packages/airflow/example_dags/example_skip_dag.py
[2026-06-14T21:43:01.426+0000] {processor.py:830} INFO - Processing file /home/airflow/.local/lib/python3.12/site-packages/airflow/example_dags/example_skip_dag.py for tasks to queue
[2026-06-14T21:43:01.429+0000] {logging_mixin.py:188} INFO - [2026-06-14T21:43:01.429+0000] {dagbag.py:545} INFO - Filling up the DagBag from /home/airflow/.local/lib/python3.12/site-packages/airflow/example_dags/example_skip_dag.py
[2026-06-14T21:43:01.441+0000] {processor.py:840} INFO - DAG(s) 'example_skip_dag' retrieved from /home/airflow/.local/lib/python3.12/site-packages/airflow/example_dags/example_skip_dag.py
[2026-06-14T21:43:01.475+0000] {logging_mixin.py:188} INFO - [2026-06-14T21:43:01.475+0000] {dag.py:3089} INFO - Sync 1 DAGs
[2026-06-14T21:43:01.506+0000] {logging_mixin.py:188} INFO - [2026-06-14T21:43:01.506+0000] {dag.py:3947} INFO - Setting next_dagrun for example_skip_dag to 2026-06-13 00:00:00+00:00, run_after=2026-06-14 00:00:00+00:00
[2026-06-14T21:43:01.537+0000] {processor.py:183} INFO - Processing /home/airflow/.local/lib/python3.12/site-packages/airflow/example_dags/example_skip_dag.py took 0.124 seconds
[2026-06-14T21:43:31.610+0000] {processor.py:161} INFO - Started process (PID=488) to work on /home/airflow/.local/lib/python3.12/site-packages/airflow/example_dags/example_skip_dag.py
[2026-06-14T21:43:31.612+0000] {processor.py:830} INFO - Processing file /home/airflow/.local/lib/python3.12/site-packages/airflow/example_dags/example_skip_dag.py for tasks to queue
[2026-06-14T21:43:31.615+0000] {logging_mixin.py:188} INFO - [2026-06-14T21:43:31.615+0000] {dagbag.py:545} INFO - Filling up the DagBag from /home/airflow/.local/lib/python3.12/site-packages/airflow/example_dags/example_skip_dag.py
[2026-06-14T21:43:31.625+0000] {processor.py:840} INFO - DAG(s) 'example_skip_dag' retrieved from /home/airflow/.local/lib/python3.12/site-packages/airflow/example_dags/example_skip_dag.py
[2026-06-14T21:43:31.670+0000] {logging_mixin.py:188} INFO - [2026-06-14T21:43:31.670+0000] {dag.py:3089} INFO - Sync 1 DAGs
[2026-06-14T21:43:31.708+0000] {logging_mixin.py:188} INFO - [2026-06-14T21:43:31.708+0000] {dag.py:3947} INFO - Setting next_dagrun for example_skip_dag to 2026-06-13 00:00:00+00:00, run_after=2026-06-14 00:00:00+00:00
[2026-06-14T21:43:31.731+0000] {processor.py:183} INFO - Processing /home/airflow/.local/lib/python3.12/site-packages/airflow/example_dags/example_skip_dag.py took 0.132 seconds
[2026-06-14T21:44:01.834+0000] {processor.py:161} INFO - Started process (PID=547) to work on /home/airflow/.local/lib/python3.12/site-packages/airflow/example_dags/example_skip_dag.py
[2026-06-14T21:44:01.835+0000] {processor.py:830} INFO - Processing file /home/airflow/.local/lib/python3.12/site-packages/airflow/example_dags/example_skip_dag.py for tasks to queue
[2026-06-14T21:44:01.838+0000] {logging_mixin.py:188} INFO - [2026-06-14T21:44:01.837+0000] {dagbag.py:545} INFO - Filling up the DagBag from /home/airflow/.local/lib/python3.12/site-packages/airflow/example_dags/example_skip_dag.py
[2026-06-14T21:44:01.845+0000] {processor.py:840} INFO - DAG(s) 'example_skip_dag' retrieved from /home/airflow/.local/lib/python3.12/site-packages/airflow/example_dags/example_skip_dag.py
[2026-06-14T21:44:01.868+0000] {logging_mixin.py:188} INFO - [2026-06-14T21:44:01.868+0000] {dag.py:3089} INFO - Sync 1 DAGs
[2026-06-14T21:44:01.890+0000] {logging_mixin.py:188} INFO - [2026-06-14T21:44:01.890+0000] {dag.py:3947} INFO - Setting next_dagrun for example_skip_dag to 2026-06-13 00:00:00+00:00, run_after=2026-06-14 00:00:00+00:00
[2026-06-14T21:44:01.911+0000] {processor.py:183} INFO - Processing /home/airflow/.local/lib/python3.12/site-packages/airflow/example_dags/example_skip_dag.py took 0.083 seconds
[2026-06-14T21:44:32.034+0000] {processor.py:161} INFO - Started process (PID=606) to work on /home/airflow/.local/lib/python3.12/site-packages/airflow/example_dags/example_skip_dag.py
[2026-06-14T21:44:32.035+0000] {processor.py:830} INFO - Processing file /home/airflow/.local/lib/python3.12/site-packages/airflow/example_dags/example_skip_dag.py for tasks to queue
[2026-06-14T21:44:32.037+0000] {logging_mixin.py:188} INFO - [2026-06-14T21:44:32.037+0000] {dagbag.py:545} INFO - Filling up the DagBag from /home/airflow/.local/lib/python3.12/site-packages/airflow/example_dags/example_skip_dag.py
[2026-06-14T21:44:32.044+0000] {processor.py:840} INFO - DAG(s) 'example_skip_dag' retrieved from /home/airflow/.local/lib/python3.12/site-packages/airflow/example_dags/example_skip_dag.py
[2026-06-14T21:44:32.069+0000] {logging_mixin.py:188} INFO - [2026-06-14T21:44:32.068+0000] {dag.py:3089} INFO - Sync 1 DAGs
[2026-06-14T21:44:32.091+0000] {logging_mixin.py:188} INFO - [2026-06-14T21:44:32.091+0000] {dag.py:3947} INFO - Setting next_dagrun for example_skip_dag to 2026-06-13 00:00:00+00:00, run_after=2026-06-14 00:00:00+00:00
[2026-06-14T21:44:32.114+0000] {processor.py:183} INFO - Processing /home/airflow/.local/lib/python3.12/site-packages/airflow/example_dags/example_skip_dag.py took 0.086 seconds
[2026-06-14T21:45:02.677+0000] {processor.py:161} INFO - Started process (PID=666) to work on /home/airflow/.local/lib/python3.12/site-packages/airflow/example_dags/example_skip_dag.py
[2026-06-14T21:45:02.679+0000] {processor.py:830} INFO - Processing file /home/airflow/.local/lib/python3.12/site-packages/airflow/example_dags/example_skip_dag.py for tasks to queue
[2026-06-14T21:45:02.682+0000] {logging_mixin.py:188} INFO - [2026-06-14T21:45:02.681+0000] {dagbag.py:545} INFO - Filling up the DagBag from /home/airflow/.local/lib/python3.12/site-packages/airflow/example_dags/example_skip_dag.py
[2026-06-14T21:45:02.692+0000] {processor.py:840} INFO - DAG(s) 'example_skip_dag' retrieved from /home/airflow/.local/lib/python3.12/site-packages/airflow/example_dags/example_skip_dag.py
[2026-06-14T21:45:02.725+0000] {logging_mixin.py:188} INFO - [2026-06-14T21:45:02.725+0000] {dag.py:3089} INFO - Sync 1 DAGs
[2026-06-14T21:45:02.752+0000] {logging_mixin.py:188} INFO - [2026-06-14T21:45:02.752+0000] {dag.py:3947} INFO - Setting next_dagrun for example_skip_dag to 2026-06-13 00:00:00+00:00, run_after=2026-06-14 00:00:00+00:00
[2026-06-14T21:45:02.780+0000] {processor.py:183} INFO - Processing /home/airflow/.local/lib/python3.12/site-packages/airflow/example_dags/example_skip_dag.py took 0.112 seconds
[2026-06-14T21:45:33.169+0000] {processor.py:161} INFO - Started process (PID=725) to work on /home/airflow/.local/lib/python3.12/site-packages/airflow/example_dags/example_skip_dag.py
[2026-06-14T21:45:33.172+0000] {processor.py:830} INFO - Processing file /home/airflow/.local/lib/python3.12/site-packages/airflow/example_dags/example_skip_dag.py for tasks to queue
[2026-06-14T21:45:33.176+0000] {logging_mixin.py:188} INFO - [2026-06-14T21:45:33.176+0000] {dagbag.py:545} INFO - Filling up the DagBag from /home/airflow/.local/lib/python3.12/site-packages/airflow/example_dags/example_skip_dag.py
[2026-06-14T21:45:33.191+0000] {processor.py:840} INFO - DAG(s) 'example_skip_dag' retrieved from /home/airflow/.local/lib/python3.12/site-packages/airflow/example_dags/example_skip_dag.py
[2026-06-14T21:45:33.282+0000] {logging_mixin.py:188} INFO - [2026-06-14T21:45:33.281+0000] {dag.py:3089} INFO - Sync 1 DAGs
[2026-06-14T21:45:33.338+0000] {logging_mixin.py:188} INFO - [2026-06-14T21:45:33.337+0000] {dag.py:3947} INFO - Setting next_dagrun for example_skip_dag to 2026-06-13 00:00:00+00:00, run_after=2026-06-14 00:00:00+00:00
[2026-06-14T21:45:33.380+0000] {processor.py:183} INFO - Processing /home/airflow/.local/lib/python3.12/site-packages/airflow/example_dags/example_skip_dag.py took 0.224 seconds
[2026-06-14T21:46:04.029+0000] {processor.py:161} INFO - Started process (PID=784) to work on /home/airflow/.local/lib/python3.12/site-packages/airflow/example_dags/example_skip_dag.py
[2026-06-14T21:46:04.031+0000] {processor.py:830} INFO - Processing file /home/airflow/.local/lib/python3.12/site-packages/airflow/example_dags/example_skip_dag.py for tasks to queue
[2026-06-14T21:46:04.034+0000] {logging_mixin.py:188} INFO - [2026-06-14T21:46:04.033+0000] {dagbag.py:545} INFO - Filling up the DagBag from /home/airflow/.local/lib/python3.12/site-packages/airflow/example_dags/example_skip_dag.py
[2026-06-14T21:46:04.045+0000] {processor.py:840} INFO - DAG(s) 'example_skip_dag' retrieved from /home/airflow/.local/lib/python3.12/site-packages/airflow/example_dags/example_skip_dag.py
[2026-06-14T21:46:04.081+0000] {logging_mixin.py:188} INFO - [2026-06-14T21:46:04.081+0000] {dag.py:3089} INFO - Sync 1 DAGs
[2026-06-14T21:46:04.117+0000] {logging_mixin.py:188} INFO - [2026-06-14T21:46:04.117+0000] {dag.py:3947} INFO - Setting next_dagrun for example_skip_dag to 2026-06-13 00:00:00+00:00, run_after=2026-06-14 00:00:00+00:00
[2026-06-14T21:46:04.159+0000] {processor.py:183} INFO - Processing /home/airflow/.local/lib/python3.12/site-packages/airflow/example_dags/example_skip_dag.py took 0.138 seconds
[2026-06-14T21:46:34.564+0000] {processor.py:161} INFO - Started process (PID=843) to work on /home/airflow/.local/lib/python3.12/site-packages/airflow/example_dags/example_skip_dag.py
[2026-06-14T21:46:34.566+0000] {processor.py:830} INFO - Processing file /home/airflow/.local/lib/python3.12/site-packages/airflow/example_dags/example_skip_dag.py for tasks to queue
[2026-06-14T21:46:34.571+0000] {logging_mixin.py:188} INFO - [2026-06-14T21:46:34.570+0000] {dagbag.py:545} INFO - Filling up the DagBag from /home/airflow/.local/lib/python3.12/site-packages/airflow/example_dags/example_skip_dag.py
[2026-06-14T21:46:34.582+0000] {processor.py:840} INFO - DAG(s) 'example_skip_dag' retrieved from /home/airflow/.local/lib/python3.12/site-packages/airflow/example_dags/example_skip_dag.py
[2026-06-14T21:46:34.620+0000] {logging_mixin.py:188} INFO - [2026-06-14T21:46:34.620+0000] {dag.py:3089} INFO - Sync 1 DAGs
[2026-06-14T21:46:34.664+0000] {logging_mixin.py:188} INFO - [2026-06-14T21:46:34.663+0000] {dag.py:3947} INFO - Setting next_dagrun for example_skip_dag to 2026-06-13 00:00:00+00:00, run_after=2026-06-14 00:00:00+00:00
[2026-06-14T21:46:34.744+0000] {processor.py:183} INFO - Processing /home/airflow/.local/lib/python3.12/site-packages/airflow/example_dags/example_skip_dag.py took 0.195 seconds
[2026-06-14T21:47:05.292+0000] {processor.py:161} INFO - Started process (PID=902) to work on /home/airflow/.local/lib/python3.12/site-packages/airflow/example_dags/example_skip_dag.py
[2026-06-14T21:47:05.293+0000] {processor.py:830} INFO - Processing file /home/airflow/.local/lib/python3.12/site-packages/airflow/example_dags/example_skip_dag.py for tasks to queue
[2026-06-14T21:47:05.295+0000] {logging_mixin.py:188} INFO - [2026-06-14T21:47:05.295+0000] {dagbag.py:545} INFO - Filling up the DagBag from /home/airflow/.local/lib/python3.12/site-packages/airflow/example_dags/example_skip_dag.py
[2026-06-14T21:47:05.303+0000] {processor.py:840} INFO - DAG(s) 'example_skip_dag' retrieved from /home/airflow/.local/lib/python3.12/site-packages/airflow/example_dags/example_skip_dag.py
[2026-06-14T21:47:05.329+0000] {logging_mixin.py:188} INFO - [2026-06-14T21:47:05.329+0000] {dag.py:3089} INFO - Sync 1 DAGs
[2026-06-14T21:47:05.356+0000] {logging_mixin.py:188} INFO - [2026-06-14T21:47:05.356+0000] {dag.py:3947} INFO - Setting next_dagrun for example_skip_dag to 2026-06-13 00:00:00+00:00, run_after=2026-06-14 00:00:00+00:00
[2026-06-14T21:47:05.386+0000] {processor.py:183} INFO - Processing /home/airflow/.local/lib/python3.12/site-packages/airflow/example_dags/example_skip_dag.py took 0.100 seconds
[2026-06-14T21:47:35.796+0000] {processor.py:161} INFO - Started process (PID=961) to work on /home/airflow/.local/lib/python3.12/site-packages/airflow/example_dags/example_skip_dag.py
[2026-06-14T21:47:35.798+0000] {processor.py:830} INFO - Processing file /home/airflow/.local/lib/python3.12/site-packages/airflow/example_dags/example_skip_dag.py for tasks to queue
[2026-06-14T21:47:35.800+0000] {logging_mixin.py:188} INFO - [2026-06-14T21:47:35.800+0000] {dagbag.py:545} INFO - Filling up the DagBag from /home/airflow/.local/lib/python3.12/site-packages/airflow/example_dags/example_skip_dag.py
[2026-06-14T21:47:35.810+0000] {processor.py:840} INFO - DAG(s) 'example_skip_dag' retrieved from /home/airflow/.local/lib/python3.12/site-packages/airflow/example_dags/example_skip_dag.py
[2026-06-14T21:47:35.842+0000] {logging_mixin.py:188} INFO - [2026-06-14T21:47:35.842+0000] {dag.py:3089} INFO - Sync 1 DAGs
[2026-06-14T21:47:35.868+0000] {logging_mixin.py:188} INFO - [2026-06-14T21:47:35.868+0000] {dag.py:3947} INFO - Setting next_dagrun for example_skip_dag to 2026-06-13 00:00:00+00:00, run_after=2026-06-14 00:00:00+00:00
[2026-06-14T21:47:35.937+0000] {processor.py:183} INFO - Processing /home/airflow/.local/lib/python3.12/site-packages/airflow/example_dags/example_skip_dag.py took 0.149 seconds
[2026-06-14T21:48:06.299+0000] {processor.py:161} INFO - Started process (PID=1019) to work on /home/airflow/.local/lib/python3.12/site-packages/airflow/example_dags/example_skip_dag.py
[2026-06-14T21:48:06.300+0000] {processor.py:830} INFO - Processing file /home/airflow/.local/lib/python3.12/site-packages/airflow/example_dags/example_skip_dag.py for tasks to queue
[2026-06-14T21:48:06.303+0000] {logging_mixin.py:188} INFO - [2026-06-14T21:48:06.303+0000] {dagbag.py:545} INFO - Filling up the DagBag from /home/airflow/.local/lib/python3.12/site-packages/airflow/example_dags/example_skip_dag.py
[2026-06-14T21:48:06.311+0000] {processor.py:840} INFO - DAG(s) 'example_skip_dag' retrieved from /home/airflow/.local/lib/python3.12/site-packages/airflow/example_dags/example_skip_dag.py
[2026-06-14T21:48:06.334+0000] {logging_mixin.py:188} INFO - [2026-06-14T21:48:06.333+0000] {dag.py:3089} INFO - Sync 1 DAGs
[2026-06-14T21:48:06.361+0000] {logging_mixin.py:188} INFO - [2026-06-14T21:48:06.360+0000] {dag.py:3947} INFO - Setting next_dagrun for example_skip_dag to 2026-06-13 00:00:00+00:00, run_after=2026-06-14 00:00:00+00:00
[2026-06-14T21:48:06.428+0000] {processor.py:183} INFO - Processing /home/airflow/.local/lib/python3.12/site-packages/airflow/example_dags/example_skip_dag.py took 0.141 seconds
[2026-06-14T21:48:36.906+0000] {processor.py:161} INFO - Started process (PID=1078) to work on /home/airflow/.local/lib/python3.12/site-packages/airflow/example_dags/example_skip_dag.py
[2026-06-14T21:48:36.908+0000] {processor.py:830} INFO - Processing file /home/airflow/.local/lib/python3.12/site-packages/airflow/example_dags/example_skip_dag.py for tasks to queue
[2026-06-14T21:48:36.911+0000] {logging_mixin.py:188} INFO - [2026-06-14T21:48:36.910+0000] {dagbag.py:545} INFO - Filling up the DagBag from /home/airflow/.local/lib/python3.12/site-packages/airflow/example_dags/example_skip_dag.py
[2026-06-14T21:48:36.920+0000] {processor.py:840} INFO - DAG(s) 'example_skip_dag' retrieved from /home/airflow/.local/lib/python3.12/site-packages/airflow/example_dags/example_skip_dag.py
[2026-06-14T21:48:36.947+0000] {logging_mixin.py:188} INFO - [2026-06-14T21:48:36.947+0000] {dag.py:3089} INFO - Sync 1 DAGs
[2026-06-14T21:48:36.974+0000] {logging_mixin.py:188} INFO - [2026-06-14T21:48:36.974+0000] {dag.py:3947} INFO - Setting next_dagrun for example_skip_dag to 2026-06-13 00:00:00+00:00, run_after=2026-06-14 00:00:00+00:00
[2026-06-14T21:48:36.999+0000] {processor.py:183} INFO - Processing /home/airflow/.local/lib/python3.12/site-packages/airflow/example_dags/example_skip_dag.py took 0.101 seconds
[2026-06-14T21:49:07.274+0000] {processor.py:161} INFO - Started process (PID=1136) to work on /home/airflow/.local/lib/python3.12/site-packages/airflow/example_dags/example_skip_dag.py
[2026-06-14T21:49:07.275+0000] {processor.py:830} INFO - Processing file /home/airflow/.local/lib/python3.12/site-packages/airflow/example_dags/example_skip_dag.py for tasks to queue
[2026-06-14T21:49:07.278+0000] {logging_mixin.py:188} INFO - [2026-06-14T21:49:07.277+0000] {dagbag.py:545} INFO - Filling up the DagBag from /home/airflow/.local/lib/python3.12/site-packages/airflow/example_dags/example_skip_dag.py
[2026-06-14T21:49:07.287+0000] {processor.py:840} INFO - DAG(s) 'example_skip_dag' retrieved from /home/airflow/.local/lib/python3.12/site-packages/airflow/example_dags/example_skip_dag.py
[2026-06-14T21:49:07.315+0000] {logging_mixin.py:188} INFO - [2026-06-14T21:49:07.315+0000] {dag.py:3089} INFO - Sync 1 DAGs
[2026-06-14T21:49:07.339+0000] {logging_mixin.py:188} INFO - [2026-06-14T21:49:07.339+0000] {dag.py:3947} INFO - Setting next_dagrun for example_skip_dag to 2026-06-13 00:00:00+00:00, run_after=2026-06-14 00:00:00+00:00
[2026-06-14T21:49:07.362+0000] {processor.py:183} INFO - Processing /home/airflow/.local/lib/python3.12/site-packages/airflow/example_dags/example_skip_dag.py took 0.097 seconds
[2026-06-14T21:49:37.551+0000] {processor.py:161} INFO - Started process (PID=1195) to work on /home/airflow/.local/lib/python3.12/site-packages/airflow/example_dags/example_skip_dag.py
[2026-06-14T21:49:37.552+0000] {processor.py:830} INFO - Processing file /home/airflow/.local/lib/python3.12/site-packages/airflow/example_dags/example_skip_dag.py for tasks to queue
[2026-06-14T21:49:37.556+0000] {logging_mixin.py:188} INFO - [2026-06-14T21:49:37.555+0000] {dagbag.py:545} INFO - Filling up the DagBag from /home/airflow/.local/lib/python3.12/site-packages/airflow/example_dags/example_skip_dag.py
[2026-06-14T21:49:37.568+0000] {processor.py:840} INFO - DAG(s) 'example_skip_dag' retrieved from /home/airflow/.local/lib/python3.12/site-packages/airflow/example_dags/example_skip_dag.py
[2026-06-14T21:49:37.596+0000] {logging_mixin.py:188} INFO - [2026-06-14T21:49:37.595+0000] {dag.py:3089} INFO - Sync 1 DAGs
[2026-06-14T21:49:37.629+0000] {logging_mixin.py:188} INFO - [2026-06-14T21:49:37.629+0000] {dag.py:3947} INFO - Setting next_dagrun for example_skip_dag to 2026-06-13 00:00:00+00:00, run_after=2026-06-14 00:00:00+00:00
[2026-06-14T21:49:37.659+0000] {processor.py:183} INFO - Processing /home/airflow/.local/lib/python3.12/site-packages/airflow/example_dags/example_skip_dag.py took 0.121 seconds
