[2026-06-14T21:26:37.337+0000] {processor.py:161} INFO - Started process (PID=110) to work on /home/airflow/.local/lib/python3.12/site-packages/airflow/example_dags/example_task_group_decorator.py
[2026-06-14T21:26:37.339+0000] {processor.py:830} INFO - Processing file /home/airflow/.local/lib/python3.12/site-packages/airflow/example_dags/example_task_group_decorator.py for tasks to queue
[2026-06-14T21:26:37.342+0000] {logging_mixin.py:188} INFO - [2026-06-14T21:26:37.342+0000] {dagbag.py:545} INFO - Filling up the DagBag from /home/airflow/.local/lib/python3.12/site-packages/airflow/example_dags/example_task_group_decorator.py
[2026-06-14T21:26:37.372+0000] {processor.py:840} INFO - DAG(s) 'example_task_group_decorator' retrieved from /home/airflow/.local/lib/python3.12/site-packages/airflow/example_dags/example_task_group_decorator.py
[2026-06-14T21:26:37.582+0000] {logging_mixin.py:188} INFO - [2026-06-14T21:26:37.581+0000] {override.py:1858} INFO - Created Permission View: can delete on DAG:example_task_group_decorator
[2026-06-14T21:26:37.600+0000] {logging_mixin.py:188} INFO - [2026-06-14T21:26:37.600+0000] {override.py:1858} INFO - Created Permission View: can edit on DAG:example_task_group_decorator
[2026-06-14T21:26:37.609+0000] {logging_mixin.py:188} INFO - [2026-06-14T21:26:37.608+0000] {override.py:1858} INFO - Created Permission View: can read on DAG:example_task_group_decorator
[2026-06-14T21:26:37.610+0000] {logging_mixin.py:188} INFO - [2026-06-14T21:26:37.610+0000] {dag.py:3089} INFO - Sync 1 DAGs
[2026-06-14T21:26:37.626+0000] {logging_mixin.py:188} INFO - [2026-06-14T21:26:37.625+0000] {dag.py:3111} INFO - Creating ORM DAG for example_task_group_decorator
[2026-06-14T21:26:37.644+0000] {logging_mixin.py:188} INFO - [2026-06-14T21:26:37.644+0000] {dag.py:3947} INFO - Setting next_dagrun for example_task_group_decorator to 2026-06-13 00:00:00+00:00, run_after=2026-06-14 00:00:00+00:00
[2026-06-14T21:26:37.671+0000] {processor.py:183} INFO - Processing /home/airflow/.local/lib/python3.12/site-packages/airflow/example_dags/example_task_group_decorator.py took 0.343 seconds
[2026-06-14T21:27:07.971+0000] {processor.py:161} INFO - Started process (PID=169) to work on /home/airflow/.local/lib/python3.12/site-packages/airflow/example_dags/example_task_group_decorator.py
[2026-06-14T21:27:07.973+0000] {processor.py:830} INFO - Processing file /home/airflow/.local/lib/python3.12/site-packages/airflow/example_dags/example_task_group_decorator.py for tasks to queue
[2026-06-14T21:27:07.978+0000] {logging_mixin.py:188} INFO - [2026-06-14T21:27:07.977+0000] {dagbag.py:545} INFO - Filling up the DagBag from /home/airflow/.local/lib/python3.12/site-packages/airflow/example_dags/example_task_group_decorator.py
[2026-06-14T21:27:08.017+0000] {processor.py:840} INFO - DAG(s) 'example_task_group_decorator' retrieved from /home/airflow/.local/lib/python3.12/site-packages/airflow/example_dags/example_task_group_decorator.py
[2026-06-14T21:27:08.081+0000] {logging_mixin.py:188} INFO - [2026-06-14T21:27:08.080+0000] {dag.py:3089} INFO - Sync 1 DAGs
[2026-06-14T21:27:08.141+0000] {logging_mixin.py:188} INFO - [2026-06-14T21:27:08.140+0000] {dag.py:3947} INFO - Setting next_dagrun for example_task_group_decorator to 2026-06-13 00:00:00+00:00, run_after=2026-06-14 00:00:00+00:00
[2026-06-14T21:27:08.214+0000] {processor.py:183} INFO - Processing /home/airflow/.local/lib/python3.12/site-packages/airflow/example_dags/example_task_group_decorator.py took 0.259 seconds
[2026-06-14T21:27:38.841+0000] {processor.py:161} INFO - Started process (PID=228) to work on /home/airflow/.local/lib/python3.12/site-packages/airflow/example_dags/example_task_group_decorator.py
[2026-06-14T21:27:38.843+0000] {processor.py:830} INFO - Processing file /home/airflow/.local/lib/python3.12/site-packages/airflow/example_dags/example_task_group_decorator.py for tasks to queue
[2026-06-14T21:27:38.845+0000] {logging_mixin.py:188} INFO - [2026-06-14T21:27:38.845+0000] {dagbag.py:545} INFO - Filling up the DagBag from /home/airflow/.local/lib/python3.12/site-packages/airflow/example_dags/example_task_group_decorator.py
[2026-06-14T21:27:38.862+0000] {processor.py:840} INFO - DAG(s) 'example_task_group_decorator' retrieved from /home/airflow/.local/lib/python3.12/site-packages/airflow/example_dags/example_task_group_decorator.py
[2026-06-14T21:27:38.893+0000] {logging_mixin.py:188} INFO - [2026-06-14T21:27:38.893+0000] {dag.py:3089} INFO - Sync 1 DAGs
[2026-06-14T21:27:38.922+0000] {logging_mixin.py:188} INFO - [2026-06-14T21:27:38.921+0000] {dag.py:3947} INFO - Setting next_dagrun for example_task_group_decorator to 2026-06-13 00:00:00+00:00, run_after=2026-06-14 00:00:00+00:00
[2026-06-14T21:27:38.950+0000] {processor.py:183} INFO - Processing /home/airflow/.local/lib/python3.12/site-packages/airflow/example_dags/example_task_group_decorator.py took 0.115 seconds
[2026-06-14T21:28:09.145+0000] {processor.py:161} INFO - Started process (PID=287) to work on /home/airflow/.local/lib/python3.12/site-packages/airflow/example_dags/example_task_group_decorator.py
[2026-06-14T21:28:09.146+0000] {processor.py:830} INFO - Processing file /home/airflow/.local/lib/python3.12/site-packages/airflow/example_dags/example_task_group_decorator.py for tasks to queue
[2026-06-14T21:28:09.149+0000] {logging_mixin.py:188} INFO - [2026-06-14T21:28:09.148+0000] {dagbag.py:545} INFO - Filling up the DagBag from /home/airflow/.local/lib/python3.12/site-packages/airflow/example_dags/example_task_group_decorator.py
[2026-06-14T21:28:09.165+0000] {processor.py:840} INFO - DAG(s) 'example_task_group_decorator' retrieved from /home/airflow/.local/lib/python3.12/site-packages/airflow/example_dags/example_task_group_decorator.py
[2026-06-14T21:28:09.192+0000] {logging_mixin.py:188} INFO - [2026-06-14T21:28:09.192+0000] {dag.py:3089} INFO - Sync 1 DAGs
[2026-06-14T21:28:09.216+0000] {logging_mixin.py:188} INFO - [2026-06-14T21:28:09.216+0000] {dag.py:3947} INFO - Setting next_dagrun for example_task_group_decorator to 2026-06-13 00:00:00+00:00, run_after=2026-06-14 00:00:00+00:00
[2026-06-14T21:28:09.248+0000] {processor.py:183} INFO - Processing /home/airflow/.local/lib/python3.12/site-packages/airflow/example_dags/example_task_group_decorator.py took 0.110 seconds
[2026-06-14T21:28:39.962+0000] {processor.py:161} INFO - Started process (PID=346) to work on /home/airflow/.local/lib/python3.12/site-packages/airflow/example_dags/example_task_group_decorator.py
[2026-06-14T21:28:39.964+0000] {processor.py:830} INFO - Processing file /home/airflow/.local/lib/python3.12/site-packages/airflow/example_dags/example_task_group_decorator.py for tasks to queue
[2026-06-14T21:28:39.967+0000] {logging_mixin.py:188} INFO - [2026-06-14T21:28:39.966+0000] {dagbag.py:545} INFO - Filling up the DagBag from /home/airflow/.local/lib/python3.12/site-packages/airflow/example_dags/example_task_group_decorator.py
[2026-06-14T21:28:39.987+0000] {processor.py:840} INFO - DAG(s) 'example_task_group_decorator' retrieved from /home/airflow/.local/lib/python3.12/site-packages/airflow/example_dags/example_task_group_decorator.py
[2026-06-14T21:28:40.033+0000] {logging_mixin.py:188} INFO - [2026-06-14T21:28:40.033+0000] {dag.py:3089} INFO - Sync 1 DAGs
[2026-06-14T21:28:40.070+0000] {logging_mixin.py:188} INFO - [2026-06-14T21:28:40.070+0000] {dag.py:3947} INFO - Setting next_dagrun for example_task_group_decorator to 2026-06-13 00:00:00+00:00, run_after=2026-06-14 00:00:00+00:00
[2026-06-14T21:28:40.145+0000] {processor.py:183} INFO - Processing /home/airflow/.local/lib/python3.12/site-packages/airflow/example_dags/example_task_group_decorator.py took 0.194 seconds
[2026-06-14T21:29:11.263+0000] {processor.py:161} INFO - Started process (PID=405) to work on /home/airflow/.local/lib/python3.12/site-packages/airflow/example_dags/example_task_group_decorator.py
[2026-06-14T21:29:11.265+0000] {processor.py:830} INFO - Processing file /home/airflow/.local/lib/python3.12/site-packages/airflow/example_dags/example_task_group_decorator.py for tasks to queue
[2026-06-14T21:29:11.268+0000] {logging_mixin.py:188} INFO - [2026-06-14T21:29:11.268+0000] {dagbag.py:545} INFO - Filling up the DagBag from /home/airflow/.local/lib/python3.12/site-packages/airflow/example_dags/example_task_group_decorator.py
[2026-06-14T21:29:11.289+0000] {processor.py:840} INFO - DAG(s) 'example_task_group_decorator' retrieved from /home/airflow/.local/lib/python3.12/site-packages/airflow/example_dags/example_task_group_decorator.py
[2026-06-14T21:29:11.332+0000] {logging_mixin.py:188} INFO - [2026-06-14T21:29:11.332+0000] {dag.py:3089} INFO - Sync 1 DAGs
[2026-06-14T21:29:11.365+0000] {logging_mixin.py:188} INFO - [2026-06-14T21:29:11.365+0000] {dag.py:3947} INFO - Setting next_dagrun for example_task_group_decorator to 2026-06-13 00:00:00+00:00, run_after=2026-06-14 00:00:00+00:00
[2026-06-14T21:29:11.394+0000] {processor.py:183} INFO - Processing /home/airflow/.local/lib/python3.12/site-packages/airflow/example_dags/example_task_group_decorator.py took 0.141 seconds
[2026-06-14T21:29:41.702+0000] {processor.py:161} INFO - Started process (PID=464) to work on /home/airflow/.local/lib/python3.12/site-packages/airflow/example_dags/example_task_group_decorator.py
[2026-06-14T21:29:41.704+0000] {processor.py:830} INFO - Processing file /home/airflow/.local/lib/python3.12/site-packages/airflow/example_dags/example_task_group_decorator.py for tasks to queue
[2026-06-14T21:29:41.711+0000] {logging_mixin.py:188} INFO - [2026-06-14T21:29:41.710+0000] {dagbag.py:545} INFO - Filling up the DagBag from /home/airflow/.local/lib/python3.12/site-packages/airflow/example_dags/example_task_group_decorator.py
[2026-06-14T21:29:41.737+0000] {processor.py:840} INFO - DAG(s) 'example_task_group_decorator' retrieved from /home/airflow/.local/lib/python3.12/site-packages/airflow/example_dags/example_task_group_decorator.py
[2026-06-14T21:29:41.791+0000] {logging_mixin.py:188} INFO - [2026-06-14T21:29:41.791+0000] {dag.py:3089} INFO - Sync 1 DAGs
[2026-06-14T21:29:41.826+0000] {logging_mixin.py:188} INFO - [2026-06-14T21:29:41.826+0000] {dag.py:3947} INFO - Setting next_dagrun for example_task_group_decorator to 2026-06-13 00:00:00+00:00, run_after=2026-06-14 00:00:00+00:00
[2026-06-14T21:29:41.896+0000] {processor.py:183} INFO - Processing /home/airflow/.local/lib/python3.12/site-packages/airflow/example_dags/example_task_group_decorator.py took 0.202 seconds
[2026-06-14T21:30:12.665+0000] {processor.py:161} INFO - Started process (PID=522) to work on /home/airflow/.local/lib/python3.12/site-packages/airflow/example_dags/example_task_group_decorator.py
[2026-06-14T21:30:12.666+0000] {processor.py:830} INFO - Processing file /home/airflow/.local/lib/python3.12/site-packages/airflow/example_dags/example_task_group_decorator.py for tasks to queue
[2026-06-14T21:30:12.668+0000] {logging_mixin.py:188} INFO - [2026-06-14T21:30:12.667+0000] {dagbag.py:545} INFO - Filling up the DagBag from /home/airflow/.local/lib/python3.12/site-packages/airflow/example_dags/example_task_group_decorator.py
[2026-06-14T21:30:12.687+0000] {processor.py:840} INFO - DAG(s) 'example_task_group_decorator' retrieved from /home/airflow/.local/lib/python3.12/site-packages/airflow/example_dags/example_task_group_decorator.py
[2026-06-14T21:30:12.718+0000] {logging_mixin.py:188} INFO - [2026-06-14T21:30:12.717+0000] {dag.py:3089} INFO - Sync 1 DAGs
[2026-06-14T21:30:12.743+0000] {logging_mixin.py:188} INFO - [2026-06-14T21:30:12.742+0000] {dag.py:3947} INFO - Setting next_dagrun for example_task_group_decorator to 2026-06-13 00:00:00+00:00, run_after=2026-06-14 00:00:00+00:00
[2026-06-14T21:30:12.789+0000] {processor.py:183} INFO - Processing /home/airflow/.local/lib/python3.12/site-packages/airflow/example_dags/example_task_group_decorator.py took 0.131 seconds
[2026-06-14T21:30:43.781+0000] {processor.py:161} INFO - Started process (PID=580) to work on /home/airflow/.local/lib/python3.12/site-packages/airflow/example_dags/example_task_group_decorator.py
[2026-06-14T21:30:43.783+0000] {processor.py:830} INFO - Processing file /home/airflow/.local/lib/python3.12/site-packages/airflow/example_dags/example_task_group_decorator.py for tasks to queue
[2026-06-14T21:30:43.784+0000] {logging_mixin.py:188} INFO - [2026-06-14T21:30:43.784+0000] {dagbag.py:545} INFO - Filling up the DagBag from /home/airflow/.local/lib/python3.12/site-packages/airflow/example_dags/example_task_group_decorator.py
[2026-06-14T21:30:43.809+0000] {processor.py:840} INFO - DAG(s) 'example_task_group_decorator' retrieved from /home/airflow/.local/lib/python3.12/site-packages/airflow/example_dags/example_task_group_decorator.py
[2026-06-14T21:30:43.852+0000] {logging_mixin.py:188} INFO - [2026-06-14T21:30:43.851+0000] {dag.py:3089} INFO - Sync 1 DAGs
[2026-06-14T21:30:43.899+0000] {logging_mixin.py:188} INFO - [2026-06-14T21:30:43.898+0000] {dag.py:3947} INFO - Setting next_dagrun for example_task_group_decorator to 2026-06-13 00:00:00+00:00, run_after=2026-06-14 00:00:00+00:00
[2026-06-14T21:30:43.961+0000] {processor.py:183} INFO - Processing /home/airflow/.local/lib/python3.12/site-packages/airflow/example_dags/example_task_group_decorator.py took 0.190 seconds
[2026-06-14T21:31:14.224+0000] {processor.py:161} INFO - Started process (PID=639) to work on /home/airflow/.local/lib/python3.12/site-packages/airflow/example_dags/example_task_group_decorator.py
[2026-06-14T21:31:14.226+0000] {processor.py:830} INFO - Processing file /home/airflow/.local/lib/python3.12/site-packages/airflow/example_dags/example_task_group_decorator.py for tasks to queue
[2026-06-14T21:31:14.227+0000] {logging_mixin.py:188} INFO - [2026-06-14T21:31:14.226+0000] {dagbag.py:545} INFO - Filling up the DagBag from /home/airflow/.local/lib/python3.12/site-packages/airflow/example_dags/example_task_group_decorator.py
[2026-06-14T21:31:14.252+0000] {processor.py:840} INFO - DAG(s) 'example_task_group_decorator' retrieved from /home/airflow/.local/lib/python3.12/site-packages/airflow/example_dags/example_task_group_decorator.py
[2026-06-14T21:31:14.293+0000] {logging_mixin.py:188} INFO - [2026-06-14T21:31:14.293+0000] {dag.py:3089} INFO - Sync 1 DAGs
[2026-06-14T21:31:14.330+0000] {logging_mixin.py:188} INFO - [2026-06-14T21:31:14.330+0000] {dag.py:3947} INFO - Setting next_dagrun for example_task_group_decorator to 2026-06-13 00:00:00+00:00, run_after=2026-06-14 00:00:00+00:00
[2026-06-14T21:31:14.361+0000] {processor.py:183} INFO - Processing /home/airflow/.local/lib/python3.12/site-packages/airflow/example_dags/example_task_group_decorator.py took 0.146 seconds
[2026-06-14T21:31:45.196+0000] {processor.py:161} INFO - Started process (PID=697) to work on /home/airflow/.local/lib/python3.12/site-packages/airflow/example_dags/example_task_group_decorator.py
[2026-06-14T21:31:45.198+0000] {processor.py:830} INFO - Processing file /home/airflow/.local/lib/python3.12/site-packages/airflow/example_dags/example_task_group_decorator.py for tasks to queue
[2026-06-14T21:31:45.200+0000] {logging_mixin.py:188} INFO - [2026-06-14T21:31:45.199+0000] {dagbag.py:545} INFO - Filling up the DagBag from /home/airflow/.local/lib/python3.12/site-packages/airflow/example_dags/example_task_group_decorator.py
[2026-06-14T21:31:45.229+0000] {processor.py:840} INFO - DAG(s) 'example_task_group_decorator' retrieved from /home/airflow/.local/lib/python3.12/site-packages/airflow/example_dags/example_task_group_decorator.py
[2026-06-14T21:31:45.282+0000] {logging_mixin.py:188} INFO - [2026-06-14T21:31:45.281+0000] {dag.py:3089} INFO - Sync 1 DAGs
[2026-06-14T21:31:45.333+0000] {logging_mixin.py:188} INFO - [2026-06-14T21:31:45.332+0000] {dag.py:3947} INFO - Setting next_dagrun for example_task_group_decorator to 2026-06-13 00:00:00+00:00, run_after=2026-06-14 00:00:00+00:00
[2026-06-14T21:31:45.371+0000] {processor.py:183} INFO - Processing /home/airflow/.local/lib/python3.12/site-packages/airflow/example_dags/example_task_group_decorator.py took 0.187 seconds
[2026-06-14T21:32:15.865+0000] {processor.py:161} INFO - Started process (PID=754) to work on /home/airflow/.local/lib/python3.12/site-packages/airflow/example_dags/example_task_group_decorator.py
[2026-06-14T21:32:15.867+0000] {processor.py:830} INFO - Processing file /home/airflow/.local/lib/python3.12/site-packages/airflow/example_dags/example_task_group_decorator.py for tasks to queue
[2026-06-14T21:32:15.870+0000] {logging_mixin.py:188} INFO - [2026-06-14T21:32:15.869+0000] {dagbag.py:545} INFO - Filling up the DagBag from /home/airflow/.local/lib/python3.12/site-packages/airflow/example_dags/example_task_group_decorator.py
[2026-06-14T21:32:15.894+0000] {processor.py:840} INFO - DAG(s) 'example_task_group_decorator' retrieved from /home/airflow/.local/lib/python3.12/site-packages/airflow/example_dags/example_task_group_decorator.py
[2026-06-14T21:32:15.934+0000] {logging_mixin.py:188} INFO - [2026-06-14T21:32:15.933+0000] {dag.py:3089} INFO - Sync 1 DAGs
[2026-06-14T21:32:15.967+0000] {logging_mixin.py:188} INFO - [2026-06-14T21:32:15.967+0000] {dag.py:3947} INFO - Setting next_dagrun for example_task_group_decorator to 2026-06-13 00:00:00+00:00, run_after=2026-06-14 00:00:00+00:00
[2026-06-14T21:32:16.028+0000] {processor.py:183} INFO - Processing /home/airflow/.local/lib/python3.12/site-packages/airflow/example_dags/example_task_group_decorator.py took 0.174 seconds
[2026-06-14T21:40:04.850+0000] {processor.py:161} INFO - Started process (PID=111) to work on /home/airflow/.local/lib/python3.12/site-packages/airflow/example_dags/example_task_group_decorator.py
[2026-06-14T21:40:04.852+0000] {processor.py:830} INFO - Processing file /home/airflow/.local/lib/python3.12/site-packages/airflow/example_dags/example_task_group_decorator.py for tasks to queue
[2026-06-14T21:40:04.856+0000] {logging_mixin.py:188} INFO - [2026-06-14T21:40:04.855+0000] {dagbag.py:545} INFO - Filling up the DagBag from /home/airflow/.local/lib/python3.12/site-packages/airflow/example_dags/example_task_group_decorator.py
[2026-06-14T21:40:04.883+0000] {processor.py:840} INFO - DAG(s) 'example_task_group_decorator' retrieved from /home/airflow/.local/lib/python3.12/site-packages/airflow/example_dags/example_task_group_decorator.py
[2026-06-14T21:40:05.042+0000] {logging_mixin.py:188} INFO - [2026-06-14T21:40:05.041+0000] {dag.py:3089} INFO - Sync 1 DAGs
[2026-06-14T21:40:05.073+0000] {logging_mixin.py:188} INFO - [2026-06-14T21:40:05.073+0000] {dag.py:3947} INFO - Setting next_dagrun for example_task_group_decorator to 2026-06-13 00:00:00+00:00, run_after=2026-06-14 00:00:00+00:00
[2026-06-14T21:40:05.101+0000] {processor.py:183} INFO - Processing /home/airflow/.local/lib/python3.12/site-packages/airflow/example_dags/example_task_group_decorator.py took 0.259 seconds
[2026-06-14T21:40:35.227+0000] {processor.py:161} INFO - Started process (PID=170) to work on /home/airflow/.local/lib/python3.12/site-packages/airflow/example_dags/example_task_group_decorator.py
[2026-06-14T21:40:35.228+0000] {processor.py:830} INFO - Processing file /home/airflow/.local/lib/python3.12/site-packages/airflow/example_dags/example_task_group_decorator.py for tasks to queue
[2026-06-14T21:40:35.232+0000] {logging_mixin.py:188} INFO - [2026-06-14T21:40:35.231+0000] {dagbag.py:545} INFO - Filling up the DagBag from /home/airflow/.local/lib/python3.12/site-packages/airflow/example_dags/example_task_group_decorator.py
[2026-06-14T21:40:35.252+0000] {processor.py:840} INFO - DAG(s) 'example_task_group_decorator' retrieved from /home/airflow/.local/lib/python3.12/site-packages/airflow/example_dags/example_task_group_decorator.py
[2026-06-14T21:40:35.289+0000] {logging_mixin.py:188} INFO - [2026-06-14T21:40:35.289+0000] {dag.py:3089} INFO - Sync 1 DAGs
[2026-06-14T21:40:35.318+0000] {logging_mixin.py:188} INFO - [2026-06-14T21:40:35.318+0000] {dag.py:3947} INFO - Setting next_dagrun for example_task_group_decorator to 2026-06-13 00:00:00+00:00, run_after=2026-06-14 00:00:00+00:00
[2026-06-14T21:40:35.343+0000] {processor.py:183} INFO - Processing /home/airflow/.local/lib/python3.12/site-packages/airflow/example_dags/example_task_group_decorator.py took 0.125 seconds
[2026-06-14T21:41:05.750+0000] {processor.py:161} INFO - Started process (PID=230) to work on /home/airflow/.local/lib/python3.12/site-packages/airflow/example_dags/example_task_group_decorator.py
[2026-06-14T21:41:05.752+0000] {processor.py:830} INFO - Processing file /home/airflow/.local/lib/python3.12/site-packages/airflow/example_dags/example_task_group_decorator.py for tasks to queue
[2026-06-14T21:41:05.755+0000] {logging_mixin.py:188} INFO - [2026-06-14T21:41:05.754+0000] {dagbag.py:545} INFO - Filling up the DagBag from /home/airflow/.local/lib/python3.12/site-packages/airflow/example_dags/example_task_group_decorator.py
[2026-06-14T21:41:05.780+0000] {processor.py:840} INFO - DAG(s) 'example_task_group_decorator' retrieved from /home/airflow/.local/lib/python3.12/site-packages/airflow/example_dags/example_task_group_decorator.py
[2026-06-14T21:41:05.825+0000] {logging_mixin.py:188} INFO - [2026-06-14T21:41:05.825+0000] {dag.py:3089} INFO - Sync 1 DAGs
[2026-06-14T21:41:05.865+0000] {logging_mixin.py:188} INFO - [2026-06-14T21:41:05.864+0000] {dag.py:3947} INFO - Setting next_dagrun for example_task_group_decorator to 2026-06-13 00:00:00+00:00, run_after=2026-06-14 00:00:00+00:00
[2026-06-14T21:41:05.902+0000] {processor.py:183} INFO - Processing /home/airflow/.local/lib/python3.12/site-packages/airflow/example_dags/example_task_group_decorator.py took 0.161 seconds
[2026-06-14T21:41:36.371+0000] {processor.py:161} INFO - Started process (PID=289) to work on /home/airflow/.local/lib/python3.12/site-packages/airflow/example_dags/example_task_group_decorator.py
[2026-06-14T21:41:36.373+0000] {processor.py:830} INFO - Processing file /home/airflow/.local/lib/python3.12/site-packages/airflow/example_dags/example_task_group_decorator.py for tasks to queue
[2026-06-14T21:41:36.376+0000] {logging_mixin.py:188} INFO - [2026-06-14T21:41:36.376+0000] {dagbag.py:545} INFO - Filling up the DagBag from /home/airflow/.local/lib/python3.12/site-packages/airflow/example_dags/example_task_group_decorator.py
[2026-06-14T21:41:36.400+0000] {processor.py:840} INFO - DAG(s) 'example_task_group_decorator' retrieved from /home/airflow/.local/lib/python3.12/site-packages/airflow/example_dags/example_task_group_decorator.py
[2026-06-14T21:41:36.446+0000] {logging_mixin.py:188} INFO - [2026-06-14T21:41:36.446+0000] {dag.py:3089} INFO - Sync 1 DAGs
[2026-06-14T21:41:36.482+0000] {logging_mixin.py:188} INFO - [2026-06-14T21:41:36.482+0000] {dag.py:3947} INFO - Setting next_dagrun for example_task_group_decorator to 2026-06-13 00:00:00+00:00, run_after=2026-06-14 00:00:00+00:00
[2026-06-14T21:41:36.517+0000] {processor.py:183} INFO - Processing /home/airflow/.local/lib/python3.12/site-packages/airflow/example_dags/example_task_group_decorator.py took 0.153 seconds
[2026-06-14T21:42:07.096+0000] {processor.py:161} INFO - Started process (PID=347) to work on /home/airflow/.local/lib/python3.12/site-packages/airflow/example_dags/example_task_group_decorator.py
[2026-06-14T21:42:07.098+0000] {processor.py:830} INFO - Processing file /home/airflow/.local/lib/python3.12/site-packages/airflow/example_dags/example_task_group_decorator.py for tasks to queue
[2026-06-14T21:42:07.101+0000] {logging_mixin.py:188} INFO - [2026-06-14T21:42:07.100+0000] {dagbag.py:545} INFO - Filling up the DagBag from /home/airflow/.local/lib/python3.12/site-packages/airflow/example_dags/example_task_group_decorator.py
[2026-06-14T21:42:07.124+0000] {processor.py:840} INFO - DAG(s) 'example_task_group_decorator' retrieved from /home/airflow/.local/lib/python3.12/site-packages/airflow/example_dags/example_task_group_decorator.py
[2026-06-14T21:42:07.165+0000] {logging_mixin.py:188} INFO - [2026-06-14T21:42:07.165+0000] {dag.py:3089} INFO - Sync 1 DAGs
[2026-06-14T21:42:07.203+0000] {logging_mixin.py:188} INFO - [2026-06-14T21:42:07.203+0000] {dag.py:3947} INFO - Setting next_dagrun for example_task_group_decorator to 2026-06-13 00:00:00+00:00, run_after=2026-06-14 00:00:00+00:00
[2026-06-14T21:42:07.236+0000] {processor.py:183} INFO - Processing /home/airflow/.local/lib/python3.12/site-packages/airflow/example_dags/example_task_group_decorator.py took 0.150 seconds
[2026-06-14T21:42:37.565+0000] {processor.py:161} INFO - Started process (PID=406) to work on /home/airflow/.local/lib/python3.12/site-packages/airflow/example_dags/example_task_group_decorator.py
[2026-06-14T21:42:37.567+0000] {processor.py:830} INFO - Processing file /home/airflow/.local/lib/python3.12/site-packages/airflow/example_dags/example_task_group_decorator.py for tasks to queue
[2026-06-14T21:42:37.570+0000] {logging_mixin.py:188} INFO - [2026-06-14T21:42:37.569+0000] {dagbag.py:545} INFO - Filling up the DagBag from /home/airflow/.local/lib/python3.12/site-packages/airflow/example_dags/example_task_group_decorator.py
[2026-06-14T21:42:37.589+0000] {processor.py:840} INFO - DAG(s) 'example_task_group_decorator' retrieved from /home/airflow/.local/lib/python3.12/site-packages/airflow/example_dags/example_task_group_decorator.py
[2026-06-14T21:42:37.627+0000] {logging_mixin.py:188} INFO - [2026-06-14T21:42:37.627+0000] {dag.py:3089} INFO - Sync 1 DAGs
[2026-06-14T21:42:37.671+0000] {logging_mixin.py:188} INFO - [2026-06-14T21:42:37.670+0000] {dag.py:3947} INFO - Setting next_dagrun for example_task_group_decorator to 2026-06-13 00:00:00+00:00, run_after=2026-06-14 00:00:00+00:00
[2026-06-14T21:42:37.703+0000] {processor.py:183} INFO - Processing /home/airflow/.local/lib/python3.12/site-packages/airflow/example_dags/example_task_group_decorator.py took 0.149 seconds
[2026-06-14T21:43:08.284+0000] {processor.py:161} INFO - Started process (PID=465) to work on /home/airflow/.local/lib/python3.12/site-packages/airflow/example_dags/example_task_group_decorator.py
[2026-06-14T21:43:08.286+0000] {processor.py:830} INFO - Processing file /home/airflow/.local/lib/python3.12/site-packages/airflow/example_dags/example_task_group_decorator.py for tasks to queue
[2026-06-14T21:43:08.290+0000] {logging_mixin.py:188} INFO - [2026-06-14T21:43:08.290+0000] {dagbag.py:545} INFO - Filling up the DagBag from /home/airflow/.local/lib/python3.12/site-packages/airflow/example_dags/example_task_group_decorator.py
[2026-06-14T21:43:08.315+0000] {processor.py:840} INFO - DAG(s) 'example_task_group_decorator' retrieved from /home/airflow/.local/lib/python3.12/site-packages/airflow/example_dags/example_task_group_decorator.py
[2026-06-14T21:43:08.352+0000] {logging_mixin.py:188} INFO - [2026-06-14T21:43:08.352+0000] {dag.py:3089} INFO - Sync 1 DAGs
[2026-06-14T21:43:08.384+0000] {logging_mixin.py:188} INFO - [2026-06-14T21:43:08.384+0000] {dag.py:3947} INFO - Setting next_dagrun for example_task_group_decorator to 2026-06-13 00:00:00+00:00, run_after=2026-06-14 00:00:00+00:00
[2026-06-14T21:43:08.414+0000] {processor.py:183} INFO - Processing /home/airflow/.local/lib/python3.12/site-packages/airflow/example_dags/example_task_group_decorator.py took 0.140 seconds
[2026-06-14T21:43:39.282+0000] {processor.py:161} INFO - Started process (PID=524) to work on /home/airflow/.local/lib/python3.12/site-packages/airflow/example_dags/example_task_group_decorator.py
[2026-06-14T21:43:39.284+0000] {processor.py:830} INFO - Processing file /home/airflow/.local/lib/python3.12/site-packages/airflow/example_dags/example_task_group_decorator.py for tasks to queue
[2026-06-14T21:43:39.289+0000] {logging_mixin.py:188} INFO - [2026-06-14T21:43:39.288+0000] {dagbag.py:545} INFO - Filling up the DagBag from /home/airflow/.local/lib/python3.12/site-packages/airflow/example_dags/example_task_group_decorator.py
[2026-06-14T21:43:39.312+0000] {processor.py:840} INFO - DAG(s) 'example_task_group_decorator' retrieved from /home/airflow/.local/lib/python3.12/site-packages/airflow/example_dags/example_task_group_decorator.py
[2026-06-14T21:43:39.359+0000] {logging_mixin.py:188} INFO - [2026-06-14T21:43:39.359+0000] {dag.py:3089} INFO - Sync 1 DAGs
[2026-06-14T21:43:39.406+0000] {logging_mixin.py:188} INFO - [2026-06-14T21:43:39.404+0000] {dag.py:3947} INFO - Setting next_dagrun for example_task_group_decorator to 2026-06-13 00:00:00+00:00, run_after=2026-06-14 00:00:00+00:00
[2026-06-14T21:43:39.450+0000] {processor.py:183} INFO - Processing /home/airflow/.local/lib/python3.12/site-packages/airflow/example_dags/example_task_group_decorator.py took 0.178 seconds
[2026-06-14T21:44:09.878+0000] {processor.py:161} INFO - Started process (PID=583) to work on /home/airflow/.local/lib/python3.12/site-packages/airflow/example_dags/example_task_group_decorator.py
[2026-06-14T21:44:09.879+0000] {processor.py:830} INFO - Processing file /home/airflow/.local/lib/python3.12/site-packages/airflow/example_dags/example_task_group_decorator.py for tasks to queue
[2026-06-14T21:44:09.883+0000] {logging_mixin.py:188} INFO - [2026-06-14T21:44:09.882+0000] {dagbag.py:545} INFO - Filling up the DagBag from /home/airflow/.local/lib/python3.12/site-packages/airflow/example_dags/example_task_group_decorator.py
[2026-06-14T21:44:09.911+0000] {processor.py:840} INFO - DAG(s) 'example_task_group_decorator' retrieved from /home/airflow/.local/lib/python3.12/site-packages/airflow/example_dags/example_task_group_decorator.py
[2026-06-14T21:44:09.959+0000] {logging_mixin.py:188} INFO - [2026-06-14T21:44:09.959+0000] {dag.py:3089} INFO - Sync 1 DAGs
[2026-06-14T21:44:09.997+0000] {logging_mixin.py:188} INFO - [2026-06-14T21:44:09.997+0000] {dag.py:3947} INFO - Setting next_dagrun for example_task_group_decorator to 2026-06-13 00:00:00+00:00, run_after=2026-06-14 00:00:00+00:00
[2026-06-14T21:44:10.027+0000] {processor.py:183} INFO - Processing /home/airflow/.local/lib/python3.12/site-packages/airflow/example_dags/example_task_group_decorator.py took 0.162 seconds
[2026-06-14T21:44:40.924+0000] {processor.py:161} INFO - Started process (PID=642) to work on /home/airflow/.local/lib/python3.12/site-packages/airflow/example_dags/example_task_group_decorator.py
[2026-06-14T21:44:40.927+0000] {processor.py:830} INFO - Processing file /home/airflow/.local/lib/python3.12/site-packages/airflow/example_dags/example_task_group_decorator.py for tasks to queue
[2026-06-14T21:44:40.932+0000] {logging_mixin.py:188} INFO - [2026-06-14T21:44:40.931+0000] {dagbag.py:545} INFO - Filling up the DagBag from /home/airflow/.local/lib/python3.12/site-packages/airflow/example_dags/example_task_group_decorator.py
[2026-06-14T21:44:40.961+0000] {processor.py:840} INFO - DAG(s) 'example_task_group_decorator' retrieved from /home/airflow/.local/lib/python3.12/site-packages/airflow/example_dags/example_task_group_decorator.py
[2026-06-14T21:44:41.023+0000] {logging_mixin.py:188} INFO - [2026-06-14T21:44:41.022+0000] {dag.py:3089} INFO - Sync 1 DAGs
[2026-06-14T21:44:41.072+0000] {logging_mixin.py:188} INFO - [2026-06-14T21:44:41.071+0000] {dag.py:3947} INFO - Setting next_dagrun for example_task_group_decorator to 2026-06-13 00:00:00+00:00, run_after=2026-06-14 00:00:00+00:00
[2026-06-14T21:44:41.118+0000] {processor.py:183} INFO - Processing /home/airflow/.local/lib/python3.12/site-packages/airflow/example_dags/example_task_group_decorator.py took 0.208 seconds
[2026-06-14T21:45:11.599+0000] {processor.py:161} INFO - Started process (PID=701) to work on /home/airflow/.local/lib/python3.12/site-packages/airflow/example_dags/example_task_group_decorator.py
[2026-06-14T21:45:11.601+0000] {processor.py:830} INFO - Processing file /home/airflow/.local/lib/python3.12/site-packages/airflow/example_dags/example_task_group_decorator.py for tasks to queue
[2026-06-14T21:45:11.605+0000] {logging_mixin.py:188} INFO - [2026-06-14T21:45:11.604+0000] {dagbag.py:545} INFO - Filling up the DagBag from /home/airflow/.local/lib/python3.12/site-packages/airflow/example_dags/example_task_group_decorator.py
[2026-06-14T21:45:11.626+0000] {processor.py:840} INFO - DAG(s) 'example_task_group_decorator' retrieved from /home/airflow/.local/lib/python3.12/site-packages/airflow/example_dags/example_task_group_decorator.py
[2026-06-14T21:45:11.663+0000] {logging_mixin.py:188} INFO - [2026-06-14T21:45:11.662+0000] {dag.py:3089} INFO - Sync 1 DAGs
[2026-06-14T21:45:11.700+0000] {logging_mixin.py:188} INFO - [2026-06-14T21:45:11.700+0000] {dag.py:3947} INFO - Setting next_dagrun for example_task_group_decorator to 2026-06-13 00:00:00+00:00, run_after=2026-06-14 00:00:00+00:00
[2026-06-14T21:45:11.733+0000] {processor.py:183} INFO - Processing /home/airflow/.local/lib/python3.12/site-packages/airflow/example_dags/example_task_group_decorator.py took 0.143 seconds
[2026-06-14T21:45:41.822+0000] {processor.py:161} INFO - Started process (PID=760) to work on /home/airflow/.local/lib/python3.12/site-packages/airflow/example_dags/example_task_group_decorator.py
[2026-06-14T21:45:41.825+0000] {processor.py:830} INFO - Processing file /home/airflow/.local/lib/python3.12/site-packages/airflow/example_dags/example_task_group_decorator.py for tasks to queue
[2026-06-14T21:45:41.829+0000] {logging_mixin.py:188} INFO - [2026-06-14T21:45:41.828+0000] {dagbag.py:545} INFO - Filling up the DagBag from /home/airflow/.local/lib/python3.12/site-packages/airflow/example_dags/example_task_group_decorator.py
[2026-06-14T21:45:41.853+0000] {processor.py:840} INFO - DAG(s) 'example_task_group_decorator' retrieved from /home/airflow/.local/lib/python3.12/site-packages/airflow/example_dags/example_task_group_decorator.py
[2026-06-14T21:45:41.887+0000] {logging_mixin.py:188} INFO - [2026-06-14T21:45:41.886+0000] {dag.py:3089} INFO - Sync 1 DAGs
[2026-06-14T21:45:41.923+0000] {logging_mixin.py:188} INFO - [2026-06-14T21:45:41.923+0000] {dag.py:3947} INFO - Setting next_dagrun for example_task_group_decorator to 2026-06-13 00:00:00+00:00, run_after=2026-06-14 00:00:00+00:00
[2026-06-14T21:45:41.952+0000] {processor.py:183} INFO - Processing /home/airflow/.local/lib/python3.12/site-packages/airflow/example_dags/example_task_group_decorator.py took 0.141 seconds
[2026-06-14T21:46:13.361+0000] {processor.py:161} INFO - Started process (PID=819) to work on /home/airflow/.local/lib/python3.12/site-packages/airflow/example_dags/example_task_group_decorator.py
[2026-06-14T21:46:13.363+0000] {processor.py:830} INFO - Processing file /home/airflow/.local/lib/python3.12/site-packages/airflow/example_dags/example_task_group_decorator.py for tasks to queue
[2026-06-14T21:46:13.366+0000] {logging_mixin.py:188} INFO - [2026-06-14T21:46:13.366+0000] {dagbag.py:545} INFO - Filling up the DagBag from /home/airflow/.local/lib/python3.12/site-packages/airflow/example_dags/example_task_group_decorator.py
[2026-06-14T21:46:13.394+0000] {processor.py:840} INFO - DAG(s) 'example_task_group_decorator' retrieved from /home/airflow/.local/lib/python3.12/site-packages/airflow/example_dags/example_task_group_decorator.py
[2026-06-14T21:46:13.434+0000] {logging_mixin.py:188} INFO - [2026-06-14T21:46:13.434+0000] {dag.py:3089} INFO - Sync 1 DAGs
[2026-06-14T21:46:13.469+0000] {logging_mixin.py:188} INFO - [2026-06-14T21:46:13.469+0000] {dag.py:3947} INFO - Setting next_dagrun for example_task_group_decorator to 2026-06-13 00:00:00+00:00, run_after=2026-06-14 00:00:00+00:00
[2026-06-14T21:46:13.522+0000] {processor.py:183} INFO - Processing /home/airflow/.local/lib/python3.12/site-packages/airflow/example_dags/example_task_group_decorator.py took 0.168 seconds
[2026-06-14T21:46:44.803+0000] {processor.py:161} INFO - Started process (PID=878) to work on /home/airflow/.local/lib/python3.12/site-packages/airflow/example_dags/example_task_group_decorator.py
[2026-06-14T21:46:44.805+0000] {processor.py:830} INFO - Processing file /home/airflow/.local/lib/python3.12/site-packages/airflow/example_dags/example_task_group_decorator.py for tasks to queue
[2026-06-14T21:46:44.808+0000] {logging_mixin.py:188} INFO - [2026-06-14T21:46:44.807+0000] {dagbag.py:545} INFO - Filling up the DagBag from /home/airflow/.local/lib/python3.12/site-packages/airflow/example_dags/example_task_group_decorator.py
[2026-06-14T21:46:44.828+0000] {processor.py:840} INFO - DAG(s) 'example_task_group_decorator' retrieved from /home/airflow/.local/lib/python3.12/site-packages/airflow/example_dags/example_task_group_decorator.py
[2026-06-14T21:46:44.877+0000] {logging_mixin.py:188} INFO - [2026-06-14T21:46:44.877+0000] {dag.py:3089} INFO - Sync 1 DAGs
[2026-06-14T21:46:44.923+0000] {logging_mixin.py:188} INFO - [2026-06-14T21:46:44.923+0000] {dag.py:3947} INFO - Setting next_dagrun for example_task_group_decorator to 2026-06-13 00:00:00+00:00, run_after=2026-06-14 00:00:00+00:00
[2026-06-14T21:46:44.958+0000] {processor.py:183} INFO - Processing /home/airflow/.local/lib/python3.12/site-packages/airflow/example_dags/example_task_group_decorator.py took 0.167 seconds
[2026-06-14T21:47:17.531+0000] {processor.py:161} INFO - Started process (PID=943) to work on /home/airflow/.local/lib/python3.12/site-packages/airflow/example_dags/example_task_group_decorator.py
[2026-06-14T21:47:17.533+0000] {processor.py:830} INFO - Processing file /home/airflow/.local/lib/python3.12/site-packages/airflow/example_dags/example_task_group_decorator.py for tasks to queue
[2026-06-14T21:47:17.539+0000] {logging_mixin.py:188} INFO - [2026-06-14T21:47:17.538+0000] {dagbag.py:545} INFO - Filling up the DagBag from /home/airflow/.local/lib/python3.12/site-packages/airflow/example_dags/example_task_group_decorator.py
[2026-06-14T21:47:17.584+0000] {processor.py:840} INFO - DAG(s) 'example_task_group_decorator' retrieved from /home/airflow/.local/lib/python3.12/site-packages/airflow/example_dags/example_task_group_decorator.py
[2026-06-14T21:47:17.651+0000] {logging_mixin.py:188} INFO - [2026-06-14T21:47:17.649+0000] {dag.py:3089} INFO - Sync 1 DAGs
[2026-06-14T21:47:17.702+0000] {logging_mixin.py:188} INFO - [2026-06-14T21:47:17.701+0000] {dag.py:3947} INFO - Setting next_dagrun for example_task_group_decorator to 2026-06-13 00:00:00+00:00, run_after=2026-06-14 00:00:00+00:00
[2026-06-14T21:47:17.788+0000] {processor.py:183} INFO - Processing /home/airflow/.local/lib/python3.12/site-packages/airflow/example_dags/example_task_group_decorator.py took 0.273 seconds
[2026-06-14T21:47:48.513+0000] {processor.py:161} INFO - Started process (PID=1001) to work on /home/airflow/.local/lib/python3.12/site-packages/airflow/example_dags/example_task_group_decorator.py
[2026-06-14T21:47:48.514+0000] {processor.py:830} INFO - Processing file /home/airflow/.local/lib/python3.12/site-packages/airflow/example_dags/example_task_group_decorator.py for tasks to queue
[2026-06-14T21:47:48.516+0000] {logging_mixin.py:188} INFO - [2026-06-14T21:47:48.516+0000] {dagbag.py:545} INFO - Filling up the DagBag from /home/airflow/.local/lib/python3.12/site-packages/airflow/example_dags/example_task_group_decorator.py
[2026-06-14T21:47:48.531+0000] {processor.py:840} INFO - DAG(s) 'example_task_group_decorator' retrieved from /home/airflow/.local/lib/python3.12/site-packages/airflow/example_dags/example_task_group_decorator.py
[2026-06-14T21:47:48.557+0000] {logging_mixin.py:188} INFO - [2026-06-14T21:47:48.557+0000] {dag.py:3089} INFO - Sync 1 DAGs
[2026-06-14T21:47:48.583+0000] {logging_mixin.py:188} INFO - [2026-06-14T21:47:48.582+0000] {dag.py:3947} INFO - Setting next_dagrun for example_task_group_decorator to 2026-06-13 00:00:00+00:00, run_after=2026-06-14 00:00:00+00:00
[2026-06-14T21:47:48.652+0000] {processor.py:183} INFO - Processing /home/airflow/.local/lib/python3.12/site-packages/airflow/example_dags/example_task_group_decorator.py took 0.145 seconds
[2026-06-14T21:48:19.218+0000] {processor.py:161} INFO - Started process (PID=1060) to work on /home/airflow/.local/lib/python3.12/site-packages/airflow/example_dags/example_task_group_decorator.py
[2026-06-14T21:48:19.219+0000] {processor.py:830} INFO - Processing file /home/airflow/.local/lib/python3.12/site-packages/airflow/example_dags/example_task_group_decorator.py for tasks to queue
[2026-06-14T21:48:19.221+0000] {logging_mixin.py:188} INFO - [2026-06-14T21:48:19.221+0000] {dagbag.py:545} INFO - Filling up the DagBag from /home/airflow/.local/lib/python3.12/site-packages/airflow/example_dags/example_task_group_decorator.py
[2026-06-14T21:48:19.240+0000] {processor.py:840} INFO - DAG(s) 'example_task_group_decorator' retrieved from /home/airflow/.local/lib/python3.12/site-packages/airflow/example_dags/example_task_group_decorator.py
[2026-06-14T21:48:19.294+0000] {logging_mixin.py:188} INFO - [2026-06-14T21:48:19.293+0000] {dag.py:3089} INFO - Sync 1 DAGs
[2026-06-14T21:48:19.347+0000] {logging_mixin.py:188} INFO - [2026-06-14T21:48:19.346+0000] {dag.py:3947} INFO - Setting next_dagrun for example_task_group_decorator to 2026-06-13 00:00:00+00:00, run_after=2026-06-14 00:00:00+00:00
[2026-06-14T21:48:19.385+0000] {processor.py:183} INFO - Processing /home/airflow/.local/lib/python3.12/site-packages/airflow/example_dags/example_task_group_decorator.py took 0.173 seconds
[2026-06-14T21:48:50.194+0000] {processor.py:161} INFO - Started process (PID=1118) to work on /home/airflow/.local/lib/python3.12/site-packages/airflow/example_dags/example_task_group_decorator.py
[2026-06-14T21:48:50.195+0000] {processor.py:830} INFO - Processing file /home/airflow/.local/lib/python3.12/site-packages/airflow/example_dags/example_task_group_decorator.py for tasks to queue
[2026-06-14T21:48:50.197+0000] {logging_mixin.py:188} INFO - [2026-06-14T21:48:50.197+0000] {dagbag.py:545} INFO - Filling up the DagBag from /home/airflow/.local/lib/python3.12/site-packages/airflow/example_dags/example_task_group_decorator.py
[2026-06-14T21:48:50.217+0000] {processor.py:840} INFO - DAG(s) 'example_task_group_decorator' retrieved from /home/airflow/.local/lib/python3.12/site-packages/airflow/example_dags/example_task_group_decorator.py
[2026-06-14T21:48:50.249+0000] {logging_mixin.py:188} INFO - [2026-06-14T21:48:50.248+0000] {dag.py:3089} INFO - Sync 1 DAGs
[2026-06-14T21:48:50.280+0000] {logging_mixin.py:188} INFO - [2026-06-14T21:48:50.280+0000] {dag.py:3947} INFO - Setting next_dagrun for example_task_group_decorator to 2026-06-13 00:00:00+00:00, run_after=2026-06-14 00:00:00+00:00
[2026-06-14T21:48:50.353+0000] {processor.py:183} INFO - Processing /home/airflow/.local/lib/python3.12/site-packages/airflow/example_dags/example_task_group_decorator.py took 0.166 seconds
[2026-06-14T21:49:21.427+0000] {processor.py:161} INFO - Started process (PID=1177) to work on /home/airflow/.local/lib/python3.12/site-packages/airflow/example_dags/example_task_group_decorator.py
[2026-06-14T21:49:21.428+0000] {processor.py:830} INFO - Processing file /home/airflow/.local/lib/python3.12/site-packages/airflow/example_dags/example_task_group_decorator.py for tasks to queue
[2026-06-14T21:49:21.432+0000] {logging_mixin.py:188} INFO - [2026-06-14T21:49:21.431+0000] {dagbag.py:545} INFO - Filling up the DagBag from /home/airflow/.local/lib/python3.12/site-packages/airflow/example_dags/example_task_group_decorator.py
[2026-06-14T21:49:21.456+0000] {processor.py:840} INFO - DAG(s) 'example_task_group_decorator' retrieved from /home/airflow/.local/lib/python3.12/site-packages/airflow/example_dags/example_task_group_decorator.py
[2026-06-14T21:49:21.484+0000] {logging_mixin.py:188} INFO - [2026-06-14T21:49:21.484+0000] {dag.py:3089} INFO - Sync 1 DAGs
[2026-06-14T21:49:21.507+0000] {logging_mixin.py:188} INFO - [2026-06-14T21:49:21.507+0000] {dag.py:3947} INFO - Setting next_dagrun for example_task_group_decorator to 2026-06-13 00:00:00+00:00, run_after=2026-06-14 00:00:00+00:00
[2026-06-14T21:49:21.570+0000] {processor.py:183} INFO - Processing /home/airflow/.local/lib/python3.12/site-packages/airflow/example_dags/example_task_group_decorator.py took 0.154 seconds
