[2026-06-14T21:26:31.204+0000] {processor.py:161} INFO - Started process (PID=81) to work on /home/airflow/.local/lib/python3.12/site-packages/airflow/example_dags/example_python_operator.py
[2026-06-14T21:26:31.205+0000] {processor.py:830} INFO - Processing file /home/airflow/.local/lib/python3.12/site-packages/airflow/example_dags/example_python_operator.py for tasks to queue
[2026-06-14T21:26:31.210+0000] {logging_mixin.py:188} INFO - [2026-06-14T21:26:31.209+0000] {dagbag.py:545} INFO - Filling up the DagBag from /home/airflow/.local/lib/python3.12/site-packages/airflow/example_dags/example_python_operator.py
[2026-06-14T21:26:31.232+0000] {processor.py:840} INFO - DAG(s) 'example_python_operator' retrieved from /home/airflow/.local/lib/python3.12/site-packages/airflow/example_dags/example_python_operator.py
[2026-06-14T21:26:31.417+0000] {logging_mixin.py:188} INFO - [2026-06-14T21:26:31.416+0000] {override.py:1858} INFO - Created Permission View: can delete on DAG:example_python_operator
[2026-06-14T21:26:31.434+0000] {logging_mixin.py:188} INFO - [2026-06-14T21:26:31.433+0000] {override.py:1858} INFO - Created Permission View: can edit on DAG:example_python_operator
[2026-06-14T21:26:31.445+0000] {logging_mixin.py:188} INFO - [2026-06-14T21:26:31.445+0000] {override.py:1858} INFO - Created Permission View: can read on DAG:example_python_operator
[2026-06-14T21:26:31.446+0000] {logging_mixin.py:188} INFO - [2026-06-14T21:26:31.446+0000] {dag.py:3089} INFO - Sync 1 DAGs
[2026-06-14T21:26:31.465+0000] {logging_mixin.py:188} INFO - [2026-06-14T21:26:31.465+0000] {dag.py:3111} INFO - Creating ORM DAG for example_python_operator
[2026-06-14T21:26:31.468+0000] {logging_mixin.py:188} INFO - [2026-06-14T21:26:31.468+0000] {dag.py:3947} INFO - Setting next_dagrun for example_python_operator to None, run_after=None
[2026-06-14T21:26:31.499+0000] {processor.py:183} INFO - Processing /home/airflow/.local/lib/python3.12/site-packages/airflow/example_dags/example_python_operator.py took 0.307 seconds
[2026-06-14T21:27:01.879+0000] {processor.py:161} INFO - Started process (PID=140) to work on /home/airflow/.local/lib/python3.12/site-packages/airflow/example_dags/example_python_operator.py
[2026-06-14T21:27:01.880+0000] {processor.py:830} INFO - Processing file /home/airflow/.local/lib/python3.12/site-packages/airflow/example_dags/example_python_operator.py for tasks to queue
[2026-06-14T21:27:01.883+0000] {logging_mixin.py:188} INFO - [2026-06-14T21:27:01.882+0000] {dagbag.py:545} INFO - Filling up the DagBag from /home/airflow/.local/lib/python3.12/site-packages/airflow/example_dags/example_python_operator.py
[2026-06-14T21:27:01.897+0000] {processor.py:840} INFO - DAG(s) 'example_python_operator' retrieved from /home/airflow/.local/lib/python3.12/site-packages/airflow/example_dags/example_python_operator.py
[2026-06-14T21:27:01.923+0000] {logging_mixin.py:188} INFO - [2026-06-14T21:27:01.923+0000] {dag.py:3089} INFO - Sync 1 DAGs
[2026-06-14T21:27:01.938+0000] {logging_mixin.py:188} INFO - [2026-06-14T21:27:01.938+0000] {dag.py:3947} INFO - Setting next_dagrun for example_python_operator to None, run_after=None
[2026-06-14T21:27:01.965+0000] {processor.py:183} INFO - Processing /home/airflow/.local/lib/python3.12/site-packages/airflow/example_dags/example_python_operator.py took 0.094 seconds
[2026-06-14T21:27:32.306+0000] {processor.py:161} INFO - Started process (PID=199) to work on /home/airflow/.local/lib/python3.12/site-packages/airflow/example_dags/example_python_operator.py
[2026-06-14T21:27:32.308+0000] {processor.py:830} INFO - Processing file /home/airflow/.local/lib/python3.12/site-packages/airflow/example_dags/example_python_operator.py for tasks to queue
[2026-06-14T21:27:32.311+0000] {logging_mixin.py:188} INFO - [2026-06-14T21:27:32.311+0000] {dagbag.py:545} INFO - Filling up the DagBag from /home/airflow/.local/lib/python3.12/site-packages/airflow/example_dags/example_python_operator.py
[2026-06-14T21:27:32.328+0000] {processor.py:840} INFO - DAG(s) 'example_python_operator' retrieved from /home/airflow/.local/lib/python3.12/site-packages/airflow/example_dags/example_python_operator.py
[2026-06-14T21:27:32.362+0000] {logging_mixin.py:188} INFO - [2026-06-14T21:27:32.362+0000] {dag.py:3089} INFO - Sync 1 DAGs
[2026-06-14T21:27:32.379+0000] {logging_mixin.py:188} INFO - [2026-06-14T21:27:32.379+0000] {dag.py:3947} INFO - Setting next_dagrun for example_python_operator to None, run_after=None
[2026-06-14T21:27:32.409+0000] {processor.py:183} INFO - Processing /home/airflow/.local/lib/python3.12/site-packages/airflow/example_dags/example_python_operator.py took 0.112 seconds
[2026-06-14T21:28:03.301+0000] {processor.py:161} INFO - Started process (PID=258) to work on /home/airflow/.local/lib/python3.12/site-packages/airflow/example_dags/example_python_operator.py
[2026-06-14T21:28:03.303+0000] {processor.py:830} INFO - Processing file /home/airflow/.local/lib/python3.12/site-packages/airflow/example_dags/example_python_operator.py for tasks to queue
[2026-06-14T21:28:03.306+0000] {logging_mixin.py:188} INFO - [2026-06-14T21:28:03.306+0000] {dagbag.py:545} INFO - Filling up the DagBag from /home/airflow/.local/lib/python3.12/site-packages/airflow/example_dags/example_python_operator.py
[2026-06-14T21:28:03.326+0000] {processor.py:840} INFO - DAG(s) 'example_python_operator' retrieved from /home/airflow/.local/lib/python3.12/site-packages/airflow/example_dags/example_python_operator.py
[2026-06-14T21:28:03.366+0000] {logging_mixin.py:188} INFO - [2026-06-14T21:28:03.365+0000] {dag.py:3089} INFO - Sync 1 DAGs
[2026-06-14T21:28:03.383+0000] {logging_mixin.py:188} INFO - [2026-06-14T21:28:03.382+0000] {dag.py:3947} INFO - Setting next_dagrun for example_python_operator to None, run_after=None
[2026-06-14T21:28:03.409+0000] {processor.py:183} INFO - Processing /home/airflow/.local/lib/python3.12/site-packages/airflow/example_dags/example_python_operator.py took 0.114 seconds
[2026-06-14T21:28:33.484+0000] {processor.py:161} INFO - Started process (PID=316) to work on /home/airflow/.local/lib/python3.12/site-packages/airflow/example_dags/example_python_operator.py
[2026-06-14T21:28:33.486+0000] {processor.py:830} INFO - Processing file /home/airflow/.local/lib/python3.12/site-packages/airflow/example_dags/example_python_operator.py for tasks to queue
[2026-06-14T21:28:33.489+0000] {logging_mixin.py:188} INFO - [2026-06-14T21:28:33.489+0000] {dagbag.py:545} INFO - Filling up the DagBag from /home/airflow/.local/lib/python3.12/site-packages/airflow/example_dags/example_python_operator.py
[2026-06-14T21:28:33.511+0000] {processor.py:840} INFO - DAG(s) 'example_python_operator' retrieved from /home/airflow/.local/lib/python3.12/site-packages/airflow/example_dags/example_python_operator.py
[2026-06-14T21:28:33.551+0000] {logging_mixin.py:188} INFO - [2026-06-14T21:28:33.551+0000] {dag.py:3089} INFO - Sync 1 DAGs
[2026-06-14T21:28:33.578+0000] {logging_mixin.py:188} INFO - [2026-06-14T21:28:33.578+0000] {dag.py:3947} INFO - Setting next_dagrun for example_python_operator to None, run_after=None
[2026-06-14T21:28:33.658+0000] {processor.py:183} INFO - Processing /home/airflow/.local/lib/python3.12/site-packages/airflow/example_dags/example_python_operator.py took 0.186 seconds
[2026-06-14T21:29:03.937+0000] {processor.py:161} INFO - Started process (PID=375) to work on /home/airflow/.local/lib/python3.12/site-packages/airflow/example_dags/example_python_operator.py
[2026-06-14T21:29:03.938+0000] {processor.py:830} INFO - Processing file /home/airflow/.local/lib/python3.12/site-packages/airflow/example_dags/example_python_operator.py for tasks to queue
[2026-06-14T21:29:03.941+0000] {logging_mixin.py:188} INFO - [2026-06-14T21:29:03.940+0000] {dagbag.py:545} INFO - Filling up the DagBag from /home/airflow/.local/lib/python3.12/site-packages/airflow/example_dags/example_python_operator.py
[2026-06-14T21:29:03.954+0000] {processor.py:840} INFO - DAG(s) 'example_python_operator' retrieved from /home/airflow/.local/lib/python3.12/site-packages/airflow/example_dags/example_python_operator.py
[2026-06-14T21:29:03.986+0000] {logging_mixin.py:188} INFO - [2026-06-14T21:29:03.985+0000] {dag.py:3089} INFO - Sync 1 DAGs
[2026-06-14T21:29:04.004+0000] {logging_mixin.py:188} INFO - [2026-06-14T21:29:04.004+0000] {dag.py:3947} INFO - Setting next_dagrun for example_python_operator to None, run_after=None
[2026-06-14T21:29:04.034+0000] {processor.py:183} INFO - Processing /home/airflow/.local/lib/python3.12/site-packages/airflow/example_dags/example_python_operator.py took 0.105 seconds
[2026-06-14T21:29:34.493+0000] {processor.py:161} INFO - Started process (PID=434) to work on /home/airflow/.local/lib/python3.12/site-packages/airflow/example_dags/example_python_operator.py
[2026-06-14T21:29:34.495+0000] {processor.py:830} INFO - Processing file /home/airflow/.local/lib/python3.12/site-packages/airflow/example_dags/example_python_operator.py for tasks to queue
[2026-06-14T21:29:34.498+0000] {logging_mixin.py:188} INFO - [2026-06-14T21:29:34.498+0000] {dagbag.py:545} INFO - Filling up the DagBag from /home/airflow/.local/lib/python3.12/site-packages/airflow/example_dags/example_python_operator.py
[2026-06-14T21:29:34.516+0000] {processor.py:840} INFO - DAG(s) 'example_python_operator' retrieved from /home/airflow/.local/lib/python3.12/site-packages/airflow/example_dags/example_python_operator.py
[2026-06-14T21:29:34.549+0000] {logging_mixin.py:188} INFO - [2026-06-14T21:29:34.548+0000] {dag.py:3089} INFO - Sync 1 DAGs
[2026-06-14T21:29:34.570+0000] {logging_mixin.py:188} INFO - [2026-06-14T21:29:34.570+0000] {dag.py:3947} INFO - Setting next_dagrun for example_python_operator to None, run_after=None
[2026-06-14T21:29:34.627+0000] {processor.py:183} INFO - Processing /home/airflow/.local/lib/python3.12/site-packages/airflow/example_dags/example_python_operator.py took 0.143 seconds
[2026-06-14T21:30:05.219+0000] {processor.py:161} INFO - Started process (PID=492) to work on /home/airflow/.local/lib/python3.12/site-packages/airflow/example_dags/example_python_operator.py
[2026-06-14T21:30:05.221+0000] {processor.py:830} INFO - Processing file /home/airflow/.local/lib/python3.12/site-packages/airflow/example_dags/example_python_operator.py for tasks to queue
[2026-06-14T21:30:05.222+0000] {logging_mixin.py:188} INFO - [2026-06-14T21:30:05.222+0000] {dagbag.py:545} INFO - Filling up the DagBag from /home/airflow/.local/lib/python3.12/site-packages/airflow/example_dags/example_python_operator.py
[2026-06-14T21:30:05.239+0000] {processor.py:840} INFO - DAG(s) 'example_python_operator' retrieved from /home/airflow/.local/lib/python3.12/site-packages/airflow/example_dags/example_python_operator.py
[2026-06-14T21:30:05.278+0000] {logging_mixin.py:188} INFO - [2026-06-14T21:30:05.277+0000] {dag.py:3089} INFO - Sync 1 DAGs
[2026-06-14T21:30:05.299+0000] {logging_mixin.py:188} INFO - [2026-06-14T21:30:05.299+0000] {dag.py:3947} INFO - Setting next_dagrun for example_python_operator to None, run_after=None
[2026-06-14T21:30:05.342+0000] {processor.py:183} INFO - Processing /home/airflow/.local/lib/python3.12/site-packages/airflow/example_dags/example_python_operator.py took 0.133 seconds
[2026-06-14T21:30:35.874+0000] {processor.py:161} INFO - Started process (PID=550) to work on /home/airflow/.local/lib/python3.12/site-packages/airflow/example_dags/example_python_operator.py
[2026-06-14T21:30:35.875+0000] {processor.py:830} INFO - Processing file /home/airflow/.local/lib/python3.12/site-packages/airflow/example_dags/example_python_operator.py for tasks to queue
[2026-06-14T21:30:35.876+0000] {logging_mixin.py:188} INFO - [2026-06-14T21:30:35.876+0000] {dagbag.py:545} INFO - Filling up the DagBag from /home/airflow/.local/lib/python3.12/site-packages/airflow/example_dags/example_python_operator.py
[2026-06-14T21:30:35.889+0000] {processor.py:840} INFO - DAG(s) 'example_python_operator' retrieved from /home/airflow/.local/lib/python3.12/site-packages/airflow/example_dags/example_python_operator.py
[2026-06-14T21:30:35.922+0000] {logging_mixin.py:188} INFO - [2026-06-14T21:30:35.922+0000] {dag.py:3089} INFO - Sync 1 DAGs
[2026-06-14T21:30:35.939+0000] {logging_mixin.py:188} INFO - [2026-06-14T21:30:35.939+0000] {dag.py:3947} INFO - Setting next_dagrun for example_python_operator to None, run_after=None
[2026-06-14T21:30:36.008+0000] {processor.py:183} INFO - Processing /home/airflow/.local/lib/python3.12/site-packages/airflow/example_dags/example_python_operator.py took 0.141 seconds
[2026-06-14T21:31:06.237+0000] {processor.py:161} INFO - Started process (PID=609) to work on /home/airflow/.local/lib/python3.12/site-packages/airflow/example_dags/example_python_operator.py
[2026-06-14T21:31:06.239+0000] {processor.py:830} INFO - Processing file /home/airflow/.local/lib/python3.12/site-packages/airflow/example_dags/example_python_operator.py for tasks to queue
[2026-06-14T21:31:06.240+0000] {logging_mixin.py:188} INFO - [2026-06-14T21:31:06.240+0000] {dagbag.py:545} INFO - Filling up the DagBag from /home/airflow/.local/lib/python3.12/site-packages/airflow/example_dags/example_python_operator.py
[2026-06-14T21:31:06.254+0000] {processor.py:840} INFO - DAG(s) 'example_python_operator' retrieved from /home/airflow/.local/lib/python3.12/site-packages/airflow/example_dags/example_python_operator.py
[2026-06-14T21:31:06.292+0000] {logging_mixin.py:188} INFO - [2026-06-14T21:31:06.292+0000] {dag.py:3089} INFO - Sync 1 DAGs
[2026-06-14T21:31:06.310+0000] {logging_mixin.py:188} INFO - [2026-06-14T21:31:06.310+0000] {dag.py:3947} INFO - Setting next_dagrun for example_python_operator to None, run_after=None
[2026-06-14T21:31:06.337+0000] {processor.py:183} INFO - Processing /home/airflow/.local/lib/python3.12/site-packages/airflow/example_dags/example_python_operator.py took 0.112 seconds
[2026-06-14T21:31:36.830+0000] {processor.py:161} INFO - Started process (PID=667) to work on /home/airflow/.local/lib/python3.12/site-packages/airflow/example_dags/example_python_operator.py
[2026-06-14T21:31:36.832+0000] {processor.py:830} INFO - Processing file /home/airflow/.local/lib/python3.12/site-packages/airflow/example_dags/example_python_operator.py for tasks to queue
[2026-06-14T21:31:36.833+0000] {logging_mixin.py:188} INFO - [2026-06-14T21:31:36.833+0000] {dagbag.py:545} INFO - Filling up the DagBag from /home/airflow/.local/lib/python3.12/site-packages/airflow/example_dags/example_python_operator.py
[2026-06-14T21:31:36.845+0000] {processor.py:840} INFO - DAG(s) 'example_python_operator' retrieved from /home/airflow/.local/lib/python3.12/site-packages/airflow/example_dags/example_python_operator.py
[2026-06-14T21:31:36.873+0000] {logging_mixin.py:188} INFO - [2026-06-14T21:31:36.873+0000] {dag.py:3089} INFO - Sync 1 DAGs
[2026-06-14T21:31:36.895+0000] {logging_mixin.py:188} INFO - [2026-06-14T21:31:36.894+0000] {dag.py:3947} INFO - Setting next_dagrun for example_python_operator to None, run_after=None
[2026-06-14T21:31:36.964+0000] {processor.py:183} INFO - Processing /home/airflow/.local/lib/python3.12/site-packages/airflow/example_dags/example_python_operator.py took 0.141 seconds
[2026-06-14T21:32:07.133+0000] {processor.py:161} INFO - Started process (PID=724) to work on /home/airflow/.local/lib/python3.12/site-packages/airflow/example_dags/example_python_operator.py
[2026-06-14T21:32:07.135+0000] {processor.py:830} INFO - Processing file /home/airflow/.local/lib/python3.12/site-packages/airflow/example_dags/example_python_operator.py for tasks to queue
[2026-06-14T21:32:07.136+0000] {logging_mixin.py:188} INFO - [2026-06-14T21:32:07.136+0000] {dagbag.py:545} INFO - Filling up the DagBag from /home/airflow/.local/lib/python3.12/site-packages/airflow/example_dags/example_python_operator.py
[2026-06-14T21:32:07.151+0000] {processor.py:840} INFO - DAG(s) 'example_python_operator' retrieved from /home/airflow/.local/lib/python3.12/site-packages/airflow/example_dags/example_python_operator.py
[2026-06-14T21:32:07.183+0000] {logging_mixin.py:188} INFO - [2026-06-14T21:32:07.183+0000] {dag.py:3089} INFO - Sync 1 DAGs
[2026-06-14T21:32:07.206+0000] {logging_mixin.py:188} INFO - [2026-06-14T21:32:07.205+0000] {dag.py:3947} INFO - Setting next_dagrun for example_python_operator to None, run_after=None
[2026-06-14T21:32:07.284+0000] {processor.py:183} INFO - Processing /home/airflow/.local/lib/python3.12/site-packages/airflow/example_dags/example_python_operator.py took 0.159 seconds
[2026-06-14T21:39:59.939+0000] {processor.py:161} INFO - Started process (PID=82) to work on /home/airflow/.local/lib/python3.12/site-packages/airflow/example_dags/example_python_operator.py
[2026-06-14T21:39:59.942+0000] {processor.py:830} INFO - Processing file /home/airflow/.local/lib/python3.12/site-packages/airflow/example_dags/example_python_operator.py for tasks to queue
[2026-06-14T21:39:59.945+0000] {logging_mixin.py:188} INFO - [2026-06-14T21:39:59.945+0000] {dagbag.py:545} INFO - Filling up the DagBag from /home/airflow/.local/lib/python3.12/site-packages/airflow/example_dags/example_python_operator.py
[2026-06-14T21:39:59.978+0000] {processor.py:840} INFO - DAG(s) 'example_python_operator' retrieved from /home/airflow/.local/lib/python3.12/site-packages/airflow/example_dags/example_python_operator.py
[2026-06-14T21:40:00.266+0000] {logging_mixin.py:188} INFO - [2026-06-14T21:40:00.265+0000] {dag.py:3089} INFO - Sync 1 DAGs
[2026-06-14T21:40:00.283+0000] {logging_mixin.py:188} INFO - [2026-06-14T21:40:00.283+0000] {dag.py:3947} INFO - Setting next_dagrun for example_python_operator to None, run_after=None
[2026-06-14T21:40:00.325+0000] {processor.py:183} INFO - Processing /home/airflow/.local/lib/python3.12/site-packages/airflow/example_dags/example_python_operator.py took 0.398 seconds
[2026-06-14T21:40:30.687+0000] {processor.py:161} INFO - Started process (PID=141) to work on /home/airflow/.local/lib/python3.12/site-packages/airflow/example_dags/example_python_operator.py
[2026-06-14T21:40:30.689+0000] {processor.py:830} INFO - Processing file /home/airflow/.local/lib/python3.12/site-packages/airflow/example_dags/example_python_operator.py for tasks to queue
[2026-06-14T21:40:30.692+0000] {logging_mixin.py:188} INFO - [2026-06-14T21:40:30.692+0000] {dagbag.py:545} INFO - Filling up the DagBag from /home/airflow/.local/lib/python3.12/site-packages/airflow/example_dags/example_python_operator.py
[2026-06-14T21:40:30.713+0000] {processor.py:840} INFO - DAG(s) 'example_python_operator' retrieved from /home/airflow/.local/lib/python3.12/site-packages/airflow/example_dags/example_python_operator.py
[2026-06-14T21:40:30.759+0000] {logging_mixin.py:188} INFO - [2026-06-14T21:40:30.759+0000] {dag.py:3089} INFO - Sync 1 DAGs
[2026-06-14T21:40:30.785+0000] {logging_mixin.py:188} INFO - [2026-06-14T21:40:30.784+0000] {dag.py:3947} INFO - Setting next_dagrun for example_python_operator to None, run_after=None
[2026-06-14T21:40:30.828+0000] {processor.py:183} INFO - Processing /home/airflow/.local/lib/python3.12/site-packages/airflow/example_dags/example_python_operator.py took 0.151 seconds
[2026-06-14T21:41:01.657+0000] {processor.py:161} INFO - Started process (PID=200) to work on /home/airflow/.local/lib/python3.12/site-packages/airflow/example_dags/example_python_operator.py
[2026-06-14T21:41:01.658+0000] {processor.py:830} INFO - Processing file /home/airflow/.local/lib/python3.12/site-packages/airflow/example_dags/example_python_operator.py for tasks to queue
[2026-06-14T21:41:01.661+0000] {logging_mixin.py:188} INFO - [2026-06-14T21:41:01.661+0000] {dagbag.py:545} INFO - Filling up the DagBag from /home/airflow/.local/lib/python3.12/site-packages/airflow/example_dags/example_python_operator.py
[2026-06-14T21:41:01.678+0000] {processor.py:840} INFO - DAG(s) 'example_python_operator' retrieved from /home/airflow/.local/lib/python3.12/site-packages/airflow/example_dags/example_python_operator.py
[2026-06-14T21:41:01.722+0000] {logging_mixin.py:188} INFO - [2026-06-14T21:41:01.722+0000] {dag.py:3089} INFO - Sync 1 DAGs
[2026-06-14T21:41:01.749+0000] {logging_mixin.py:188} INFO - [2026-06-14T21:41:01.748+0000] {dag.py:3947} INFO - Setting next_dagrun for example_python_operator to None, run_after=None
[2026-06-14T21:41:01.780+0000] {processor.py:183} INFO - Processing /home/airflow/.local/lib/python3.12/site-packages/airflow/example_dags/example_python_operator.py took 0.133 seconds
[2026-06-14T21:41:32.304+0000] {processor.py:161} INFO - Started process (PID=259) to work on /home/airflow/.local/lib/python3.12/site-packages/airflow/example_dags/example_python_operator.py
[2026-06-14T21:41:32.307+0000] {processor.py:830} INFO - Processing file /home/airflow/.local/lib/python3.12/site-packages/airflow/example_dags/example_python_operator.py for tasks to queue
[2026-06-14T21:41:32.311+0000] {logging_mixin.py:188} INFO - [2026-06-14T21:41:32.310+0000] {dagbag.py:545} INFO - Filling up the DagBag from /home/airflow/.local/lib/python3.12/site-packages/airflow/example_dags/example_python_operator.py
[2026-06-14T21:41:32.333+0000] {processor.py:840} INFO - DAG(s) 'example_python_operator' retrieved from /home/airflow/.local/lib/python3.12/site-packages/airflow/example_dags/example_python_operator.py
[2026-06-14T21:41:32.378+0000] {logging_mixin.py:188} INFO - [2026-06-14T21:41:32.377+0000] {dag.py:3089} INFO - Sync 1 DAGs
[2026-06-14T21:41:32.407+0000] {logging_mixin.py:188} INFO - [2026-06-14T21:41:32.407+0000] {dag.py:3947} INFO - Setting next_dagrun for example_python_operator to None, run_after=None
[2026-06-14T21:41:32.442+0000] {processor.py:183} INFO - Processing /home/airflow/.local/lib/python3.12/site-packages/airflow/example_dags/example_python_operator.py took 0.150 seconds
[2026-06-14T21:42:03.083+0000] {processor.py:161} INFO - Started process (PID=318) to work on /home/airflow/.local/lib/python3.12/site-packages/airflow/example_dags/example_python_operator.py
[2026-06-14T21:42:03.085+0000] {processor.py:830} INFO - Processing file /home/airflow/.local/lib/python3.12/site-packages/airflow/example_dags/example_python_operator.py for tasks to queue
[2026-06-14T21:42:03.088+0000] {logging_mixin.py:188} INFO - [2026-06-14T21:42:03.088+0000] {dagbag.py:545} INFO - Filling up the DagBag from /home/airflow/.local/lib/python3.12/site-packages/airflow/example_dags/example_python_operator.py
[2026-06-14T21:42:03.107+0000] {processor.py:840} INFO - DAG(s) 'example_python_operator' retrieved from /home/airflow/.local/lib/python3.12/site-packages/airflow/example_dags/example_python_operator.py
[2026-06-14T21:42:03.150+0000] {logging_mixin.py:188} INFO - [2026-06-14T21:42:03.149+0000] {dag.py:3089} INFO - Sync 1 DAGs
[2026-06-14T21:42:03.177+0000] {logging_mixin.py:188} INFO - [2026-06-14T21:42:03.177+0000] {dag.py:3947} INFO - Setting next_dagrun for example_python_operator to None, run_after=None
[2026-06-14T21:42:03.210+0000] {processor.py:183} INFO - Processing /home/airflow/.local/lib/python3.12/site-packages/airflow/example_dags/example_python_operator.py took 0.137 seconds
[2026-06-14T21:42:33.834+0000] {processor.py:161} INFO - Started process (PID=377) to work on /home/airflow/.local/lib/python3.12/site-packages/airflow/example_dags/example_python_operator.py
[2026-06-14T21:42:33.836+0000] {processor.py:830} INFO - Processing file /home/airflow/.local/lib/python3.12/site-packages/airflow/example_dags/example_python_operator.py for tasks to queue
[2026-06-14T21:42:33.843+0000] {logging_mixin.py:188} INFO - [2026-06-14T21:42:33.842+0000] {dagbag.py:545} INFO - Filling up the DagBag from /home/airflow/.local/lib/python3.12/site-packages/airflow/example_dags/example_python_operator.py
[2026-06-14T21:42:33.882+0000] {processor.py:840} INFO - DAG(s) 'example_python_operator' retrieved from /home/airflow/.local/lib/python3.12/site-packages/airflow/example_dags/example_python_operator.py
[2026-06-14T21:42:33.942+0000] {logging_mixin.py:188} INFO - [2026-06-14T21:42:33.941+0000] {dag.py:3089} INFO - Sync 1 DAGs
[2026-06-14T21:42:33.977+0000] {logging_mixin.py:188} INFO - [2026-06-14T21:42:33.977+0000] {dag.py:3947} INFO - Setting next_dagrun for example_python_operator to None, run_after=None
[2026-06-14T21:42:34.038+0000] {processor.py:183} INFO - Processing /home/airflow/.local/lib/python3.12/site-packages/airflow/example_dags/example_python_operator.py took 0.215 seconds
[2026-06-14T21:43:04.271+0000] {processor.py:161} INFO - Started process (PID=435) to work on /home/airflow/.local/lib/python3.12/site-packages/airflow/example_dags/example_python_operator.py
[2026-06-14T21:43:04.287+0000] {processor.py:830} INFO - Processing file /home/airflow/.local/lib/python3.12/site-packages/airflow/example_dags/example_python_operator.py for tasks to queue
[2026-06-14T21:43:04.292+0000] {logging_mixin.py:188} INFO - [2026-06-14T21:43:04.291+0000] {dagbag.py:545} INFO - Filling up the DagBag from /home/airflow/.local/lib/python3.12/site-packages/airflow/example_dags/example_python_operator.py
[2026-06-14T21:43:04.314+0000] {processor.py:840} INFO - DAG(s) 'example_python_operator' retrieved from /home/airflow/.local/lib/python3.12/site-packages/airflow/example_dags/example_python_operator.py
[2026-06-14T21:43:04.355+0000] {logging_mixin.py:188} INFO - [2026-06-14T21:43:04.354+0000] {dag.py:3089} INFO - Sync 1 DAGs
[2026-06-14T21:43:04.390+0000] {logging_mixin.py:188} INFO - [2026-06-14T21:43:04.390+0000] {dag.py:3947} INFO - Setting next_dagrun for example_python_operator to None, run_after=None
[2026-06-14T21:43:04.449+0000] {processor.py:183} INFO - Processing /home/airflow/.local/lib/python3.12/site-packages/airflow/example_dags/example_python_operator.py took 0.199 seconds
[2026-06-14T21:43:34.591+0000] {processor.py:161} INFO - Started process (PID=494) to work on /home/airflow/.local/lib/python3.12/site-packages/airflow/example_dags/example_python_operator.py
[2026-06-14T21:43:34.592+0000] {processor.py:830} INFO - Processing file /home/airflow/.local/lib/python3.12/site-packages/airflow/example_dags/example_python_operator.py for tasks to queue
[2026-06-14T21:43:34.595+0000] {logging_mixin.py:188} INFO - [2026-06-14T21:43:34.594+0000] {dagbag.py:545} INFO - Filling up the DagBag from /home/airflow/.local/lib/python3.12/site-packages/airflow/example_dags/example_python_operator.py
[2026-06-14T21:43:34.608+0000] {processor.py:840} INFO - DAG(s) 'example_python_operator' retrieved from /home/airflow/.local/lib/python3.12/site-packages/airflow/example_dags/example_python_operator.py
[2026-06-14T21:43:34.638+0000] {logging_mixin.py:188} INFO - [2026-06-14T21:43:34.637+0000] {dag.py:3089} INFO - Sync 1 DAGs
[2026-06-14T21:43:34.652+0000] {logging_mixin.py:188} INFO - [2026-06-14T21:43:34.652+0000] {dag.py:3947} INFO - Setting next_dagrun for example_python_operator to None, run_after=None
[2026-06-14T21:43:34.679+0000] {processor.py:183} INFO - Processing /home/airflow/.local/lib/python3.12/site-packages/airflow/example_dags/example_python_operator.py took 0.094 seconds
[2026-06-14T21:44:05.408+0000] {processor.py:161} INFO - Started process (PID=553) to work on /home/airflow/.local/lib/python3.12/site-packages/airflow/example_dags/example_python_operator.py
[2026-06-14T21:44:05.409+0000] {processor.py:830} INFO - Processing file /home/airflow/.local/lib/python3.12/site-packages/airflow/example_dags/example_python_operator.py for tasks to queue
[2026-06-14T21:44:05.412+0000] {logging_mixin.py:188} INFO - [2026-06-14T21:44:05.412+0000] {dagbag.py:545} INFO - Filling up the DagBag from /home/airflow/.local/lib/python3.12/site-packages/airflow/example_dags/example_python_operator.py
[2026-06-14T21:44:05.426+0000] {processor.py:840} INFO - DAG(s) 'example_python_operator' retrieved from /home/airflow/.local/lib/python3.12/site-packages/airflow/example_dags/example_python_operator.py
[2026-06-14T21:44:05.453+0000] {logging_mixin.py:188} INFO - [2026-06-14T21:44:05.453+0000] {dag.py:3089} INFO - Sync 1 DAGs
[2026-06-14T21:44:05.468+0000] {logging_mixin.py:188} INFO - [2026-06-14T21:44:05.468+0000] {dag.py:3947} INFO - Setting next_dagrun for example_python_operator to None, run_after=None
[2026-06-14T21:44:05.492+0000] {processor.py:183} INFO - Processing /home/airflow/.local/lib/python3.12/site-packages/airflow/example_dags/example_python_operator.py took 0.092 seconds
[2026-06-14T21:44:35.567+0000] {processor.py:161} INFO - Started process (PID=612) to work on /home/airflow/.local/lib/python3.12/site-packages/airflow/example_dags/example_python_operator.py
[2026-06-14T21:44:35.569+0000] {processor.py:830} INFO - Processing file /home/airflow/.local/lib/python3.12/site-packages/airflow/example_dags/example_python_operator.py for tasks to queue
[2026-06-14T21:44:35.572+0000] {logging_mixin.py:188} INFO - [2026-06-14T21:44:35.571+0000] {dagbag.py:545} INFO - Filling up the DagBag from /home/airflow/.local/lib/python3.12/site-packages/airflow/example_dags/example_python_operator.py
[2026-06-14T21:44:35.586+0000] {processor.py:840} INFO - DAG(s) 'example_python_operator' retrieved from /home/airflow/.local/lib/python3.12/site-packages/airflow/example_dags/example_python_operator.py
[2026-06-14T21:44:35.617+0000] {logging_mixin.py:188} INFO - [2026-06-14T21:44:35.617+0000] {dag.py:3089} INFO - Sync 1 DAGs
[2026-06-14T21:44:35.637+0000] {logging_mixin.py:188} INFO - [2026-06-14T21:44:35.637+0000] {dag.py:3947} INFO - Setting next_dagrun for example_python_operator to None, run_after=None
[2026-06-14T21:44:35.674+0000] {processor.py:183} INFO - Processing /home/airflow/.local/lib/python3.12/site-packages/airflow/example_dags/example_python_operator.py took 0.115 seconds
[2026-06-14T21:45:06.217+0000] {processor.py:161} INFO - Started process (PID=671) to work on /home/airflow/.local/lib/python3.12/site-packages/airflow/example_dags/example_python_operator.py
[2026-06-14T21:45:06.218+0000] {processor.py:830} INFO - Processing file /home/airflow/.local/lib/python3.12/site-packages/airflow/example_dags/example_python_operator.py for tasks to queue
[2026-06-14T21:45:06.221+0000] {logging_mixin.py:188} INFO - [2026-06-14T21:45:06.220+0000] {dagbag.py:545} INFO - Filling up the DagBag from /home/airflow/.local/lib/python3.12/site-packages/airflow/example_dags/example_python_operator.py
[2026-06-14T21:45:06.232+0000] {processor.py:840} INFO - DAG(s) 'example_python_operator' retrieved from /home/airflow/.local/lib/python3.12/site-packages/airflow/example_dags/example_python_operator.py
[2026-06-14T21:45:06.257+0000] {logging_mixin.py:188} INFO - [2026-06-14T21:45:06.256+0000] {dag.py:3089} INFO - Sync 1 DAGs
[2026-06-14T21:45:06.271+0000] {logging_mixin.py:188} INFO - [2026-06-14T21:45:06.270+0000] {dag.py:3947} INFO - Setting next_dagrun for example_python_operator to None, run_after=None
[2026-06-14T21:45:06.297+0000] {processor.py:183} INFO - Processing /home/airflow/.local/lib/python3.12/site-packages/airflow/example_dags/example_python_operator.py took 0.085 seconds
[2026-06-14T21:45:36.795+0000] {processor.py:161} INFO - Started process (PID=730) to work on /home/airflow/.local/lib/python3.12/site-packages/airflow/example_dags/example_python_operator.py
[2026-06-14T21:45:36.797+0000] {processor.py:830} INFO - Processing file /home/airflow/.local/lib/python3.12/site-packages/airflow/example_dags/example_python_operator.py for tasks to queue
[2026-06-14T21:45:36.802+0000] {logging_mixin.py:188} INFO - [2026-06-14T21:45:36.802+0000] {dagbag.py:545} INFO - Filling up the DagBag from /home/airflow/.local/lib/python3.12/site-packages/airflow/example_dags/example_python_operator.py
[2026-06-14T21:45:36.830+0000] {processor.py:840} INFO - DAG(s) 'example_python_operator' retrieved from /home/airflow/.local/lib/python3.12/site-packages/airflow/example_dags/example_python_operator.py
[2026-06-14T21:45:36.878+0000] {logging_mixin.py:188} INFO - [2026-06-14T21:45:36.878+0000] {dag.py:3089} INFO - Sync 1 DAGs
[2026-06-14T21:45:36.903+0000] {logging_mixin.py:188} INFO - [2026-06-14T21:45:36.903+0000] {dag.py:3947} INFO - Setting next_dagrun for example_python_operator to None, run_after=None
[2026-06-14T21:45:36.942+0000] {processor.py:183} INFO - Processing /home/airflow/.local/lib/python3.12/site-packages/airflow/example_dags/example_python_operator.py took 0.163 seconds
[2026-06-14T21:46:07.464+0000] {processor.py:161} INFO - Started process (PID=789) to work on /home/airflow/.local/lib/python3.12/site-packages/airflow/example_dags/example_python_operator.py
[2026-06-14T21:46:07.466+0000] {processor.py:830} INFO - Processing file /home/airflow/.local/lib/python3.12/site-packages/airflow/example_dags/example_python_operator.py for tasks to queue
[2026-06-14T21:46:07.472+0000] {logging_mixin.py:188} INFO - [2026-06-14T21:46:07.471+0000] {dagbag.py:545} INFO - Filling up the DagBag from /home/airflow/.local/lib/python3.12/site-packages/airflow/example_dags/example_python_operator.py
[2026-06-14T21:46:07.492+0000] {processor.py:840} INFO - DAG(s) 'example_python_operator' retrieved from /home/airflow/.local/lib/python3.12/site-packages/airflow/example_dags/example_python_operator.py
[2026-06-14T21:46:07.534+0000] {logging_mixin.py:188} INFO - [2026-06-14T21:46:07.533+0000] {dag.py:3089} INFO - Sync 1 DAGs
[2026-06-14T21:46:07.554+0000] {logging_mixin.py:188} INFO - [2026-06-14T21:46:07.553+0000] {dag.py:3947} INFO - Setting next_dagrun for example_python_operator to None, run_after=None
[2026-06-14T21:46:07.603+0000] {processor.py:183} INFO - Processing /home/airflow/.local/lib/python3.12/site-packages/airflow/example_dags/example_python_operator.py took 0.151 seconds
[2026-06-14T21:46:37.999+0000] {processor.py:161} INFO - Started process (PID=848) to work on /home/airflow/.local/lib/python3.12/site-packages/airflow/example_dags/example_python_operator.py
[2026-06-14T21:46:38.001+0000] {processor.py:830} INFO - Processing file /home/airflow/.local/lib/python3.12/site-packages/airflow/example_dags/example_python_operator.py for tasks to queue
[2026-06-14T21:46:38.004+0000] {logging_mixin.py:188} INFO - [2026-06-14T21:46:38.003+0000] {dagbag.py:545} INFO - Filling up the DagBag from /home/airflow/.local/lib/python3.12/site-packages/airflow/example_dags/example_python_operator.py
[2026-06-14T21:46:38.022+0000] {processor.py:840} INFO - DAG(s) 'example_python_operator' retrieved from /home/airflow/.local/lib/python3.12/site-packages/airflow/example_dags/example_python_operator.py
[2026-06-14T21:46:38.058+0000] {logging_mixin.py:188} INFO - [2026-06-14T21:46:38.058+0000] {dag.py:3089} INFO - Sync 1 DAGs
[2026-06-14T21:46:38.080+0000] {logging_mixin.py:188} INFO - [2026-06-14T21:46:38.079+0000] {dag.py:3947} INFO - Setting next_dagrun for example_python_operator to None, run_after=None
[2026-06-14T21:46:38.138+0000] {processor.py:183} INFO - Processing /home/airflow/.local/lib/python3.12/site-packages/airflow/example_dags/example_python_operator.py took 0.150 seconds
[2026-06-14T21:47:08.781+0000] {processor.py:161} INFO - Started process (PID=907) to work on /home/airflow/.local/lib/python3.12/site-packages/airflow/example_dags/example_python_operator.py
[2026-06-14T21:47:08.783+0000] {processor.py:830} INFO - Processing file /home/airflow/.local/lib/python3.12/site-packages/airflow/example_dags/example_python_operator.py for tasks to queue
[2026-06-14T21:47:08.787+0000] {logging_mixin.py:188} INFO - [2026-06-14T21:47:08.786+0000] {dagbag.py:545} INFO - Filling up the DagBag from /home/airflow/.local/lib/python3.12/site-packages/airflow/example_dags/example_python_operator.py
[2026-06-14T21:47:08.805+0000] {processor.py:840} INFO - DAG(s) 'example_python_operator' retrieved from /home/airflow/.local/lib/python3.12/site-packages/airflow/example_dags/example_python_operator.py
[2026-06-14T21:47:08.852+0000] {logging_mixin.py:188} INFO - [2026-06-14T21:47:08.851+0000] {dag.py:3089} INFO - Sync 1 DAGs
[2026-06-14T21:47:08.885+0000] {logging_mixin.py:188} INFO - [2026-06-14T21:47:08.885+0000] {dag.py:3947} INFO - Setting next_dagrun for example_python_operator to None, run_after=None
[2026-06-14T21:47:08.966+0000] {processor.py:183} INFO - Processing /home/airflow/.local/lib/python3.12/site-packages/airflow/example_dags/example_python_operator.py took 0.195 seconds
[2026-06-14T21:47:39.050+0000] {processor.py:161} INFO - Started process (PID=966) to work on /home/airflow/.local/lib/python3.12/site-packages/airflow/example_dags/example_python_operator.py
[2026-06-14T21:47:39.051+0000] {processor.py:830} INFO - Processing file /home/airflow/.local/lib/python3.12/site-packages/airflow/example_dags/example_python_operator.py for tasks to queue
[2026-06-14T21:47:39.054+0000] {logging_mixin.py:188} INFO - [2026-06-14T21:47:39.054+0000] {dagbag.py:545} INFO - Filling up the DagBag from /home/airflow/.local/lib/python3.12/site-packages/airflow/example_dags/example_python_operator.py
[2026-06-14T21:47:39.074+0000] {processor.py:840} INFO - DAG(s) 'example_python_operator' retrieved from /home/airflow/.local/lib/python3.12/site-packages/airflow/example_dags/example_python_operator.py
[2026-06-14T21:47:39.108+0000] {logging_mixin.py:188} INFO - [2026-06-14T21:47:39.107+0000] {dag.py:3089} INFO - Sync 1 DAGs
[2026-06-14T21:47:39.129+0000] {logging_mixin.py:188} INFO - [2026-06-14T21:47:39.129+0000] {dag.py:3947} INFO - Setting next_dagrun for example_python_operator to None, run_after=None
[2026-06-14T21:47:39.158+0000] {processor.py:183} INFO - Processing /home/airflow/.local/lib/python3.12/site-packages/airflow/example_dags/example_python_operator.py took 0.118 seconds
[2026-06-14T21:48:09.652+0000] {processor.py:161} INFO - Started process (PID=1024) to work on /home/airflow/.local/lib/python3.12/site-packages/airflow/example_dags/example_python_operator.py
[2026-06-14T21:48:09.653+0000] {processor.py:830} INFO - Processing file /home/airflow/.local/lib/python3.12/site-packages/airflow/example_dags/example_python_operator.py for tasks to queue
[2026-06-14T21:48:09.656+0000] {logging_mixin.py:188} INFO - [2026-06-14T21:48:09.655+0000] {dagbag.py:545} INFO - Filling up the DagBag from /home/airflow/.local/lib/python3.12/site-packages/airflow/example_dags/example_python_operator.py
[2026-06-14T21:48:09.672+0000] {processor.py:840} INFO - DAG(s) 'example_python_operator' retrieved from /home/airflow/.local/lib/python3.12/site-packages/airflow/example_dags/example_python_operator.py
[2026-06-14T21:48:09.708+0000] {logging_mixin.py:188} INFO - [2026-06-14T21:48:09.707+0000] {dag.py:3089} INFO - Sync 1 DAGs
[2026-06-14T21:48:09.729+0000] {logging_mixin.py:188} INFO - [2026-06-14T21:48:09.729+0000] {dag.py:3947} INFO - Setting next_dagrun for example_python_operator to None, run_after=None
[2026-06-14T21:48:09.763+0000] {processor.py:183} INFO - Processing /home/airflow/.local/lib/python3.12/site-packages/airflow/example_dags/example_python_operator.py took 0.121 seconds
[2026-06-14T21:48:40.219+0000] {processor.py:161} INFO - Started process (PID=1083) to work on /home/airflow/.local/lib/python3.12/site-packages/airflow/example_dags/example_python_operator.py
[2026-06-14T21:48:40.221+0000] {processor.py:830} INFO - Processing file /home/airflow/.local/lib/python3.12/site-packages/airflow/example_dags/example_python_operator.py for tasks to queue
[2026-06-14T21:48:40.224+0000] {logging_mixin.py:188} INFO - [2026-06-14T21:48:40.223+0000] {dagbag.py:545} INFO - Filling up the DagBag from /home/airflow/.local/lib/python3.12/site-packages/airflow/example_dags/example_python_operator.py
[2026-06-14T21:48:40.240+0000] {processor.py:840} INFO - DAG(s) 'example_python_operator' retrieved from /home/airflow/.local/lib/python3.12/site-packages/airflow/example_dags/example_python_operator.py
[2026-06-14T21:48:40.279+0000] {logging_mixin.py:188} INFO - [2026-06-14T21:48:40.279+0000] {dag.py:3089} INFO - Sync 1 DAGs
[2026-06-14T21:48:40.297+0000] {logging_mixin.py:188} INFO - [2026-06-14T21:48:40.297+0000] {dag.py:3947} INFO - Setting next_dagrun for example_python_operator to None, run_after=None
[2026-06-14T21:48:40.325+0000] {processor.py:183} INFO - Processing /home/airflow/.local/lib/python3.12/site-packages/airflow/example_dags/example_python_operator.py took 0.118 seconds
[2026-06-14T21:49:10.839+0000] {processor.py:161} INFO - Started process (PID=1141) to work on /home/airflow/.local/lib/python3.12/site-packages/airflow/example_dags/example_python_operator.py
[2026-06-14T21:49:10.841+0000] {processor.py:830} INFO - Processing file /home/airflow/.local/lib/python3.12/site-packages/airflow/example_dags/example_python_operator.py for tasks to queue
[2026-06-14T21:49:10.845+0000] {logging_mixin.py:188} INFO - [2026-06-14T21:49:10.844+0000] {dagbag.py:545} INFO - Filling up the DagBag from /home/airflow/.local/lib/python3.12/site-packages/airflow/example_dags/example_python_operator.py
[2026-06-14T21:49:10.873+0000] {processor.py:840} INFO - DAG(s) 'example_python_operator' retrieved from /home/airflow/.local/lib/python3.12/site-packages/airflow/example_dags/example_python_operator.py
[2026-06-14T21:49:10.927+0000] {logging_mixin.py:188} INFO - [2026-06-14T21:49:10.926+0000] {dag.py:3089} INFO - Sync 1 DAGs
[2026-06-14T21:49:10.961+0000] {logging_mixin.py:188} INFO - [2026-06-14T21:49:10.960+0000] {dag.py:3947} INFO - Setting next_dagrun for example_python_operator to None, run_after=None
[2026-06-14T21:49:11.058+0000] {processor.py:183} INFO - Processing /home/airflow/.local/lib/python3.12/site-packages/airflow/example_dags/example_python_operator.py took 0.234 seconds
