[2026-06-14T21:26:35.562+0000] {processor.py:161} INFO - Started process (PID=101) to work on /home/airflow/.local/lib/python3.12/site-packages/airflow/example_dags/example_latest_only_with_trigger.py
[2026-06-14T21:26:35.564+0000] {processor.py:830} INFO - Processing file /home/airflow/.local/lib/python3.12/site-packages/airflow/example_dags/example_latest_only_with_trigger.py for tasks to queue
[2026-06-14T21:26:35.568+0000] {logging_mixin.py:188} INFO - [2026-06-14T21:26:35.568+0000] {dagbag.py:545} INFO - Filling up the DagBag from /home/airflow/.local/lib/python3.12/site-packages/airflow/example_dags/example_latest_only_with_trigger.py
[2026-06-14T21:26:35.582+0000] {processor.py:840} INFO - DAG(s) 'latest_only_with_trigger' retrieved from /home/airflow/.local/lib/python3.12/site-packages/airflow/example_dags/example_latest_only_with_trigger.py
[2026-06-14T21:26:35.764+0000] {logging_mixin.py:188} INFO - [2026-06-14T21:26:35.763+0000] {override.py:1858} INFO - Created Permission View: can delete on DAG:latest_only_with_trigger
[2026-06-14T21:26:35.782+0000] {logging_mixin.py:188} INFO - [2026-06-14T21:26:35.782+0000] {override.py:1858} INFO - Created Permission View: can edit on DAG:latest_only_with_trigger
[2026-06-14T21:26:35.799+0000] {logging_mixin.py:188} INFO - [2026-06-14T21:26:35.798+0000] {override.py:1858} INFO - Created Permission View: can read on DAG:latest_only_with_trigger
[2026-06-14T21:26:35.800+0000] {logging_mixin.py:188} INFO - [2026-06-14T21:26:35.799+0000] {dag.py:3089} INFO - Sync 1 DAGs
[2026-06-14T21:26:35.820+0000] {logging_mixin.py:188} INFO - [2026-06-14T21:26:35.820+0000] {dag.py:3111} INFO - Creating ORM DAG for latest_only_with_trigger
[2026-06-14T21:26:35.839+0000] {logging_mixin.py:188} INFO - [2026-06-14T21:26:35.838+0000] {dag.py:3947} INFO - Setting next_dagrun for latest_only_with_trigger to 2026-06-14 16:00:00+00:00, run_after=2026-06-14 20:00:00+00:00
[2026-06-14T21:26:35.864+0000] {processor.py:183} INFO - Processing /home/airflow/.local/lib/python3.12/site-packages/airflow/example_dags/example_latest_only_with_trigger.py took 0.312 seconds
[2026-06-14T21:27:05.926+0000] {processor.py:161} INFO - Started process (PID=160) to work on /home/airflow/.local/lib/python3.12/site-packages/airflow/example_dags/example_latest_only_with_trigger.py
[2026-06-14T21:27:05.929+0000] {processor.py:830} INFO - Processing file /home/airflow/.local/lib/python3.12/site-packages/airflow/example_dags/example_latest_only_with_trigger.py for tasks to queue
[2026-06-14T21:27:05.933+0000] {logging_mixin.py:188} INFO - [2026-06-14T21:27:05.932+0000] {dagbag.py:545} INFO - Filling up the DagBag from /home/airflow/.local/lib/python3.12/site-packages/airflow/example_dags/example_latest_only_with_trigger.py
[2026-06-14T21:27:05.945+0000] {processor.py:840} INFO - DAG(s) 'latest_only_with_trigger' retrieved from /home/airflow/.local/lib/python3.12/site-packages/airflow/example_dags/example_latest_only_with_trigger.py
[2026-06-14T21:27:05.980+0000] {logging_mixin.py:188} INFO - [2026-06-14T21:27:05.980+0000] {dag.py:3089} INFO - Sync 1 DAGs
[2026-06-14T21:27:06.011+0000] {logging_mixin.py:188} INFO - [2026-06-14T21:27:06.011+0000] {dag.py:3947} INFO - Setting next_dagrun for latest_only_with_trigger to 2026-06-14 16:00:00+00:00, run_after=2026-06-14 20:00:00+00:00
[2026-06-14T21:27:06.037+0000] {processor.py:183} INFO - Processing /home/airflow/.local/lib/python3.12/site-packages/airflow/example_dags/example_latest_only_with_trigger.py took 0.125 seconds
[2026-06-14T21:27:36.958+0000] {processor.py:161} INFO - Started process (PID=219) to work on /home/airflow/.local/lib/python3.12/site-packages/airflow/example_dags/example_latest_only_with_trigger.py
[2026-06-14T21:27:36.959+0000] {processor.py:830} INFO - Processing file /home/airflow/.local/lib/python3.12/site-packages/airflow/example_dags/example_latest_only_with_trigger.py for tasks to queue
[2026-06-14T21:27:36.962+0000] {logging_mixin.py:188} INFO - [2026-06-14T21:27:36.961+0000] {dagbag.py:545} INFO - Filling up the DagBag from /home/airflow/.local/lib/python3.12/site-packages/airflow/example_dags/example_latest_only_with_trigger.py
[2026-06-14T21:27:36.969+0000] {processor.py:840} INFO - DAG(s) 'latest_only_with_trigger' retrieved from /home/airflow/.local/lib/python3.12/site-packages/airflow/example_dags/example_latest_only_with_trigger.py
[2026-06-14T21:27:36.993+0000] {logging_mixin.py:188} INFO - [2026-06-14T21:27:36.993+0000] {dag.py:3089} INFO - Sync 1 DAGs
[2026-06-14T21:27:37.018+0000] {logging_mixin.py:188} INFO - [2026-06-14T21:27:37.018+0000] {dag.py:3947} INFO - Setting next_dagrun for latest_only_with_trigger to 2026-06-14 16:00:00+00:00, run_after=2026-06-14 20:00:00+00:00
[2026-06-14T21:27:37.091+0000] {processor.py:183} INFO - Processing /home/airflow/.local/lib/python3.12/site-packages/airflow/example_dags/example_latest_only_with_trigger.py took 0.141 seconds
[2026-06-14T21:28:07.209+0000] {processor.py:161} INFO - Started process (PID=278) to work on /home/airflow/.local/lib/python3.12/site-packages/airflow/example_dags/example_latest_only_with_trigger.py
[2026-06-14T21:28:07.210+0000] {processor.py:830} INFO - Processing file /home/airflow/.local/lib/python3.12/site-packages/airflow/example_dags/example_latest_only_with_trigger.py for tasks to queue
[2026-06-14T21:28:07.214+0000] {logging_mixin.py:188} INFO - [2026-06-14T21:28:07.214+0000] {dagbag.py:545} INFO - Filling up the DagBag from /home/airflow/.local/lib/python3.12/site-packages/airflow/example_dags/example_latest_only_with_trigger.py
[2026-06-14T21:28:07.223+0000] {processor.py:840} INFO - DAG(s) 'latest_only_with_trigger' retrieved from /home/airflow/.local/lib/python3.12/site-packages/airflow/example_dags/example_latest_only_with_trigger.py
[2026-06-14T21:28:07.250+0000] {logging_mixin.py:188} INFO - [2026-06-14T21:28:07.249+0000] {dag.py:3089} INFO - Sync 1 DAGs
[2026-06-14T21:28:07.278+0000] {logging_mixin.py:188} INFO - [2026-06-14T21:28:07.277+0000] {dag.py:3947} INFO - Setting next_dagrun for latest_only_with_trigger to 2026-06-14 16:00:00+00:00, run_after=2026-06-14 20:00:00+00:00
[2026-06-14T21:28:07.345+0000] {processor.py:183} INFO - Processing /home/airflow/.local/lib/python3.12/site-packages/airflow/example_dags/example_latest_only_with_trigger.py took 0.145 seconds
[2026-06-14T21:28:37.938+0000] {processor.py:161} INFO - Started process (PID=337) to work on /home/airflow/.local/lib/python3.12/site-packages/airflow/example_dags/example_latest_only_with_trigger.py
[2026-06-14T21:28:37.940+0000] {processor.py:830} INFO - Processing file /home/airflow/.local/lib/python3.12/site-packages/airflow/example_dags/example_latest_only_with_trigger.py for tasks to queue
[2026-06-14T21:28:37.944+0000] {logging_mixin.py:188} INFO - [2026-06-14T21:28:37.944+0000] {dagbag.py:545} INFO - Filling up the DagBag from /home/airflow/.local/lib/python3.12/site-packages/airflow/example_dags/example_latest_only_with_trigger.py
[2026-06-14T21:28:37.954+0000] {processor.py:840} INFO - DAG(s) 'latest_only_with_trigger' retrieved from /home/airflow/.local/lib/python3.12/site-packages/airflow/example_dags/example_latest_only_with_trigger.py
[2026-06-14T21:28:37.986+0000] {logging_mixin.py:188} INFO - [2026-06-14T21:28:37.985+0000] {dag.py:3089} INFO - Sync 1 DAGs
[2026-06-14T21:28:38.026+0000] {logging_mixin.py:188} INFO - [2026-06-14T21:28:38.026+0000] {dag.py:3947} INFO - Setting next_dagrun for latest_only_with_trigger to 2026-06-14 16:00:00+00:00, run_after=2026-06-14 20:00:00+00:00
[2026-06-14T21:28:38.054+0000] {processor.py:183} INFO - Processing /home/airflow/.local/lib/python3.12/site-packages/airflow/example_dags/example_latest_only_with_trigger.py took 0.126 seconds
[2026-06-14T21:29:08.783+0000] {processor.py:161} INFO - Started process (PID=396) to work on /home/airflow/.local/lib/python3.12/site-packages/airflow/example_dags/example_latest_only_with_trigger.py
[2026-06-14T21:29:08.786+0000] {processor.py:830} INFO - Processing file /home/airflow/.local/lib/python3.12/site-packages/airflow/example_dags/example_latest_only_with_trigger.py for tasks to queue
[2026-06-14T21:29:08.796+0000] {logging_mixin.py:188} INFO - [2026-06-14T21:29:08.796+0000] {dagbag.py:545} INFO - Filling up the DagBag from /home/airflow/.local/lib/python3.12/site-packages/airflow/example_dags/example_latest_only_with_trigger.py
[2026-06-14T21:29:08.811+0000] {processor.py:840} INFO - DAG(s) 'latest_only_with_trigger' retrieved from /home/airflow/.local/lib/python3.12/site-packages/airflow/example_dags/example_latest_only_with_trigger.py
[2026-06-14T21:29:08.871+0000] {logging_mixin.py:188} INFO - [2026-06-14T21:29:08.869+0000] {dag.py:3089} INFO - Sync 1 DAGs
[2026-06-14T21:29:08.947+0000] {logging_mixin.py:188} INFO - [2026-06-14T21:29:08.947+0000] {dag.py:3947} INFO - Setting next_dagrun for latest_only_with_trigger to 2026-06-14 16:00:00+00:00, run_after=2026-06-14 20:00:00+00:00
[2026-06-14T21:29:09.045+0000] {processor.py:183} INFO - Processing /home/airflow/.local/lib/python3.12/site-packages/airflow/example_dags/example_latest_only_with_trigger.py took 0.276 seconds
[2026-06-14T21:29:39.290+0000] {processor.py:161} INFO - Started process (PID=455) to work on /home/airflow/.local/lib/python3.12/site-packages/airflow/example_dags/example_latest_only_with_trigger.py
[2026-06-14T21:29:39.292+0000] {processor.py:830} INFO - Processing file /home/airflow/.local/lib/python3.12/site-packages/airflow/example_dags/example_latest_only_with_trigger.py for tasks to queue
[2026-06-14T21:29:39.296+0000] {logging_mixin.py:188} INFO - [2026-06-14T21:29:39.295+0000] {dagbag.py:545} INFO - Filling up the DagBag from /home/airflow/.local/lib/python3.12/site-packages/airflow/example_dags/example_latest_only_with_trigger.py
[2026-06-14T21:29:39.304+0000] {processor.py:840} INFO - DAG(s) 'latest_only_with_trigger' retrieved from /home/airflow/.local/lib/python3.12/site-packages/airflow/example_dags/example_latest_only_with_trigger.py
[2026-06-14T21:29:39.351+0000] {logging_mixin.py:188} INFO - [2026-06-14T21:29:39.350+0000] {dag.py:3089} INFO - Sync 1 DAGs
[2026-06-14T21:29:39.388+0000] {logging_mixin.py:188} INFO - [2026-06-14T21:29:39.388+0000] {dag.py:3947} INFO - Setting next_dagrun for latest_only_with_trigger to 2026-06-14 16:00:00+00:00, run_after=2026-06-14 20:00:00+00:00
[2026-06-14T21:29:39.418+0000] {processor.py:183} INFO - Processing /home/airflow/.local/lib/python3.12/site-packages/airflow/example_dags/example_latest_only_with_trigger.py took 0.137 seconds
[2026-06-14T21:30:09.814+0000] {processor.py:161} INFO - Started process (PID=513) to work on /home/airflow/.local/lib/python3.12/site-packages/airflow/example_dags/example_latest_only_with_trigger.py
[2026-06-14T21:30:09.816+0000] {processor.py:830} INFO - Processing file /home/airflow/.local/lib/python3.12/site-packages/airflow/example_dags/example_latest_only_with_trigger.py for tasks to queue
[2026-06-14T21:30:09.818+0000] {logging_mixin.py:188} INFO - [2026-06-14T21:30:09.817+0000] {dagbag.py:545} INFO - Filling up the DagBag from /home/airflow/.local/lib/python3.12/site-packages/airflow/example_dags/example_latest_only_with_trigger.py
[2026-06-14T21:30:09.828+0000] {processor.py:840} INFO - DAG(s) 'latest_only_with_trigger' retrieved from /home/airflow/.local/lib/python3.12/site-packages/airflow/example_dags/example_latest_only_with_trigger.py
[2026-06-14T21:30:09.861+0000] {logging_mixin.py:188} INFO - [2026-06-14T21:30:09.860+0000] {dag.py:3089} INFO - Sync 1 DAGs
[2026-06-14T21:30:09.892+0000] {logging_mixin.py:188} INFO - [2026-06-14T21:30:09.892+0000] {dag.py:3947} INFO - Setting next_dagrun for latest_only_with_trigger to 2026-06-14 16:00:00+00:00, run_after=2026-06-14 20:00:00+00:00
[2026-06-14T21:30:09.918+0000] {processor.py:183} INFO - Processing /home/airflow/.local/lib/python3.12/site-packages/airflow/example_dags/example_latest_only_with_trigger.py took 0.114 seconds
[2026-06-14T21:30:40.753+0000] {processor.py:161} INFO - Started process (PID=571) to work on /home/airflow/.local/lib/python3.12/site-packages/airflow/example_dags/example_latest_only_with_trigger.py
[2026-06-14T21:30:40.755+0000] {processor.py:830} INFO - Processing file /home/airflow/.local/lib/python3.12/site-packages/airflow/example_dags/example_latest_only_with_trigger.py for tasks to queue
[2026-06-14T21:30:40.756+0000] {logging_mixin.py:188} INFO - [2026-06-14T21:30:40.756+0000] {dagbag.py:545} INFO - Filling up the DagBag from /home/airflow/.local/lib/python3.12/site-packages/airflow/example_dags/example_latest_only_with_trigger.py
[2026-06-14T21:30:40.764+0000] {processor.py:840} INFO - DAG(s) 'latest_only_with_trigger' retrieved from /home/airflow/.local/lib/python3.12/site-packages/airflow/example_dags/example_latest_only_with_trigger.py
[2026-06-14T21:30:40.791+0000] {logging_mixin.py:188} INFO - [2026-06-14T21:30:40.791+0000] {dag.py:3089} INFO - Sync 1 DAGs
[2026-06-14T21:30:40.819+0000] {logging_mixin.py:188} INFO - [2026-06-14T21:30:40.819+0000] {dag.py:3947} INFO - Setting next_dagrun for latest_only_with_trigger to 2026-06-14 16:00:00+00:00, run_after=2026-06-14 20:00:00+00:00
[2026-06-14T21:30:40.883+0000] {processor.py:183} INFO - Processing /home/airflow/.local/lib/python3.12/site-packages/airflow/example_dags/example_latest_only_with_trigger.py took 0.137 seconds
[2026-06-14T21:31:11.167+0000] {processor.py:161} INFO - Started process (PID=630) to work on /home/airflow/.local/lib/python3.12/site-packages/airflow/example_dags/example_latest_only_with_trigger.py
[2026-06-14T21:31:11.169+0000] {processor.py:830} INFO - Processing file /home/airflow/.local/lib/python3.12/site-packages/airflow/example_dags/example_latest_only_with_trigger.py for tasks to queue
[2026-06-14T21:31:11.171+0000] {logging_mixin.py:188} INFO - [2026-06-14T21:31:11.170+0000] {dagbag.py:545} INFO - Filling up the DagBag from /home/airflow/.local/lib/python3.12/site-packages/airflow/example_dags/example_latest_only_with_trigger.py
[2026-06-14T21:31:11.182+0000] {processor.py:840} INFO - DAG(s) 'latest_only_with_trigger' retrieved from /home/airflow/.local/lib/python3.12/site-packages/airflow/example_dags/example_latest_only_with_trigger.py
[2026-06-14T21:31:11.222+0000] {logging_mixin.py:188} INFO - [2026-06-14T21:31:11.222+0000] {dag.py:3089} INFO - Sync 1 DAGs
[2026-06-14T21:31:11.266+0000] {logging_mixin.py:188} INFO - [2026-06-14T21:31:11.266+0000] {dag.py:3947} INFO - Setting next_dagrun for latest_only_with_trigger to 2026-06-14 16:00:00+00:00, run_after=2026-06-14 20:00:00+00:00
[2026-06-14T21:31:11.299+0000] {processor.py:183} INFO - Processing /home/airflow/.local/lib/python3.12/site-packages/airflow/example_dags/example_latest_only_with_trigger.py took 0.143 seconds
[2026-06-14T21:31:42.164+0000] {processor.py:161} INFO - Started process (PID=688) to work on /home/airflow/.local/lib/python3.12/site-packages/airflow/example_dags/example_latest_only_with_trigger.py
[2026-06-14T21:31:42.165+0000] {processor.py:830} INFO - Processing file /home/airflow/.local/lib/python3.12/site-packages/airflow/example_dags/example_latest_only_with_trigger.py for tasks to queue
[2026-06-14T21:31:42.166+0000] {logging_mixin.py:188} INFO - [2026-06-14T21:31:42.166+0000] {dagbag.py:545} INFO - Filling up the DagBag from /home/airflow/.local/lib/python3.12/site-packages/airflow/example_dags/example_latest_only_with_trigger.py
[2026-06-14T21:31:42.175+0000] {processor.py:840} INFO - DAG(s) 'latest_only_with_trigger' retrieved from /home/airflow/.local/lib/python3.12/site-packages/airflow/example_dags/example_latest_only_with_trigger.py
[2026-06-14T21:31:42.210+0000] {logging_mixin.py:188} INFO - [2026-06-14T21:31:42.209+0000] {dag.py:3089} INFO - Sync 1 DAGs
[2026-06-14T21:31:42.243+0000] {logging_mixin.py:188} INFO - [2026-06-14T21:31:42.243+0000] {dag.py:3947} INFO - Setting next_dagrun for latest_only_with_trigger to 2026-06-14 16:00:00+00:00, run_after=2026-06-14 20:00:00+00:00
[2026-06-14T21:31:42.275+0000] {processor.py:183} INFO - Processing /home/airflow/.local/lib/python3.12/site-packages/airflow/example_dags/example_latest_only_with_trigger.py took 0.118 seconds
[2026-06-14T21:32:13.021+0000] {processor.py:161} INFO - Started process (PID=745) to work on /home/airflow/.local/lib/python3.12/site-packages/airflow/example_dags/example_latest_only_with_trigger.py
[2026-06-14T21:32:13.023+0000] {processor.py:830} INFO - Processing file /home/airflow/.local/lib/python3.12/site-packages/airflow/example_dags/example_latest_only_with_trigger.py for tasks to queue
[2026-06-14T21:32:13.024+0000] {logging_mixin.py:188} INFO - [2026-06-14T21:32:13.024+0000] {dagbag.py:545} INFO - Filling up the DagBag from /home/airflow/.local/lib/python3.12/site-packages/airflow/example_dags/example_latest_only_with_trigger.py
[2026-06-14T21:32:13.032+0000] {processor.py:840} INFO - DAG(s) 'latest_only_with_trigger' retrieved from /home/airflow/.local/lib/python3.12/site-packages/airflow/example_dags/example_latest_only_with_trigger.py
[2026-06-14T21:32:13.063+0000] {logging_mixin.py:188} INFO - [2026-06-14T21:32:13.063+0000] {dag.py:3089} INFO - Sync 1 DAGs
[2026-06-14T21:32:13.093+0000] {logging_mixin.py:188} INFO - [2026-06-14T21:32:13.093+0000] {dag.py:3947} INFO - Setting next_dagrun for latest_only_with_trigger to 2026-06-14 16:00:00+00:00, run_after=2026-06-14 20:00:00+00:00
[2026-06-14T21:32:13.170+0000] {processor.py:183} INFO - Processing /home/airflow/.local/lib/python3.12/site-packages/airflow/example_dags/example_latest_only_with_trigger.py took 0.156 seconds
[2026-06-14T21:40:03.566+0000] {processor.py:161} INFO - Started process (PID=102) to work on /home/airflow/.local/lib/python3.12/site-packages/airflow/example_dags/example_latest_only_with_trigger.py
[2026-06-14T21:40:03.568+0000] {processor.py:830} INFO - Processing file /home/airflow/.local/lib/python3.12/site-packages/airflow/example_dags/example_latest_only_with_trigger.py for tasks to queue
[2026-06-14T21:40:03.571+0000] {logging_mixin.py:188} INFO - [2026-06-14T21:40:03.570+0000] {dagbag.py:545} INFO - Filling up the DagBag from /home/airflow/.local/lib/python3.12/site-packages/airflow/example_dags/example_latest_only_with_trigger.py
[2026-06-14T21:40:03.578+0000] {processor.py:840} INFO - DAG(s) 'latest_only_with_trigger' retrieved from /home/airflow/.local/lib/python3.12/site-packages/airflow/example_dags/example_latest_only_with_trigger.py
[2026-06-14T21:40:03.722+0000] {logging_mixin.py:188} INFO - [2026-06-14T21:40:03.721+0000] {dag.py:3089} INFO - Sync 1 DAGs
[2026-06-14T21:40:03.747+0000] {logging_mixin.py:188} INFO - [2026-06-14T21:40:03.747+0000] {dag.py:3947} INFO - Setting next_dagrun for latest_only_with_trigger to 2026-06-14 16:00:00+00:00, run_after=2026-06-14 20:00:00+00:00
[2026-06-14T21:40:03.775+0000] {processor.py:183} INFO - Processing /home/airflow/.local/lib/python3.12/site-packages/airflow/example_dags/example_latest_only_with_trigger.py took 0.218 seconds
[2026-06-14T21:40:34.092+0000] {processor.py:161} INFO - Started process (PID=161) to work on /home/airflow/.local/lib/python3.12/site-packages/airflow/example_dags/example_latest_only_with_trigger.py
[2026-06-14T21:40:34.094+0000] {processor.py:830} INFO - Processing file /home/airflow/.local/lib/python3.12/site-packages/airflow/example_dags/example_latest_only_with_trigger.py for tasks to queue
[2026-06-14T21:40:34.098+0000] {logging_mixin.py:188} INFO - [2026-06-14T21:40:34.097+0000] {dagbag.py:545} INFO - Filling up the DagBag from /home/airflow/.local/lib/python3.12/site-packages/airflow/example_dags/example_latest_only_with_trigger.py
[2026-06-14T21:40:34.111+0000] {processor.py:840} INFO - DAG(s) 'latest_only_with_trigger' retrieved from /home/airflow/.local/lib/python3.12/site-packages/airflow/example_dags/example_latest_only_with_trigger.py
[2026-06-14T21:40:34.154+0000] {logging_mixin.py:188} INFO - [2026-06-14T21:40:34.154+0000] {dag.py:3089} INFO - Sync 1 DAGs
[2026-06-14T21:40:34.199+0000] {logging_mixin.py:188} INFO - [2026-06-14T21:40:34.198+0000] {dag.py:3947} INFO - Setting next_dagrun for latest_only_with_trigger to 2026-06-14 16:00:00+00:00, run_after=2026-06-14 20:00:00+00:00
[2026-06-14T21:40:34.234+0000] {processor.py:183} INFO - Processing /home/airflow/.local/lib/python3.12/site-packages/airflow/example_dags/example_latest_only_with_trigger.py took 0.157 seconds
[2026-06-14T21:41:04.792+0000] {processor.py:161} INFO - Started process (PID=220) to work on /home/airflow/.local/lib/python3.12/site-packages/airflow/example_dags/example_latest_only_with_trigger.py
[2026-06-14T21:41:04.794+0000] {processor.py:830} INFO - Processing file /home/airflow/.local/lib/python3.12/site-packages/airflow/example_dags/example_latest_only_with_trigger.py for tasks to queue
[2026-06-14T21:41:04.799+0000] {logging_mixin.py:188} INFO - [2026-06-14T21:41:04.798+0000] {dagbag.py:545} INFO - Filling up the DagBag from /home/airflow/.local/lib/python3.12/site-packages/airflow/example_dags/example_latest_only_with_trigger.py
[2026-06-14T21:41:04.811+0000] {processor.py:840} INFO - DAG(s) 'latest_only_with_trigger' retrieved from /home/airflow/.local/lib/python3.12/site-packages/airflow/example_dags/example_latest_only_with_trigger.py
[2026-06-14T21:41:04.851+0000] {logging_mixin.py:188} INFO - [2026-06-14T21:41:04.850+0000] {dag.py:3089} INFO - Sync 1 DAGs
[2026-06-14T21:41:04.885+0000] {logging_mixin.py:188} INFO - [2026-06-14T21:41:04.884+0000] {dag.py:3947} INFO - Setting next_dagrun for latest_only_with_trigger to 2026-06-14 16:00:00+00:00, run_after=2026-06-14 20:00:00+00:00
[2026-06-14T21:41:04.911+0000] {processor.py:183} INFO - Processing /home/airflow/.local/lib/python3.12/site-packages/airflow/example_dags/example_latest_only_with_trigger.py took 0.131 seconds
[2026-06-14T21:41:35.499+0000] {processor.py:161} INFO - Started process (PID=279) to work on /home/airflow/.local/lib/python3.12/site-packages/airflow/example_dags/example_latest_only_with_trigger.py
[2026-06-14T21:41:35.502+0000] {processor.py:830} INFO - Processing file /home/airflow/.local/lib/python3.12/site-packages/airflow/example_dags/example_latest_only_with_trigger.py for tasks to queue
[2026-06-14T21:41:35.507+0000] {logging_mixin.py:188} INFO - [2026-06-14T21:41:35.506+0000] {dagbag.py:545} INFO - Filling up the DagBag from /home/airflow/.local/lib/python3.12/site-packages/airflow/example_dags/example_latest_only_with_trigger.py
[2026-06-14T21:41:35.519+0000] {processor.py:840} INFO - DAG(s) 'latest_only_with_trigger' retrieved from /home/airflow/.local/lib/python3.12/site-packages/airflow/example_dags/example_latest_only_with_trigger.py
[2026-06-14T21:41:35.566+0000] {logging_mixin.py:188} INFO - [2026-06-14T21:41:35.565+0000] {dag.py:3089} INFO - Sync 1 DAGs
[2026-06-14T21:41:35.600+0000] {logging_mixin.py:188} INFO - [2026-06-14T21:41:35.600+0000] {dag.py:3947} INFO - Setting next_dagrun for latest_only_with_trigger to 2026-06-14 16:00:00+00:00, run_after=2026-06-14 20:00:00+00:00
[2026-06-14T21:41:35.629+0000] {processor.py:183} INFO - Processing /home/airflow/.local/lib/python3.12/site-packages/airflow/example_dags/example_latest_only_with_trigger.py took 0.143 seconds
[2026-06-14T21:42:06.262+0000] {processor.py:161} INFO - Started process (PID=338) to work on /home/airflow/.local/lib/python3.12/site-packages/airflow/example_dags/example_latest_only_with_trigger.py
[2026-06-14T21:42:06.264+0000] {processor.py:830} INFO - Processing file /home/airflow/.local/lib/python3.12/site-packages/airflow/example_dags/example_latest_only_with_trigger.py for tasks to queue
[2026-06-14T21:42:06.267+0000] {logging_mixin.py:188} INFO - [2026-06-14T21:42:06.266+0000] {dagbag.py:545} INFO - Filling up the DagBag from /home/airflow/.local/lib/python3.12/site-packages/airflow/example_dags/example_latest_only_with_trigger.py
[2026-06-14T21:42:06.277+0000] {processor.py:840} INFO - DAG(s) 'latest_only_with_trigger' retrieved from /home/airflow/.local/lib/python3.12/site-packages/airflow/example_dags/example_latest_only_with_trigger.py
[2026-06-14T21:42:06.322+0000] {logging_mixin.py:188} INFO - [2026-06-14T21:42:06.322+0000] {dag.py:3089} INFO - Sync 1 DAGs
[2026-06-14T21:42:06.358+0000] {logging_mixin.py:188} INFO - [2026-06-14T21:42:06.357+0000] {dag.py:3947} INFO - Setting next_dagrun for latest_only_with_trigger to 2026-06-14 16:00:00+00:00, run_after=2026-06-14 20:00:00+00:00
[2026-06-14T21:42:06.385+0000] {processor.py:183} INFO - Processing /home/airflow/.local/lib/python3.12/site-packages/airflow/example_dags/example_latest_only_with_trigger.py took 0.135 seconds
[2026-06-14T21:42:36.848+0000] {processor.py:161} INFO - Started process (PID=397) to work on /home/airflow/.local/lib/python3.12/site-packages/airflow/example_dags/example_latest_only_with_trigger.py
[2026-06-14T21:42:36.850+0000] {processor.py:830} INFO - Processing file /home/airflow/.local/lib/python3.12/site-packages/airflow/example_dags/example_latest_only_with_trigger.py for tasks to queue
[2026-06-14T21:42:36.853+0000] {logging_mixin.py:188} INFO - [2026-06-14T21:42:36.852+0000] {dagbag.py:545} INFO - Filling up the DagBag from /home/airflow/.local/lib/python3.12/site-packages/airflow/example_dags/example_latest_only_with_trigger.py
[2026-06-14T21:42:36.862+0000] {processor.py:840} INFO - DAG(s) 'latest_only_with_trigger' retrieved from /home/airflow/.local/lib/python3.12/site-packages/airflow/example_dags/example_latest_only_with_trigger.py
[2026-06-14T21:42:36.899+0000] {logging_mixin.py:188} INFO - [2026-06-14T21:42:36.898+0000] {dag.py:3089} INFO - Sync 1 DAGs
[2026-06-14T21:42:36.929+0000] {logging_mixin.py:188} INFO - [2026-06-14T21:42:36.929+0000] {dag.py:3947} INFO - Setting next_dagrun for latest_only_with_trigger to 2026-06-14 16:00:00+00:00, run_after=2026-06-14 20:00:00+00:00
[2026-06-14T21:42:36.954+0000] {processor.py:183} INFO - Processing /home/airflow/.local/lib/python3.12/site-packages/airflow/example_dags/example_latest_only_with_trigger.py took 0.117 seconds
[2026-06-14T21:43:07.502+0000] {processor.py:161} INFO - Started process (PID=456) to work on /home/airflow/.local/lib/python3.12/site-packages/airflow/example_dags/example_latest_only_with_trigger.py
[2026-06-14T21:43:07.503+0000] {processor.py:830} INFO - Processing file /home/airflow/.local/lib/python3.12/site-packages/airflow/example_dags/example_latest_only_with_trigger.py for tasks to queue
[2026-06-14T21:43:07.506+0000] {logging_mixin.py:188} INFO - [2026-06-14T21:43:07.506+0000] {dagbag.py:545} INFO - Filling up the DagBag from /home/airflow/.local/lib/python3.12/site-packages/airflow/example_dags/example_latest_only_with_trigger.py
[2026-06-14T21:43:07.515+0000] {processor.py:840} INFO - DAG(s) 'latest_only_with_trigger' retrieved from /home/airflow/.local/lib/python3.12/site-packages/airflow/example_dags/example_latest_only_with_trigger.py
[2026-06-14T21:43:07.550+0000] {logging_mixin.py:188} INFO - [2026-06-14T21:43:07.550+0000] {dag.py:3089} INFO - Sync 1 DAGs
[2026-06-14T21:43:07.591+0000] {logging_mixin.py:188} INFO - [2026-06-14T21:43:07.591+0000] {dag.py:3947} INFO - Setting next_dagrun for latest_only_with_trigger to 2026-06-14 16:00:00+00:00, run_after=2026-06-14 20:00:00+00:00
[2026-06-14T21:43:07.620+0000] {processor.py:183} INFO - Processing /home/airflow/.local/lib/python3.12/site-packages/airflow/example_dags/example_latest_only_with_trigger.py took 0.130 seconds
[2026-06-14T21:43:38.454+0000] {processor.py:161} INFO - Started process (PID=515) to work on /home/airflow/.local/lib/python3.12/site-packages/airflow/example_dags/example_latest_only_with_trigger.py
[2026-06-14T21:43:38.456+0000] {processor.py:830} INFO - Processing file /home/airflow/.local/lib/python3.12/site-packages/airflow/example_dags/example_latest_only_with_trigger.py for tasks to queue
[2026-06-14T21:43:38.459+0000] {logging_mixin.py:188} INFO - [2026-06-14T21:43:38.458+0000] {dagbag.py:545} INFO - Filling up the DagBag from /home/airflow/.local/lib/python3.12/site-packages/airflow/example_dags/example_latest_only_with_trigger.py
[2026-06-14T21:43:38.468+0000] {processor.py:840} INFO - DAG(s) 'latest_only_with_trigger' retrieved from /home/airflow/.local/lib/python3.12/site-packages/airflow/example_dags/example_latest_only_with_trigger.py
[2026-06-14T21:43:38.506+0000] {logging_mixin.py:188} INFO - [2026-06-14T21:43:38.505+0000] {dag.py:3089} INFO - Sync 1 DAGs
[2026-06-14T21:43:38.543+0000] {logging_mixin.py:188} INFO - [2026-06-14T21:43:38.543+0000] {dag.py:3947} INFO - Setting next_dagrun for latest_only_with_trigger to 2026-06-14 16:00:00+00:00, run_after=2026-06-14 20:00:00+00:00
[2026-06-14T21:43:38.575+0000] {processor.py:183} INFO - Processing /home/airflow/.local/lib/python3.12/site-packages/airflow/example_dags/example_latest_only_with_trigger.py took 0.132 seconds
[2026-06-14T21:44:09.031+0000] {processor.py:161} INFO - Started process (PID=574) to work on /home/airflow/.local/lib/python3.12/site-packages/airflow/example_dags/example_latest_only_with_trigger.py
[2026-06-14T21:44:09.033+0000] {processor.py:830} INFO - Processing file /home/airflow/.local/lib/python3.12/site-packages/airflow/example_dags/example_latest_only_with_trigger.py for tasks to queue
[2026-06-14T21:44:09.037+0000] {logging_mixin.py:188} INFO - [2026-06-14T21:44:09.036+0000] {dagbag.py:545} INFO - Filling up the DagBag from /home/airflow/.local/lib/python3.12/site-packages/airflow/example_dags/example_latest_only_with_trigger.py
[2026-06-14T21:44:09.044+0000] {processor.py:840} INFO - DAG(s) 'latest_only_with_trigger' retrieved from /home/airflow/.local/lib/python3.12/site-packages/airflow/example_dags/example_latest_only_with_trigger.py
[2026-06-14T21:44:09.076+0000] {logging_mixin.py:188} INFO - [2026-06-14T21:44:09.076+0000] {dag.py:3089} INFO - Sync 1 DAGs
[2026-06-14T21:44:09.106+0000] {logging_mixin.py:188} INFO - [2026-06-14T21:44:09.106+0000] {dag.py:3947} INFO - Setting next_dagrun for latest_only_with_trigger to 2026-06-14 16:00:00+00:00, run_after=2026-06-14 20:00:00+00:00
[2026-06-14T21:44:09.133+0000] {processor.py:183} INFO - Processing /home/airflow/.local/lib/python3.12/site-packages/airflow/example_dags/example_latest_only_with_trigger.py took 0.110 seconds
[2026-06-14T21:44:39.889+0000] {processor.py:161} INFO - Started process (PID=633) to work on /home/airflow/.local/lib/python3.12/site-packages/airflow/example_dags/example_latest_only_with_trigger.py
[2026-06-14T21:44:39.891+0000] {processor.py:830} INFO - Processing file /home/airflow/.local/lib/python3.12/site-packages/airflow/example_dags/example_latest_only_with_trigger.py for tasks to queue
[2026-06-14T21:44:39.895+0000] {logging_mixin.py:188} INFO - [2026-06-14T21:44:39.895+0000] {dagbag.py:545} INFO - Filling up the DagBag from /home/airflow/.local/lib/python3.12/site-packages/airflow/example_dags/example_latest_only_with_trigger.py
[2026-06-14T21:44:39.904+0000] {processor.py:840} INFO - DAG(s) 'latest_only_with_trigger' retrieved from /home/airflow/.local/lib/python3.12/site-packages/airflow/example_dags/example_latest_only_with_trigger.py
[2026-06-14T21:44:39.938+0000] {logging_mixin.py:188} INFO - [2026-06-14T21:44:39.938+0000] {dag.py:3089} INFO - Sync 1 DAGs
[2026-06-14T21:44:39.974+0000] {logging_mixin.py:188} INFO - [2026-06-14T21:44:39.973+0000] {dag.py:3947} INFO - Setting next_dagrun for latest_only_with_trigger to 2026-06-14 16:00:00+00:00, run_after=2026-06-14 20:00:00+00:00
[2026-06-14T21:44:40.003+0000] {processor.py:183} INFO - Processing /home/airflow/.local/lib/python3.12/site-packages/airflow/example_dags/example_latest_only_with_trigger.py took 0.128 seconds
[2026-06-14T21:45:10.130+0000] {processor.py:161} INFO - Started process (PID=692) to work on /home/airflow/.local/lib/python3.12/site-packages/airflow/example_dags/example_latest_only_with_trigger.py
[2026-06-14T21:45:10.131+0000] {processor.py:830} INFO - Processing file /home/airflow/.local/lib/python3.12/site-packages/airflow/example_dags/example_latest_only_with_trigger.py for tasks to queue
[2026-06-14T21:45:10.134+0000] {logging_mixin.py:188} INFO - [2026-06-14T21:45:10.134+0000] {dagbag.py:545} INFO - Filling up the DagBag from /home/airflow/.local/lib/python3.12/site-packages/airflow/example_dags/example_latest_only_with_trigger.py
[2026-06-14T21:45:10.142+0000] {processor.py:840} INFO - DAG(s) 'latest_only_with_trigger' retrieved from /home/airflow/.local/lib/python3.12/site-packages/airflow/example_dags/example_latest_only_with_trigger.py
[2026-06-14T21:45:10.171+0000] {logging_mixin.py:188} INFO - [2026-06-14T21:45:10.170+0000] {dag.py:3089} INFO - Sync 1 DAGs
[2026-06-14T21:45:10.206+0000] {logging_mixin.py:188} INFO - [2026-06-14T21:45:10.205+0000] {dag.py:3947} INFO - Setting next_dagrun for latest_only_with_trigger to 2026-06-14 16:00:00+00:00, run_after=2026-06-14 20:00:00+00:00
[2026-06-14T21:45:10.236+0000] {processor.py:183} INFO - Processing /home/airflow/.local/lib/python3.12/site-packages/airflow/example_dags/example_latest_only_with_trigger.py took 0.115 seconds
[2026-06-14T21:45:40.606+0000] {processor.py:161} INFO - Started process (PID=751) to work on /home/airflow/.local/lib/python3.12/site-packages/airflow/example_dags/example_latest_only_with_trigger.py
[2026-06-14T21:45:40.608+0000] {processor.py:830} INFO - Processing file /home/airflow/.local/lib/python3.12/site-packages/airflow/example_dags/example_latest_only_with_trigger.py for tasks to queue
[2026-06-14T21:45:40.611+0000] {logging_mixin.py:188} INFO - [2026-06-14T21:45:40.611+0000] {dagbag.py:545} INFO - Filling up the DagBag from /home/airflow/.local/lib/python3.12/site-packages/airflow/example_dags/example_latest_only_with_trigger.py
[2026-06-14T21:45:40.621+0000] {processor.py:840} INFO - DAG(s) 'latest_only_with_trigger' retrieved from /home/airflow/.local/lib/python3.12/site-packages/airflow/example_dags/example_latest_only_with_trigger.py
[2026-06-14T21:45:40.678+0000] {logging_mixin.py:188} INFO - [2026-06-14T21:45:40.677+0000] {dag.py:3089} INFO - Sync 1 DAGs
[2026-06-14T21:45:40.734+0000] {logging_mixin.py:188} INFO - [2026-06-14T21:45:40.733+0000] {dag.py:3947} INFO - Setting next_dagrun for latest_only_with_trigger to 2026-06-14 16:00:00+00:00, run_after=2026-06-14 20:00:00+00:00
[2026-06-14T21:45:40.802+0000] {processor.py:183} INFO - Processing /home/airflow/.local/lib/python3.12/site-packages/airflow/example_dags/example_latest_only_with_trigger.py took 0.208 seconds
[2026-06-14T21:46:12.306+0000] {processor.py:161} INFO - Started process (PID=810) to work on /home/airflow/.local/lib/python3.12/site-packages/airflow/example_dags/example_latest_only_with_trigger.py
[2026-06-14T21:46:12.308+0000] {processor.py:830} INFO - Processing file /home/airflow/.local/lib/python3.12/site-packages/airflow/example_dags/example_latest_only_with_trigger.py for tasks to queue
[2026-06-14T21:46:12.311+0000] {logging_mixin.py:188} INFO - [2026-06-14T21:46:12.311+0000] {dagbag.py:545} INFO - Filling up the DagBag from /home/airflow/.local/lib/python3.12/site-packages/airflow/example_dags/example_latest_only_with_trigger.py
[2026-06-14T21:46:12.320+0000] {processor.py:840} INFO - DAG(s) 'latest_only_with_trigger' retrieved from /home/airflow/.local/lib/python3.12/site-packages/airflow/example_dags/example_latest_only_with_trigger.py
[2026-06-14T21:46:12.354+0000] {logging_mixin.py:188} INFO - [2026-06-14T21:46:12.354+0000] {dag.py:3089} INFO - Sync 1 DAGs
[2026-06-14T21:46:12.398+0000] {logging_mixin.py:188} INFO - [2026-06-14T21:46:12.397+0000] {dag.py:3947} INFO - Setting next_dagrun for latest_only_with_trigger to 2026-06-14 16:00:00+00:00, run_after=2026-06-14 20:00:00+00:00
[2026-06-14T21:46:12.433+0000] {processor.py:183} INFO - Processing /home/airflow/.local/lib/python3.12/site-packages/airflow/example_dags/example_latest_only_with_trigger.py took 0.137 seconds
[2026-06-14T21:46:43.277+0000] {processor.py:161} INFO - Started process (PID=869) to work on /home/airflow/.local/lib/python3.12/site-packages/airflow/example_dags/example_latest_only_with_trigger.py
[2026-06-14T21:46:43.280+0000] {processor.py:830} INFO - Processing file /home/airflow/.local/lib/python3.12/site-packages/airflow/example_dags/example_latest_only_with_trigger.py for tasks to queue
[2026-06-14T21:46:43.288+0000] {logging_mixin.py:188} INFO - [2026-06-14T21:46:43.287+0000] {dagbag.py:545} INFO - Filling up the DagBag from /home/airflow/.local/lib/python3.12/site-packages/airflow/example_dags/example_latest_only_with_trigger.py
[2026-06-14T21:46:43.302+0000] {processor.py:840} INFO - DAG(s) 'latest_only_with_trigger' retrieved from /home/airflow/.local/lib/python3.12/site-packages/airflow/example_dags/example_latest_only_with_trigger.py
[2026-06-14T21:46:43.354+0000] {logging_mixin.py:188} INFO - [2026-06-14T21:46:43.353+0000] {dag.py:3089} INFO - Sync 1 DAGs
[2026-06-14T21:46:43.398+0000] {logging_mixin.py:188} INFO - [2026-06-14T21:46:43.398+0000] {dag.py:3947} INFO - Setting next_dagrun for latest_only_with_trigger to 2026-06-14 16:00:00+00:00, run_after=2026-06-14 20:00:00+00:00
[2026-06-14T21:46:43.438+0000] {processor.py:183} INFO - Processing /home/airflow/.local/lib/python3.12/site-packages/airflow/example_dags/example_latest_only_with_trigger.py took 0.173 seconds
[2026-06-14T21:47:15.785+0000] {processor.py:161} INFO - Started process (PID=928) to work on /home/airflow/.local/lib/python3.12/site-packages/airflow/example_dags/example_latest_only_with_trigger.py
[2026-06-14T21:47:15.787+0000] {processor.py:830} INFO - Processing file /home/airflow/.local/lib/python3.12/site-packages/airflow/example_dags/example_latest_only_with_trigger.py for tasks to queue
[2026-06-14T21:47:15.791+0000] {logging_mixin.py:188} INFO - [2026-06-14T21:47:15.790+0000] {dagbag.py:545} INFO - Filling up the DagBag from /home/airflow/.local/lib/python3.12/site-packages/airflow/example_dags/example_latest_only_with_trigger.py
[2026-06-14T21:47:15.807+0000] {processor.py:840} INFO - DAG(s) 'latest_only_with_trigger' retrieved from /home/airflow/.local/lib/python3.12/site-packages/airflow/example_dags/example_latest_only_with_trigger.py
[2026-06-14T21:47:15.896+0000] {logging_mixin.py:188} INFO - [2026-06-14T21:47:15.895+0000] {dag.py:3089} INFO - Sync 1 DAGs
[2026-06-14T21:47:16.008+0000] {logging_mixin.py:188} INFO - [2026-06-14T21:47:16.008+0000] {dag.py:3947} INFO - Setting next_dagrun for latest_only_with_trigger to 2026-06-14 16:00:00+00:00, run_after=2026-06-14 20:00:00+00:00
[2026-06-14T21:47:16.071+0000] {processor.py:183} INFO - Processing /home/airflow/.local/lib/python3.12/site-packages/airflow/example_dags/example_latest_only_with_trigger.py took 0.300 seconds
[2026-06-14T21:47:46.558+0000] {processor.py:161} INFO - Started process (PID=992) to work on /home/airflow/.local/lib/python3.12/site-packages/airflow/example_dags/example_latest_only_with_trigger.py
[2026-06-14T21:47:46.560+0000] {processor.py:830} INFO - Processing file /home/airflow/.local/lib/python3.12/site-packages/airflow/example_dags/example_latest_only_with_trigger.py for tasks to queue
[2026-06-14T21:47:46.562+0000] {logging_mixin.py:188} INFO - [2026-06-14T21:47:46.562+0000] {dagbag.py:545} INFO - Filling up the DagBag from /home/airflow/.local/lib/python3.12/site-packages/airflow/example_dags/example_latest_only_with_trigger.py
[2026-06-14T21:47:46.569+0000] {processor.py:840} INFO - DAG(s) 'latest_only_with_trigger' retrieved from /home/airflow/.local/lib/python3.12/site-packages/airflow/example_dags/example_latest_only_with_trigger.py
[2026-06-14T21:47:46.603+0000] {logging_mixin.py:188} INFO - [2026-06-14T21:47:46.603+0000] {dag.py:3089} INFO - Sync 1 DAGs
[2026-06-14T21:47:46.637+0000] {logging_mixin.py:188} INFO - [2026-06-14T21:47:46.637+0000] {dag.py:3947} INFO - Setting next_dagrun for latest_only_with_trigger to 2026-06-14 16:00:00+00:00, run_after=2026-06-14 20:00:00+00:00
[2026-06-14T21:47:46.664+0000] {processor.py:183} INFO - Processing /home/airflow/.local/lib/python3.12/site-packages/airflow/example_dags/example_latest_only_with_trigger.py took 0.114 seconds
[2026-06-14T21:48:17.330+0000] {processor.py:161} INFO - Started process (PID=1051) to work on /home/airflow/.local/lib/python3.12/site-packages/airflow/example_dags/example_latest_only_with_trigger.py
[2026-06-14T21:48:17.331+0000] {processor.py:830} INFO - Processing file /home/airflow/.local/lib/python3.12/site-packages/airflow/example_dags/example_latest_only_with_trigger.py for tasks to queue
[2026-06-14T21:48:17.334+0000] {logging_mixin.py:188} INFO - [2026-06-14T21:48:17.333+0000] {dagbag.py:545} INFO - Filling up the DagBag from /home/airflow/.local/lib/python3.12/site-packages/airflow/example_dags/example_latest_only_with_trigger.py
[2026-06-14T21:48:17.343+0000] {processor.py:840} INFO - DAG(s) 'latest_only_with_trigger' retrieved from /home/airflow/.local/lib/python3.12/site-packages/airflow/example_dags/example_latest_only_with_trigger.py
[2026-06-14T21:48:17.371+0000] {logging_mixin.py:188} INFO - [2026-06-14T21:48:17.371+0000] {dag.py:3089} INFO - Sync 1 DAGs
[2026-06-14T21:48:17.396+0000] {logging_mixin.py:188} INFO - [2026-06-14T21:48:17.396+0000] {dag.py:3947} INFO - Setting next_dagrun for latest_only_with_trigger to 2026-06-14 16:00:00+00:00, run_after=2026-06-14 20:00:00+00:00
[2026-06-14T21:48:17.461+0000] {processor.py:183} INFO - Processing /home/airflow/.local/lib/python3.12/site-packages/airflow/example_dags/example_latest_only_with_trigger.py took 0.137 seconds
[2026-06-14T21:48:48.271+0000] {processor.py:161} INFO - Started process (PID=1109) to work on /home/airflow/.local/lib/python3.12/site-packages/airflow/example_dags/example_latest_only_with_trigger.py
[2026-06-14T21:48:48.272+0000] {processor.py:830} INFO - Processing file /home/airflow/.local/lib/python3.12/site-packages/airflow/example_dags/example_latest_only_with_trigger.py for tasks to queue
[2026-06-14T21:48:48.276+0000] {logging_mixin.py:188} INFO - [2026-06-14T21:48:48.275+0000] {dagbag.py:545} INFO - Filling up the DagBag from /home/airflow/.local/lib/python3.12/site-packages/airflow/example_dags/example_latest_only_with_trigger.py
[2026-06-14T21:48:48.286+0000] {processor.py:840} INFO - DAG(s) 'latest_only_with_trigger' retrieved from /home/airflow/.local/lib/python3.12/site-packages/airflow/example_dags/example_latest_only_with_trigger.py
[2026-06-14T21:48:48.314+0000] {logging_mixin.py:188} INFO - [2026-06-14T21:48:48.314+0000] {dag.py:3089} INFO - Sync 1 DAGs
[2026-06-14T21:48:48.343+0000] {logging_mixin.py:188} INFO - [2026-06-14T21:48:48.343+0000] {dag.py:3947} INFO - Setting next_dagrun for latest_only_with_trigger to 2026-06-14 16:00:00+00:00, run_after=2026-06-14 20:00:00+00:00
[2026-06-14T21:48:48.373+0000] {processor.py:183} INFO - Processing /home/airflow/.local/lib/python3.12/site-packages/airflow/example_dags/example_latest_only_with_trigger.py took 0.112 seconds
[2026-06-14T21:49:18.734+0000] {processor.py:161} INFO - Started process (PID=1168) to work on /home/airflow/.local/lib/python3.12/site-packages/airflow/example_dags/example_latest_only_with_trigger.py
[2026-06-14T21:49:18.735+0000] {processor.py:830} INFO - Processing file /home/airflow/.local/lib/python3.12/site-packages/airflow/example_dags/example_latest_only_with_trigger.py for tasks to queue
[2026-06-14T21:49:18.738+0000] {logging_mixin.py:188} INFO - [2026-06-14T21:49:18.738+0000] {dagbag.py:545} INFO - Filling up the DagBag from /home/airflow/.local/lib/python3.12/site-packages/airflow/example_dags/example_latest_only_with_trigger.py
[2026-06-14T21:49:18.746+0000] {processor.py:840} INFO - DAG(s) 'latest_only_with_trigger' retrieved from /home/airflow/.local/lib/python3.12/site-packages/airflow/example_dags/example_latest_only_with_trigger.py
[2026-06-14T21:49:18.775+0000] {logging_mixin.py:188} INFO - [2026-06-14T21:49:18.775+0000] {dag.py:3089} INFO - Sync 1 DAGs
[2026-06-14T21:49:18.806+0000] {logging_mixin.py:188} INFO - [2026-06-14T21:49:18.806+0000] {dag.py:3947} INFO - Setting next_dagrun for latest_only_with_trigger to 2026-06-14 16:00:00+00:00, run_after=2026-06-14 20:00:00+00:00
[2026-06-14T21:49:18.840+0000] {processor.py:183} INFO - Processing /home/airflow/.local/lib/python3.12/site-packages/airflow/example_dags/example_latest_only_with_trigger.py took 0.113 seconds
