[2026-06-14T21:26:32.640+0000] {processor.py:161} INFO - Started process (PID=89) to work on /home/airflow/.local/lib/python3.12/site-packages/airflow/example_dags/example_branch_day_of_week_operator.py
[2026-06-14T21:26:32.642+0000] {processor.py:830} INFO - Processing file /home/airflow/.local/lib/python3.12/site-packages/airflow/example_dags/example_branch_day_of_week_operator.py for tasks to queue
[2026-06-14T21:26:32.645+0000] {logging_mixin.py:188} INFO - [2026-06-14T21:26:32.645+0000] {dagbag.py:545} INFO - Filling up the DagBag from /home/airflow/.local/lib/python3.12/site-packages/airflow/example_dags/example_branch_day_of_week_operator.py
[2026-06-14T21:26:32.666+0000] {processor.py:840} INFO - DAG(s) 'example_weekday_branch_operator' retrieved from /home/airflow/.local/lib/python3.12/site-packages/airflow/example_dags/example_branch_day_of_week_operator.py
[2026-06-14T21:26:32.836+0000] {logging_mixin.py:188} INFO - [2026-06-14T21:26:32.835+0000] {override.py:1858} INFO - Created Permission View: can delete on DAG:example_weekday_branch_operator
[2026-06-14T21:26:32.855+0000] {logging_mixin.py:188} INFO - [2026-06-14T21:26:32.854+0000] {override.py:1858} INFO - Created Permission View: can edit on DAG:example_weekday_branch_operator
[2026-06-14T21:26:32.867+0000] {logging_mixin.py:188} INFO - [2026-06-14T21:26:32.866+0000] {override.py:1858} INFO - Created Permission View: can read on DAG:example_weekday_branch_operator
[2026-06-14T21:26:32.868+0000] {logging_mixin.py:188} INFO - [2026-06-14T21:26:32.867+0000] {dag.py:3089} INFO - Sync 1 DAGs
[2026-06-14T21:26:32.884+0000] {logging_mixin.py:188} INFO - [2026-06-14T21:26:32.883+0000] {dag.py:3111} INFO - Creating ORM DAG for example_weekday_branch_operator
[2026-06-14T21:26:32.904+0000] {logging_mixin.py:188} INFO - [2026-06-14T21:26:32.904+0000] {dag.py:3947} INFO - Setting next_dagrun for example_weekday_branch_operator to 2026-06-13 00:00:00+00:00, run_after=2026-06-14 00:00:00+00:00
[2026-06-14T21:26:32.934+0000] {processor.py:183} INFO - Processing /home/airflow/.local/lib/python3.12/site-packages/airflow/example_dags/example_branch_day_of_week_operator.py took 0.303 seconds
[2026-06-14T21:27:03.494+0000] {processor.py:161} INFO - Started process (PID=147) to work on /home/airflow/.local/lib/python3.12/site-packages/airflow/example_dags/example_branch_day_of_week_operator.py
[2026-06-14T21:27:03.496+0000] {processor.py:830} INFO - Processing file /home/airflow/.local/lib/python3.12/site-packages/airflow/example_dags/example_branch_day_of_week_operator.py for tasks to queue
[2026-06-14T21:27:03.498+0000] {logging_mixin.py:188} INFO - [2026-06-14T21:27:03.498+0000] {dagbag.py:545} INFO - Filling up the DagBag from /home/airflow/.local/lib/python3.12/site-packages/airflow/example_dags/example_branch_day_of_week_operator.py
[2026-06-14T21:27:03.509+0000] {processor.py:840} INFO - DAG(s) 'example_weekday_branch_operator' retrieved from /home/airflow/.local/lib/python3.12/site-packages/airflow/example_dags/example_branch_day_of_week_operator.py
[2026-06-14T21:27:03.535+0000] {logging_mixin.py:188} INFO - [2026-06-14T21:27:03.535+0000] {dag.py:3089} INFO - Sync 1 DAGs
[2026-06-14T21:27:03.568+0000] {logging_mixin.py:188} INFO - [2026-06-14T21:27:03.567+0000] {dag.py:3947} INFO - Setting next_dagrun for example_weekday_branch_operator to 2026-06-13 00:00:00+00:00, run_after=2026-06-14 00:00:00+00:00
[2026-06-14T21:27:03.637+0000] {processor.py:183} INFO - Processing /home/airflow/.local/lib/python3.12/site-packages/airflow/example_dags/example_branch_day_of_week_operator.py took 0.152 seconds
[2026-06-14T21:27:33.974+0000] {processor.py:161} INFO - Started process (PID=206) to work on /home/airflow/.local/lib/python3.12/site-packages/airflow/example_dags/example_branch_day_of_week_operator.py
[2026-06-14T21:27:33.976+0000] {processor.py:830} INFO - Processing file /home/airflow/.local/lib/python3.12/site-packages/airflow/example_dags/example_branch_day_of_week_operator.py for tasks to queue
[2026-06-14T21:27:33.980+0000] {logging_mixin.py:188} INFO - [2026-06-14T21:27:33.979+0000] {dagbag.py:545} INFO - Filling up the DagBag from /home/airflow/.local/lib/python3.12/site-packages/airflow/example_dags/example_branch_day_of_week_operator.py
[2026-06-14T21:27:33.995+0000] {processor.py:840} INFO - DAG(s) 'example_weekday_branch_operator' retrieved from /home/airflow/.local/lib/python3.12/site-packages/airflow/example_dags/example_branch_day_of_week_operator.py
[2026-06-14T21:27:34.038+0000] {logging_mixin.py:188} INFO - [2026-06-14T21:27:34.037+0000] {dag.py:3089} INFO - Sync 1 DAGs
[2026-06-14T21:27:34.075+0000] {logging_mixin.py:188} INFO - [2026-06-14T21:27:34.075+0000] {dag.py:3947} INFO - Setting next_dagrun for example_weekday_branch_operator to 2026-06-13 00:00:00+00:00, run_after=2026-06-14 00:00:00+00:00
[2026-06-14T21:27:34.107+0000] {processor.py:183} INFO - Processing /home/airflow/.local/lib/python3.12/site-packages/airflow/example_dags/example_branch_day_of_week_operator.py took 0.146 seconds
[2026-06-14T21:28:05.039+0000] {processor.py:161} INFO - Started process (PID=266) to work on /home/airflow/.local/lib/python3.12/site-packages/airflow/example_dags/example_branch_day_of_week_operator.py
[2026-06-14T21:28:05.040+0000] {processor.py:830} INFO - Processing file /home/airflow/.local/lib/python3.12/site-packages/airflow/example_dags/example_branch_day_of_week_operator.py for tasks to queue
[2026-06-14T21:28:05.042+0000] {logging_mixin.py:188} INFO - [2026-06-14T21:28:05.042+0000] {dagbag.py:545} INFO - Filling up the DagBag from /home/airflow/.local/lib/python3.12/site-packages/airflow/example_dags/example_branch_day_of_week_operator.py
[2026-06-14T21:28:05.050+0000] {processor.py:840} INFO - DAG(s) 'example_weekday_branch_operator' retrieved from /home/airflow/.local/lib/python3.12/site-packages/airflow/example_dags/example_branch_day_of_week_operator.py
[2026-06-14T21:28:05.074+0000] {logging_mixin.py:188} INFO - [2026-06-14T21:28:05.074+0000] {dag.py:3089} INFO - Sync 1 DAGs
[2026-06-14T21:28:05.107+0000] {logging_mixin.py:188} INFO - [2026-06-14T21:28:05.107+0000] {dag.py:3947} INFO - Setting next_dagrun for example_weekday_branch_operator to 2026-06-13 00:00:00+00:00, run_after=2026-06-14 00:00:00+00:00
[2026-06-14T21:28:05.139+0000] {processor.py:183} INFO - Processing /home/airflow/.local/lib/python3.12/site-packages/airflow/example_dags/example_branch_day_of_week_operator.py took 0.108 seconds
[2026-06-14T21:28:35.372+0000] {processor.py:161} INFO - Started process (PID=325) to work on /home/airflow/.local/lib/python3.12/site-packages/airflow/example_dags/example_branch_day_of_week_operator.py
[2026-06-14T21:28:35.374+0000] {processor.py:830} INFO - Processing file /home/airflow/.local/lib/python3.12/site-packages/airflow/example_dags/example_branch_day_of_week_operator.py for tasks to queue
[2026-06-14T21:28:35.378+0000] {logging_mixin.py:188} INFO - [2026-06-14T21:28:35.378+0000] {dagbag.py:545} INFO - Filling up the DagBag from /home/airflow/.local/lib/python3.12/site-packages/airflow/example_dags/example_branch_day_of_week_operator.py
[2026-06-14T21:28:35.393+0000] {processor.py:840} INFO - DAG(s) 'example_weekday_branch_operator' retrieved from /home/airflow/.local/lib/python3.12/site-packages/airflow/example_dags/example_branch_day_of_week_operator.py
[2026-06-14T21:28:35.435+0000] {logging_mixin.py:188} INFO - [2026-06-14T21:28:35.434+0000] {dag.py:3089} INFO - Sync 1 DAGs
[2026-06-14T21:28:35.477+0000] {logging_mixin.py:188} INFO - [2026-06-14T21:28:35.477+0000] {dag.py:3947} INFO - Setting next_dagrun for example_weekday_branch_operator to 2026-06-13 00:00:00+00:00, run_after=2026-06-14 00:00:00+00:00
[2026-06-14T21:28:35.506+0000] {processor.py:183} INFO - Processing /home/airflow/.local/lib/python3.12/site-packages/airflow/example_dags/example_branch_day_of_week_operator.py took 0.146 seconds
[2026-06-14T21:29:06.245+0000] {processor.py:161} INFO - Started process (PID=384) to work on /home/airflow/.local/lib/python3.12/site-packages/airflow/example_dags/example_branch_day_of_week_operator.py
[2026-06-14T21:29:06.246+0000] {processor.py:830} INFO - Processing file /home/airflow/.local/lib/python3.12/site-packages/airflow/example_dags/example_branch_day_of_week_operator.py for tasks to queue
[2026-06-14T21:29:06.251+0000] {logging_mixin.py:188} INFO - [2026-06-14T21:29:06.250+0000] {dagbag.py:545} INFO - Filling up the DagBag from /home/airflow/.local/lib/python3.12/site-packages/airflow/example_dags/example_branch_day_of_week_operator.py
[2026-06-14T21:29:06.268+0000] {processor.py:840} INFO - DAG(s) 'example_weekday_branch_operator' retrieved from /home/airflow/.local/lib/python3.12/site-packages/airflow/example_dags/example_branch_day_of_week_operator.py
[2026-06-14T21:29:06.316+0000] {logging_mixin.py:188} INFO - [2026-06-14T21:29:06.316+0000] {dag.py:3089} INFO - Sync 1 DAGs
[2026-06-14T21:29:06.366+0000] {logging_mixin.py:188} INFO - [2026-06-14T21:29:06.366+0000] {dag.py:3947} INFO - Setting next_dagrun for example_weekday_branch_operator to 2026-06-13 00:00:00+00:00, run_after=2026-06-14 00:00:00+00:00
[2026-06-14T21:29:06.410+0000] {processor.py:183} INFO - Processing /home/airflow/.local/lib/python3.12/site-packages/airflow/example_dags/example_branch_day_of_week_operator.py took 0.181 seconds
[2026-06-14T21:29:36.598+0000] {processor.py:161} INFO - Started process (PID=443) to work on /home/airflow/.local/lib/python3.12/site-packages/airflow/example_dags/example_branch_day_of_week_operator.py
[2026-06-14T21:29:36.600+0000] {processor.py:830} INFO - Processing file /home/airflow/.local/lib/python3.12/site-packages/airflow/example_dags/example_branch_day_of_week_operator.py for tasks to queue
[2026-06-14T21:29:36.603+0000] {logging_mixin.py:188} INFO - [2026-06-14T21:29:36.603+0000] {dagbag.py:545} INFO - Filling up the DagBag from /home/airflow/.local/lib/python3.12/site-packages/airflow/example_dags/example_branch_day_of_week_operator.py
[2026-06-14T21:29:36.617+0000] {processor.py:840} INFO - DAG(s) 'example_weekday_branch_operator' retrieved from /home/airflow/.local/lib/python3.12/site-packages/airflow/example_dags/example_branch_day_of_week_operator.py
[2026-06-14T21:29:36.646+0000] {logging_mixin.py:188} INFO - [2026-06-14T21:29:36.646+0000] {dag.py:3089} INFO - Sync 1 DAGs
[2026-06-14T21:29:36.677+0000] {logging_mixin.py:188} INFO - [2026-06-14T21:29:36.676+0000] {dag.py:3947} INFO - Setting next_dagrun for example_weekday_branch_operator to 2026-06-13 00:00:00+00:00, run_after=2026-06-14 00:00:00+00:00
[2026-06-14T21:29:36.706+0000] {processor.py:183} INFO - Processing /home/airflow/.local/lib/python3.12/site-packages/airflow/example_dags/example_branch_day_of_week_operator.py took 0.117 seconds
[2026-06-14T21:30:07.197+0000] {processor.py:161} INFO - Started process (PID=501) to work on /home/airflow/.local/lib/python3.12/site-packages/airflow/example_dags/example_branch_day_of_week_operator.py
[2026-06-14T21:30:07.199+0000] {processor.py:830} INFO - Processing file /home/airflow/.local/lib/python3.12/site-packages/airflow/example_dags/example_branch_day_of_week_operator.py for tasks to queue
[2026-06-14T21:30:07.201+0000] {logging_mixin.py:188} INFO - [2026-06-14T21:30:07.200+0000] {dagbag.py:545} INFO - Filling up the DagBag from /home/airflow/.local/lib/python3.12/site-packages/airflow/example_dags/example_branch_day_of_week_operator.py
[2026-06-14T21:30:07.212+0000] {processor.py:840} INFO - DAG(s) 'example_weekday_branch_operator' retrieved from /home/airflow/.local/lib/python3.12/site-packages/airflow/example_dags/example_branch_day_of_week_operator.py
[2026-06-14T21:30:07.244+0000] {logging_mixin.py:188} INFO - [2026-06-14T21:30:07.244+0000] {dag.py:3089} INFO - Sync 1 DAGs
[2026-06-14T21:30:07.273+0000] {logging_mixin.py:188} INFO - [2026-06-14T21:30:07.273+0000] {dag.py:3947} INFO - Setting next_dagrun for example_weekday_branch_operator to 2026-06-13 00:00:00+00:00, run_after=2026-06-14 00:00:00+00:00
[2026-06-14T21:30:07.308+0000] {processor.py:183} INFO - Processing /home/airflow/.local/lib/python3.12/site-packages/airflow/example_dags/example_branch_day_of_week_operator.py took 0.121 seconds
[2026-06-14T21:30:37.962+0000] {processor.py:161} INFO - Started process (PID=559) to work on /home/airflow/.local/lib/python3.12/site-packages/airflow/example_dags/example_branch_day_of_week_operator.py
[2026-06-14T21:30:37.963+0000] {processor.py:830} INFO - Processing file /home/airflow/.local/lib/python3.12/site-packages/airflow/example_dags/example_branch_day_of_week_operator.py for tasks to queue
[2026-06-14T21:30:37.964+0000] {logging_mixin.py:188} INFO - [2026-06-14T21:30:37.964+0000] {dagbag.py:545} INFO - Filling up the DagBag from /home/airflow/.local/lib/python3.12/site-packages/airflow/example_dags/example_branch_day_of_week_operator.py
[2026-06-14T21:30:37.977+0000] {processor.py:840} INFO - DAG(s) 'example_weekday_branch_operator' retrieved from /home/airflow/.local/lib/python3.12/site-packages/airflow/example_dags/example_branch_day_of_week_operator.py
[2026-06-14T21:30:38.008+0000] {logging_mixin.py:188} INFO - [2026-06-14T21:30:38.007+0000] {dag.py:3089} INFO - Sync 1 DAGs
[2026-06-14T21:30:38.039+0000] {logging_mixin.py:188} INFO - [2026-06-14T21:30:38.039+0000] {dag.py:3947} INFO - Setting next_dagrun for example_weekday_branch_operator to 2026-06-13 00:00:00+00:00, run_after=2026-06-14 00:00:00+00:00
[2026-06-14T21:30:38.070+0000] {processor.py:183} INFO - Processing /home/airflow/.local/lib/python3.12/site-packages/airflow/example_dags/example_branch_day_of_week_operator.py took 0.117 seconds
[2026-06-14T21:31:09.034+0000] {processor.py:161} INFO - Started process (PID=618) to work on /home/airflow/.local/lib/python3.12/site-packages/airflow/example_dags/example_branch_day_of_week_operator.py
[2026-06-14T21:31:09.036+0000] {processor.py:830} INFO - Processing file /home/airflow/.local/lib/python3.12/site-packages/airflow/example_dags/example_branch_day_of_week_operator.py for tasks to queue
[2026-06-14T21:31:09.038+0000] {logging_mixin.py:188} INFO - [2026-06-14T21:31:09.037+0000] {dagbag.py:545} INFO - Filling up the DagBag from /home/airflow/.local/lib/python3.12/site-packages/airflow/example_dags/example_branch_day_of_week_operator.py
[2026-06-14T21:31:09.049+0000] {processor.py:840} INFO - DAG(s) 'example_weekday_branch_operator' retrieved from /home/airflow/.local/lib/python3.12/site-packages/airflow/example_dags/example_branch_day_of_week_operator.py
[2026-06-14T21:31:09.088+0000] {logging_mixin.py:188} INFO - [2026-06-14T21:31:09.088+0000] {dag.py:3089} INFO - Sync 1 DAGs
[2026-06-14T21:31:09.133+0000] {logging_mixin.py:188} INFO - [2026-06-14T21:31:09.133+0000] {dag.py:3947} INFO - Setting next_dagrun for example_weekday_branch_operator to 2026-06-13 00:00:00+00:00, run_after=2026-06-14 00:00:00+00:00
[2026-06-14T21:31:09.167+0000] {processor.py:183} INFO - Processing /home/airflow/.local/lib/python3.12/site-packages/airflow/example_dags/example_branch_day_of_week_operator.py took 0.143 seconds
[2026-06-14T21:31:39.899+0000] {processor.py:161} INFO - Started process (PID=676) to work on /home/airflow/.local/lib/python3.12/site-packages/airflow/example_dags/example_branch_day_of_week_operator.py
[2026-06-14T21:31:39.900+0000] {processor.py:830} INFO - Processing file /home/airflow/.local/lib/python3.12/site-packages/airflow/example_dags/example_branch_day_of_week_operator.py for tasks to queue
[2026-06-14T21:31:39.902+0000] {logging_mixin.py:188} INFO - [2026-06-14T21:31:39.901+0000] {dagbag.py:545} INFO - Filling up the DagBag from /home/airflow/.local/lib/python3.12/site-packages/airflow/example_dags/example_branch_day_of_week_operator.py
[2026-06-14T21:31:39.918+0000] {processor.py:840} INFO - DAG(s) 'example_weekday_branch_operator' retrieved from /home/airflow/.local/lib/python3.12/site-packages/airflow/example_dags/example_branch_day_of_week_operator.py
[2026-06-14T21:31:39.958+0000] {logging_mixin.py:188} INFO - [2026-06-14T21:31:39.957+0000] {dag.py:3089} INFO - Sync 1 DAGs
[2026-06-14T21:31:40.002+0000] {logging_mixin.py:188} INFO - [2026-06-14T21:31:40.002+0000] {dag.py:3947} INFO - Setting next_dagrun for example_weekday_branch_operator to 2026-06-13 00:00:00+00:00, run_after=2026-06-14 00:00:00+00:00
[2026-06-14T21:31:40.045+0000] {processor.py:183} INFO - Processing /home/airflow/.local/lib/python3.12/site-packages/airflow/example_dags/example_branch_day_of_week_operator.py took 0.157 seconds
[2026-06-14T21:32:10.397+0000] {processor.py:161} INFO - Started process (PID=733) to work on /home/airflow/.local/lib/python3.12/site-packages/airflow/example_dags/example_branch_day_of_week_operator.py
[2026-06-14T21:32:10.399+0000] {processor.py:830} INFO - Processing file /home/airflow/.local/lib/python3.12/site-packages/airflow/example_dags/example_branch_day_of_week_operator.py for tasks to queue
[2026-06-14T21:32:10.401+0000] {logging_mixin.py:188} INFO - [2026-06-14T21:32:10.400+0000] {dagbag.py:545} INFO - Filling up the DagBag from /home/airflow/.local/lib/python3.12/site-packages/airflow/example_dags/example_branch_day_of_week_operator.py
[2026-06-14T21:32:10.418+0000] {processor.py:840} INFO - DAG(s) 'example_weekday_branch_operator' retrieved from /home/airflow/.local/lib/python3.12/site-packages/airflow/example_dags/example_branch_day_of_week_operator.py
[2026-06-14T21:32:10.459+0000] {logging_mixin.py:188} INFO - [2026-06-14T21:32:10.458+0000] {dag.py:3089} INFO - Sync 1 DAGs
[2026-06-14T21:32:10.557+0000] {logging_mixin.py:188} INFO - [2026-06-14T21:32:10.556+0000] {dag.py:3947} INFO - Setting next_dagrun for example_weekday_branch_operator to 2026-06-13 00:00:00+00:00, run_after=2026-06-14 00:00:00+00:00
[2026-06-14T21:32:10.645+0000] {processor.py:183} INFO - Processing /home/airflow/.local/lib/python3.12/site-packages/airflow/example_dags/example_branch_day_of_week_operator.py took 0.259 seconds
[2026-06-14T21:40:01.581+0000] {processor.py:161} INFO - Started process (PID=90) to work on /home/airflow/.local/lib/python3.12/site-packages/airflow/example_dags/example_branch_day_of_week_operator.py
[2026-06-14T21:40:01.583+0000] {processor.py:830} INFO - Processing file /home/airflow/.local/lib/python3.12/site-packages/airflow/example_dags/example_branch_day_of_week_operator.py for tasks to queue
[2026-06-14T21:40:01.585+0000] {logging_mixin.py:188} INFO - [2026-06-14T21:40:01.585+0000] {dagbag.py:545} INFO - Filling up the DagBag from /home/airflow/.local/lib/python3.12/site-packages/airflow/example_dags/example_branch_day_of_week_operator.py
[2026-06-14T21:40:01.599+0000] {processor.py:840} INFO - DAG(s) 'example_weekday_branch_operator' retrieved from /home/airflow/.local/lib/python3.12/site-packages/airflow/example_dags/example_branch_day_of_week_operator.py
[2026-06-14T21:40:01.750+0000] {logging_mixin.py:188} INFO - [2026-06-14T21:40:01.749+0000] {dag.py:3089} INFO - Sync 1 DAGs
[2026-06-14T21:40:01.786+0000] {logging_mixin.py:188} INFO - [2026-06-14T21:40:01.786+0000] {dag.py:3947} INFO - Setting next_dagrun for example_weekday_branch_operator to 2026-06-13 00:00:00+00:00, run_after=2026-06-14 00:00:00+00:00
[2026-06-14T21:40:01.816+0000] {processor.py:183} INFO - Processing /home/airflow/.local/lib/python3.12/site-packages/airflow/example_dags/example_branch_day_of_week_operator.py took 0.244 seconds
[2026-06-14T21:40:32.017+0000] {processor.py:161} INFO - Started process (PID=149) to work on /home/airflow/.local/lib/python3.12/site-packages/airflow/example_dags/example_branch_day_of_week_operator.py
[2026-06-14T21:40:32.019+0000] {processor.py:830} INFO - Processing file /home/airflow/.local/lib/python3.12/site-packages/airflow/example_dags/example_branch_day_of_week_operator.py for tasks to queue
[2026-06-14T21:40:32.022+0000] {logging_mixin.py:188} INFO - [2026-06-14T21:40:32.021+0000] {dagbag.py:545} INFO - Filling up the DagBag from /home/airflow/.local/lib/python3.12/site-packages/airflow/example_dags/example_branch_day_of_week_operator.py
[2026-06-14T21:40:32.035+0000] {processor.py:840} INFO - DAG(s) 'example_weekday_branch_operator' retrieved from /home/airflow/.local/lib/python3.12/site-packages/airflow/example_dags/example_branch_day_of_week_operator.py
[2026-06-14T21:40:32.066+0000] {logging_mixin.py:188} INFO - [2026-06-14T21:40:32.066+0000] {dag.py:3089} INFO - Sync 1 DAGs
[2026-06-14T21:40:32.100+0000] {logging_mixin.py:188} INFO - [2026-06-14T21:40:32.099+0000] {dag.py:3947} INFO - Setting next_dagrun for example_weekday_branch_operator to 2026-06-13 00:00:00+00:00, run_after=2026-06-14 00:00:00+00:00
[2026-06-14T21:40:32.138+0000] {processor.py:183} INFO - Processing /home/airflow/.local/lib/python3.12/site-packages/airflow/example_dags/example_branch_day_of_week_operator.py took 0.130 seconds
[2026-06-14T21:41:02.403+0000] {processor.py:161} INFO - Started process (PID=208) to work on /home/airflow/.local/lib/python3.12/site-packages/airflow/example_dags/example_branch_day_of_week_operator.py
[2026-06-14T21:41:02.405+0000] {processor.py:830} INFO - Processing file /home/airflow/.local/lib/python3.12/site-packages/airflow/example_dags/example_branch_day_of_week_operator.py for tasks to queue
[2026-06-14T21:41:02.409+0000] {logging_mixin.py:188} INFO - [2026-06-14T21:41:02.409+0000] {dagbag.py:545} INFO - Filling up the DagBag from /home/airflow/.local/lib/python3.12/site-packages/airflow/example_dags/example_branch_day_of_week_operator.py
[2026-06-14T21:41:02.426+0000] {processor.py:840} INFO - DAG(s) 'example_weekday_branch_operator' retrieved from /home/airflow/.local/lib/python3.12/site-packages/airflow/example_dags/example_branch_day_of_week_operator.py
[2026-06-14T21:41:02.469+0000] {logging_mixin.py:188} INFO - [2026-06-14T21:41:02.469+0000] {dag.py:3089} INFO - Sync 1 DAGs
[2026-06-14T21:41:02.524+0000] {logging_mixin.py:188} INFO - [2026-06-14T21:41:02.523+0000] {dag.py:3947} INFO - Setting next_dagrun for example_weekday_branch_operator to 2026-06-13 00:00:00+00:00, run_after=2026-06-14 00:00:00+00:00
[2026-06-14T21:41:02.576+0000] {processor.py:183} INFO - Processing /home/airflow/.local/lib/python3.12/site-packages/airflow/example_dags/example_branch_day_of_week_operator.py took 0.184 seconds
[2026-06-14T21:41:33.473+0000] {processor.py:161} INFO - Started process (PID=267) to work on /home/airflow/.local/lib/python3.12/site-packages/airflow/example_dags/example_branch_day_of_week_operator.py
[2026-06-14T21:41:33.475+0000] {processor.py:830} INFO - Processing file /home/airflow/.local/lib/python3.12/site-packages/airflow/example_dags/example_branch_day_of_week_operator.py for tasks to queue
[2026-06-14T21:41:33.479+0000] {logging_mixin.py:188} INFO - [2026-06-14T21:41:33.479+0000] {dagbag.py:545} INFO - Filling up the DagBag from /home/airflow/.local/lib/python3.12/site-packages/airflow/example_dags/example_branch_day_of_week_operator.py
[2026-06-14T21:41:33.491+0000] {processor.py:840} INFO - DAG(s) 'example_weekday_branch_operator' retrieved from /home/airflow/.local/lib/python3.12/site-packages/airflow/example_dags/example_branch_day_of_week_operator.py
[2026-06-14T21:41:33.532+0000] {logging_mixin.py:188} INFO - [2026-06-14T21:41:33.532+0000] {dag.py:3089} INFO - Sync 1 DAGs
[2026-06-14T21:41:33.577+0000] {logging_mixin.py:188} INFO - [2026-06-14T21:41:33.576+0000] {dag.py:3947} INFO - Setting next_dagrun for example_weekday_branch_operator to 2026-06-13 00:00:00+00:00, run_after=2026-06-14 00:00:00+00:00
[2026-06-14T21:41:33.604+0000] {processor.py:183} INFO - Processing /home/airflow/.local/lib/python3.12/site-packages/airflow/example_dags/example_branch_day_of_week_operator.py took 0.145 seconds
[2026-06-14T21:42:04.173+0000] {processor.py:161} INFO - Started process (PID=326) to work on /home/airflow/.local/lib/python3.12/site-packages/airflow/example_dags/example_branch_day_of_week_operator.py
[2026-06-14T21:42:04.174+0000] {processor.py:830} INFO - Processing file /home/airflow/.local/lib/python3.12/site-packages/airflow/example_dags/example_branch_day_of_week_operator.py for tasks to queue
[2026-06-14T21:42:04.178+0000] {logging_mixin.py:188} INFO - [2026-06-14T21:42:04.178+0000] {dagbag.py:545} INFO - Filling up the DagBag from /home/airflow/.local/lib/python3.12/site-packages/airflow/example_dags/example_branch_day_of_week_operator.py
[2026-06-14T21:42:04.192+0000] {processor.py:840} INFO - DAG(s) 'example_weekday_branch_operator' retrieved from /home/airflow/.local/lib/python3.12/site-packages/airflow/example_dags/example_branch_day_of_week_operator.py
[2026-06-14T21:42:04.225+0000] {logging_mixin.py:188} INFO - [2026-06-14T21:42:04.225+0000] {dag.py:3089} INFO - Sync 1 DAGs
[2026-06-14T21:42:04.259+0000] {logging_mixin.py:188} INFO - [2026-06-14T21:42:04.259+0000] {dag.py:3947} INFO - Setting next_dagrun for example_weekday_branch_operator to 2026-06-13 00:00:00+00:00, run_after=2026-06-14 00:00:00+00:00
[2026-06-14T21:42:04.291+0000] {processor.py:183} INFO - Processing /home/airflow/.local/lib/python3.12/site-packages/airflow/example_dags/example_branch_day_of_week_operator.py took 0.127 seconds
[2026-06-14T21:42:34.973+0000] {processor.py:161} INFO - Started process (PID=385) to work on /home/airflow/.local/lib/python3.12/site-packages/airflow/example_dags/example_branch_day_of_week_operator.py
[2026-06-14T21:42:34.975+0000] {processor.py:830} INFO - Processing file /home/airflow/.local/lib/python3.12/site-packages/airflow/example_dags/example_branch_day_of_week_operator.py for tasks to queue
[2026-06-14T21:42:34.980+0000] {logging_mixin.py:188} INFO - [2026-06-14T21:42:34.979+0000] {dagbag.py:545} INFO - Filling up the DagBag from /home/airflow/.local/lib/python3.12/site-packages/airflow/example_dags/example_branch_day_of_week_operator.py
[2026-06-14T21:42:34.995+0000] {processor.py:840} INFO - DAG(s) 'example_weekday_branch_operator' retrieved from /home/airflow/.local/lib/python3.12/site-packages/airflow/example_dags/example_branch_day_of_week_operator.py
[2026-06-14T21:42:35.038+0000] {logging_mixin.py:188} INFO - [2026-06-14T21:42:35.037+0000] {dag.py:3089} INFO - Sync 1 DAGs
[2026-06-14T21:42:35.083+0000] {logging_mixin.py:188} INFO - [2026-06-14T21:42:35.083+0000] {dag.py:3947} INFO - Setting next_dagrun for example_weekday_branch_operator to 2026-06-13 00:00:00+00:00, run_after=2026-06-14 00:00:00+00:00
[2026-06-14T21:42:35.122+0000] {processor.py:183} INFO - Processing /home/airflow/.local/lib/python3.12/site-packages/airflow/example_dags/example_branch_day_of_week_operator.py took 0.165 seconds
[2026-06-14T21:43:05.447+0000] {processor.py:161} INFO - Started process (PID=444) to work on /home/airflow/.local/lib/python3.12/site-packages/airflow/example_dags/example_branch_day_of_week_operator.py
[2026-06-14T21:43:05.449+0000] {processor.py:830} INFO - Processing file /home/airflow/.local/lib/python3.12/site-packages/airflow/example_dags/example_branch_day_of_week_operator.py for tasks to queue
[2026-06-14T21:43:05.454+0000] {logging_mixin.py:188} INFO - [2026-06-14T21:43:05.453+0000] {dagbag.py:545} INFO - Filling up the DagBag from /home/airflow/.local/lib/python3.12/site-packages/airflow/example_dags/example_branch_day_of_week_operator.py
[2026-06-14T21:43:05.470+0000] {processor.py:840} INFO - DAG(s) 'example_weekday_branch_operator' retrieved from /home/airflow/.local/lib/python3.12/site-packages/airflow/example_dags/example_branch_day_of_week_operator.py
[2026-06-14T21:43:05.508+0000] {logging_mixin.py:188} INFO - [2026-06-14T21:43:05.507+0000] {dag.py:3089} INFO - Sync 1 DAGs
[2026-06-14T21:43:05.549+0000] {logging_mixin.py:188} INFO - [2026-06-14T21:43:05.548+0000] {dag.py:3947} INFO - Setting next_dagrun for example_weekday_branch_operator to 2026-06-13 00:00:00+00:00, run_after=2026-06-14 00:00:00+00:00
[2026-06-14T21:43:05.580+0000] {processor.py:183} INFO - Processing /home/airflow/.local/lib/python3.12/site-packages/airflow/example_dags/example_branch_day_of_week_operator.py took 0.145 seconds
[2026-06-14T21:43:36.410+0000] {processor.py:161} INFO - Started process (PID=503) to work on /home/airflow/.local/lib/python3.12/site-packages/airflow/example_dags/example_branch_day_of_week_operator.py
[2026-06-14T21:43:36.412+0000] {processor.py:830} INFO - Processing file /home/airflow/.local/lib/python3.12/site-packages/airflow/example_dags/example_branch_day_of_week_operator.py for tasks to queue
[2026-06-14T21:43:36.415+0000] {logging_mixin.py:188} INFO - [2026-06-14T21:43:36.415+0000] {dagbag.py:545} INFO - Filling up the DagBag from /home/airflow/.local/lib/python3.12/site-packages/airflow/example_dags/example_branch_day_of_week_operator.py
[2026-06-14T21:43:36.427+0000] {processor.py:840} INFO - DAG(s) 'example_weekday_branch_operator' retrieved from /home/airflow/.local/lib/python3.12/site-packages/airflow/example_dags/example_branch_day_of_week_operator.py
[2026-06-14T21:43:36.458+0000] {logging_mixin.py:188} INFO - [2026-06-14T21:43:36.458+0000] {dag.py:3089} INFO - Sync 1 DAGs
[2026-06-14T21:43:36.498+0000] {logging_mixin.py:188} INFO - [2026-06-14T21:43:36.497+0000] {dag.py:3947} INFO - Setting next_dagrun for example_weekday_branch_operator to 2026-06-13 00:00:00+00:00, run_after=2026-06-14 00:00:00+00:00
[2026-06-14T21:43:36.527+0000] {processor.py:183} INFO - Processing /home/airflow/.local/lib/python3.12/site-packages/airflow/example_dags/example_branch_day_of_week_operator.py took 0.129 seconds
[2026-06-14T21:44:07.207+0000] {processor.py:161} INFO - Started process (PID=562) to work on /home/airflow/.local/lib/python3.12/site-packages/airflow/example_dags/example_branch_day_of_week_operator.py
[2026-06-14T21:44:07.209+0000] {processor.py:830} INFO - Processing file /home/airflow/.local/lib/python3.12/site-packages/airflow/example_dags/example_branch_day_of_week_operator.py for tasks to queue
[2026-06-14T21:44:07.213+0000] {logging_mixin.py:188} INFO - [2026-06-14T21:44:07.212+0000] {dagbag.py:545} INFO - Filling up the DagBag from /home/airflow/.local/lib/python3.12/site-packages/airflow/example_dags/example_branch_day_of_week_operator.py
[2026-06-14T21:44:07.225+0000] {processor.py:840} INFO - DAG(s) 'example_weekday_branch_operator' retrieved from /home/airflow/.local/lib/python3.12/site-packages/airflow/example_dags/example_branch_day_of_week_operator.py
[2026-06-14T21:44:07.256+0000] {logging_mixin.py:188} INFO - [2026-06-14T21:44:07.256+0000] {dag.py:3089} INFO - Sync 1 DAGs
[2026-06-14T21:44:07.299+0000] {logging_mixin.py:188} INFO - [2026-06-14T21:44:07.299+0000] {dag.py:3947} INFO - Setting next_dagrun for example_weekday_branch_operator to 2026-06-13 00:00:00+00:00, run_after=2026-06-14 00:00:00+00:00
[2026-06-14T21:44:07.331+0000] {processor.py:183} INFO - Processing /home/airflow/.local/lib/python3.12/site-packages/airflow/example_dags/example_branch_day_of_week_operator.py took 0.134 seconds
[2026-06-14T21:44:37.720+0000] {processor.py:161} INFO - Started process (PID=621) to work on /home/airflow/.local/lib/python3.12/site-packages/airflow/example_dags/example_branch_day_of_week_operator.py
[2026-06-14T21:44:37.722+0000] {processor.py:830} INFO - Processing file /home/airflow/.local/lib/python3.12/site-packages/airflow/example_dags/example_branch_day_of_week_operator.py for tasks to queue
[2026-06-14T21:44:37.726+0000] {logging_mixin.py:188} INFO - [2026-06-14T21:44:37.726+0000] {dagbag.py:545} INFO - Filling up the DagBag from /home/airflow/.local/lib/python3.12/site-packages/airflow/example_dags/example_branch_day_of_week_operator.py
[2026-06-14T21:44:37.743+0000] {processor.py:840} INFO - DAG(s) 'example_weekday_branch_operator' retrieved from /home/airflow/.local/lib/python3.12/site-packages/airflow/example_dags/example_branch_day_of_week_operator.py
[2026-06-14T21:44:37.790+0000] {logging_mixin.py:188} INFO - [2026-06-14T21:44:37.789+0000] {dag.py:3089} INFO - Sync 1 DAGs
[2026-06-14T21:44:37.857+0000] {logging_mixin.py:188} INFO - [2026-06-14T21:44:37.856+0000] {dag.py:3947} INFO - Setting next_dagrun for example_weekday_branch_operator to 2026-06-13 00:00:00+00:00, run_after=2026-06-14 00:00:00+00:00
[2026-06-14T21:44:37.908+0000] {processor.py:183} INFO - Processing /home/airflow/.local/lib/python3.12/site-packages/airflow/example_dags/example_branch_day_of_week_operator.py took 0.199 seconds
[2026-06-14T21:45:08.087+0000] {processor.py:161} INFO - Started process (PID=680) to work on /home/airflow/.local/lib/python3.12/site-packages/airflow/example_dags/example_branch_day_of_week_operator.py
[2026-06-14T21:45:08.088+0000] {processor.py:830} INFO - Processing file /home/airflow/.local/lib/python3.12/site-packages/airflow/example_dags/example_branch_day_of_week_operator.py for tasks to queue
[2026-06-14T21:45:08.092+0000] {logging_mixin.py:188} INFO - [2026-06-14T21:45:08.091+0000] {dagbag.py:545} INFO - Filling up the DagBag from /home/airflow/.local/lib/python3.12/site-packages/airflow/example_dags/example_branch_day_of_week_operator.py
[2026-06-14T21:45:08.106+0000] {processor.py:840} INFO - DAG(s) 'example_weekday_branch_operator' retrieved from /home/airflow/.local/lib/python3.12/site-packages/airflow/example_dags/example_branch_day_of_week_operator.py
[2026-06-14T21:45:08.135+0000] {logging_mixin.py:188} INFO - [2026-06-14T21:45:08.135+0000] {dag.py:3089} INFO - Sync 1 DAGs
[2026-06-14T21:45:08.163+0000] {logging_mixin.py:188} INFO - [2026-06-14T21:45:08.163+0000] {dag.py:3947} INFO - Setting next_dagrun for example_weekday_branch_operator to 2026-06-13 00:00:00+00:00, run_after=2026-06-14 00:00:00+00:00
[2026-06-14T21:45:08.189+0000] {processor.py:183} INFO - Processing /home/airflow/.local/lib/python3.12/site-packages/airflow/example_dags/example_branch_day_of_week_operator.py took 0.110 seconds
[2026-06-14T21:45:38.610+0000] {processor.py:161} INFO - Started process (PID=739) to work on /home/airflow/.local/lib/python3.12/site-packages/airflow/example_dags/example_branch_day_of_week_operator.py
[2026-06-14T21:45:38.611+0000] {processor.py:830} INFO - Processing file /home/airflow/.local/lib/python3.12/site-packages/airflow/example_dags/example_branch_day_of_week_operator.py for tasks to queue
[2026-06-14T21:45:38.615+0000] {logging_mixin.py:188} INFO - [2026-06-14T21:45:38.614+0000] {dagbag.py:545} INFO - Filling up the DagBag from /home/airflow/.local/lib/python3.12/site-packages/airflow/example_dags/example_branch_day_of_week_operator.py
[2026-06-14T21:45:38.625+0000] {processor.py:840} INFO - DAG(s) 'example_weekday_branch_operator' retrieved from /home/airflow/.local/lib/python3.12/site-packages/airflow/example_dags/example_branch_day_of_week_operator.py
[2026-06-14T21:45:38.655+0000] {logging_mixin.py:188} INFO - [2026-06-14T21:45:38.655+0000] {dag.py:3089} INFO - Sync 1 DAGs
[2026-06-14T21:45:38.691+0000] {logging_mixin.py:188} INFO - [2026-06-14T21:45:38.691+0000] {dag.py:3947} INFO - Setting next_dagrun for example_weekday_branch_operator to 2026-06-13 00:00:00+00:00, run_after=2026-06-14 00:00:00+00:00
[2026-06-14T21:45:38.720+0000] {processor.py:183} INFO - Processing /home/airflow/.local/lib/python3.12/site-packages/airflow/example_dags/example_branch_day_of_week_operator.py took 0.118 seconds
[2026-06-14T21:46:09.752+0000] {processor.py:161} INFO - Started process (PID=798) to work on /home/airflow/.local/lib/python3.12/site-packages/airflow/example_dags/example_branch_day_of_week_operator.py
[2026-06-14T21:46:09.754+0000] {processor.py:830} INFO - Processing file /home/airflow/.local/lib/python3.12/site-packages/airflow/example_dags/example_branch_day_of_week_operator.py for tasks to queue
[2026-06-14T21:46:09.758+0000] {logging_mixin.py:188} INFO - [2026-06-14T21:46:09.757+0000] {dagbag.py:545} INFO - Filling up the DagBag from /home/airflow/.local/lib/python3.12/site-packages/airflow/example_dags/example_branch_day_of_week_operator.py
[2026-06-14T21:46:09.773+0000] {processor.py:840} INFO - DAG(s) 'example_weekday_branch_operator' retrieved from /home/airflow/.local/lib/python3.12/site-packages/airflow/example_dags/example_branch_day_of_week_operator.py
[2026-06-14T21:46:09.819+0000] {logging_mixin.py:188} INFO - [2026-06-14T21:46:09.818+0000] {dag.py:3089} INFO - Sync 1 DAGs
[2026-06-14T21:46:09.868+0000] {logging_mixin.py:188} INFO - [2026-06-14T21:46:09.867+0000] {dag.py:3947} INFO - Setting next_dagrun for example_weekday_branch_operator to 2026-06-13 00:00:00+00:00, run_after=2026-06-14 00:00:00+00:00
[2026-06-14T21:46:09.913+0000] {processor.py:183} INFO - Processing /home/airflow/.local/lib/python3.12/site-packages/airflow/example_dags/example_branch_day_of_week_operator.py took 0.175 seconds
[2026-06-14T21:46:40.049+0000] {processor.py:161} INFO - Started process (PID=856) to work on /home/airflow/.local/lib/python3.12/site-packages/airflow/example_dags/example_branch_day_of_week_operator.py
[2026-06-14T21:46:40.051+0000] {processor.py:830} INFO - Processing file /home/airflow/.local/lib/python3.12/site-packages/airflow/example_dags/example_branch_day_of_week_operator.py for tasks to queue
[2026-06-14T21:46:40.054+0000] {logging_mixin.py:188} INFO - [2026-06-14T21:46:40.054+0000] {dagbag.py:545} INFO - Filling up the DagBag from /home/airflow/.local/lib/python3.12/site-packages/airflow/example_dags/example_branch_day_of_week_operator.py
[2026-06-14T21:46:40.065+0000] {processor.py:840} INFO - DAG(s) 'example_weekday_branch_operator' retrieved from /home/airflow/.local/lib/python3.12/site-packages/airflow/example_dags/example_branch_day_of_week_operator.py
[2026-06-14T21:46:40.098+0000] {logging_mixin.py:188} INFO - [2026-06-14T21:46:40.098+0000] {dag.py:3089} INFO - Sync 1 DAGs
[2026-06-14T21:46:40.135+0000] {logging_mixin.py:188} INFO - [2026-06-14T21:46:40.135+0000] {dag.py:3947} INFO - Setting next_dagrun for example_weekday_branch_operator to 2026-06-13 00:00:00+00:00, run_after=2026-06-14 00:00:00+00:00
[2026-06-14T21:46:40.207+0000] {processor.py:183} INFO - Processing /home/airflow/.local/lib/python3.12/site-packages/airflow/example_dags/example_branch_day_of_week_operator.py took 0.166 seconds
[2026-06-14T21:47:11.759+0000] {processor.py:161} INFO - Started process (PID=915) to work on /home/airflow/.local/lib/python3.12/site-packages/airflow/example_dags/example_branch_day_of_week_operator.py
[2026-06-14T21:47:11.774+0000] {processor.py:830} INFO - Processing file /home/airflow/.local/lib/python3.12/site-packages/airflow/example_dags/example_branch_day_of_week_operator.py for tasks to queue
[2026-06-14T21:47:11.799+0000] {logging_mixin.py:188} INFO - [2026-06-14T21:47:11.798+0000] {dagbag.py:545} INFO - Filling up the DagBag from /home/airflow/.local/lib/python3.12/site-packages/airflow/example_dags/example_branch_day_of_week_operator.py
[2026-06-14T21:47:11.840+0000] {processor.py:840} INFO - DAG(s) 'example_weekday_branch_operator' retrieved from /home/airflow/.local/lib/python3.12/site-packages/airflow/example_dags/example_branch_day_of_week_operator.py
[2026-06-14T21:47:11.991+0000] {logging_mixin.py:188} INFO - [2026-06-14T21:47:11.991+0000] {dag.py:3089} INFO - Sync 1 DAGs
[2026-06-14T21:47:12.123+0000] {logging_mixin.py:188} INFO - [2026-06-14T21:47:12.122+0000] {dag.py:3947} INFO - Setting next_dagrun for example_weekday_branch_operator to 2026-06-13 00:00:00+00:00, run_after=2026-06-14 00:00:00+00:00
[2026-06-14T21:47:12.320+0000] {processor.py:183} INFO - Processing /home/airflow/.local/lib/python3.12/site-packages/airflow/example_dags/example_branch_day_of_week_operator.py took 0.614 seconds
[2026-06-14T21:47:43.203+0000] {processor.py:161} INFO - Started process (PID=974) to work on /home/airflow/.local/lib/python3.12/site-packages/airflow/example_dags/example_branch_day_of_week_operator.py
[2026-06-14T21:47:43.205+0000] {processor.py:830} INFO - Processing file /home/airflow/.local/lib/python3.12/site-packages/airflow/example_dags/example_branch_day_of_week_operator.py for tasks to queue
[2026-06-14T21:47:43.208+0000] {logging_mixin.py:188} INFO - [2026-06-14T21:47:43.208+0000] {dagbag.py:545} INFO - Filling up the DagBag from /home/airflow/.local/lib/python3.12/site-packages/airflow/example_dags/example_branch_day_of_week_operator.py
[2026-06-14T21:47:43.219+0000] {processor.py:840} INFO - DAG(s) 'example_weekday_branch_operator' retrieved from /home/airflow/.local/lib/python3.12/site-packages/airflow/example_dags/example_branch_day_of_week_operator.py
[2026-06-14T21:47:43.251+0000] {logging_mixin.py:188} INFO - [2026-06-14T21:47:43.251+0000] {dag.py:3089} INFO - Sync 1 DAGs
[2026-06-14T21:47:43.291+0000] {logging_mixin.py:188} INFO - [2026-06-14T21:47:43.290+0000] {dag.py:3947} INFO - Setting next_dagrun for example_weekday_branch_operator to 2026-06-13 00:00:00+00:00, run_after=2026-06-14 00:00:00+00:00
[2026-06-14T21:47:43.323+0000] {processor.py:183} INFO - Processing /home/airflow/.local/lib/python3.12/site-packages/airflow/example_dags/example_branch_day_of_week_operator.py took 0.128 seconds
[2026-06-14T21:48:14.122+0000] {processor.py:161} INFO - Started process (PID=1032) to work on /home/airflow/.local/lib/python3.12/site-packages/airflow/example_dags/example_branch_day_of_week_operator.py
[2026-06-14T21:48:14.124+0000] {processor.py:830} INFO - Processing file /home/airflow/.local/lib/python3.12/site-packages/airflow/example_dags/example_branch_day_of_week_operator.py for tasks to queue
[2026-06-14T21:48:14.127+0000] {logging_mixin.py:188} INFO - [2026-06-14T21:48:14.127+0000] {dagbag.py:545} INFO - Filling up the DagBag from /home/airflow/.local/lib/python3.12/site-packages/airflow/example_dags/example_branch_day_of_week_operator.py
[2026-06-14T21:48:14.138+0000] {processor.py:840} INFO - DAG(s) 'example_weekday_branch_operator' retrieved from /home/airflow/.local/lib/python3.12/site-packages/airflow/example_dags/example_branch_day_of_week_operator.py
[2026-06-14T21:48:14.168+0000] {logging_mixin.py:188} INFO - [2026-06-14T21:48:14.167+0000] {dag.py:3089} INFO - Sync 1 DAGs
[2026-06-14T21:48:14.196+0000] {logging_mixin.py:188} INFO - [2026-06-14T21:48:14.196+0000] {dag.py:3947} INFO - Setting next_dagrun for example_weekday_branch_operator to 2026-06-13 00:00:00+00:00, run_after=2026-06-14 00:00:00+00:00
[2026-06-14T21:48:14.221+0000] {processor.py:183} INFO - Processing /home/airflow/.local/lib/python3.12/site-packages/airflow/example_dags/example_branch_day_of_week_operator.py took 0.108 seconds
[2026-06-14T21:48:44.902+0000] {processor.py:161} INFO - Started process (PID=1091) to work on /home/airflow/.local/lib/python3.12/site-packages/airflow/example_dags/example_branch_day_of_week_operator.py
[2026-06-14T21:48:44.903+0000] {processor.py:830} INFO - Processing file /home/airflow/.local/lib/python3.12/site-packages/airflow/example_dags/example_branch_day_of_week_operator.py for tasks to queue
[2026-06-14T21:48:44.906+0000] {logging_mixin.py:188} INFO - [2026-06-14T21:48:44.906+0000] {dagbag.py:545} INFO - Filling up the DagBag from /home/airflow/.local/lib/python3.12/site-packages/airflow/example_dags/example_branch_day_of_week_operator.py
[2026-06-14T21:48:44.917+0000] {processor.py:840} INFO - DAG(s) 'example_weekday_branch_operator' retrieved from /home/airflow/.local/lib/python3.12/site-packages/airflow/example_dags/example_branch_day_of_week_operator.py
[2026-06-14T21:48:44.950+0000] {logging_mixin.py:188} INFO - [2026-06-14T21:48:44.950+0000] {dag.py:3089} INFO - Sync 1 DAGs
[2026-06-14T21:48:44.981+0000] {logging_mixin.py:188} INFO - [2026-06-14T21:48:44.980+0000] {dag.py:3947} INFO - Setting next_dagrun for example_weekday_branch_operator to 2026-06-13 00:00:00+00:00, run_after=2026-06-14 00:00:00+00:00
[2026-06-14T21:48:45.044+0000] {processor.py:183} INFO - Processing /home/airflow/.local/lib/python3.12/site-packages/airflow/example_dags/example_branch_day_of_week_operator.py took 0.162 seconds
[2026-06-14T21:49:15.250+0000] {processor.py:161} INFO - Started process (PID=1149) to work on /home/airflow/.local/lib/python3.12/site-packages/airflow/example_dags/example_branch_day_of_week_operator.py
[2026-06-14T21:49:15.252+0000] {processor.py:830} INFO - Processing file /home/airflow/.local/lib/python3.12/site-packages/airflow/example_dags/example_branch_day_of_week_operator.py for tasks to queue
[2026-06-14T21:49:15.256+0000] {logging_mixin.py:188} INFO - [2026-06-14T21:49:15.255+0000] {dagbag.py:545} INFO - Filling up the DagBag from /home/airflow/.local/lib/python3.12/site-packages/airflow/example_dags/example_branch_day_of_week_operator.py
[2026-06-14T21:49:15.269+0000] {processor.py:840} INFO - DAG(s) 'example_weekday_branch_operator' retrieved from /home/airflow/.local/lib/python3.12/site-packages/airflow/example_dags/example_branch_day_of_week_operator.py
[2026-06-14T21:49:15.304+0000] {logging_mixin.py:188} INFO - [2026-06-14T21:49:15.304+0000] {dag.py:3089} INFO - Sync 1 DAGs
[2026-06-14T21:49:15.337+0000] {logging_mixin.py:188} INFO - [2026-06-14T21:49:15.336+0000] {dag.py:3947} INFO - Setting next_dagrun for example_weekday_branch_operator to 2026-06-13 00:00:00+00:00, run_after=2026-06-14 00:00:00+00:00
[2026-06-14T21:49:15.395+0000] {processor.py:183} INFO - Processing /home/airflow/.local/lib/python3.12/site-packages/airflow/example_dags/example_branch_day_of_week_operator.py took 0.155 seconds
