[2026-06-14T21:26:31.552+0000] {processor.py:161} INFO - Started process (PID=83) to work on /home/airflow/.local/lib/python3.12/site-packages/airflow/example_dags/example_bash_operator.py
[2026-06-14T21:26:31.554+0000] {processor.py:830} INFO - Processing file /home/airflow/.local/lib/python3.12/site-packages/airflow/example_dags/example_bash_operator.py for tasks to queue
[2026-06-14T21:26:31.558+0000] {logging_mixin.py:188} INFO - [2026-06-14T21:26:31.557+0000] {dagbag.py:545} INFO - Filling up the DagBag from /home/airflow/.local/lib/python3.12/site-packages/airflow/example_dags/example_bash_operator.py
[2026-06-14T21:26:31.581+0000] {processor.py:840} INFO - DAG(s) 'example_bash_operator' retrieved from /home/airflow/.local/lib/python3.12/site-packages/airflow/example_dags/example_bash_operator.py
[2026-06-14T21:26:31.755+0000] {logging_mixin.py:188} INFO - [2026-06-14T21:26:31.753+0000] {override.py:1858} INFO - Created Permission View: can delete on DAG:example_bash_operator
[2026-06-14T21:26:31.768+0000] {logging_mixin.py:188} INFO - [2026-06-14T21:26:31.767+0000] {override.py:1858} INFO - Created Permission View: can edit on DAG:example_bash_operator
[2026-06-14T21:26:31.780+0000] {logging_mixin.py:188} INFO - [2026-06-14T21:26:31.780+0000] {override.py:1858} INFO - Created Permission View: can read on DAG:example_bash_operator
[2026-06-14T21:26:31.782+0000] {logging_mixin.py:188} INFO - [2026-06-14T21:26:31.781+0000] {dag.py:3089} INFO - Sync 1 DAGs
[2026-06-14T21:26:31.798+0000] {logging_mixin.py:188} INFO - [2026-06-14T21:26:31.798+0000] {dag.py:3111} INFO - Creating ORM DAG for example_bash_operator
[2026-06-14T21:26:31.819+0000] {logging_mixin.py:188} INFO - [2026-06-14T21:26:31.818+0000] {dag.py:3947} INFO - Setting next_dagrun for example_bash_operator to 2026-06-13 00:00:00+00:00, run_after=2026-06-14 00:00:00+00:00
[2026-06-14T21:26:31.850+0000] {processor.py:183} INFO - Processing /home/airflow/.local/lib/python3.12/site-packages/airflow/example_dags/example_bash_operator.py took 0.309 seconds
[2026-06-14T21:27:02.014+0000] {processor.py:161} INFO - Started process (PID=142) to work on /home/airflow/.local/lib/python3.12/site-packages/airflow/example_dags/example_bash_operator.py
[2026-06-14T21:27:02.015+0000] {processor.py:830} INFO - Processing file /home/airflow/.local/lib/python3.12/site-packages/airflow/example_dags/example_bash_operator.py for tasks to queue
[2026-06-14T21:27:02.018+0000] {logging_mixin.py:188} INFO - [2026-06-14T21:27:02.018+0000] {dagbag.py:545} INFO - Filling up the DagBag from /home/airflow/.local/lib/python3.12/site-packages/airflow/example_dags/example_bash_operator.py
[2026-06-14T21:27:02.038+0000] {processor.py:840} INFO - DAG(s) 'example_bash_operator' retrieved from /home/airflow/.local/lib/python3.12/site-packages/airflow/example_dags/example_bash_operator.py
[2026-06-14T21:27:02.082+0000] {logging_mixin.py:188} INFO - [2026-06-14T21:27:02.082+0000] {dag.py:3089} INFO - Sync 1 DAGs
[2026-06-14T21:27:02.114+0000] {logging_mixin.py:188} INFO - [2026-06-14T21:27:02.114+0000] {dag.py:3947} INFO - Setting next_dagrun for example_bash_operator to 2026-06-13 00:00:00+00:00, run_after=2026-06-14 00:00:00+00:00
[2026-06-14T21:27:02.144+0000] {processor.py:183} INFO - Processing /home/airflow/.local/lib/python3.12/site-packages/airflow/example_dags/example_bash_operator.py took 0.139 seconds
[2026-06-14T21:27:32.457+0000] {processor.py:161} INFO - Started process (PID=201) to work on /home/airflow/.local/lib/python3.12/site-packages/airflow/example_dags/example_bash_operator.py
[2026-06-14T21:27:32.459+0000] {processor.py:830} INFO - Processing file /home/airflow/.local/lib/python3.12/site-packages/airflow/example_dags/example_bash_operator.py for tasks to queue
[2026-06-14T21:27:32.461+0000] {logging_mixin.py:188} INFO - [2026-06-14T21:27:32.461+0000] {dagbag.py:545} INFO - Filling up the DagBag from /home/airflow/.local/lib/python3.12/site-packages/airflow/example_dags/example_bash_operator.py
[2026-06-14T21:27:32.477+0000] {processor.py:840} INFO - DAG(s) 'example_bash_operator' retrieved from /home/airflow/.local/lib/python3.12/site-packages/airflow/example_dags/example_bash_operator.py
[2026-06-14T21:27:32.518+0000] {logging_mixin.py:188} INFO - [2026-06-14T21:27:32.518+0000] {dag.py:3089} INFO - Sync 1 DAGs
[2026-06-14T21:27:32.550+0000] {logging_mixin.py:188} INFO - [2026-06-14T21:27:32.549+0000] {dag.py:3947} INFO - Setting next_dagrun for example_bash_operator to 2026-06-13 00:00:00+00:00, run_after=2026-06-14 00:00:00+00:00
[2026-06-14T21:27:32.574+0000] {processor.py:183} INFO - Processing /home/airflow/.local/lib/python3.12/site-packages/airflow/example_dags/example_bash_operator.py took 0.125 seconds
[2026-06-14T21:28:03.530+0000] {processor.py:161} INFO - Started process (PID=260) to work on /home/airflow/.local/lib/python3.12/site-packages/airflow/example_dags/example_bash_operator.py
[2026-06-14T21:28:03.531+0000] {processor.py:830} INFO - Processing file /home/airflow/.local/lib/python3.12/site-packages/airflow/example_dags/example_bash_operator.py for tasks to queue
[2026-06-14T21:28:03.533+0000] {logging_mixin.py:188} INFO - [2026-06-14T21:28:03.533+0000] {dagbag.py:545} INFO - Filling up the DagBag from /home/airflow/.local/lib/python3.12/site-packages/airflow/example_dags/example_bash_operator.py
[2026-06-14T21:28:03.548+0000] {processor.py:840} INFO - DAG(s) 'example_bash_operator' retrieved from /home/airflow/.local/lib/python3.12/site-packages/airflow/example_dags/example_bash_operator.py
[2026-06-14T21:28:03.582+0000] {logging_mixin.py:188} INFO - [2026-06-14T21:28:03.582+0000] {dag.py:3089} INFO - Sync 1 DAGs
[2026-06-14T21:28:03.610+0000] {logging_mixin.py:188} INFO - [2026-06-14T21:28:03.610+0000] {dag.py:3947} INFO - Setting next_dagrun for example_bash_operator to 2026-06-13 00:00:00+00:00, run_after=2026-06-14 00:00:00+00:00
[2026-06-14T21:28:03.631+0000] {processor.py:183} INFO - Processing /home/airflow/.local/lib/python3.12/site-packages/airflow/example_dags/example_bash_operator.py took 0.109 seconds
[2026-06-14T21:28:34.609+0000] {processor.py:161} INFO - Started process (PID=319) to work on /home/airflow/.local/lib/python3.12/site-packages/airflow/example_dags/example_bash_operator.py
[2026-06-14T21:28:34.611+0000] {processor.py:830} INFO - Processing file /home/airflow/.local/lib/python3.12/site-packages/airflow/example_dags/example_bash_operator.py for tasks to queue
[2026-06-14T21:28:34.618+0000] {logging_mixin.py:188} INFO - [2026-06-14T21:28:34.617+0000] {dagbag.py:545} INFO - Filling up the DagBag from /home/airflow/.local/lib/python3.12/site-packages/airflow/example_dags/example_bash_operator.py
[2026-06-14T21:28:34.642+0000] {processor.py:840} INFO - DAG(s) 'example_bash_operator' retrieved from /home/airflow/.local/lib/python3.12/site-packages/airflow/example_dags/example_bash_operator.py
[2026-06-14T21:28:34.701+0000] {logging_mixin.py:188} INFO - [2026-06-14T21:28:34.701+0000] {dag.py:3089} INFO - Sync 1 DAGs
[2026-06-14T21:28:34.751+0000] {logging_mixin.py:188} INFO - [2026-06-14T21:28:34.751+0000] {dag.py:3947} INFO - Setting next_dagrun for example_bash_operator to 2026-06-13 00:00:00+00:00, run_after=2026-06-14 00:00:00+00:00
[2026-06-14T21:28:34.783+0000] {processor.py:183} INFO - Processing /home/airflow/.local/lib/python3.12/site-packages/airflow/example_dags/example_bash_operator.py took 0.183 seconds
[2026-06-14T21:29:05.161+0000] {processor.py:161} INFO - Started process (PID=378) to work on /home/airflow/.local/lib/python3.12/site-packages/airflow/example_dags/example_bash_operator.py
[2026-06-14T21:29:05.163+0000] {processor.py:830} INFO - Processing file /home/airflow/.local/lib/python3.12/site-packages/airflow/example_dags/example_bash_operator.py for tasks to queue
[2026-06-14T21:29:05.166+0000] {logging_mixin.py:188} INFO - [2026-06-14T21:29:05.166+0000] {dagbag.py:545} INFO - Filling up the DagBag from /home/airflow/.local/lib/python3.12/site-packages/airflow/example_dags/example_bash_operator.py
[2026-06-14T21:29:05.187+0000] {processor.py:840} INFO - DAG(s) 'example_bash_operator' retrieved from /home/airflow/.local/lib/python3.12/site-packages/airflow/example_dags/example_bash_operator.py
[2026-06-14T21:29:05.232+0000] {logging_mixin.py:188} INFO - [2026-06-14T21:29:05.231+0000] {dag.py:3089} INFO - Sync 1 DAGs
[2026-06-14T21:29:05.279+0000] {logging_mixin.py:188} INFO - [2026-06-14T21:29:05.279+0000] {dag.py:3947} INFO - Setting next_dagrun for example_bash_operator to 2026-06-13 00:00:00+00:00, run_after=2026-06-14 00:00:00+00:00
[2026-06-14T21:29:05.357+0000] {processor.py:183} INFO - Processing /home/airflow/.local/lib/python3.12/site-packages/airflow/example_dags/example_bash_operator.py took 0.206 seconds
[2026-06-14T21:29:35.820+0000] {processor.py:161} INFO - Started process (PID=437) to work on /home/airflow/.local/lib/python3.12/site-packages/airflow/example_dags/example_bash_operator.py
[2026-06-14T21:29:35.821+0000] {processor.py:830} INFO - Processing file /home/airflow/.local/lib/python3.12/site-packages/airflow/example_dags/example_bash_operator.py for tasks to queue
[2026-06-14T21:29:35.824+0000] {logging_mixin.py:188} INFO - [2026-06-14T21:29:35.824+0000] {dagbag.py:545} INFO - Filling up the DagBag from /home/airflow/.local/lib/python3.12/site-packages/airflow/example_dags/example_bash_operator.py
[2026-06-14T21:29:35.837+0000] {processor.py:840} INFO - DAG(s) 'example_bash_operator' retrieved from /home/airflow/.local/lib/python3.12/site-packages/airflow/example_dags/example_bash_operator.py
[2026-06-14T21:29:35.869+0000] {logging_mixin.py:188} INFO - [2026-06-14T21:29:35.868+0000] {dag.py:3089} INFO - Sync 1 DAGs
[2026-06-14T21:29:35.893+0000] {logging_mixin.py:188} INFO - [2026-06-14T21:29:35.893+0000] {dag.py:3947} INFO - Setting next_dagrun for example_bash_operator to 2026-06-13 00:00:00+00:00, run_after=2026-06-14 00:00:00+00:00
[2026-06-14T21:29:35.964+0000] {processor.py:183} INFO - Processing /home/airflow/.local/lib/python3.12/site-packages/airflow/example_dags/example_bash_operator.py took 0.153 seconds
[2026-06-14T21:30:06.550+0000] {processor.py:161} INFO - Started process (PID=495) to work on /home/airflow/.local/lib/python3.12/site-packages/airflow/example_dags/example_bash_operator.py
[2026-06-14T21:30:06.551+0000] {processor.py:830} INFO - Processing file /home/airflow/.local/lib/python3.12/site-packages/airflow/example_dags/example_bash_operator.py for tasks to queue
[2026-06-14T21:30:06.552+0000] {logging_mixin.py:188} INFO - [2026-06-14T21:30:06.552+0000] {dagbag.py:545} INFO - Filling up the DagBag from /home/airflow/.local/lib/python3.12/site-packages/airflow/example_dags/example_bash_operator.py
[2026-06-14T21:30:06.565+0000] {processor.py:840} INFO - DAG(s) 'example_bash_operator' retrieved from /home/airflow/.local/lib/python3.12/site-packages/airflow/example_dags/example_bash_operator.py
[2026-06-14T21:30:06.602+0000] {logging_mixin.py:188} INFO - [2026-06-14T21:30:06.601+0000] {dag.py:3089} INFO - Sync 1 DAGs
[2026-06-14T21:30:06.642+0000] {logging_mixin.py:188} INFO - [2026-06-14T21:30:06.642+0000] {dag.py:3947} INFO - Setting next_dagrun for example_bash_operator to 2026-06-13 00:00:00+00:00, run_after=2026-06-14 00:00:00+00:00
[2026-06-14T21:30:06.664+0000] {processor.py:183} INFO - Processing /home/airflow/.local/lib/python3.12/site-packages/airflow/example_dags/example_bash_operator.py took 0.121 seconds
[2026-06-14T21:30:37.175+0000] {processor.py:161} INFO - Started process (PID=553) to work on /home/airflow/.local/lib/python3.12/site-packages/airflow/example_dags/example_bash_operator.py
[2026-06-14T21:30:37.176+0000] {processor.py:830} INFO - Processing file /home/airflow/.local/lib/python3.12/site-packages/airflow/example_dags/example_bash_operator.py for tasks to queue
[2026-06-14T21:30:37.178+0000] {logging_mixin.py:188} INFO - [2026-06-14T21:30:37.178+0000] {dagbag.py:545} INFO - Filling up the DagBag from /home/airflow/.local/lib/python3.12/site-packages/airflow/example_dags/example_bash_operator.py
[2026-06-14T21:30:37.195+0000] {processor.py:840} INFO - DAG(s) 'example_bash_operator' retrieved from /home/airflow/.local/lib/python3.12/site-packages/airflow/example_dags/example_bash_operator.py
[2026-06-14T21:30:37.237+0000] {logging_mixin.py:188} INFO - [2026-06-14T21:30:37.236+0000] {dag.py:3089} INFO - Sync 1 DAGs
[2026-06-14T21:30:37.264+0000] {logging_mixin.py:188} INFO - [2026-06-14T21:30:37.264+0000] {dag.py:3947} INFO - Setting next_dagrun for example_bash_operator to 2026-06-13 00:00:00+00:00, run_after=2026-06-14 00:00:00+00:00
[2026-06-14T21:30:37.336+0000] {processor.py:183} INFO - Processing /home/airflow/.local/lib/python3.12/site-packages/airflow/example_dags/example_bash_operator.py took 0.169 seconds
[2026-06-14T21:31:07.389+0000] {processor.py:161} INFO - Started process (PID=611) to work on /home/airflow/.local/lib/python3.12/site-packages/airflow/example_dags/example_bash_operator.py
[2026-06-14T21:31:07.390+0000] {processor.py:830} INFO - Processing file /home/airflow/.local/lib/python3.12/site-packages/airflow/example_dags/example_bash_operator.py for tasks to queue
[2026-06-14T21:31:07.391+0000] {logging_mixin.py:188} INFO - [2026-06-14T21:31:07.391+0000] {dagbag.py:545} INFO - Filling up the DagBag from /home/airflow/.local/lib/python3.12/site-packages/airflow/example_dags/example_bash_operator.py
[2026-06-14T21:31:07.406+0000] {processor.py:840} INFO - DAG(s) 'example_bash_operator' retrieved from /home/airflow/.local/lib/python3.12/site-packages/airflow/example_dags/example_bash_operator.py
[2026-06-14T21:31:07.450+0000] {logging_mixin.py:188} INFO - [2026-06-14T21:31:07.449+0000] {dag.py:3089} INFO - Sync 1 DAGs
[2026-06-14T21:31:07.490+0000] {logging_mixin.py:188} INFO - [2026-06-14T21:31:07.489+0000] {dag.py:3947} INFO - Setting next_dagrun for example_bash_operator to 2026-06-13 00:00:00+00:00, run_after=2026-06-14 00:00:00+00:00
[2026-06-14T21:31:07.545+0000] {processor.py:183} INFO - Processing /home/airflow/.local/lib/python3.12/site-packages/airflow/example_dags/example_bash_operator.py took 0.164 seconds
[2026-06-14T21:31:37.924+0000] {processor.py:161} INFO - Started process (PID=669) to work on /home/airflow/.local/lib/python3.12/site-packages/airflow/example_dags/example_bash_operator.py
[2026-06-14T21:31:37.925+0000] {processor.py:830} INFO - Processing file /home/airflow/.local/lib/python3.12/site-packages/airflow/example_dags/example_bash_operator.py for tasks to queue
[2026-06-14T21:31:37.926+0000] {logging_mixin.py:188} INFO - [2026-06-14T21:31:37.926+0000] {dagbag.py:545} INFO - Filling up the DagBag from /home/airflow/.local/lib/python3.12/site-packages/airflow/example_dags/example_bash_operator.py
[2026-06-14T21:31:37.940+0000] {processor.py:840} INFO - DAG(s) 'example_bash_operator' retrieved from /home/airflow/.local/lib/python3.12/site-packages/airflow/example_dags/example_bash_operator.py
[2026-06-14T21:31:37.985+0000] {logging_mixin.py:188} INFO - [2026-06-14T21:31:37.985+0000] {dag.py:3089} INFO - Sync 1 DAGs
[2026-06-14T21:31:38.028+0000] {logging_mixin.py:188} INFO - [2026-06-14T21:31:38.027+0000] {dag.py:3947} INFO - Setting next_dagrun for example_bash_operator to 2026-06-13 00:00:00+00:00, run_after=2026-06-14 00:00:00+00:00
[2026-06-14T21:31:38.054+0000] {processor.py:183} INFO - Processing /home/airflow/.local/lib/python3.12/site-packages/airflow/example_dags/example_bash_operator.py took 0.137 seconds
[2026-06-14T21:32:08.243+0000] {processor.py:161} INFO - Started process (PID=726) to work on /home/airflow/.local/lib/python3.12/site-packages/airflow/example_dags/example_bash_operator.py
[2026-06-14T21:32:08.245+0000] {processor.py:830} INFO - Processing file /home/airflow/.local/lib/python3.12/site-packages/airflow/example_dags/example_bash_operator.py for tasks to queue
[2026-06-14T21:32:08.247+0000] {logging_mixin.py:188} INFO - [2026-06-14T21:32:08.247+0000] {dagbag.py:545} INFO - Filling up the DagBag from /home/airflow/.local/lib/python3.12/site-packages/airflow/example_dags/example_bash_operator.py
[2026-06-14T21:32:08.270+0000] {processor.py:840} INFO - DAG(s) 'example_bash_operator' retrieved from /home/airflow/.local/lib/python3.12/site-packages/airflow/example_dags/example_bash_operator.py
[2026-06-14T21:32:08.351+0000] {logging_mixin.py:188} INFO - [2026-06-14T21:32:08.350+0000] {dag.py:3089} INFO - Sync 1 DAGs
[2026-06-14T21:32:08.400+0000] {logging_mixin.py:188} INFO - [2026-06-14T21:32:08.399+0000] {dag.py:3947} INFO - Setting next_dagrun for example_bash_operator to 2026-06-13 00:00:00+00:00, run_after=2026-06-14 00:00:00+00:00
[2026-06-14T21:32:08.444+0000] {processor.py:183} INFO - Processing /home/airflow/.local/lib/python3.12/site-packages/airflow/example_dags/example_bash_operator.py took 0.210 seconds
[2026-06-14T21:40:00.390+0000] {processor.py:161} INFO - Started process (PID=84) to work on /home/airflow/.local/lib/python3.12/site-packages/airflow/example_dags/example_bash_operator.py
[2026-06-14T21:40:00.392+0000] {processor.py:830} INFO - Processing file /home/airflow/.local/lib/python3.12/site-packages/airflow/example_dags/example_bash_operator.py for tasks to queue
[2026-06-14T21:40:00.396+0000] {logging_mixin.py:188} INFO - [2026-06-14T21:40:00.395+0000] {dagbag.py:545} INFO - Filling up the DagBag from /home/airflow/.local/lib/python3.12/site-packages/airflow/example_dags/example_bash_operator.py
[2026-06-14T21:40:00.423+0000] {processor.py:840} INFO - DAG(s) 'example_bash_operator' retrieved from /home/airflow/.local/lib/python3.12/site-packages/airflow/example_dags/example_bash_operator.py
[2026-06-14T21:40:00.622+0000] {logging_mixin.py:188} INFO - [2026-06-14T21:40:00.622+0000] {dag.py:3089} INFO - Sync 1 DAGs
[2026-06-14T21:40:00.652+0000] {logging_mixin.py:188} INFO - [2026-06-14T21:40:00.651+0000] {dag.py:3947} INFO - Setting next_dagrun for example_bash_operator to 2026-06-13 00:00:00+00:00, run_after=2026-06-14 00:00:00+00:00
[2026-06-14T21:40:00.685+0000] {processor.py:183} INFO - Processing /home/airflow/.local/lib/python3.12/site-packages/airflow/example_dags/example_bash_operator.py took 0.308 seconds
[2026-06-14T21:40:31.297+0000] {processor.py:161} INFO - Started process (PID=143) to work on /home/airflow/.local/lib/python3.12/site-packages/airflow/example_dags/example_bash_operator.py
[2026-06-14T21:40:31.299+0000] {processor.py:830} INFO - Processing file /home/airflow/.local/lib/python3.12/site-packages/airflow/example_dags/example_bash_operator.py for tasks to queue
[2026-06-14T21:40:31.307+0000] {logging_mixin.py:188} INFO - [2026-06-14T21:40:31.306+0000] {dagbag.py:545} INFO - Filling up the DagBag from /home/airflow/.local/lib/python3.12/site-packages/airflow/example_dags/example_bash_operator.py
[2026-06-14T21:40:31.340+0000] {processor.py:840} INFO - DAG(s) 'example_bash_operator' retrieved from /home/airflow/.local/lib/python3.12/site-packages/airflow/example_dags/example_bash_operator.py
[2026-06-14T21:40:31.447+0000] {logging_mixin.py:188} INFO - [2026-06-14T21:40:31.446+0000] {dag.py:3089} INFO - Sync 1 DAGs
[2026-06-14T21:40:31.563+0000] {logging_mixin.py:188} INFO - [2026-06-14T21:40:31.562+0000] {dag.py:3947} INFO - Setting next_dagrun for example_bash_operator to 2026-06-13 00:00:00+00:00, run_after=2026-06-14 00:00:00+00:00
[2026-06-14T21:40:31.619+0000] {processor.py:183} INFO - Processing /home/airflow/.local/lib/python3.12/site-packages/airflow/example_dags/example_bash_operator.py took 0.345 seconds
[2026-06-14T21:41:01.832+0000] {processor.py:161} INFO - Started process (PID=202) to work on /home/airflow/.local/lib/python3.12/site-packages/airflow/example_dags/example_bash_operator.py
[2026-06-14T21:41:01.834+0000] {processor.py:830} INFO - Processing file /home/airflow/.local/lib/python3.12/site-packages/airflow/example_dags/example_bash_operator.py for tasks to queue
[2026-06-14T21:41:01.838+0000] {logging_mixin.py:188} INFO - [2026-06-14T21:41:01.837+0000] {dagbag.py:545} INFO - Filling up the DagBag from /home/airflow/.local/lib/python3.12/site-packages/airflow/example_dags/example_bash_operator.py
[2026-06-14T21:41:01.856+0000] {processor.py:840} INFO - DAG(s) 'example_bash_operator' retrieved from /home/airflow/.local/lib/python3.12/site-packages/airflow/example_dags/example_bash_operator.py
[2026-06-14T21:41:01.902+0000] {logging_mixin.py:188} INFO - [2026-06-14T21:41:01.901+0000] {dag.py:3089} INFO - Sync 1 DAGs
[2026-06-14T21:41:01.946+0000] {logging_mixin.py:188} INFO - [2026-06-14T21:41:01.946+0000] {dag.py:3947} INFO - Setting next_dagrun for example_bash_operator to 2026-06-13 00:00:00+00:00, run_after=2026-06-14 00:00:00+00:00
[2026-06-14T21:41:01.980+0000] {processor.py:183} INFO - Processing /home/airflow/.local/lib/python3.12/site-packages/airflow/example_dags/example_bash_operator.py took 0.158 seconds
[2026-06-14T21:41:32.509+0000] {processor.py:161} INFO - Started process (PID=261) to work on /home/airflow/.local/lib/python3.12/site-packages/airflow/example_dags/example_bash_operator.py
[2026-06-14T21:41:32.510+0000] {processor.py:830} INFO - Processing file /home/airflow/.local/lib/python3.12/site-packages/airflow/example_dags/example_bash_operator.py for tasks to queue
[2026-06-14T21:41:32.515+0000] {logging_mixin.py:188} INFO - [2026-06-14T21:41:32.514+0000] {dagbag.py:545} INFO - Filling up the DagBag from /home/airflow/.local/lib/python3.12/site-packages/airflow/example_dags/example_bash_operator.py
[2026-06-14T21:41:32.534+0000] {processor.py:840} INFO - DAG(s) 'example_bash_operator' retrieved from /home/airflow/.local/lib/python3.12/site-packages/airflow/example_dags/example_bash_operator.py
[2026-06-14T21:41:32.579+0000] {logging_mixin.py:188} INFO - [2026-06-14T21:41:32.579+0000] {dag.py:3089} INFO - Sync 1 DAGs
[2026-06-14T21:41:32.634+0000] {logging_mixin.py:188} INFO - [2026-06-14T21:41:32.634+0000] {dag.py:3947} INFO - Setting next_dagrun for example_bash_operator to 2026-06-13 00:00:00+00:00, run_after=2026-06-14 00:00:00+00:00
[2026-06-14T21:41:32.711+0000] {processor.py:183} INFO - Processing /home/airflow/.local/lib/python3.12/site-packages/airflow/example_dags/example_bash_operator.py took 0.214 seconds
[2026-06-14T21:42:03.503+0000] {processor.py:161} INFO - Started process (PID=320) to work on /home/airflow/.local/lib/python3.12/site-packages/airflow/example_dags/example_bash_operator.py
[2026-06-14T21:42:03.506+0000] {processor.py:830} INFO - Processing file /home/airflow/.local/lib/python3.12/site-packages/airflow/example_dags/example_bash_operator.py for tasks to queue
[2026-06-14T21:42:03.510+0000] {logging_mixin.py:188} INFO - [2026-06-14T21:42:03.509+0000] {dagbag.py:545} INFO - Filling up the DagBag from /home/airflow/.local/lib/python3.12/site-packages/airflow/example_dags/example_bash_operator.py
[2026-06-14T21:42:03.531+0000] {processor.py:840} INFO - DAG(s) 'example_bash_operator' retrieved from /home/airflow/.local/lib/python3.12/site-packages/airflow/example_dags/example_bash_operator.py
[2026-06-14T21:42:03.584+0000] {logging_mixin.py:188} INFO - [2026-06-14T21:42:03.584+0000] {dag.py:3089} INFO - Sync 1 DAGs
[2026-06-14T21:42:03.620+0000] {logging_mixin.py:188} INFO - [2026-06-14T21:42:03.619+0000] {dag.py:3947} INFO - Setting next_dagrun for example_bash_operator to 2026-06-13 00:00:00+00:00, run_after=2026-06-14 00:00:00+00:00
[2026-06-14T21:42:03.647+0000] {processor.py:183} INFO - Processing /home/airflow/.local/lib/python3.12/site-packages/airflow/example_dags/example_bash_operator.py took 0.156 seconds
[2026-06-14T21:42:34.319+0000] {processor.py:161} INFO - Started process (PID=379) to work on /home/airflow/.local/lib/python3.12/site-packages/airflow/example_dags/example_bash_operator.py
[2026-06-14T21:42:34.321+0000] {processor.py:830} INFO - Processing file /home/airflow/.local/lib/python3.12/site-packages/airflow/example_dags/example_bash_operator.py for tasks to queue
[2026-06-14T21:42:34.325+0000] {logging_mixin.py:188} INFO - [2026-06-14T21:42:34.325+0000] {dagbag.py:545} INFO - Filling up the DagBag from /home/airflow/.local/lib/python3.12/site-packages/airflow/example_dags/example_bash_operator.py
[2026-06-14T21:42:34.344+0000] {processor.py:840} INFO - DAG(s) 'example_bash_operator' retrieved from /home/airflow/.local/lib/python3.12/site-packages/airflow/example_dags/example_bash_operator.py
[2026-06-14T21:42:34.393+0000] {logging_mixin.py:188} INFO - [2026-06-14T21:42:34.393+0000] {dag.py:3089} INFO - Sync 1 DAGs
[2026-06-14T21:42:34.431+0000] {logging_mixin.py:188} INFO - [2026-06-14T21:42:34.431+0000] {dag.py:3947} INFO - Setting next_dagrun for example_bash_operator to 2026-06-13 00:00:00+00:00, run_after=2026-06-14 00:00:00+00:00
[2026-06-14T21:42:34.478+0000] {processor.py:183} INFO - Processing /home/airflow/.local/lib/python3.12/site-packages/airflow/example_dags/example_bash_operator.py took 0.170 seconds
[2026-06-14T21:43:04.707+0000] {processor.py:161} INFO - Started process (PID=438) to work on /home/airflow/.local/lib/python3.12/site-packages/airflow/example_dags/example_bash_operator.py
[2026-06-14T21:43:04.710+0000] {processor.py:830} INFO - Processing file /home/airflow/.local/lib/python3.12/site-packages/airflow/example_dags/example_bash_operator.py for tasks to queue
[2026-06-14T21:43:04.715+0000] {logging_mixin.py:188} INFO - [2026-06-14T21:43:04.714+0000] {dagbag.py:545} INFO - Filling up the DagBag from /home/airflow/.local/lib/python3.12/site-packages/airflow/example_dags/example_bash_operator.py
[2026-06-14T21:43:04.739+0000] {processor.py:840} INFO - DAG(s) 'example_bash_operator' retrieved from /home/airflow/.local/lib/python3.12/site-packages/airflow/example_dags/example_bash_operator.py
[2026-06-14T21:43:04.790+0000] {logging_mixin.py:188} INFO - [2026-06-14T21:43:04.790+0000] {dag.py:3089} INFO - Sync 1 DAGs
[2026-06-14T21:43:04.826+0000] {logging_mixin.py:188} INFO - [2026-06-14T21:43:04.826+0000] {dag.py:3947} INFO - Setting next_dagrun for example_bash_operator to 2026-06-13 00:00:00+00:00, run_after=2026-06-14 00:00:00+00:00
[2026-06-14T21:43:04.862+0000] {processor.py:183} INFO - Processing /home/airflow/.local/lib/python3.12/site-packages/airflow/example_dags/example_bash_operator.py took 0.167 seconds
[2026-06-14T21:43:35.741+0000] {processor.py:161} INFO - Started process (PID=497) to work on /home/airflow/.local/lib/python3.12/site-packages/airflow/example_dags/example_bash_operator.py
[2026-06-14T21:43:35.742+0000] {processor.py:830} INFO - Processing file /home/airflow/.local/lib/python3.12/site-packages/airflow/example_dags/example_bash_operator.py for tasks to queue
[2026-06-14T21:43:35.744+0000] {logging_mixin.py:188} INFO - [2026-06-14T21:43:35.744+0000] {dagbag.py:545} INFO - Filling up the DagBag from /home/airflow/.local/lib/python3.12/site-packages/airflow/example_dags/example_bash_operator.py
[2026-06-14T21:43:35.756+0000] {processor.py:840} INFO - DAG(s) 'example_bash_operator' retrieved from /home/airflow/.local/lib/python3.12/site-packages/airflow/example_dags/example_bash_operator.py
[2026-06-14T21:43:35.801+0000] {logging_mixin.py:188} INFO - [2026-06-14T21:43:35.800+0000] {dag.py:3089} INFO - Sync 1 DAGs
[2026-06-14T21:43:35.834+0000] {logging_mixin.py:188} INFO - [2026-06-14T21:43:35.834+0000] {dag.py:3947} INFO - Setting next_dagrun for example_bash_operator to 2026-06-13 00:00:00+00:00, run_after=2026-06-14 00:00:00+00:00
[2026-06-14T21:43:35.864+0000] {processor.py:183} INFO - Processing /home/airflow/.local/lib/python3.12/site-packages/airflow/example_dags/example_bash_operator.py took 0.130 seconds
[2026-06-14T21:44:06.544+0000] {processor.py:161} INFO - Started process (PID=556) to work on /home/airflow/.local/lib/python3.12/site-packages/airflow/example_dags/example_bash_operator.py
[2026-06-14T21:44:06.545+0000] {processor.py:830} INFO - Processing file /home/airflow/.local/lib/python3.12/site-packages/airflow/example_dags/example_bash_operator.py for tasks to queue
[2026-06-14T21:44:06.548+0000] {logging_mixin.py:188} INFO - [2026-06-14T21:44:06.547+0000] {dagbag.py:545} INFO - Filling up the DagBag from /home/airflow/.local/lib/python3.12/site-packages/airflow/example_dags/example_bash_operator.py
[2026-06-14T21:44:06.564+0000] {processor.py:840} INFO - DAG(s) 'example_bash_operator' retrieved from /home/airflow/.local/lib/python3.12/site-packages/airflow/example_dags/example_bash_operator.py
[2026-06-14T21:44:06.602+0000] {logging_mixin.py:188} INFO - [2026-06-14T21:44:06.602+0000] {dag.py:3089} INFO - Sync 1 DAGs
[2026-06-14T21:44:06.631+0000] {logging_mixin.py:188} INFO - [2026-06-14T21:44:06.631+0000] {dag.py:3947} INFO - Setting next_dagrun for example_bash_operator to 2026-06-13 00:00:00+00:00, run_after=2026-06-14 00:00:00+00:00
[2026-06-14T21:44:06.659+0000] {processor.py:183} INFO - Processing /home/airflow/.local/lib/python3.12/site-packages/airflow/example_dags/example_bash_operator.py took 0.124 seconds
[2026-06-14T21:44:36.740+0000] {processor.py:161} INFO - Started process (PID=614) to work on /home/airflow/.local/lib/python3.12/site-packages/airflow/example_dags/example_bash_operator.py
[2026-06-14T21:44:36.742+0000] {processor.py:830} INFO - Processing file /home/airflow/.local/lib/python3.12/site-packages/airflow/example_dags/example_bash_operator.py for tasks to queue
[2026-06-14T21:44:36.745+0000] {logging_mixin.py:188} INFO - [2026-06-14T21:44:36.745+0000] {dagbag.py:545} INFO - Filling up the DagBag from /home/airflow/.local/lib/python3.12/site-packages/airflow/example_dags/example_bash_operator.py
[2026-06-14T21:44:36.764+0000] {processor.py:840} INFO - DAG(s) 'example_bash_operator' retrieved from /home/airflow/.local/lib/python3.12/site-packages/airflow/example_dags/example_bash_operator.py
[2026-06-14T21:44:36.801+0000] {logging_mixin.py:188} INFO - [2026-06-14T21:44:36.801+0000] {dag.py:3089} INFO - Sync 1 DAGs
[2026-06-14T21:44:36.835+0000] {logging_mixin.py:188} INFO - [2026-06-14T21:44:36.835+0000] {dag.py:3947} INFO - Setting next_dagrun for example_bash_operator to 2026-06-13 00:00:00+00:00, run_after=2026-06-14 00:00:00+00:00
[2026-06-14T21:44:36.876+0000] {processor.py:183} INFO - Processing /home/airflow/.local/lib/python3.12/site-packages/airflow/example_dags/example_bash_operator.py took 0.145 seconds
[2026-06-14T21:45:07.350+0000] {processor.py:161} INFO - Started process (PID=673) to work on /home/airflow/.local/lib/python3.12/site-packages/airflow/example_dags/example_bash_operator.py
[2026-06-14T21:45:07.351+0000] {processor.py:830} INFO - Processing file /home/airflow/.local/lib/python3.12/site-packages/airflow/example_dags/example_bash_operator.py for tasks to queue
[2026-06-14T21:45:07.353+0000] {logging_mixin.py:188} INFO - [2026-06-14T21:45:07.353+0000] {dagbag.py:545} INFO - Filling up the DagBag from /home/airflow/.local/lib/python3.12/site-packages/airflow/example_dags/example_bash_operator.py
[2026-06-14T21:45:07.365+0000] {processor.py:840} INFO - DAG(s) 'example_bash_operator' retrieved from /home/airflow/.local/lib/python3.12/site-packages/airflow/example_dags/example_bash_operator.py
[2026-06-14T21:45:07.393+0000] {logging_mixin.py:188} INFO - [2026-06-14T21:45:07.393+0000] {dag.py:3089} INFO - Sync 1 DAGs
[2026-06-14T21:45:07.416+0000] {logging_mixin.py:188} INFO - [2026-06-14T21:45:07.416+0000] {dag.py:3947} INFO - Setting next_dagrun for example_bash_operator to 2026-06-13 00:00:00+00:00, run_after=2026-06-14 00:00:00+00:00
[2026-06-14T21:45:07.450+0000] {processor.py:183} INFO - Processing /home/airflow/.local/lib/python3.12/site-packages/airflow/example_dags/example_bash_operator.py took 0.106 seconds
[2026-06-14T21:45:37.851+0000] {processor.py:161} INFO - Started process (PID=732) to work on /home/airflow/.local/lib/python3.12/site-packages/airflow/example_dags/example_bash_operator.py
[2026-06-14T21:45:37.853+0000] {processor.py:830} INFO - Processing file /home/airflow/.local/lib/python3.12/site-packages/airflow/example_dags/example_bash_operator.py for tasks to queue
[2026-06-14T21:45:37.856+0000] {logging_mixin.py:188} INFO - [2026-06-14T21:45:37.856+0000] {dagbag.py:545} INFO - Filling up the DagBag from /home/airflow/.local/lib/python3.12/site-packages/airflow/example_dags/example_bash_operator.py
[2026-06-14T21:45:37.875+0000] {processor.py:840} INFO - DAG(s) 'example_bash_operator' retrieved from /home/airflow/.local/lib/python3.12/site-packages/airflow/example_dags/example_bash_operator.py
[2026-06-14T21:45:37.906+0000] {logging_mixin.py:188} INFO - [2026-06-14T21:45:37.906+0000] {dag.py:3089} INFO - Sync 1 DAGs
[2026-06-14T21:45:37.933+0000] {logging_mixin.py:188} INFO - [2026-06-14T21:45:37.932+0000] {dag.py:3947} INFO - Setting next_dagrun for example_bash_operator to 2026-06-13 00:00:00+00:00, run_after=2026-06-14 00:00:00+00:00
[2026-06-14T21:45:37.957+0000] {processor.py:183} INFO - Processing /home/airflow/.local/lib/python3.12/site-packages/airflow/example_dags/example_bash_operator.py took 0.115 seconds
[2026-06-14T21:46:08.612+0000] {processor.py:161} INFO - Started process (PID=791) to work on /home/airflow/.local/lib/python3.12/site-packages/airflow/example_dags/example_bash_operator.py
[2026-06-14T21:46:08.614+0000] {processor.py:830} INFO - Processing file /home/airflow/.local/lib/python3.12/site-packages/airflow/example_dags/example_bash_operator.py for tasks to queue
[2026-06-14T21:46:08.617+0000] {logging_mixin.py:188} INFO - [2026-06-14T21:46:08.617+0000] {dagbag.py:545} INFO - Filling up the DagBag from /home/airflow/.local/lib/python3.12/site-packages/airflow/example_dags/example_bash_operator.py
[2026-06-14T21:46:08.639+0000] {processor.py:840} INFO - DAG(s) 'example_bash_operator' retrieved from /home/airflow/.local/lib/python3.12/site-packages/airflow/example_dags/example_bash_operator.py
[2026-06-14T21:46:08.688+0000] {logging_mixin.py:188} INFO - [2026-06-14T21:46:08.687+0000] {dag.py:3089} INFO - Sync 1 DAGs
[2026-06-14T21:46:08.725+0000] {logging_mixin.py:188} INFO - [2026-06-14T21:46:08.724+0000] {dag.py:3947} INFO - Setting next_dagrun for example_bash_operator to 2026-06-13 00:00:00+00:00, run_after=2026-06-14 00:00:00+00:00
[2026-06-14T21:46:08.789+0000] {processor.py:183} INFO - Processing /home/airflow/.local/lib/python3.12/site-packages/airflow/example_dags/example_bash_operator.py took 0.189 seconds
[2026-06-14T21:46:39.222+0000] {processor.py:161} INFO - Started process (PID=850) to work on /home/airflow/.local/lib/python3.12/site-packages/airflow/example_dags/example_bash_operator.py
[2026-06-14T21:46:39.224+0000] {processor.py:830} INFO - Processing file /home/airflow/.local/lib/python3.12/site-packages/airflow/example_dags/example_bash_operator.py for tasks to queue
[2026-06-14T21:46:39.228+0000] {logging_mixin.py:188} INFO - [2026-06-14T21:46:39.227+0000] {dagbag.py:545} INFO - Filling up the DagBag from /home/airflow/.local/lib/python3.12/site-packages/airflow/example_dags/example_bash_operator.py
[2026-06-14T21:46:39.246+0000] {processor.py:840} INFO - DAG(s) 'example_bash_operator' retrieved from /home/airflow/.local/lib/python3.12/site-packages/airflow/example_dags/example_bash_operator.py
[2026-06-14T21:46:39.304+0000] {logging_mixin.py:188} INFO - [2026-06-14T21:46:39.304+0000] {dag.py:3089} INFO - Sync 1 DAGs
[2026-06-14T21:46:39.342+0000] {logging_mixin.py:188} INFO - [2026-06-14T21:46:39.341+0000] {dag.py:3947} INFO - Setting next_dagrun for example_bash_operator to 2026-06-13 00:00:00+00:00, run_after=2026-06-14 00:00:00+00:00
[2026-06-14T21:46:39.390+0000] {processor.py:183} INFO - Processing /home/airflow/.local/lib/python3.12/site-packages/airflow/example_dags/example_bash_operator.py took 0.179 seconds
[2026-06-14T21:47:09.873+0000] {processor.py:161} INFO - Started process (PID=909) to work on /home/airflow/.local/lib/python3.12/site-packages/airflow/example_dags/example_bash_operator.py
[2026-06-14T21:47:09.876+0000] {processor.py:830} INFO - Processing file /home/airflow/.local/lib/python3.12/site-packages/airflow/example_dags/example_bash_operator.py for tasks to queue
[2026-06-14T21:47:09.882+0000] {logging_mixin.py:188} INFO - [2026-06-14T21:47:09.881+0000] {dagbag.py:545} INFO - Filling up the DagBag from /home/airflow/.local/lib/python3.12/site-packages/airflow/example_dags/example_bash_operator.py
[2026-06-14T21:47:09.915+0000] {processor.py:840} INFO - DAG(s) 'example_bash_operator' retrieved from /home/airflow/.local/lib/python3.12/site-packages/airflow/example_dags/example_bash_operator.py
[2026-06-14T21:47:10.031+0000] {logging_mixin.py:188} INFO - [2026-06-14T21:47:10.030+0000] {dag.py:3089} INFO - Sync 1 DAGs
[2026-06-14T21:47:10.100+0000] {logging_mixin.py:188} INFO - [2026-06-14T21:47:10.099+0000] {dag.py:3947} INFO - Setting next_dagrun for example_bash_operator to 2026-06-13 00:00:00+00:00, run_after=2026-06-14 00:00:00+00:00
[2026-06-14T21:47:10.151+0000] {processor.py:183} INFO - Processing /home/airflow/.local/lib/python3.12/site-packages/airflow/example_dags/example_bash_operator.py took 0.293 seconds
[2026-06-14T21:47:40.230+0000] {processor.py:161} INFO - Started process (PID=969) to work on /home/airflow/.local/lib/python3.12/site-packages/airflow/example_dags/example_bash_operator.py
[2026-06-14T21:47:40.232+0000] {processor.py:830} INFO - Processing file /home/airflow/.local/lib/python3.12/site-packages/airflow/example_dags/example_bash_operator.py for tasks to queue
[2026-06-14T21:47:40.235+0000] {logging_mixin.py:188} INFO - [2026-06-14T21:47:40.235+0000] {dagbag.py:545} INFO - Filling up the DagBag from /home/airflow/.local/lib/python3.12/site-packages/airflow/example_dags/example_bash_operator.py
[2026-06-14T21:47:40.254+0000] {processor.py:840} INFO - DAG(s) 'example_bash_operator' retrieved from /home/airflow/.local/lib/python3.12/site-packages/airflow/example_dags/example_bash_operator.py
[2026-06-14T21:47:40.301+0000] {logging_mixin.py:188} INFO - [2026-06-14T21:47:40.301+0000] {dag.py:3089} INFO - Sync 1 DAGs
[2026-06-14T21:47:40.335+0000] {logging_mixin.py:188} INFO - [2026-06-14T21:47:40.335+0000] {dag.py:3947} INFO - Setting next_dagrun for example_bash_operator to 2026-06-13 00:00:00+00:00, run_after=2026-06-14 00:00:00+00:00
[2026-06-14T21:47:40.362+0000] {processor.py:183} INFO - Processing /home/airflow/.local/lib/python3.12/site-packages/airflow/example_dags/example_bash_operator.py took 0.140 seconds
[2026-06-14T21:48:10.848+0000] {processor.py:161} INFO - Started process (PID=1026) to work on /home/airflow/.local/lib/python3.12/site-packages/airflow/example_dags/example_bash_operator.py
[2026-06-14T21:48:10.850+0000] {processor.py:830} INFO - Processing file /home/airflow/.local/lib/python3.12/site-packages/airflow/example_dags/example_bash_operator.py for tasks to queue
[2026-06-14T21:48:10.854+0000] {logging_mixin.py:188} INFO - [2026-06-14T21:48:10.853+0000] {dagbag.py:545} INFO - Filling up the DagBag from /home/airflow/.local/lib/python3.12/site-packages/airflow/example_dags/example_bash_operator.py
[2026-06-14T21:48:10.881+0000] {processor.py:840} INFO - DAG(s) 'example_bash_operator' retrieved from /home/airflow/.local/lib/python3.12/site-packages/airflow/example_dags/example_bash_operator.py
[2026-06-14T21:48:10.939+0000] {logging_mixin.py:188} INFO - [2026-06-14T21:48:10.938+0000] {dag.py:3089} INFO - Sync 1 DAGs
[2026-06-14T21:48:10.979+0000] {logging_mixin.py:188} INFO - [2026-06-14T21:48:10.979+0000] {dag.py:3947} INFO - Setting next_dagrun for example_bash_operator to 2026-06-13 00:00:00+00:00, run_after=2026-06-14 00:00:00+00:00
[2026-06-14T21:48:11.045+0000] {processor.py:183} INFO - Processing /home/airflow/.local/lib/python3.12/site-packages/airflow/example_dags/example_bash_operator.py took 0.209 seconds
[2026-06-14T21:48:41.271+0000] {processor.py:161} INFO - Started process (PID=1085) to work on /home/airflow/.local/lib/python3.12/site-packages/airflow/example_dags/example_bash_operator.py
[2026-06-14T21:48:41.273+0000] {processor.py:830} INFO - Processing file /home/airflow/.local/lib/python3.12/site-packages/airflow/example_dags/example_bash_operator.py for tasks to queue
[2026-06-14T21:48:41.277+0000] {logging_mixin.py:188} INFO - [2026-06-14T21:48:41.276+0000] {dagbag.py:545} INFO - Filling up the DagBag from /home/airflow/.local/lib/python3.12/site-packages/airflow/example_dags/example_bash_operator.py
[2026-06-14T21:48:41.303+0000] {processor.py:840} INFO - DAG(s) 'example_bash_operator' retrieved from /home/airflow/.local/lib/python3.12/site-packages/airflow/example_dags/example_bash_operator.py
[2026-06-14T21:48:41.425+0000] {logging_mixin.py:188} INFO - [2026-06-14T21:48:41.424+0000] {dag.py:3089} INFO - Sync 1 DAGs
[2026-06-14T21:48:41.473+0000] {logging_mixin.py:188} INFO - [2026-06-14T21:48:41.473+0000] {dag.py:3947} INFO - Setting next_dagrun for example_bash_operator to 2026-06-13 00:00:00+00:00, run_after=2026-06-14 00:00:00+00:00
[2026-06-14T21:48:41.525+0000] {processor.py:183} INFO - Processing /home/airflow/.local/lib/python3.12/site-packages/airflow/example_dags/example_bash_operator.py took 0.274 seconds
[2026-06-14T21:49:11.868+0000] {processor.py:161} INFO - Started process (PID=1143) to work on /home/airflow/.local/lib/python3.12/site-packages/airflow/example_dags/example_bash_operator.py
[2026-06-14T21:49:11.870+0000] {processor.py:830} INFO - Processing file /home/airflow/.local/lib/python3.12/site-packages/airflow/example_dags/example_bash_operator.py for tasks to queue
[2026-06-14T21:49:11.874+0000] {logging_mixin.py:188} INFO - [2026-06-14T21:49:11.873+0000] {dagbag.py:545} INFO - Filling up the DagBag from /home/airflow/.local/lib/python3.12/site-packages/airflow/example_dags/example_bash_operator.py
[2026-06-14T21:49:11.891+0000] {processor.py:840} INFO - DAG(s) 'example_bash_operator' retrieved from /home/airflow/.local/lib/python3.12/site-packages/airflow/example_dags/example_bash_operator.py
[2026-06-14T21:49:11.933+0000] {logging_mixin.py:188} INFO - [2026-06-14T21:49:11.933+0000] {dag.py:3089} INFO - Sync 1 DAGs
[2026-06-14T21:49:11.961+0000] {logging_mixin.py:188} INFO - [2026-06-14T21:49:11.961+0000] {dag.py:3947} INFO - Setting next_dagrun for example_bash_operator to 2026-06-13 00:00:00+00:00, run_after=2026-06-14 00:00:00+00:00
[2026-06-14T21:49:11.995+0000] {processor.py:183} INFO - Processing /home/airflow/.local/lib/python3.12/site-packages/airflow/example_dags/example_bash_operator.py took 0.134 seconds
