[2026-06-14T21:26:27.913+0000] {processor.py:161} INFO - Started process (PID=69) to work on /home/airflow/.local/lib/python3.12/site-packages/airflow/example_dags/example_bash_decorator.py
[2026-06-14T21:26:27.916+0000] {processor.py:830} INFO - Processing file /home/airflow/.local/lib/python3.12/site-packages/airflow/example_dags/example_bash_decorator.py for tasks to queue
[2026-06-14T21:26:27.920+0000] {logging_mixin.py:188} INFO - [2026-06-14T21:26:27.919+0000] {dagbag.py:545} INFO - Filling up the DagBag from /home/airflow/.local/lib/python3.12/site-packages/airflow/example_dags/example_bash_decorator.py
[2026-06-14T21:26:27.959+0000] {processor.py:840} INFO - DAG(s) 'example_bash_decorator' retrieved from /home/airflow/.local/lib/python3.12/site-packages/airflow/example_dags/example_bash_decorator.py
[2026-06-14T21:26:28.218+0000] {logging_mixin.py:188} INFO - [2026-06-14T21:26:28.217+0000] {override.py:1858} INFO - Created Permission View: can delete on DAG:example_bash_decorator
[2026-06-14T21:26:28.240+0000] {logging_mixin.py:188} INFO - [2026-06-14T21:26:28.239+0000] {override.py:1858} INFO - Created Permission View: can edit on DAG:example_bash_decorator
[2026-06-14T21:26:28.254+0000] {logging_mixin.py:188} INFO - [2026-06-14T21:26:28.254+0000] {override.py:1858} INFO - Created Permission View: can read on DAG:example_bash_decorator
[2026-06-14T21:26:28.255+0000] {logging_mixin.py:188} INFO - [2026-06-14T21:26:28.255+0000] {dag.py:3089} INFO - Sync 1 DAGs
[2026-06-14T21:26:28.277+0000] {logging_mixin.py:188} INFO - [2026-06-14T21:26:28.276+0000] {dag.py:3111} INFO - Creating ORM DAG for example_bash_decorator
[2026-06-14T21:26:28.278+0000] {logging_mixin.py:188} INFO - [2026-06-14T21:26:28.278+0000] {dag.py:3947} INFO - Setting next_dagrun for example_bash_decorator to None, run_after=None
[2026-06-14T21:26:28.315+0000] {processor.py:183} INFO - Processing /home/airflow/.local/lib/python3.12/site-packages/airflow/example_dags/example_bash_decorator.py took 0.413 seconds
[2026-06-14T21:26:58.721+0000] {processor.py:161} INFO - Started process (PID=128) to work on /home/airflow/.local/lib/python3.12/site-packages/airflow/example_dags/example_bash_decorator.py
[2026-06-14T21:26:58.724+0000] {processor.py:830} INFO - Processing file /home/airflow/.local/lib/python3.12/site-packages/airflow/example_dags/example_bash_decorator.py for tasks to queue
[2026-06-14T21:26:58.733+0000] {logging_mixin.py:188} INFO - [2026-06-14T21:26:58.732+0000] {dagbag.py:545} INFO - Filling up the DagBag from /home/airflow/.local/lib/python3.12/site-packages/airflow/example_dags/example_bash_decorator.py
[2026-06-14T21:26:58.758+0000] {processor.py:840} INFO - DAG(s) 'example_bash_decorator' retrieved from /home/airflow/.local/lib/python3.12/site-packages/airflow/example_dags/example_bash_decorator.py
[2026-06-14T21:26:58.814+0000] {logging_mixin.py:188} INFO - [2026-06-14T21:26:58.813+0000] {dag.py:3089} INFO - Sync 1 DAGs
[2026-06-14T21:26:58.841+0000] {logging_mixin.py:188} INFO - [2026-06-14T21:26:58.841+0000] {dag.py:3947} INFO - Setting next_dagrun for example_bash_decorator to None, run_after=None
[2026-06-14T21:26:58.870+0000] {processor.py:183} INFO - Processing /home/airflow/.local/lib/python3.12/site-packages/airflow/example_dags/example_bash_decorator.py took 0.163 seconds
[2026-06-14T21:27:29.068+0000] {processor.py:161} INFO - Started process (PID=187) to work on /home/airflow/.local/lib/python3.12/site-packages/airflow/example_dags/example_bash_decorator.py
[2026-06-14T21:27:29.069+0000] {processor.py:830} INFO - Processing file /home/airflow/.local/lib/python3.12/site-packages/airflow/example_dags/example_bash_decorator.py for tasks to queue
[2026-06-14T21:27:29.073+0000] {logging_mixin.py:188} INFO - [2026-06-14T21:27:29.073+0000] {dagbag.py:545} INFO - Filling up the DagBag from /home/airflow/.local/lib/python3.12/site-packages/airflow/example_dags/example_bash_decorator.py
[2026-06-14T21:27:29.094+0000] {processor.py:840} INFO - DAG(s) 'example_bash_decorator' retrieved from /home/airflow/.local/lib/python3.12/site-packages/airflow/example_dags/example_bash_decorator.py
[2026-06-14T21:27:29.124+0000] {logging_mixin.py:188} INFO - [2026-06-14T21:27:29.124+0000] {dag.py:3089} INFO - Sync 1 DAGs
[2026-06-14T21:27:29.143+0000] {logging_mixin.py:188} INFO - [2026-06-14T21:27:29.143+0000] {dag.py:3947} INFO - Setting next_dagrun for example_bash_decorator to None, run_after=None
[2026-06-14T21:27:29.220+0000] {processor.py:183} INFO - Processing /home/airflow/.local/lib/python3.12/site-packages/airflow/example_dags/example_bash_decorator.py took 0.162 seconds
[2026-06-14T21:27:59.350+0000] {processor.py:161} INFO - Started process (PID=246) to work on /home/airflow/.local/lib/python3.12/site-packages/airflow/example_dags/example_bash_decorator.py
[2026-06-14T21:27:59.352+0000] {processor.py:830} INFO - Processing file /home/airflow/.local/lib/python3.12/site-packages/airflow/example_dags/example_bash_decorator.py for tasks to queue
[2026-06-14T21:27:59.354+0000] {logging_mixin.py:188} INFO - [2026-06-14T21:27:59.354+0000] {dagbag.py:545} INFO - Filling up the DagBag from /home/airflow/.local/lib/python3.12/site-packages/airflow/example_dags/example_bash_decorator.py
[2026-06-14T21:27:59.371+0000] {processor.py:840} INFO - DAG(s) 'example_bash_decorator' retrieved from /home/airflow/.local/lib/python3.12/site-packages/airflow/example_dags/example_bash_decorator.py
[2026-06-14T21:27:59.407+0000] {logging_mixin.py:188} INFO - [2026-06-14T21:27:59.407+0000] {dag.py:3089} INFO - Sync 1 DAGs
[2026-06-14T21:27:59.426+0000] {logging_mixin.py:188} INFO - [2026-06-14T21:27:59.426+0000] {dag.py:3947} INFO - Setting next_dagrun for example_bash_decorator to None, run_after=None
[2026-06-14T21:27:59.499+0000] {processor.py:183} INFO - Processing /home/airflow/.local/lib/python3.12/site-packages/airflow/example_dags/example_bash_decorator.py took 0.157 seconds
[2026-06-14T21:28:29.630+0000] {processor.py:161} INFO - Started process (PID=305) to work on /home/airflow/.local/lib/python3.12/site-packages/airflow/example_dags/example_bash_decorator.py
[2026-06-14T21:28:29.632+0000] {processor.py:830} INFO - Processing file /home/airflow/.local/lib/python3.12/site-packages/airflow/example_dags/example_bash_decorator.py for tasks to queue
[2026-06-14T21:28:29.636+0000] {logging_mixin.py:188} INFO - [2026-06-14T21:28:29.635+0000] {dagbag.py:545} INFO - Filling up the DagBag from /home/airflow/.local/lib/python3.12/site-packages/airflow/example_dags/example_bash_decorator.py
[2026-06-14T21:28:29.654+0000] {processor.py:840} INFO - DAG(s) 'example_bash_decorator' retrieved from /home/airflow/.local/lib/python3.12/site-packages/airflow/example_dags/example_bash_decorator.py
[2026-06-14T21:28:29.685+0000] {logging_mixin.py:188} INFO - [2026-06-14T21:28:29.685+0000] {dag.py:3089} INFO - Sync 1 DAGs
[2026-06-14T21:28:29.701+0000] {logging_mixin.py:188} INFO - [2026-06-14T21:28:29.701+0000] {dag.py:3947} INFO - Setting next_dagrun for example_bash_decorator to None, run_after=None
[2026-06-14T21:28:29.721+0000] {processor.py:183} INFO - Processing /home/airflow/.local/lib/python3.12/site-packages/airflow/example_dags/example_bash_decorator.py took 0.098 seconds
[2026-06-14T21:29:00.151+0000] {processor.py:161} INFO - Started process (PID=364) to work on /home/airflow/.local/lib/python3.12/site-packages/airflow/example_dags/example_bash_decorator.py
[2026-06-14T21:29:00.153+0000] {processor.py:830} INFO - Processing file /home/airflow/.local/lib/python3.12/site-packages/airflow/example_dags/example_bash_decorator.py for tasks to queue
[2026-06-14T21:29:00.157+0000] {logging_mixin.py:188} INFO - [2026-06-14T21:29:00.157+0000] {dagbag.py:545} INFO - Filling up the DagBag from /home/airflow/.local/lib/python3.12/site-packages/airflow/example_dags/example_bash_decorator.py
[2026-06-14T21:29:00.179+0000] {processor.py:840} INFO - DAG(s) 'example_bash_decorator' retrieved from /home/airflow/.local/lib/python3.12/site-packages/airflow/example_dags/example_bash_decorator.py
[2026-06-14T21:29:00.221+0000] {logging_mixin.py:188} INFO - [2026-06-14T21:29:00.221+0000] {dag.py:3089} INFO - Sync 1 DAGs
[2026-06-14T21:29:00.247+0000] {logging_mixin.py:188} INFO - [2026-06-14T21:29:00.247+0000] {dag.py:3947} INFO - Setting next_dagrun for example_bash_decorator to None, run_after=None
[2026-06-14T21:29:00.285+0000] {processor.py:183} INFO - Processing /home/airflow/.local/lib/python3.12/site-packages/airflow/example_dags/example_bash_decorator.py took 0.143 seconds
[2026-06-14T21:29:30.854+0000] {processor.py:161} INFO - Started process (PID=423) to work on /home/airflow/.local/lib/python3.12/site-packages/airflow/example_dags/example_bash_decorator.py
[2026-06-14T21:29:30.859+0000] {processor.py:830} INFO - Processing file /home/airflow/.local/lib/python3.12/site-packages/airflow/example_dags/example_bash_decorator.py for tasks to queue
[2026-06-14T21:29:30.868+0000] {logging_mixin.py:188} INFO - [2026-06-14T21:29:30.867+0000] {dagbag.py:545} INFO - Filling up the DagBag from /home/airflow/.local/lib/python3.12/site-packages/airflow/example_dags/example_bash_decorator.py
[2026-06-14T21:29:30.892+0000] {processor.py:840} INFO - DAG(s) 'example_bash_decorator' retrieved from /home/airflow/.local/lib/python3.12/site-packages/airflow/example_dags/example_bash_decorator.py
[2026-06-14T21:29:30.926+0000] {logging_mixin.py:188} INFO - [2026-06-14T21:29:30.926+0000] {dag.py:3089} INFO - Sync 1 DAGs
[2026-06-14T21:29:30.943+0000] {logging_mixin.py:188} INFO - [2026-06-14T21:29:30.943+0000] {dag.py:3947} INFO - Setting next_dagrun for example_bash_decorator to None, run_after=None
[2026-06-14T21:29:30.967+0000] {processor.py:183} INFO - Processing /home/airflow/.local/lib/python3.12/site-packages/airflow/example_dags/example_bash_decorator.py took 0.129 seconds
[2026-06-14T21:30:01.517+0000] {processor.py:161} INFO - Started process (PID=481) to work on /home/airflow/.local/lib/python3.12/site-packages/airflow/example_dags/example_bash_decorator.py
[2026-06-14T21:30:01.519+0000] {processor.py:830} INFO - Processing file /home/airflow/.local/lib/python3.12/site-packages/airflow/example_dags/example_bash_decorator.py for tasks to queue
[2026-06-14T21:30:01.520+0000] {logging_mixin.py:188} INFO - [2026-06-14T21:30:01.520+0000] {dagbag.py:545} INFO - Filling up the DagBag from /home/airflow/.local/lib/python3.12/site-packages/airflow/example_dags/example_bash_decorator.py
[2026-06-14T21:30:01.541+0000] {processor.py:840} INFO - DAG(s) 'example_bash_decorator' retrieved from /home/airflow/.local/lib/python3.12/site-packages/airflow/example_dags/example_bash_decorator.py
[2026-06-14T21:30:01.581+0000] {logging_mixin.py:188} INFO - [2026-06-14T21:30:01.581+0000] {dag.py:3089} INFO - Sync 1 DAGs
[2026-06-14T21:30:01.598+0000] {logging_mixin.py:188} INFO - [2026-06-14T21:30:01.598+0000] {dag.py:3947} INFO - Setting next_dagrun for example_bash_decorator to None, run_after=None
[2026-06-14T21:30:01.624+0000] {processor.py:183} INFO - Processing /home/airflow/.local/lib/python3.12/site-packages/airflow/example_dags/example_bash_decorator.py took 0.117 seconds
[2026-06-14T21:30:32.199+0000] {processor.py:161} INFO - Started process (PID=539) to work on /home/airflow/.local/lib/python3.12/site-packages/airflow/example_dags/example_bash_decorator.py
[2026-06-14T21:30:32.200+0000] {processor.py:830} INFO - Processing file /home/airflow/.local/lib/python3.12/site-packages/airflow/example_dags/example_bash_decorator.py for tasks to queue
[2026-06-14T21:30:32.202+0000] {logging_mixin.py:188} INFO - [2026-06-14T21:30:32.201+0000] {dagbag.py:545} INFO - Filling up the DagBag from /home/airflow/.local/lib/python3.12/site-packages/airflow/example_dags/example_bash_decorator.py
[2026-06-14T21:30:32.229+0000] {processor.py:840} INFO - DAG(s) 'example_bash_decorator' retrieved from /home/airflow/.local/lib/python3.12/site-packages/airflow/example_dags/example_bash_decorator.py
[2026-06-14T21:30:32.266+0000] {logging_mixin.py:188} INFO - [2026-06-14T21:30:32.265+0000] {dag.py:3089} INFO - Sync 1 DAGs
[2026-06-14T21:30:32.287+0000] {logging_mixin.py:188} INFO - [2026-06-14T21:30:32.287+0000] {dag.py:3947} INFO - Setting next_dagrun for example_bash_decorator to None, run_after=None
[2026-06-14T21:30:32.315+0000] {processor.py:183} INFO - Processing /home/airflow/.local/lib/python3.12/site-packages/airflow/example_dags/example_bash_decorator.py took 0.126 seconds
[2026-06-14T21:31:02.512+0000] {processor.py:161} INFO - Started process (PID=598) to work on /home/airflow/.local/lib/python3.12/site-packages/airflow/example_dags/example_bash_decorator.py
[2026-06-14T21:31:02.514+0000] {processor.py:830} INFO - Processing file /home/airflow/.local/lib/python3.12/site-packages/airflow/example_dags/example_bash_decorator.py for tasks to queue
[2026-06-14T21:31:02.515+0000] {logging_mixin.py:188} INFO - [2026-06-14T21:31:02.515+0000] {dagbag.py:545} INFO - Filling up the DagBag from /home/airflow/.local/lib/python3.12/site-packages/airflow/example_dags/example_bash_decorator.py
[2026-06-14T21:31:02.533+0000] {processor.py:840} INFO - DAG(s) 'example_bash_decorator' retrieved from /home/airflow/.local/lib/python3.12/site-packages/airflow/example_dags/example_bash_decorator.py
[2026-06-14T21:31:02.562+0000] {logging_mixin.py:188} INFO - [2026-06-14T21:31:02.562+0000] {dag.py:3089} INFO - Sync 1 DAGs
[2026-06-14T21:31:02.582+0000] {logging_mixin.py:188} INFO - [2026-06-14T21:31:02.581+0000] {dag.py:3947} INFO - Setting next_dagrun for example_bash_decorator to None, run_after=None
[2026-06-14T21:31:02.619+0000] {processor.py:183} INFO - Processing /home/airflow/.local/lib/python3.12/site-packages/airflow/example_dags/example_bash_decorator.py took 0.115 seconds
[2026-06-14T21:31:33.004+0000] {processor.py:161} INFO - Started process (PID=656) to work on /home/airflow/.local/lib/python3.12/site-packages/airflow/example_dags/example_bash_decorator.py
[2026-06-14T21:31:33.008+0000] {processor.py:830} INFO - Processing file /home/airflow/.local/lib/python3.12/site-packages/airflow/example_dags/example_bash_decorator.py for tasks to queue
[2026-06-14T21:31:33.011+0000] {logging_mixin.py:188} INFO - [2026-06-14T21:31:33.010+0000] {dagbag.py:545} INFO - Filling up the DagBag from /home/airflow/.local/lib/python3.12/site-packages/airflow/example_dags/example_bash_decorator.py
[2026-06-14T21:31:33.041+0000] {processor.py:840} INFO - DAG(s) 'example_bash_decorator' retrieved from /home/airflow/.local/lib/python3.12/site-packages/airflow/example_dags/example_bash_decorator.py
[2026-06-14T21:31:33.090+0000] {logging_mixin.py:188} INFO - [2026-06-14T21:31:33.089+0000] {dag.py:3089} INFO - Sync 1 DAGs
[2026-06-14T21:31:33.116+0000] {logging_mixin.py:188} INFO - [2026-06-14T21:31:33.116+0000] {dag.py:3947} INFO - Setting next_dagrun for example_bash_decorator to None, run_after=None
[2026-06-14T21:31:33.158+0000] {processor.py:183} INFO - Processing /home/airflow/.local/lib/python3.12/site-packages/airflow/example_dags/example_bash_decorator.py took 0.165 seconds
[2026-06-14T21:32:03.342+0000] {processor.py:161} INFO - Started process (PID=713) to work on /home/airflow/.local/lib/python3.12/site-packages/airflow/example_dags/example_bash_decorator.py
[2026-06-14T21:32:03.343+0000] {processor.py:830} INFO - Processing file /home/airflow/.local/lib/python3.12/site-packages/airflow/example_dags/example_bash_decorator.py for tasks to queue
[2026-06-14T21:32:03.345+0000] {logging_mixin.py:188} INFO - [2026-06-14T21:32:03.344+0000] {dagbag.py:545} INFO - Filling up the DagBag from /home/airflow/.local/lib/python3.12/site-packages/airflow/example_dags/example_bash_decorator.py
[2026-06-14T21:32:03.369+0000] {processor.py:840} INFO - DAG(s) 'example_bash_decorator' retrieved from /home/airflow/.local/lib/python3.12/site-packages/airflow/example_dags/example_bash_decorator.py
[2026-06-14T21:32:03.417+0000] {logging_mixin.py:188} INFO - [2026-06-14T21:32:03.416+0000] {dag.py:3089} INFO - Sync 1 DAGs
[2026-06-14T21:32:03.443+0000] {logging_mixin.py:188} INFO - [2026-06-14T21:32:03.443+0000] {dag.py:3947} INFO - Setting next_dagrun for example_bash_decorator to None, run_after=None
[2026-06-14T21:32:03.503+0000] {processor.py:183} INFO - Processing /home/airflow/.local/lib/python3.12/site-packages/airflow/example_dags/example_bash_decorator.py took 0.173 seconds
[2026-06-14T21:39:57.147+0000] {processor.py:161} INFO - Started process (PID=70) to work on /home/airflow/.local/lib/python3.12/site-packages/airflow/example_dags/example_bash_decorator.py
[2026-06-14T21:39:57.149+0000] {processor.py:830} INFO - Processing file /home/airflow/.local/lib/python3.12/site-packages/airflow/example_dags/example_bash_decorator.py for tasks to queue
[2026-06-14T21:39:57.153+0000] {logging_mixin.py:188} INFO - [2026-06-14T21:39:57.152+0000] {dagbag.py:545} INFO - Filling up the DagBag from /home/airflow/.local/lib/python3.12/site-packages/airflow/example_dags/example_bash_decorator.py
[2026-06-14T21:39:57.213+0000] {processor.py:840} INFO - DAG(s) 'example_bash_decorator' retrieved from /home/airflow/.local/lib/python3.12/site-packages/airflow/example_dags/example_bash_decorator.py
[2026-06-14T21:39:57.486+0000] {logging_mixin.py:188} INFO - [2026-06-14T21:39:57.486+0000] {dag.py:3089} INFO - Sync 1 DAGs
[2026-06-14T21:39:57.509+0000] {logging_mixin.py:188} INFO - [2026-06-14T21:39:57.509+0000] {dag.py:3947} INFO - Setting next_dagrun for example_bash_decorator to None, run_after=None
[2026-06-14T21:39:57.550+0000] {processor.py:183} INFO - Processing /home/airflow/.local/lib/python3.12/site-packages/airflow/example_dags/example_bash_decorator.py took 0.414 seconds
[2026-06-14T21:40:28.259+0000] {processor.py:161} INFO - Started process (PID=129) to work on /home/airflow/.local/lib/python3.12/site-packages/airflow/example_dags/example_bash_decorator.py
[2026-06-14T21:40:28.261+0000] {processor.py:830} INFO - Processing file /home/airflow/.local/lib/python3.12/site-packages/airflow/example_dags/example_bash_decorator.py for tasks to queue
[2026-06-14T21:40:28.263+0000] {logging_mixin.py:188} INFO - [2026-06-14T21:40:28.263+0000] {dagbag.py:545} INFO - Filling up the DagBag from /home/airflow/.local/lib/python3.12/site-packages/airflow/example_dags/example_bash_decorator.py
[2026-06-14T21:40:28.280+0000] {processor.py:840} INFO - DAG(s) 'example_bash_decorator' retrieved from /home/airflow/.local/lib/python3.12/site-packages/airflow/example_dags/example_bash_decorator.py
[2026-06-14T21:40:28.310+0000] {logging_mixin.py:188} INFO - [2026-06-14T21:40:28.309+0000] {dag.py:3089} INFO - Sync 1 DAGs
[2026-06-14T21:40:28.327+0000] {logging_mixin.py:188} INFO - [2026-06-14T21:40:28.327+0000] {dag.py:3947} INFO - Setting next_dagrun for example_bash_decorator to None, run_after=None
[2026-06-14T21:40:28.359+0000] {processor.py:183} INFO - Processing /home/airflow/.local/lib/python3.12/site-packages/airflow/example_dags/example_bash_decorator.py took 0.109 seconds
[2026-06-14T21:40:58.528+0000] {processor.py:161} INFO - Started process (PID=188) to work on /home/airflow/.local/lib/python3.12/site-packages/airflow/example_dags/example_bash_decorator.py
[2026-06-14T21:40:58.530+0000] {processor.py:830} INFO - Processing file /home/airflow/.local/lib/python3.12/site-packages/airflow/example_dags/example_bash_decorator.py for tasks to queue
[2026-06-14T21:40:58.532+0000] {logging_mixin.py:188} INFO - [2026-06-14T21:40:58.532+0000] {dagbag.py:545} INFO - Filling up the DagBag from /home/airflow/.local/lib/python3.12/site-packages/airflow/example_dags/example_bash_decorator.py
[2026-06-14T21:40:58.551+0000] {processor.py:840} INFO - DAG(s) 'example_bash_decorator' retrieved from /home/airflow/.local/lib/python3.12/site-packages/airflow/example_dags/example_bash_decorator.py
[2026-06-14T21:40:58.593+0000] {logging_mixin.py:188} INFO - [2026-06-14T21:40:58.593+0000] {dag.py:3089} INFO - Sync 1 DAGs
[2026-06-14T21:40:58.611+0000] {logging_mixin.py:188} INFO - [2026-06-14T21:40:58.610+0000] {dag.py:3947} INFO - Setting next_dagrun for example_bash_decorator to None, run_after=None
[2026-06-14T21:40:58.650+0000] {processor.py:183} INFO - Processing /home/airflow/.local/lib/python3.12/site-packages/airflow/example_dags/example_bash_decorator.py took 0.128 seconds
[2026-06-14T21:41:28.853+0000] {processor.py:161} INFO - Started process (PID=247) to work on /home/airflow/.local/lib/python3.12/site-packages/airflow/example_dags/example_bash_decorator.py
[2026-06-14T21:41:28.854+0000] {processor.py:830} INFO - Processing file /home/airflow/.local/lib/python3.12/site-packages/airflow/example_dags/example_bash_decorator.py for tasks to queue
[2026-06-14T21:41:28.856+0000] {logging_mixin.py:188} INFO - [2026-06-14T21:41:28.856+0000] {dagbag.py:545} INFO - Filling up the DagBag from /home/airflow/.local/lib/python3.12/site-packages/airflow/example_dags/example_bash_decorator.py
[2026-06-14T21:41:28.870+0000] {processor.py:840} INFO - DAG(s) 'example_bash_decorator' retrieved from /home/airflow/.local/lib/python3.12/site-packages/airflow/example_dags/example_bash_decorator.py
[2026-06-14T21:41:28.899+0000] {logging_mixin.py:188} INFO - [2026-06-14T21:41:28.898+0000] {dag.py:3089} INFO - Sync 1 DAGs
[2026-06-14T21:41:28.912+0000] {logging_mixin.py:188} INFO - [2026-06-14T21:41:28.912+0000] {dag.py:3947} INFO - Setting next_dagrun for example_bash_decorator to None, run_after=None
[2026-06-14T21:41:28.936+0000] {processor.py:183} INFO - Processing /home/airflow/.local/lib/python3.12/site-packages/airflow/example_dags/example_bash_decorator.py took 0.089 seconds
[2026-06-14T21:41:59.112+0000] {processor.py:161} INFO - Started process (PID=306) to work on /home/airflow/.local/lib/python3.12/site-packages/airflow/example_dags/example_bash_decorator.py
[2026-06-14T21:41:59.115+0000] {processor.py:830} INFO - Processing file /home/airflow/.local/lib/python3.12/site-packages/airflow/example_dags/example_bash_decorator.py for tasks to queue
[2026-06-14T21:41:59.118+0000] {logging_mixin.py:188} INFO - [2026-06-14T21:41:59.118+0000] {dagbag.py:545} INFO - Filling up the DagBag from /home/airflow/.local/lib/python3.12/site-packages/airflow/example_dags/example_bash_decorator.py
[2026-06-14T21:41:59.139+0000] {processor.py:840} INFO - DAG(s) 'example_bash_decorator' retrieved from /home/airflow/.local/lib/python3.12/site-packages/airflow/example_dags/example_bash_decorator.py
[2026-06-14T21:41:59.173+0000] {logging_mixin.py:188} INFO - [2026-06-14T21:41:59.173+0000] {dag.py:3089} INFO - Sync 1 DAGs
[2026-06-14T21:41:59.219+0000] {logging_mixin.py:188} INFO - [2026-06-14T21:41:59.218+0000] {dag.py:3947} INFO - Setting next_dagrun for example_bash_decorator to None, run_after=None
[2026-06-14T21:41:59.284+0000] {processor.py:183} INFO - Processing /home/airflow/.local/lib/python3.12/site-packages/airflow/example_dags/example_bash_decorator.py took 0.184 seconds
[2026-06-14T21:42:29.608+0000] {processor.py:161} INFO - Started process (PID=365) to work on /home/airflow/.local/lib/python3.12/site-packages/airflow/example_dags/example_bash_decorator.py
[2026-06-14T21:42:29.616+0000] {processor.py:830} INFO - Processing file /home/airflow/.local/lib/python3.12/site-packages/airflow/example_dags/example_bash_decorator.py for tasks to queue
[2026-06-14T21:42:29.620+0000] {logging_mixin.py:188} INFO - [2026-06-14T21:42:29.619+0000] {dagbag.py:545} INFO - Filling up the DagBag from /home/airflow/.local/lib/python3.12/site-packages/airflow/example_dags/example_bash_decorator.py
[2026-06-14T21:42:29.642+0000] {processor.py:840} INFO - DAG(s) 'example_bash_decorator' retrieved from /home/airflow/.local/lib/python3.12/site-packages/airflow/example_dags/example_bash_decorator.py
[2026-06-14T21:42:29.683+0000] {logging_mixin.py:188} INFO - [2026-06-14T21:42:29.683+0000] {dag.py:3089} INFO - Sync 1 DAGs
[2026-06-14T21:42:29.700+0000] {logging_mixin.py:188} INFO - [2026-06-14T21:42:29.700+0000] {dag.py:3947} INFO - Setting next_dagrun for example_bash_decorator to None, run_after=None
[2026-06-14T21:42:29.735+0000] {processor.py:183} INFO - Processing /home/airflow/.local/lib/python3.12/site-packages/airflow/example_dags/example_bash_decorator.py took 0.138 seconds
[2026-06-14T21:42:59.844+0000] {processor.py:161} INFO - Started process (PID=424) to work on /home/airflow/.local/lib/python3.12/site-packages/airflow/example_dags/example_bash_decorator.py
[2026-06-14T21:42:59.846+0000] {processor.py:830} INFO - Processing file /home/airflow/.local/lib/python3.12/site-packages/airflow/example_dags/example_bash_decorator.py for tasks to queue
[2026-06-14T21:42:59.848+0000] {logging_mixin.py:188} INFO - [2026-06-14T21:42:59.848+0000] {dagbag.py:545} INFO - Filling up the DagBag from /home/airflow/.local/lib/python3.12/site-packages/airflow/example_dags/example_bash_decorator.py
[2026-06-14T21:42:59.869+0000] {processor.py:840} INFO - DAG(s) 'example_bash_decorator' retrieved from /home/airflow/.local/lib/python3.12/site-packages/airflow/example_dags/example_bash_decorator.py
[2026-06-14T21:42:59.899+0000] {logging_mixin.py:188} INFO - [2026-06-14T21:42:59.898+0000] {dag.py:3089} INFO - Sync 1 DAGs
[2026-06-14T21:42:59.912+0000] {logging_mixin.py:188} INFO - [2026-06-14T21:42:59.911+0000] {dag.py:3947} INFO - Setting next_dagrun for example_bash_decorator to None, run_after=None
[2026-06-14T21:42:59.934+0000] {processor.py:183} INFO - Processing /home/airflow/.local/lib/python3.12/site-packages/airflow/example_dags/example_bash_decorator.py took 0.096 seconds
[2026-06-14T21:43:30.037+0000] {processor.py:161} INFO - Started process (PID=483) to work on /home/airflow/.local/lib/python3.12/site-packages/airflow/example_dags/example_bash_decorator.py
[2026-06-14T21:43:30.038+0000] {processor.py:830} INFO - Processing file /home/airflow/.local/lib/python3.12/site-packages/airflow/example_dags/example_bash_decorator.py for tasks to queue
[2026-06-14T21:43:30.040+0000] {logging_mixin.py:188} INFO - [2026-06-14T21:43:30.040+0000] {dagbag.py:545} INFO - Filling up the DagBag from /home/airflow/.local/lib/python3.12/site-packages/airflow/example_dags/example_bash_decorator.py
[2026-06-14T21:43:30.054+0000] {processor.py:840} INFO - DAG(s) 'example_bash_decorator' retrieved from /home/airflow/.local/lib/python3.12/site-packages/airflow/example_dags/example_bash_decorator.py
[2026-06-14T21:43:30.083+0000] {logging_mixin.py:188} INFO - [2026-06-14T21:43:30.083+0000] {dag.py:3089} INFO - Sync 1 DAGs
[2026-06-14T21:43:30.097+0000] {logging_mixin.py:188} INFO - [2026-06-14T21:43:30.097+0000] {dag.py:3947} INFO - Setting next_dagrun for example_bash_decorator to None, run_after=None
[2026-06-14T21:43:30.132+0000] {processor.py:183} INFO - Processing /home/airflow/.local/lib/python3.12/site-packages/airflow/example_dags/example_bash_decorator.py took 0.102 seconds
[2026-06-14T21:44:00.241+0000] {processor.py:161} INFO - Started process (PID=542) to work on /home/airflow/.local/lib/python3.12/site-packages/airflow/example_dags/example_bash_decorator.py
[2026-06-14T21:44:00.243+0000] {processor.py:830} INFO - Processing file /home/airflow/.local/lib/python3.12/site-packages/airflow/example_dags/example_bash_decorator.py for tasks to queue
[2026-06-14T21:44:00.245+0000] {logging_mixin.py:188} INFO - [2026-06-14T21:44:00.244+0000] {dagbag.py:545} INFO - Filling up the DagBag from /home/airflow/.local/lib/python3.12/site-packages/airflow/example_dags/example_bash_decorator.py
[2026-06-14T21:44:00.261+0000] {processor.py:840} INFO - DAG(s) 'example_bash_decorator' retrieved from /home/airflow/.local/lib/python3.12/site-packages/airflow/example_dags/example_bash_decorator.py
[2026-06-14T21:44:00.290+0000] {logging_mixin.py:188} INFO - [2026-06-14T21:44:00.289+0000] {dag.py:3089} INFO - Sync 1 DAGs
[2026-06-14T21:44:00.303+0000] {logging_mixin.py:188} INFO - [2026-06-14T21:44:00.303+0000] {dag.py:3947} INFO - Setting next_dagrun for example_bash_decorator to None, run_after=None
[2026-06-14T21:44:00.330+0000] {processor.py:183} INFO - Processing /home/airflow/.local/lib/python3.12/site-packages/airflow/example_dags/example_bash_decorator.py took 0.095 seconds
[2026-06-14T21:44:30.397+0000] {processor.py:161} INFO - Started process (PID=601) to work on /home/airflow/.local/lib/python3.12/site-packages/airflow/example_dags/example_bash_decorator.py
[2026-06-14T21:44:30.399+0000] {processor.py:830} INFO - Processing file /home/airflow/.local/lib/python3.12/site-packages/airflow/example_dags/example_bash_decorator.py for tasks to queue
[2026-06-14T21:44:30.402+0000] {logging_mixin.py:188} INFO - [2026-06-14T21:44:30.401+0000] {dagbag.py:545} INFO - Filling up the DagBag from /home/airflow/.local/lib/python3.12/site-packages/airflow/example_dags/example_bash_decorator.py
[2026-06-14T21:44:30.417+0000] {processor.py:840} INFO - DAG(s) 'example_bash_decorator' retrieved from /home/airflow/.local/lib/python3.12/site-packages/airflow/example_dags/example_bash_decorator.py
[2026-06-14T21:44:30.444+0000] {logging_mixin.py:188} INFO - [2026-06-14T21:44:30.443+0000] {dag.py:3089} INFO - Sync 1 DAGs
[2026-06-14T21:44:30.458+0000] {logging_mixin.py:188} INFO - [2026-06-14T21:44:30.458+0000] {dag.py:3947} INFO - Setting next_dagrun for example_bash_decorator to None, run_after=None
[2026-06-14T21:44:30.492+0000] {processor.py:183} INFO - Processing /home/airflow/.local/lib/python3.12/site-packages/airflow/example_dags/example_bash_decorator.py took 0.102 seconds
[2026-06-14T21:45:00.867+0000] {processor.py:161} INFO - Started process (PID=660) to work on /home/airflow/.local/lib/python3.12/site-packages/airflow/example_dags/example_bash_decorator.py
[2026-06-14T21:45:00.869+0000] {processor.py:830} INFO - Processing file /home/airflow/.local/lib/python3.12/site-packages/airflow/example_dags/example_bash_decorator.py for tasks to queue
[2026-06-14T21:45:00.871+0000] {logging_mixin.py:188} INFO - [2026-06-14T21:45:00.871+0000] {dagbag.py:545} INFO - Filling up the DagBag from /home/airflow/.local/lib/python3.12/site-packages/airflow/example_dags/example_bash_decorator.py
[2026-06-14T21:45:00.890+0000] {processor.py:840} INFO - DAG(s) 'example_bash_decorator' retrieved from /home/airflow/.local/lib/python3.12/site-packages/airflow/example_dags/example_bash_decorator.py
[2026-06-14T21:45:00.923+0000] {logging_mixin.py:188} INFO - [2026-06-14T21:45:00.923+0000] {dag.py:3089} INFO - Sync 1 DAGs
[2026-06-14T21:45:00.942+0000] {logging_mixin.py:188} INFO - [2026-06-14T21:45:00.941+0000] {dag.py:3947} INFO - Setting next_dagrun for example_bash_decorator to None, run_after=None
[2026-06-14T21:45:00.982+0000] {processor.py:183} INFO - Processing /home/airflow/.local/lib/python3.12/site-packages/airflow/example_dags/example_bash_decorator.py took 0.123 seconds
[2026-06-14T21:45:31.199+0000] {processor.py:161} INFO - Started process (PID=719) to work on /home/airflow/.local/lib/python3.12/site-packages/airflow/example_dags/example_bash_decorator.py
[2026-06-14T21:45:31.205+0000] {processor.py:830} INFO - Processing file /home/airflow/.local/lib/python3.12/site-packages/airflow/example_dags/example_bash_decorator.py for tasks to queue
[2026-06-14T21:45:31.214+0000] {logging_mixin.py:188} INFO - [2026-06-14T21:45:31.212+0000] {dagbag.py:545} INFO - Filling up the DagBag from /home/airflow/.local/lib/python3.12/site-packages/airflow/example_dags/example_bash_decorator.py
[2026-06-14T21:45:31.267+0000] {processor.py:840} INFO - DAG(s) 'example_bash_decorator' retrieved from /home/airflow/.local/lib/python3.12/site-packages/airflow/example_dags/example_bash_decorator.py
[2026-06-14T21:45:31.377+0000] {logging_mixin.py:188} INFO - [2026-06-14T21:45:31.376+0000] {dag.py:3089} INFO - Sync 1 DAGs
[2026-06-14T21:45:31.430+0000] {logging_mixin.py:188} INFO - [2026-06-14T21:45:31.430+0000] {dag.py:3947} INFO - Setting next_dagrun for example_bash_decorator to None, run_after=None
[2026-06-14T21:45:31.500+0000] {processor.py:183} INFO - Processing /home/airflow/.local/lib/python3.12/site-packages/airflow/example_dags/example_bash_decorator.py took 0.326 seconds
[2026-06-14T21:46:02.346+0000] {processor.py:161} INFO - Started process (PID=778) to work on /home/airflow/.local/lib/python3.12/site-packages/airflow/example_dags/example_bash_decorator.py
[2026-06-14T21:46:02.347+0000] {processor.py:830} INFO - Processing file /home/airflow/.local/lib/python3.12/site-packages/airflow/example_dags/example_bash_decorator.py for tasks to queue
[2026-06-14T21:46:02.349+0000] {logging_mixin.py:188} INFO - [2026-06-14T21:46:02.349+0000] {dagbag.py:545} INFO - Filling up the DagBag from /home/airflow/.local/lib/python3.12/site-packages/airflow/example_dags/example_bash_decorator.py
[2026-06-14T21:46:02.370+0000] {processor.py:840} INFO - DAG(s) 'example_bash_decorator' retrieved from /home/airflow/.local/lib/python3.12/site-packages/airflow/example_dags/example_bash_decorator.py
[2026-06-14T21:46:02.410+0000] {logging_mixin.py:188} INFO - [2026-06-14T21:46:02.410+0000] {dag.py:3089} INFO - Sync 1 DAGs
[2026-06-14T21:46:02.435+0000] {logging_mixin.py:188} INFO - [2026-06-14T21:46:02.434+0000] {dag.py:3947} INFO - Setting next_dagrun for example_bash_decorator to None, run_after=None
[2026-06-14T21:46:02.477+0000] {processor.py:183} INFO - Processing /home/airflow/.local/lib/python3.12/site-packages/airflow/example_dags/example_bash_decorator.py took 0.139 seconds
[2026-06-14T21:46:32.777+0000] {processor.py:161} INFO - Started process (PID=837) to work on /home/airflow/.local/lib/python3.12/site-packages/airflow/example_dags/example_bash_decorator.py
[2026-06-14T21:46:32.779+0000] {processor.py:830} INFO - Processing file /home/airflow/.local/lib/python3.12/site-packages/airflow/example_dags/example_bash_decorator.py for tasks to queue
[2026-06-14T21:46:32.785+0000] {logging_mixin.py:188} INFO - [2026-06-14T21:46:32.783+0000] {dagbag.py:545} INFO - Filling up the DagBag from /home/airflow/.local/lib/python3.12/site-packages/airflow/example_dags/example_bash_decorator.py
[2026-06-14T21:46:32.812+0000] {processor.py:840} INFO - DAG(s) 'example_bash_decorator' retrieved from /home/airflow/.local/lib/python3.12/site-packages/airflow/example_dags/example_bash_decorator.py
[2026-06-14T21:46:32.857+0000] {logging_mixin.py:188} INFO - [2026-06-14T21:46:32.857+0000] {dag.py:3089} INFO - Sync 1 DAGs
[2026-06-14T21:46:32.889+0000] {logging_mixin.py:188} INFO - [2026-06-14T21:46:32.889+0000] {dag.py:3947} INFO - Setting next_dagrun for example_bash_decorator to None, run_after=None
[2026-06-14T21:46:32.948+0000] {processor.py:183} INFO - Processing /home/airflow/.local/lib/python3.12/site-packages/airflow/example_dags/example_bash_decorator.py took 0.184 seconds
[2026-06-14T21:47:03.704+0000] {processor.py:161} INFO - Started process (PID=896) to work on /home/airflow/.local/lib/python3.12/site-packages/airflow/example_dags/example_bash_decorator.py
[2026-06-14T21:47:03.706+0000] {processor.py:830} INFO - Processing file /home/airflow/.local/lib/python3.12/site-packages/airflow/example_dags/example_bash_decorator.py for tasks to queue
[2026-06-14T21:47:03.709+0000] {logging_mixin.py:188} INFO - [2026-06-14T21:47:03.709+0000] {dagbag.py:545} INFO - Filling up the DagBag from /home/airflow/.local/lib/python3.12/site-packages/airflow/example_dags/example_bash_decorator.py
[2026-06-14T21:47:03.733+0000] {processor.py:840} INFO - DAG(s) 'example_bash_decorator' retrieved from /home/airflow/.local/lib/python3.12/site-packages/airflow/example_dags/example_bash_decorator.py
[2026-06-14T21:47:03.779+0000] {logging_mixin.py:188} INFO - [2026-06-14T21:47:03.778+0000] {dag.py:3089} INFO - Sync 1 DAGs
[2026-06-14T21:47:03.803+0000] {logging_mixin.py:188} INFO - [2026-06-14T21:47:03.802+0000] {dag.py:3947} INFO - Setting next_dagrun for example_bash_decorator to None, run_after=None
[2026-06-14T21:47:03.876+0000] {processor.py:183} INFO - Processing /home/airflow/.local/lib/python3.12/site-packages/airflow/example_dags/example_bash_decorator.py took 0.182 seconds
[2026-06-14T21:47:34.300+0000] {processor.py:161} INFO - Started process (PID=955) to work on /home/airflow/.local/lib/python3.12/site-packages/airflow/example_dags/example_bash_decorator.py
[2026-06-14T21:47:34.301+0000] {processor.py:830} INFO - Processing file /home/airflow/.local/lib/python3.12/site-packages/airflow/example_dags/example_bash_decorator.py for tasks to queue
[2026-06-14T21:47:34.303+0000] {logging_mixin.py:188} INFO - [2026-06-14T21:47:34.303+0000] {dagbag.py:545} INFO - Filling up the DagBag from /home/airflow/.local/lib/python3.12/site-packages/airflow/example_dags/example_bash_decorator.py
[2026-06-14T21:47:34.318+0000] {processor.py:840} INFO - DAG(s) 'example_bash_decorator' retrieved from /home/airflow/.local/lib/python3.12/site-packages/airflow/example_dags/example_bash_decorator.py
[2026-06-14T21:47:34.351+0000] {logging_mixin.py:188} INFO - [2026-06-14T21:47:34.351+0000] {dag.py:3089} INFO - Sync 1 DAGs
[2026-06-14T21:47:34.367+0000] {logging_mixin.py:188} INFO - [2026-06-14T21:47:34.366+0000] {dag.py:3947} INFO - Setting next_dagrun for example_bash_decorator to None, run_after=None
[2026-06-14T21:47:34.390+0000] {processor.py:183} INFO - Processing /home/airflow/.local/lib/python3.12/site-packages/airflow/example_dags/example_bash_decorator.py took 0.098 seconds
[2026-06-14T21:48:04.832+0000] {processor.py:161} INFO - Started process (PID=1013) to work on /home/airflow/.local/lib/python3.12/site-packages/airflow/example_dags/example_bash_decorator.py
[2026-06-14T21:48:04.834+0000] {processor.py:830} INFO - Processing file /home/airflow/.local/lib/python3.12/site-packages/airflow/example_dags/example_bash_decorator.py for tasks to queue
[2026-06-14T21:48:04.836+0000] {logging_mixin.py:188} INFO - [2026-06-14T21:48:04.836+0000] {dagbag.py:545} INFO - Filling up the DagBag from /home/airflow/.local/lib/python3.12/site-packages/airflow/example_dags/example_bash_decorator.py
[2026-06-14T21:48:04.856+0000] {processor.py:840} INFO - DAG(s) 'example_bash_decorator' retrieved from /home/airflow/.local/lib/python3.12/site-packages/airflow/example_dags/example_bash_decorator.py
[2026-06-14T21:48:04.886+0000] {logging_mixin.py:188} INFO - [2026-06-14T21:48:04.886+0000] {dag.py:3089} INFO - Sync 1 DAGs
[2026-06-14T21:48:04.900+0000] {logging_mixin.py:188} INFO - [2026-06-14T21:48:04.900+0000] {dag.py:3947} INFO - Setting next_dagrun for example_bash_decorator to None, run_after=None
[2026-06-14T21:48:04.926+0000] {processor.py:183} INFO - Processing /home/airflow/.local/lib/python3.12/site-packages/airflow/example_dags/example_bash_decorator.py took 0.100 seconds
[2026-06-14T21:48:35.454+0000] {processor.py:161} INFO - Started process (PID=1072) to work on /home/airflow/.local/lib/python3.12/site-packages/airflow/example_dags/example_bash_decorator.py
[2026-06-14T21:48:35.455+0000] {processor.py:830} INFO - Processing file /home/airflow/.local/lib/python3.12/site-packages/airflow/example_dags/example_bash_decorator.py for tasks to queue
[2026-06-14T21:48:35.458+0000] {logging_mixin.py:188} INFO - [2026-06-14T21:48:35.457+0000] {dagbag.py:545} INFO - Filling up the DagBag from /home/airflow/.local/lib/python3.12/site-packages/airflow/example_dags/example_bash_decorator.py
[2026-06-14T21:48:35.471+0000] {processor.py:840} INFO - DAG(s) 'example_bash_decorator' retrieved from /home/airflow/.local/lib/python3.12/site-packages/airflow/example_dags/example_bash_decorator.py
[2026-06-14T21:48:35.504+0000] {logging_mixin.py:188} INFO - [2026-06-14T21:48:35.503+0000] {dag.py:3089} INFO - Sync 1 DAGs
[2026-06-14T21:48:35.520+0000] {logging_mixin.py:188} INFO - [2026-06-14T21:48:35.520+0000] {dag.py:3947} INFO - Setting next_dagrun for example_bash_decorator to None, run_after=None
[2026-06-14T21:48:35.590+0000] {processor.py:183} INFO - Processing /home/airflow/.local/lib/python3.12/site-packages/airflow/example_dags/example_bash_decorator.py took 0.143 seconds
[2026-06-14T21:49:05.745+0000] {processor.py:161} INFO - Started process (PID=1130) to work on /home/airflow/.local/lib/python3.12/site-packages/airflow/example_dags/example_bash_decorator.py
[2026-06-14T21:49:05.747+0000] {processor.py:830} INFO - Processing file /home/airflow/.local/lib/python3.12/site-packages/airflow/example_dags/example_bash_decorator.py for tasks to queue
[2026-06-14T21:49:05.750+0000] {logging_mixin.py:188} INFO - [2026-06-14T21:49:05.749+0000] {dagbag.py:545} INFO - Filling up the DagBag from /home/airflow/.local/lib/python3.12/site-packages/airflow/example_dags/example_bash_decorator.py
[2026-06-14T21:49:05.766+0000] {processor.py:840} INFO - DAG(s) 'example_bash_decorator' retrieved from /home/airflow/.local/lib/python3.12/site-packages/airflow/example_dags/example_bash_decorator.py
[2026-06-14T21:49:05.796+0000] {logging_mixin.py:188} INFO - [2026-06-14T21:49:05.795+0000] {dag.py:3089} INFO - Sync 1 DAGs
[2026-06-14T21:49:05.811+0000] {logging_mixin.py:188} INFO - [2026-06-14T21:49:05.811+0000] {dag.py:3947} INFO - Setting next_dagrun for example_bash_decorator to None, run_after=None
[2026-06-14T21:49:05.881+0000] {processor.py:183} INFO - Processing /home/airflow/.local/lib/python3.12/site-packages/airflow/example_dags/example_bash_decorator.py took 0.143 seconds
[2026-06-14T21:49:35.999+0000] {processor.py:161} INFO - Started process (PID=1189) to work on /home/airflow/.local/lib/python3.12/site-packages/airflow/example_dags/example_bash_decorator.py
[2026-06-14T21:49:36.001+0000] {processor.py:830} INFO - Processing file /home/airflow/.local/lib/python3.12/site-packages/airflow/example_dags/example_bash_decorator.py for tasks to queue
[2026-06-14T21:49:36.044+0000] {logging_mixin.py:188} INFO - [2026-06-14T21:49:36.043+0000] {dagbag.py:545} INFO - Filling up the DagBag from /home/airflow/.local/lib/python3.12/site-packages/airflow/example_dags/example_bash_decorator.py
[2026-06-14T21:49:36.072+0000] {processor.py:840} INFO - DAG(s) 'example_bash_decorator' retrieved from /home/airflow/.local/lib/python3.12/site-packages/airflow/example_dags/example_bash_decorator.py
[2026-06-14T21:49:36.109+0000] {logging_mixin.py:188} INFO - [2026-06-14T21:49:36.108+0000] {dag.py:3089} INFO - Sync 1 DAGs
[2026-06-14T21:49:36.132+0000] {logging_mixin.py:188} INFO - [2026-06-14T21:49:36.132+0000] {dag.py:3947} INFO - Setting next_dagrun for example_bash_decorator to None, run_after=None
[2026-06-14T21:49:36.165+0000] {processor.py:183} INFO - Processing /home/airflow/.local/lib/python3.12/site-packages/airflow/example_dags/example_bash_decorator.py took 0.174 seconds
