[2026-06-14T21:26:32.322+0000] {processor.py:161} INFO - Started process (PID=88) to work on /home/airflow/.local/lib/python3.12/site-packages/airflow/example_dags/example_display_name.py
[2026-06-14T21:26:32.324+0000] {processor.py:830} INFO - Processing file /home/airflow/.local/lib/python3.12/site-packages/airflow/example_dags/example_display_name.py for tasks to queue
[2026-06-14T21:26:32.327+0000] {logging_mixin.py:188} INFO - [2026-06-14T21:26:32.327+0000] {dagbag.py:545} INFO - Filling up the DagBag from /home/airflow/.local/lib/python3.12/site-packages/airflow/example_dags/example_display_name.py
[2026-06-14T21:26:32.340+0000] {processor.py:840} INFO - DAG(s) 'example_display_name' retrieved from /home/airflow/.local/lib/python3.12/site-packages/airflow/example_dags/example_display_name.py
[2026-06-14T21:26:32.495+0000] {logging_mixin.py:188} INFO - [2026-06-14T21:26:32.494+0000] {override.py:1858} INFO - Created Permission View: can delete on DAG:example_display_name
[2026-06-14T21:26:32.514+0000] {logging_mixin.py:188} INFO - [2026-06-14T21:26:32.513+0000] {override.py:1858} INFO - Created Permission View: can edit on DAG:example_display_name
[2026-06-14T21:26:32.526+0000] {logging_mixin.py:188} INFO - [2026-06-14T21:26:32.525+0000] {override.py:1858} INFO - Created Permission View: can read on DAG:example_display_name
[2026-06-14T21:26:32.527+0000] {logging_mixin.py:188} INFO - [2026-06-14T21:26:32.527+0000] {dag.py:3089} INFO - Sync 1 DAGs
[2026-06-14T21:26:32.548+0000] {logging_mixin.py:188} INFO - [2026-06-14T21:26:32.548+0000] {dag.py:3111} INFO - Creating ORM DAG for example_display_name
[2026-06-14T21:26:32.550+0000] {logging_mixin.py:188} INFO - [2026-06-14T21:26:32.549+0000] {dag.py:3947} INFO - Setting next_dagrun for example_display_name to None, run_after=None
[2026-06-14T21:26:32.581+0000] {processor.py:183} INFO - Processing /home/airflow/.local/lib/python3.12/site-packages/airflow/example_dags/example_display_name.py took 0.268 seconds
[2026-06-14T21:27:03.357+0000] {processor.py:161} INFO - Started process (PID=146) to work on /home/airflow/.local/lib/python3.12/site-packages/airflow/example_dags/example_display_name.py
[2026-06-14T21:27:03.360+0000] {processor.py:830} INFO - Processing file /home/airflow/.local/lib/python3.12/site-packages/airflow/example_dags/example_display_name.py for tasks to queue
[2026-06-14T21:27:03.363+0000] {logging_mixin.py:188} INFO - [2026-06-14T21:27:03.362+0000] {dagbag.py:545} INFO - Filling up the DagBag from /home/airflow/.local/lib/python3.12/site-packages/airflow/example_dags/example_display_name.py
[2026-06-14T21:27:03.372+0000] {processor.py:840} INFO - DAG(s) 'example_display_name' retrieved from /home/airflow/.local/lib/python3.12/site-packages/airflow/example_dags/example_display_name.py
[2026-06-14T21:27:03.398+0000] {logging_mixin.py:188} INFO - [2026-06-14T21:27:03.398+0000] {dag.py:3089} INFO - Sync 1 DAGs
[2026-06-14T21:27:03.418+0000] {logging_mixin.py:188} INFO - [2026-06-14T21:27:03.417+0000] {dag.py:3947} INFO - Setting next_dagrun for example_display_name to None, run_after=None
[2026-06-14T21:27:03.443+0000] {processor.py:183} INFO - Processing /home/airflow/.local/lib/python3.12/site-packages/airflow/example_dags/example_display_name.py took 0.094 seconds
[2026-06-14T21:27:33.803+0000] {processor.py:161} INFO - Started process (PID=205) to work on /home/airflow/.local/lib/python3.12/site-packages/airflow/example_dags/example_display_name.py
[2026-06-14T21:27:33.805+0000] {processor.py:830} INFO - Processing file /home/airflow/.local/lib/python3.12/site-packages/airflow/example_dags/example_display_name.py for tasks to queue
[2026-06-14T21:27:33.808+0000] {logging_mixin.py:188} INFO - [2026-06-14T21:27:33.808+0000] {dagbag.py:545} INFO - Filling up the DagBag from /home/airflow/.local/lib/python3.12/site-packages/airflow/example_dags/example_display_name.py
[2026-06-14T21:27:33.816+0000] {processor.py:840} INFO - DAG(s) 'example_display_name' retrieved from /home/airflow/.local/lib/python3.12/site-packages/airflow/example_dags/example_display_name.py
[2026-06-14T21:27:33.845+0000] {logging_mixin.py:188} INFO - [2026-06-14T21:27:33.845+0000] {dag.py:3089} INFO - Sync 1 DAGs
[2026-06-14T21:27:33.866+0000] {logging_mixin.py:188} INFO - [2026-06-14T21:27:33.865+0000] {dag.py:3947} INFO - Setting next_dagrun for example_display_name to None, run_after=None
[2026-06-14T21:27:33.910+0000] {processor.py:183} INFO - Processing /home/airflow/.local/lib/python3.12/site-packages/airflow/example_dags/example_display_name.py took 0.117 seconds
[2026-06-14T21:28:05.035+0000] {processor.py:161} INFO - Started process (PID=265) to work on /home/airflow/.local/lib/python3.12/site-packages/airflow/example_dags/example_display_name.py
[2026-06-14T21:28:05.036+0000] {processor.py:830} INFO - Processing file /home/airflow/.local/lib/python3.12/site-packages/airflow/example_dags/example_display_name.py for tasks to queue
[2026-06-14T21:28:05.039+0000] {logging_mixin.py:188} INFO - [2026-06-14T21:28:05.039+0000] {dagbag.py:545} INFO - Filling up the DagBag from /home/airflow/.local/lib/python3.12/site-packages/airflow/example_dags/example_display_name.py
[2026-06-14T21:28:05.045+0000] {processor.py:840} INFO - DAG(s) 'example_display_name' retrieved from /home/airflow/.local/lib/python3.12/site-packages/airflow/example_dags/example_display_name.py
[2026-06-14T21:28:05.068+0000] {logging_mixin.py:188} INFO - [2026-06-14T21:28:05.067+0000] {dag.py:3089} INFO - Sync 1 DAGs
[2026-06-14T21:28:05.084+0000] {logging_mixin.py:188} INFO - [2026-06-14T21:28:05.084+0000] {dag.py:3947} INFO - Setting next_dagrun for example_display_name to None, run_after=None
[2026-06-14T21:28:05.113+0000] {processor.py:183} INFO - Processing /home/airflow/.local/lib/python3.12/site-packages/airflow/example_dags/example_display_name.py took 0.084 seconds
[2026-06-14T21:28:35.367+0000] {processor.py:161} INFO - Started process (PID=324) to work on /home/airflow/.local/lib/python3.12/site-packages/airflow/example_dags/example_display_name.py
[2026-06-14T21:28:35.369+0000] {processor.py:830} INFO - Processing file /home/airflow/.local/lib/python3.12/site-packages/airflow/example_dags/example_display_name.py for tasks to queue
[2026-06-14T21:28:35.372+0000] {logging_mixin.py:188} INFO - [2026-06-14T21:28:35.372+0000] {dagbag.py:545} INFO - Filling up the DagBag from /home/airflow/.local/lib/python3.12/site-packages/airflow/example_dags/example_display_name.py
[2026-06-14T21:28:35.385+0000] {processor.py:840} INFO - DAG(s) 'example_display_name' retrieved from /home/airflow/.local/lib/python3.12/site-packages/airflow/example_dags/example_display_name.py
[2026-06-14T21:28:35.424+0000] {logging_mixin.py:188} INFO - [2026-06-14T21:28:35.423+0000] {dag.py:3089} INFO - Sync 1 DAGs
[2026-06-14T21:28:35.456+0000] {logging_mixin.py:188} INFO - [2026-06-14T21:28:35.455+0000] {dag.py:3947} INFO - Setting next_dagrun for example_display_name to None, run_after=None
[2026-06-14T21:28:35.495+0000] {processor.py:183} INFO - Processing /home/airflow/.local/lib/python3.12/site-packages/airflow/example_dags/example_display_name.py took 0.137 seconds
[2026-06-14T21:29:06.233+0000] {processor.py:161} INFO - Started process (PID=383) to work on /home/airflow/.local/lib/python3.12/site-packages/airflow/example_dags/example_display_name.py
[2026-06-14T21:29:06.235+0000] {processor.py:830} INFO - Processing file /home/airflow/.local/lib/python3.12/site-packages/airflow/example_dags/example_display_name.py for tasks to queue
[2026-06-14T21:29:06.239+0000] {logging_mixin.py:188} INFO - [2026-06-14T21:29:06.238+0000] {dagbag.py:545} INFO - Filling up the DagBag from /home/airflow/.local/lib/python3.12/site-packages/airflow/example_dags/example_display_name.py
[2026-06-14T21:29:06.251+0000] {processor.py:840} INFO - DAG(s) 'example_display_name' retrieved from /home/airflow/.local/lib/python3.12/site-packages/airflow/example_dags/example_display_name.py
[2026-06-14T21:29:06.297+0000] {logging_mixin.py:188} INFO - [2026-06-14T21:29:06.296+0000] {dag.py:3089} INFO - Sync 1 DAGs
[2026-06-14T21:29:06.324+0000] {logging_mixin.py:188} INFO - [2026-06-14T21:29:06.324+0000] {dag.py:3947} INFO - Setting next_dagrun for example_display_name to None, run_after=None
[2026-06-14T21:29:06.363+0000] {processor.py:183} INFO - Processing /home/airflow/.local/lib/python3.12/site-packages/airflow/example_dags/example_display_name.py took 0.142 seconds
[2026-06-14T21:29:36.602+0000] {processor.py:161} INFO - Started process (PID=442) to work on /home/airflow/.local/lib/python3.12/site-packages/airflow/example_dags/example_display_name.py
[2026-06-14T21:29:36.603+0000] {processor.py:830} INFO - Processing file /home/airflow/.local/lib/python3.12/site-packages/airflow/example_dags/example_display_name.py for tasks to queue
[2026-06-14T21:29:36.606+0000] {logging_mixin.py:188} INFO - [2026-06-14T21:29:36.605+0000] {dagbag.py:545} INFO - Filling up the DagBag from /home/airflow/.local/lib/python3.12/site-packages/airflow/example_dags/example_display_name.py
[2026-06-14T21:29:36.614+0000] {processor.py:840} INFO - DAG(s) 'example_display_name' retrieved from /home/airflow/.local/lib/python3.12/site-packages/airflow/example_dags/example_display_name.py
[2026-06-14T21:29:36.643+0000] {logging_mixin.py:188} INFO - [2026-06-14T21:29:36.642+0000] {dag.py:3089} INFO - Sync 1 DAGs
[2026-06-14T21:29:36.659+0000] {logging_mixin.py:188} INFO - [2026-06-14T21:29:36.659+0000] {dag.py:3947} INFO - Setting next_dagrun for example_display_name to None, run_after=None
[2026-06-14T21:29:36.687+0000] {processor.py:183} INFO - Processing /home/airflow/.local/lib/python3.12/site-packages/airflow/example_dags/example_display_name.py took 0.093 seconds
[2026-06-14T21:30:07.000+0000] {processor.py:161} INFO - Started process (PID=500) to work on /home/airflow/.local/lib/python3.12/site-packages/airflow/example_dags/example_display_name.py
[2026-06-14T21:30:07.001+0000] {processor.py:830} INFO - Processing file /home/airflow/.local/lib/python3.12/site-packages/airflow/example_dags/example_display_name.py for tasks to queue
[2026-06-14T21:30:07.003+0000] {logging_mixin.py:188} INFO - [2026-06-14T21:30:07.002+0000] {dagbag.py:545} INFO - Filling up the DagBag from /home/airflow/.local/lib/python3.12/site-packages/airflow/example_dags/example_display_name.py
[2026-06-14T21:30:07.010+0000] {processor.py:840} INFO - DAG(s) 'example_display_name' retrieved from /home/airflow/.local/lib/python3.12/site-packages/airflow/example_dags/example_display_name.py
[2026-06-14T21:30:07.038+0000] {logging_mixin.py:188} INFO - [2026-06-14T21:30:07.038+0000] {dag.py:3089} INFO - Sync 1 DAGs
[2026-06-14T21:30:07.058+0000] {logging_mixin.py:188} INFO - [2026-06-14T21:30:07.058+0000] {dag.py:3947} INFO - Setting next_dagrun for example_display_name to None, run_after=None
[2026-06-14T21:30:07.137+0000] {processor.py:183} INFO - Processing /home/airflow/.local/lib/python3.12/site-packages/airflow/example_dags/example_display_name.py took 0.146 seconds
[2026-06-14T21:30:37.831+0000] {processor.py:161} INFO - Started process (PID=558) to work on /home/airflow/.local/lib/python3.12/site-packages/airflow/example_dags/example_display_name.py
[2026-06-14T21:30:37.833+0000] {processor.py:830} INFO - Processing file /home/airflow/.local/lib/python3.12/site-packages/airflow/example_dags/example_display_name.py for tasks to queue
[2026-06-14T21:30:37.834+0000] {logging_mixin.py:188} INFO - [2026-06-14T21:30:37.833+0000] {dagbag.py:545} INFO - Filling up the DagBag from /home/airflow/.local/lib/python3.12/site-packages/airflow/example_dags/example_display_name.py
[2026-06-14T21:30:37.842+0000] {processor.py:840} INFO - DAG(s) 'example_display_name' retrieved from /home/airflow/.local/lib/python3.12/site-packages/airflow/example_dags/example_display_name.py
[2026-06-14T21:30:37.867+0000] {logging_mixin.py:188} INFO - [2026-06-14T21:30:37.867+0000] {dag.py:3089} INFO - Sync 1 DAGs
[2026-06-14T21:30:37.881+0000] {logging_mixin.py:188} INFO - [2026-06-14T21:30:37.881+0000] {dag.py:3947} INFO - Setting next_dagrun for example_display_name to None, run_after=None
[2026-06-14T21:30:37.913+0000] {processor.py:183} INFO - Processing /home/airflow/.local/lib/python3.12/site-packages/airflow/example_dags/example_display_name.py took 0.091 seconds
[2026-06-14T21:31:09.034+0000] {processor.py:161} INFO - Started process (PID=617) to work on /home/airflow/.local/lib/python3.12/site-packages/airflow/example_dags/example_display_name.py
[2026-06-14T21:31:09.035+0000] {processor.py:830} INFO - Processing file /home/airflow/.local/lib/python3.12/site-packages/airflow/example_dags/example_display_name.py for tasks to queue
[2026-06-14T21:31:09.037+0000] {logging_mixin.py:188} INFO - [2026-06-14T21:31:09.037+0000] {dagbag.py:545} INFO - Filling up the DagBag from /home/airflow/.local/lib/python3.12/site-packages/airflow/example_dags/example_display_name.py
[2026-06-14T21:31:09.048+0000] {processor.py:840} INFO - DAG(s) 'example_display_name' retrieved from /home/airflow/.local/lib/python3.12/site-packages/airflow/example_dags/example_display_name.py
[2026-06-14T21:31:09.084+0000] {logging_mixin.py:188} INFO - [2026-06-14T21:31:09.084+0000] {dag.py:3089} INFO - Sync 1 DAGs
[2026-06-14T21:31:09.109+0000] {logging_mixin.py:188} INFO - [2026-06-14T21:31:09.109+0000] {dag.py:3947} INFO - Setting next_dagrun for example_display_name to None, run_after=None
[2026-06-14T21:31:09.143+0000] {processor.py:183} INFO - Processing /home/airflow/.local/lib/python3.12/site-packages/airflow/example_dags/example_display_name.py took 0.120 seconds
[2026-06-14T21:31:39.732+0000] {processor.py:161} INFO - Started process (PID=675) to work on /home/airflow/.local/lib/python3.12/site-packages/airflow/example_dags/example_display_name.py
[2026-06-14T21:31:39.734+0000] {processor.py:830} INFO - Processing file /home/airflow/.local/lib/python3.12/site-packages/airflow/example_dags/example_display_name.py for tasks to queue
[2026-06-14T21:31:39.736+0000] {logging_mixin.py:188} INFO - [2026-06-14T21:31:39.736+0000] {dagbag.py:545} INFO - Filling up the DagBag from /home/airflow/.local/lib/python3.12/site-packages/airflow/example_dags/example_display_name.py
[2026-06-14T21:31:39.746+0000] {processor.py:840} INFO - DAG(s) 'example_display_name' retrieved from /home/airflow/.local/lib/python3.12/site-packages/airflow/example_dags/example_display_name.py
[2026-06-14T21:31:39.785+0000] {logging_mixin.py:188} INFO - [2026-06-14T21:31:39.785+0000] {dag.py:3089} INFO - Sync 1 DAGs
[2026-06-14T21:31:39.812+0000] {logging_mixin.py:188} INFO - [2026-06-14T21:31:39.811+0000] {dag.py:3947} INFO - Setting next_dagrun for example_display_name to None, run_after=None
[2026-06-14T21:31:39.845+0000] {processor.py:183} INFO - Processing /home/airflow/.local/lib/python3.12/site-packages/airflow/example_dags/example_display_name.py took 0.123 seconds
[2026-06-14T21:32:10.192+0000] {processor.py:161} INFO - Started process (PID=732) to work on /home/airflow/.local/lib/python3.12/site-packages/airflow/example_dags/example_display_name.py
[2026-06-14T21:32:10.194+0000] {processor.py:830} INFO - Processing file /home/airflow/.local/lib/python3.12/site-packages/airflow/example_dags/example_display_name.py for tasks to queue
[2026-06-14T21:32:10.197+0000] {logging_mixin.py:188} INFO - [2026-06-14T21:32:10.196+0000] {dagbag.py:545} INFO - Filling up the DagBag from /home/airflow/.local/lib/python3.12/site-packages/airflow/example_dags/example_display_name.py
[2026-06-14T21:32:10.208+0000] {processor.py:840} INFO - DAG(s) 'example_display_name' retrieved from /home/airflow/.local/lib/python3.12/site-packages/airflow/example_dags/example_display_name.py
[2026-06-14T21:32:10.250+0000] {logging_mixin.py:188} INFO - [2026-06-14T21:32:10.249+0000] {dag.py:3089} INFO - Sync 1 DAGs
[2026-06-14T21:32:10.276+0000] {logging_mixin.py:188} INFO - [2026-06-14T21:32:10.276+0000] {dag.py:3947} INFO - Setting next_dagrun for example_display_name to None, run_after=None
[2026-06-14T21:32:10.319+0000] {processor.py:183} INFO - Processing /home/airflow/.local/lib/python3.12/site-packages/airflow/example_dags/example_display_name.py took 0.138 seconds
[2026-06-14T21:40:01.335+0000] {processor.py:161} INFO - Started process (PID=89) to work on /home/airflow/.local/lib/python3.12/site-packages/airflow/example_dags/example_display_name.py
[2026-06-14T21:40:01.337+0000] {processor.py:830} INFO - Processing file /home/airflow/.local/lib/python3.12/site-packages/airflow/example_dags/example_display_name.py for tasks to queue
[2026-06-14T21:40:01.340+0000] {logging_mixin.py:188} INFO - [2026-06-14T21:40:01.339+0000] {dagbag.py:545} INFO - Filling up the DagBag from /home/airflow/.local/lib/python3.12/site-packages/airflow/example_dags/example_display_name.py
[2026-06-14T21:40:01.352+0000] {processor.py:840} INFO - DAG(s) 'example_display_name' retrieved from /home/airflow/.local/lib/python3.12/site-packages/airflow/example_dags/example_display_name.py
[2026-06-14T21:40:01.495+0000] {logging_mixin.py:188} INFO - [2026-06-14T21:40:01.494+0000] {dag.py:3089} INFO - Sync 1 DAGs
[2026-06-14T21:40:01.512+0000] {logging_mixin.py:188} INFO - [2026-06-14T21:40:01.511+0000] {dag.py:3947} INFO - Setting next_dagrun for example_display_name to None, run_after=None
[2026-06-14T21:40:01.539+0000] {processor.py:183} INFO - Processing /home/airflow/.local/lib/python3.12/site-packages/airflow/example_dags/example_display_name.py took 0.213 seconds
[2026-06-14T21:40:31.865+0000] {processor.py:161} INFO - Started process (PID=148) to work on /home/airflow/.local/lib/python3.12/site-packages/airflow/example_dags/example_display_name.py
[2026-06-14T21:40:31.866+0000] {processor.py:830} INFO - Processing file /home/airflow/.local/lib/python3.12/site-packages/airflow/example_dags/example_display_name.py for tasks to queue
[2026-06-14T21:40:31.870+0000] {logging_mixin.py:188} INFO - [2026-06-14T21:40:31.870+0000] {dagbag.py:545} INFO - Filling up the DagBag from /home/airflow/.local/lib/python3.12/site-packages/airflow/example_dags/example_display_name.py
[2026-06-14T21:40:31.880+0000] {processor.py:840} INFO - DAG(s) 'example_display_name' retrieved from /home/airflow/.local/lib/python3.12/site-packages/airflow/example_dags/example_display_name.py
[2026-06-14T21:40:31.914+0000] {logging_mixin.py:188} INFO - [2026-06-14T21:40:31.914+0000] {dag.py:3089} INFO - Sync 1 DAGs
[2026-06-14T21:40:31.933+0000] {logging_mixin.py:188} INFO - [2026-06-14T21:40:31.932+0000] {dag.py:3947} INFO - Setting next_dagrun for example_display_name to None, run_after=None
[2026-06-14T21:40:31.966+0000] {processor.py:183} INFO - Processing /home/airflow/.local/lib/python3.12/site-packages/airflow/example_dags/example_display_name.py took 0.110 seconds
[2026-06-14T21:41:02.229+0000] {processor.py:161} INFO - Started process (PID=206) to work on /home/airflow/.local/lib/python3.12/site-packages/airflow/example_dags/example_display_name.py
[2026-06-14T21:41:02.231+0000] {processor.py:830} INFO - Processing file /home/airflow/.local/lib/python3.12/site-packages/airflow/example_dags/example_display_name.py for tasks to queue
[2026-06-14T21:41:02.234+0000] {logging_mixin.py:188} INFO - [2026-06-14T21:41:02.234+0000] {dagbag.py:545} INFO - Filling up the DagBag from /home/airflow/.local/lib/python3.12/site-packages/airflow/example_dags/example_display_name.py
[2026-06-14T21:41:02.244+0000] {processor.py:840} INFO - DAG(s) 'example_display_name' retrieved from /home/airflow/.local/lib/python3.12/site-packages/airflow/example_dags/example_display_name.py
[2026-06-14T21:41:02.277+0000] {logging_mixin.py:188} INFO - [2026-06-14T21:41:02.276+0000] {dag.py:3089} INFO - Sync 1 DAGs
[2026-06-14T21:41:02.311+0000] {logging_mixin.py:188} INFO - [2026-06-14T21:41:02.310+0000] {dag.py:3947} INFO - Setting next_dagrun for example_display_name to None, run_after=None
[2026-06-14T21:41:02.351+0000] {processor.py:183} INFO - Processing /home/airflow/.local/lib/python3.12/site-packages/airflow/example_dags/example_display_name.py took 0.134 seconds
[2026-06-14T21:41:33.227+0000] {processor.py:161} INFO - Started process (PID=265) to work on /home/airflow/.local/lib/python3.12/site-packages/airflow/example_dags/example_display_name.py
[2026-06-14T21:41:33.234+0000] {processor.py:830} INFO - Processing file /home/airflow/.local/lib/python3.12/site-packages/airflow/example_dags/example_display_name.py for tasks to queue
[2026-06-14T21:41:33.240+0000] {logging_mixin.py:188} INFO - [2026-06-14T21:41:33.239+0000] {dagbag.py:545} INFO - Filling up the DagBag from /home/airflow/.local/lib/python3.12/site-packages/airflow/example_dags/example_display_name.py
[2026-06-14T21:41:33.256+0000] {processor.py:840} INFO - DAG(s) 'example_display_name' retrieved from /home/airflow/.local/lib/python3.12/site-packages/airflow/example_dags/example_display_name.py
[2026-06-14T21:41:33.332+0000] {logging_mixin.py:188} INFO - [2026-06-14T21:41:33.331+0000] {dag.py:3089} INFO - Sync 1 DAGs
[2026-06-14T21:41:33.369+0000] {logging_mixin.py:188} INFO - [2026-06-14T21:41:33.369+0000] {dag.py:3947} INFO - Setting next_dagrun for example_display_name to None, run_after=None
[2026-06-14T21:41:33.408+0000] {processor.py:183} INFO - Processing /home/airflow/.local/lib/python3.12/site-packages/airflow/example_dags/example_display_name.py took 0.195 seconds
[2026-06-14T21:42:04.020+0000] {processor.py:161} INFO - Started process (PID=325) to work on /home/airflow/.local/lib/python3.12/site-packages/airflow/example_dags/example_display_name.py
[2026-06-14T21:42:04.022+0000] {processor.py:830} INFO - Processing file /home/airflow/.local/lib/python3.12/site-packages/airflow/example_dags/example_display_name.py for tasks to queue
[2026-06-14T21:42:04.026+0000] {logging_mixin.py:188} INFO - [2026-06-14T21:42:04.025+0000] {dagbag.py:545} INFO - Filling up the DagBag from /home/airflow/.local/lib/python3.12/site-packages/airflow/example_dags/example_display_name.py
[2026-06-14T21:42:04.037+0000] {processor.py:840} INFO - DAG(s) 'example_display_name' retrieved from /home/airflow/.local/lib/python3.12/site-packages/airflow/example_dags/example_display_name.py
[2026-06-14T21:42:04.077+0000] {logging_mixin.py:188} INFO - [2026-06-14T21:42:04.077+0000] {dag.py:3089} INFO - Sync 1 DAGs
[2026-06-14T21:42:04.096+0000] {logging_mixin.py:188} INFO - [2026-06-14T21:42:04.095+0000] {dag.py:3947} INFO - Setting next_dagrun for example_display_name to None, run_after=None
[2026-06-14T21:42:04.125+0000] {processor.py:183} INFO - Processing /home/airflow/.local/lib/python3.12/site-packages/airflow/example_dags/example_display_name.py took 0.117 seconds
[2026-06-14T21:42:34.811+0000] {processor.py:161} INFO - Started process (PID=384) to work on /home/airflow/.local/lib/python3.12/site-packages/airflow/example_dags/example_display_name.py
[2026-06-14T21:42:34.813+0000] {processor.py:830} INFO - Processing file /home/airflow/.local/lib/python3.12/site-packages/airflow/example_dags/example_display_name.py for tasks to queue
[2026-06-14T21:42:34.817+0000] {logging_mixin.py:188} INFO - [2026-06-14T21:42:34.816+0000] {dagbag.py:545} INFO - Filling up the DagBag from /home/airflow/.local/lib/python3.12/site-packages/airflow/example_dags/example_display_name.py
[2026-06-14T21:42:34.828+0000] {processor.py:840} INFO - DAG(s) 'example_display_name' retrieved from /home/airflow/.local/lib/python3.12/site-packages/airflow/example_dags/example_display_name.py
[2026-06-14T21:42:34.861+0000] {logging_mixin.py:188} INFO - [2026-06-14T21:42:34.861+0000] {dag.py:3089} INFO - Sync 1 DAGs
[2026-06-14T21:42:34.884+0000] {logging_mixin.py:188} INFO - [2026-06-14T21:42:34.884+0000] {dag.py:3947} INFO - Setting next_dagrun for example_display_name to None, run_after=None
[2026-06-14T21:42:34.911+0000] {processor.py:183} INFO - Processing /home/airflow/.local/lib/python3.12/site-packages/airflow/example_dags/example_display_name.py took 0.113 seconds
[2026-06-14T21:43:05.284+0000] {processor.py:161} INFO - Started process (PID=443) to work on /home/airflow/.local/lib/python3.12/site-packages/airflow/example_dags/example_display_name.py
[2026-06-14T21:43:05.286+0000] {processor.py:830} INFO - Processing file /home/airflow/.local/lib/python3.12/site-packages/airflow/example_dags/example_display_name.py for tasks to queue
[2026-06-14T21:43:05.289+0000] {logging_mixin.py:188} INFO - [2026-06-14T21:43:05.289+0000] {dagbag.py:545} INFO - Filling up the DagBag from /home/airflow/.local/lib/python3.12/site-packages/airflow/example_dags/example_display_name.py
[2026-06-14T21:43:05.298+0000] {processor.py:840} INFO - DAG(s) 'example_display_name' retrieved from /home/airflow/.local/lib/python3.12/site-packages/airflow/example_dags/example_display_name.py
[2026-06-14T21:43:05.335+0000] {logging_mixin.py:188} INFO - [2026-06-14T21:43:05.334+0000] {dag.py:3089} INFO - Sync 1 DAGs
[2026-06-14T21:43:05.357+0000] {logging_mixin.py:188} INFO - [2026-06-14T21:43:05.356+0000] {dag.py:3947} INFO - Setting next_dagrun for example_display_name to None, run_after=None
[2026-06-14T21:43:05.391+0000] {processor.py:183} INFO - Processing /home/airflow/.local/lib/python3.12/site-packages/airflow/example_dags/example_display_name.py took 0.123 seconds
[2026-06-14T21:43:36.271+0000] {processor.py:161} INFO - Started process (PID=502) to work on /home/airflow/.local/lib/python3.12/site-packages/airflow/example_dags/example_display_name.py
[2026-06-14T21:43:36.273+0000] {processor.py:830} INFO - Processing file /home/airflow/.local/lib/python3.12/site-packages/airflow/example_dags/example_display_name.py for tasks to queue
[2026-06-14T21:43:36.278+0000] {logging_mixin.py:188} INFO - [2026-06-14T21:43:36.277+0000] {dagbag.py:545} INFO - Filling up the DagBag from /home/airflow/.local/lib/python3.12/site-packages/airflow/example_dags/example_display_name.py
[2026-06-14T21:43:36.288+0000] {processor.py:840} INFO - DAG(s) 'example_display_name' retrieved from /home/airflow/.local/lib/python3.12/site-packages/airflow/example_dags/example_display_name.py
[2026-06-14T21:43:36.321+0000] {logging_mixin.py:188} INFO - [2026-06-14T21:43:36.321+0000] {dag.py:3089} INFO - Sync 1 DAGs
[2026-06-14T21:43:36.339+0000] {logging_mixin.py:188} INFO - [2026-06-14T21:43:36.339+0000] {dag.py:3947} INFO - Setting next_dagrun for example_display_name to None, run_after=None
[2026-06-14T21:43:36.367+0000] {processor.py:183} INFO - Processing /home/airflow/.local/lib/python3.12/site-packages/airflow/example_dags/example_display_name.py took 0.106 seconds
[2026-06-14T21:44:07.049+0000] {processor.py:161} INFO - Started process (PID=561) to work on /home/airflow/.local/lib/python3.12/site-packages/airflow/example_dags/example_display_name.py
[2026-06-14T21:44:07.051+0000] {processor.py:830} INFO - Processing file /home/airflow/.local/lib/python3.12/site-packages/airflow/example_dags/example_display_name.py for tasks to queue
[2026-06-14T21:44:07.055+0000] {logging_mixin.py:188} INFO - [2026-06-14T21:44:07.054+0000] {dagbag.py:545} INFO - Filling up the DagBag from /home/airflow/.local/lib/python3.12/site-packages/airflow/example_dags/example_display_name.py
[2026-06-14T21:44:07.071+0000] {processor.py:840} INFO - DAG(s) 'example_display_name' retrieved from /home/airflow/.local/lib/python3.12/site-packages/airflow/example_dags/example_display_name.py
[2026-06-14T21:44:07.119+0000] {logging_mixin.py:188} INFO - [2026-06-14T21:44:07.118+0000] {dag.py:3089} INFO - Sync 1 DAGs
[2026-06-14T21:44:07.135+0000] {logging_mixin.py:188} INFO - [2026-06-14T21:44:07.135+0000] {dag.py:3947} INFO - Setting next_dagrun for example_display_name to None, run_after=None
[2026-06-14T21:44:07.163+0000] {processor.py:183} INFO - Processing /home/airflow/.local/lib/python3.12/site-packages/airflow/example_dags/example_display_name.py took 0.134 seconds
[2026-06-14T21:44:37.521+0000] {processor.py:161} INFO - Started process (PID=620) to work on /home/airflow/.local/lib/python3.12/site-packages/airflow/example_dags/example_display_name.py
[2026-06-14T21:44:37.523+0000] {processor.py:830} INFO - Processing file /home/airflow/.local/lib/python3.12/site-packages/airflow/example_dags/example_display_name.py for tasks to queue
[2026-06-14T21:44:37.526+0000] {logging_mixin.py:188} INFO - [2026-06-14T21:44:37.525+0000] {dagbag.py:545} INFO - Filling up the DagBag from /home/airflow/.local/lib/python3.12/site-packages/airflow/example_dags/example_display_name.py
[2026-06-14T21:44:37.542+0000] {processor.py:840} INFO - DAG(s) 'example_display_name' retrieved from /home/airflow/.local/lib/python3.12/site-packages/airflow/example_dags/example_display_name.py
[2026-06-14T21:44:37.590+0000] {logging_mixin.py:188} INFO - [2026-06-14T21:44:37.590+0000] {dag.py:3089} INFO - Sync 1 DAGs
[2026-06-14T21:44:37.632+0000] {logging_mixin.py:188} INFO - [2026-06-14T21:44:37.632+0000] {dag.py:3947} INFO - Setting next_dagrun for example_display_name to None, run_after=None
[2026-06-14T21:44:37.671+0000] {processor.py:183} INFO - Processing /home/airflow/.local/lib/python3.12/site-packages/airflow/example_dags/example_display_name.py took 0.158 seconds
[2026-06-14T21:45:07.747+0000] {processor.py:161} INFO - Started process (PID=678) to work on /home/airflow/.local/lib/python3.12/site-packages/airflow/example_dags/example_display_name.py
[2026-06-14T21:45:07.748+0000] {processor.py:830} INFO - Processing file /home/airflow/.local/lib/python3.12/site-packages/airflow/example_dags/example_display_name.py for tasks to queue
[2026-06-14T21:45:07.751+0000] {logging_mixin.py:188} INFO - [2026-06-14T21:45:07.750+0000] {dagbag.py:545} INFO - Filling up the DagBag from /home/airflow/.local/lib/python3.12/site-packages/airflow/example_dags/example_display_name.py
[2026-06-14T21:45:07.758+0000] {processor.py:840} INFO - DAG(s) 'example_display_name' retrieved from /home/airflow/.local/lib/python3.12/site-packages/airflow/example_dags/example_display_name.py
[2026-06-14T21:45:07.781+0000] {logging_mixin.py:188} INFO - [2026-06-14T21:45:07.781+0000] {dag.py:3089} INFO - Sync 1 DAGs
[2026-06-14T21:45:07.797+0000] {logging_mixin.py:188} INFO - [2026-06-14T21:45:07.797+0000] {dag.py:3947} INFO - Setting next_dagrun for example_display_name to None, run_after=None
[2026-06-14T21:45:07.823+0000] {processor.py:183} INFO - Processing /home/airflow/.local/lib/python3.12/site-packages/airflow/example_dags/example_display_name.py took 0.083 seconds
[2026-06-14T21:45:38.493+0000] {processor.py:161} INFO - Started process (PID=738) to work on /home/airflow/.local/lib/python3.12/site-packages/airflow/example_dags/example_display_name.py
[2026-06-14T21:45:38.494+0000] {processor.py:830} INFO - Processing file /home/airflow/.local/lib/python3.12/site-packages/airflow/example_dags/example_display_name.py for tasks to queue
[2026-06-14T21:45:38.497+0000] {logging_mixin.py:188} INFO - [2026-06-14T21:45:38.497+0000] {dagbag.py:545} INFO - Filling up the DagBag from /home/airflow/.local/lib/python3.12/site-packages/airflow/example_dags/example_display_name.py
[2026-06-14T21:45:38.504+0000] {processor.py:840} INFO - DAG(s) 'example_display_name' retrieved from /home/airflow/.local/lib/python3.12/site-packages/airflow/example_dags/example_display_name.py
[2026-06-14T21:45:38.531+0000] {logging_mixin.py:188} INFO - [2026-06-14T21:45:38.531+0000] {dag.py:3089} INFO - Sync 1 DAGs
[2026-06-14T21:45:38.548+0000] {logging_mixin.py:188} INFO - [2026-06-14T21:45:38.547+0000] {dag.py:3947} INFO - Setting next_dagrun for example_display_name to None, run_after=None
[2026-06-14T21:45:38.573+0000] {processor.py:183} INFO - Processing /home/airflow/.local/lib/python3.12/site-packages/airflow/example_dags/example_display_name.py took 0.088 seconds
[2026-06-14T21:46:09.491+0000] {processor.py:161} INFO - Started process (PID=797) to work on /home/airflow/.local/lib/python3.12/site-packages/airflow/example_dags/example_display_name.py
[2026-06-14T21:46:09.493+0000] {processor.py:830} INFO - Processing file /home/airflow/.local/lib/python3.12/site-packages/airflow/example_dags/example_display_name.py for tasks to queue
[2026-06-14T21:46:09.497+0000] {logging_mixin.py:188} INFO - [2026-06-14T21:46:09.497+0000] {dagbag.py:545} INFO - Filling up the DagBag from /home/airflow/.local/lib/python3.12/site-packages/airflow/example_dags/example_display_name.py
[2026-06-14T21:46:09.509+0000] {processor.py:840} INFO - DAG(s) 'example_display_name' retrieved from /home/airflow/.local/lib/python3.12/site-packages/airflow/example_dags/example_display_name.py
[2026-06-14T21:46:09.556+0000] {logging_mixin.py:188} INFO - [2026-06-14T21:46:09.556+0000] {dag.py:3089} INFO - Sync 1 DAGs
[2026-06-14T21:46:09.595+0000] {logging_mixin.py:188} INFO - [2026-06-14T21:46:09.595+0000] {dag.py:3947} INFO - Setting next_dagrun for example_display_name to None, run_after=None
[2026-06-14T21:46:09.692+0000] {processor.py:183} INFO - Processing /home/airflow/.local/lib/python3.12/site-packages/airflow/example_dags/example_display_name.py took 0.215 seconds
[2026-06-14T21:46:39.855+0000] {processor.py:161} INFO - Started process (PID=855) to work on /home/airflow/.local/lib/python3.12/site-packages/airflow/example_dags/example_display_name.py
[2026-06-14T21:46:39.857+0000] {processor.py:830} INFO - Processing file /home/airflow/.local/lib/python3.12/site-packages/airflow/example_dags/example_display_name.py for tasks to queue
[2026-06-14T21:46:39.861+0000] {logging_mixin.py:188} INFO - [2026-06-14T21:46:39.860+0000] {dagbag.py:545} INFO - Filling up the DagBag from /home/airflow/.local/lib/python3.12/site-packages/airflow/example_dags/example_display_name.py
[2026-06-14T21:46:39.871+0000] {processor.py:840} INFO - DAG(s) 'example_display_name' retrieved from /home/airflow/.local/lib/python3.12/site-packages/airflow/example_dags/example_display_name.py
[2026-06-14T21:46:39.910+0000] {logging_mixin.py:188} INFO - [2026-06-14T21:46:39.909+0000] {dag.py:3089} INFO - Sync 1 DAGs
[2026-06-14T21:46:39.935+0000] {logging_mixin.py:188} INFO - [2026-06-14T21:46:39.935+0000] {dag.py:3947} INFO - Setting next_dagrun for example_display_name to None, run_after=None
[2026-06-14T21:46:39.991+0000] {processor.py:183} INFO - Processing /home/airflow/.local/lib/python3.12/site-packages/airflow/example_dags/example_display_name.py took 0.146 seconds
[2026-06-14T21:47:11.419+0000] {processor.py:161} INFO - Started process (PID=914) to work on /home/airflow/.local/lib/python3.12/site-packages/airflow/example_dags/example_display_name.py
[2026-06-14T21:47:11.424+0000] {processor.py:830} INFO - Processing file /home/airflow/.local/lib/python3.12/site-packages/airflow/example_dags/example_display_name.py for tasks to queue
[2026-06-14T21:47:11.437+0000] {logging_mixin.py:188} INFO - [2026-06-14T21:47:11.432+0000] {dagbag.py:545} INFO - Filling up the DagBag from /home/airflow/.local/lib/python3.12/site-packages/airflow/example_dags/example_display_name.py
[2026-06-14T21:47:11.467+0000] {processor.py:840} INFO - DAG(s) 'example_display_name' retrieved from /home/airflow/.local/lib/python3.12/site-packages/airflow/example_dags/example_display_name.py
[2026-06-14T21:47:11.535+0000] {logging_mixin.py:188} INFO - [2026-06-14T21:47:11.534+0000] {dag.py:3089} INFO - Sync 1 DAGs
[2026-06-14T21:47:11.601+0000] {logging_mixin.py:188} INFO - [2026-06-14T21:47:11.600+0000] {dag.py:3947} INFO - Setting next_dagrun for example_display_name to None, run_after=None
[2026-06-14T21:47:11.771+0000] {processor.py:183} INFO - Processing /home/airflow/.local/lib/python3.12/site-packages/airflow/example_dags/example_display_name.py took 0.391 seconds
[2026-06-14T21:47:42.191+0000] {processor.py:161} INFO - Started process (PID=973) to work on /home/airflow/.local/lib/python3.12/site-packages/airflow/example_dags/example_display_name.py
[2026-06-14T21:47:42.193+0000] {processor.py:830} INFO - Processing file /home/airflow/.local/lib/python3.12/site-packages/airflow/example_dags/example_display_name.py for tasks to queue
[2026-06-14T21:47:42.197+0000] {logging_mixin.py:188} INFO - [2026-06-14T21:47:42.197+0000] {dagbag.py:545} INFO - Filling up the DagBag from /home/airflow/.local/lib/python3.12/site-packages/airflow/example_dags/example_display_name.py
[2026-06-14T21:47:42.208+0000] {processor.py:840} INFO - DAG(s) 'example_display_name' retrieved from /home/airflow/.local/lib/python3.12/site-packages/airflow/example_dags/example_display_name.py
[2026-06-14T21:47:42.242+0000] {logging_mixin.py:188} INFO - [2026-06-14T21:47:42.241+0000] {dag.py:3089} INFO - Sync 1 DAGs
[2026-06-14T21:47:42.260+0000] {logging_mixin.py:188} INFO - [2026-06-14T21:47:42.260+0000] {dag.py:3947} INFO - Setting next_dagrun for example_display_name to None, run_after=None
[2026-06-14T21:47:42.299+0000] {processor.py:183} INFO - Processing /home/airflow/.local/lib/python3.12/site-packages/airflow/example_dags/example_display_name.py took 0.117 seconds
[2026-06-14T21:48:12.905+0000] {processor.py:161} INFO - Started process (PID=1031) to work on /home/airflow/.local/lib/python3.12/site-packages/airflow/example_dags/example_display_name.py
[2026-06-14T21:48:12.908+0000] {processor.py:830} INFO - Processing file /home/airflow/.local/lib/python3.12/site-packages/airflow/example_dags/example_display_name.py for tasks to queue
[2026-06-14T21:48:12.912+0000] {logging_mixin.py:188} INFO - [2026-06-14T21:48:12.911+0000] {dagbag.py:545} INFO - Filling up the DagBag from /home/airflow/.local/lib/python3.12/site-packages/airflow/example_dags/example_display_name.py
[2026-06-14T21:48:12.928+0000] {processor.py:840} INFO - DAG(s) 'example_display_name' retrieved from /home/airflow/.local/lib/python3.12/site-packages/airflow/example_dags/example_display_name.py
[2026-06-14T21:48:12.966+0000] {logging_mixin.py:188} INFO - [2026-06-14T21:48:12.966+0000] {dag.py:3089} INFO - Sync 1 DAGs
[2026-06-14T21:48:12.979+0000] {logging_mixin.py:188} INFO - [2026-06-14T21:48:12.979+0000] {dag.py:3947} INFO - Setting next_dagrun for example_display_name to None, run_after=None
[2026-06-14T21:48:13.053+0000] {processor.py:183} INFO - Processing /home/airflow/.local/lib/python3.12/site-packages/airflow/example_dags/example_display_name.py took 0.159 seconds
[2026-06-14T21:48:43.676+0000] {processor.py:161} INFO - Started process (PID=1090) to work on /home/airflow/.local/lib/python3.12/site-packages/airflow/example_dags/example_display_name.py
[2026-06-14T21:48:43.678+0000] {processor.py:830} INFO - Processing file /home/airflow/.local/lib/python3.12/site-packages/airflow/example_dags/example_display_name.py for tasks to queue
[2026-06-14T21:48:43.683+0000] {logging_mixin.py:188} INFO - [2026-06-14T21:48:43.683+0000] {dagbag.py:545} INFO - Filling up the DagBag from /home/airflow/.local/lib/python3.12/site-packages/airflow/example_dags/example_display_name.py
[2026-06-14T21:48:43.698+0000] {processor.py:840} INFO - DAG(s) 'example_display_name' retrieved from /home/airflow/.local/lib/python3.12/site-packages/airflow/example_dags/example_display_name.py
[2026-06-14T21:48:43.744+0000] {logging_mixin.py:188} INFO - [2026-06-14T21:48:43.742+0000] {dag.py:3089} INFO - Sync 1 DAGs
[2026-06-14T21:48:43.783+0000] {logging_mixin.py:188} INFO - [2026-06-14T21:48:43.783+0000] {dag.py:3947} INFO - Setting next_dagrun for example_display_name to None, run_after=None
[2026-06-14T21:48:43.828+0000] {processor.py:183} INFO - Processing /home/airflow/.local/lib/python3.12/site-packages/airflow/example_dags/example_display_name.py took 0.165 seconds
[2026-06-14T21:49:14.073+0000] {processor.py:161} INFO - Started process (PID=1148) to work on /home/airflow/.local/lib/python3.12/site-packages/airflow/example_dags/example_display_name.py
[2026-06-14T21:49:14.075+0000] {processor.py:830} INFO - Processing file /home/airflow/.local/lib/python3.12/site-packages/airflow/example_dags/example_display_name.py for tasks to queue
[2026-06-14T21:49:14.078+0000] {logging_mixin.py:188} INFO - [2026-06-14T21:49:14.077+0000] {dagbag.py:545} INFO - Filling up the DagBag from /home/airflow/.local/lib/python3.12/site-packages/airflow/example_dags/example_display_name.py
[2026-06-14T21:49:14.084+0000] {processor.py:840} INFO - DAG(s) 'example_display_name' retrieved from /home/airflow/.local/lib/python3.12/site-packages/airflow/example_dags/example_display_name.py
[2026-06-14T21:49:14.109+0000] {logging_mixin.py:188} INFO - [2026-06-14T21:49:14.109+0000] {dag.py:3089} INFO - Sync 1 DAGs
[2026-06-14T21:49:14.125+0000] {logging_mixin.py:188} INFO - [2026-06-14T21:49:14.125+0000] {dag.py:3947} INFO - Setting next_dagrun for example_display_name to None, run_after=None
[2026-06-14T21:49:14.191+0000] {processor.py:183} INFO - Processing /home/airflow/.local/lib/python3.12/site-packages/airflow/example_dags/example_display_name.py took 0.125 seconds
