[2026-06-14T21:26:30.940+0000] {processor.py:161} INFO - Started process (PID=80) to work on /home/airflow/.local/lib/python3.12/site-packages/airflow/example_dags/example_branch_labels.py
[2026-06-14T21:26:30.942+0000] {processor.py:830} INFO - Processing file /home/airflow/.local/lib/python3.12/site-packages/airflow/example_dags/example_branch_labels.py for tasks to queue
[2026-06-14T21:26:30.946+0000] {logging_mixin.py:188} INFO - [2026-06-14T21:26:30.945+0000] {dagbag.py:545} INFO - Filling up the DagBag from /home/airflow/.local/lib/python3.12/site-packages/airflow/example_dags/example_branch_labels.py
[2026-06-14T21:26:30.969+0000] {processor.py:840} INFO - DAG(s) 'example_branch_labels' retrieved from /home/airflow/.local/lib/python3.12/site-packages/airflow/example_dags/example_branch_labels.py
[2026-06-14T21:26:31.203+0000] {logging_mixin.py:188} INFO - [2026-06-14T21:26:31.202+0000] {override.py:1858} INFO - Created Permission View: can delete on DAG:example_branch_labels
[2026-06-14T21:26:31.219+0000] {logging_mixin.py:188} INFO - [2026-06-14T21:26:31.218+0000] {override.py:1858} INFO - Created Permission View: can edit on DAG:example_branch_labels
[2026-06-14T21:26:31.231+0000] {logging_mixin.py:188} INFO - [2026-06-14T21:26:31.230+0000] {override.py:1858} INFO - Created Permission View: can read on DAG:example_branch_labels
[2026-06-14T21:26:31.232+0000] {logging_mixin.py:188} INFO - [2026-06-14T21:26:31.231+0000] {dag.py:3089} INFO - Sync 1 DAGs
[2026-06-14T21:26:31.249+0000] {logging_mixin.py:188} INFO - [2026-06-14T21:26:31.248+0000] {dag.py:3111} INFO - Creating ORM DAG for example_branch_labels
[2026-06-14T21:26:31.268+0000] {logging_mixin.py:188} INFO - [2026-06-14T21:26:31.268+0000] {dag.py:3947} INFO - Setting next_dagrun for example_branch_labels to 2026-06-13 00:00:00+00:00, run_after=2026-06-14 00:00:00+00:00
[2026-06-14T21:26:31.298+0000] {processor.py:183} INFO - Processing /home/airflow/.local/lib/python3.12/site-packages/airflow/example_dags/example_branch_labels.py took 0.367 seconds
[2026-06-14T21:27:01.765+0000] {processor.py:161} INFO - Started process (PID=139) to work on /home/airflow/.local/lib/python3.12/site-packages/airflow/example_dags/example_branch_labels.py
[2026-06-14T21:27:01.767+0000] {processor.py:830} INFO - Processing file /home/airflow/.local/lib/python3.12/site-packages/airflow/example_dags/example_branch_labels.py for tasks to queue
[2026-06-14T21:27:01.770+0000] {logging_mixin.py:188} INFO - [2026-06-14T21:27:01.769+0000] {dagbag.py:545} INFO - Filling up the DagBag from /home/airflow/.local/lib/python3.12/site-packages/airflow/example_dags/example_branch_labels.py
[2026-06-14T21:27:01.780+0000] {processor.py:840} INFO - DAG(s) 'example_branch_labels' retrieved from /home/airflow/.local/lib/python3.12/site-packages/airflow/example_dags/example_branch_labels.py
[2026-06-14T21:27:01.810+0000] {logging_mixin.py:188} INFO - [2026-06-14T21:27:01.810+0000] {dag.py:3089} INFO - Sync 1 DAGs
[2026-06-14T21:27:01.844+0000] {logging_mixin.py:188} INFO - [2026-06-14T21:27:01.843+0000] {dag.py:3947} INFO - Setting next_dagrun for example_branch_labels to 2026-06-13 00:00:00+00:00, run_after=2026-06-14 00:00:00+00:00
[2026-06-14T21:27:01.870+0000] {processor.py:183} INFO - Processing /home/airflow/.local/lib/python3.12/site-packages/airflow/example_dags/example_branch_labels.py took 0.120 seconds
[2026-06-14T21:27:32.109+0000] {processor.py:161} INFO - Started process (PID=198) to work on /home/airflow/.local/lib/python3.12/site-packages/airflow/example_dags/example_branch_labels.py
[2026-06-14T21:27:32.110+0000] {processor.py:830} INFO - Processing file /home/airflow/.local/lib/python3.12/site-packages/airflow/example_dags/example_branch_labels.py for tasks to queue
[2026-06-14T21:27:32.113+0000] {logging_mixin.py:188} INFO - [2026-06-14T21:27:32.113+0000] {dagbag.py:545} INFO - Filling up the DagBag from /home/airflow/.local/lib/python3.12/site-packages/airflow/example_dags/example_branch_labels.py
[2026-06-14T21:27:32.126+0000] {processor.py:840} INFO - DAG(s) 'example_branch_labels' retrieved from /home/airflow/.local/lib/python3.12/site-packages/airflow/example_dags/example_branch_labels.py
[2026-06-14T21:27:32.160+0000] {logging_mixin.py:188} INFO - [2026-06-14T21:27:32.159+0000] {dag.py:3089} INFO - Sync 1 DAGs
[2026-06-14T21:27:32.192+0000] {logging_mixin.py:188} INFO - [2026-06-14T21:27:32.192+0000] {dag.py:3947} INFO - Setting next_dagrun for example_branch_labels to 2026-06-13 00:00:00+00:00, run_after=2026-06-14 00:00:00+00:00
[2026-06-14T21:27:32.258+0000] {processor.py:183} INFO - Processing /home/airflow/.local/lib/python3.12/site-packages/airflow/example_dags/example_branch_labels.py took 0.159 seconds
[2026-06-14T21:28:03.137+0000] {processor.py:161} INFO - Started process (PID=257) to work on /home/airflow/.local/lib/python3.12/site-packages/airflow/example_dags/example_branch_labels.py
[2026-06-14T21:28:03.138+0000] {processor.py:830} INFO - Processing file /home/airflow/.local/lib/python3.12/site-packages/airflow/example_dags/example_branch_labels.py for tasks to queue
[2026-06-14T21:28:03.141+0000] {logging_mixin.py:188} INFO - [2026-06-14T21:28:03.141+0000] {dagbag.py:545} INFO - Filling up the DagBag from /home/airflow/.local/lib/python3.12/site-packages/airflow/example_dags/example_branch_labels.py
[2026-06-14T21:28:03.155+0000] {processor.py:840} INFO - DAG(s) 'example_branch_labels' retrieved from /home/airflow/.local/lib/python3.12/site-packages/airflow/example_dags/example_branch_labels.py
[2026-06-14T21:28:03.187+0000] {logging_mixin.py:188} INFO - [2026-06-14T21:28:03.187+0000] {dag.py:3089} INFO - Sync 1 DAGs
[2026-06-14T21:28:03.222+0000] {logging_mixin.py:188} INFO - [2026-06-14T21:28:03.221+0000] {dag.py:3947} INFO - Setting next_dagrun for example_branch_labels to 2026-06-13 00:00:00+00:00, run_after=2026-06-14 00:00:00+00:00
[2026-06-14T21:28:03.251+0000] {processor.py:183} INFO - Processing /home/airflow/.local/lib/python3.12/site-packages/airflow/example_dags/example_branch_labels.py took 0.123 seconds
[2026-06-14T21:28:33.480+0000] {processor.py:161} INFO - Started process (PID=315) to work on /home/airflow/.local/lib/python3.12/site-packages/airflow/example_dags/example_branch_labels.py
[2026-06-14T21:28:33.482+0000] {processor.py:830} INFO - Processing file /home/airflow/.local/lib/python3.12/site-packages/airflow/example_dags/example_branch_labels.py for tasks to queue
[2026-06-14T21:28:33.486+0000] {logging_mixin.py:188} INFO - [2026-06-14T21:28:33.486+0000] {dagbag.py:545} INFO - Filling up the DagBag from /home/airflow/.local/lib/python3.12/site-packages/airflow/example_dags/example_branch_labels.py
[2026-06-14T21:28:33.499+0000] {processor.py:840} INFO - DAG(s) 'example_branch_labels' retrieved from /home/airflow/.local/lib/python3.12/site-packages/airflow/example_dags/example_branch_labels.py
[2026-06-14T21:28:33.547+0000] {logging_mixin.py:188} INFO - [2026-06-14T21:28:33.546+0000] {dag.py:3089} INFO - Sync 1 DAGs
[2026-06-14T21:28:33.589+0000] {logging_mixin.py:188} INFO - [2026-06-14T21:28:33.589+0000] {dag.py:3947} INFO - Setting next_dagrun for example_branch_labels to 2026-06-13 00:00:00+00:00, run_after=2026-06-14 00:00:00+00:00
[2026-06-14T21:28:33.657+0000] {processor.py:183} INFO - Processing /home/airflow/.local/lib/python3.12/site-packages/airflow/example_dags/example_branch_labels.py took 0.187 seconds
[2026-06-14T21:29:03.933+0000] {processor.py:161} INFO - Started process (PID=374) to work on /home/airflow/.local/lib/python3.12/site-packages/airflow/example_dags/example_branch_labels.py
[2026-06-14T21:29:03.934+0000] {processor.py:830} INFO - Processing file /home/airflow/.local/lib/python3.12/site-packages/airflow/example_dags/example_branch_labels.py for tasks to queue
[2026-06-14T21:29:03.937+0000] {logging_mixin.py:188} INFO - [2026-06-14T21:29:03.937+0000] {dagbag.py:545} INFO - Filling up the DagBag from /home/airflow/.local/lib/python3.12/site-packages/airflow/example_dags/example_branch_labels.py
[2026-06-14T21:29:03.948+0000] {processor.py:840} INFO - DAG(s) 'example_branch_labels' retrieved from /home/airflow/.local/lib/python3.12/site-packages/airflow/example_dags/example_branch_labels.py
[2026-06-14T21:29:03.979+0000] {logging_mixin.py:188} INFO - [2026-06-14T21:29:03.979+0000] {dag.py:3089} INFO - Sync 1 DAGs
[2026-06-14T21:29:04.014+0000] {logging_mixin.py:188} INFO - [2026-06-14T21:29:04.014+0000] {dag.py:3947} INFO - Setting next_dagrun for example_branch_labels to 2026-06-13 00:00:00+00:00, run_after=2026-06-14 00:00:00+00:00
[2026-06-14T21:29:04.044+0000] {processor.py:183} INFO - Processing /home/airflow/.local/lib/python3.12/site-packages/airflow/example_dags/example_branch_labels.py took 0.120 seconds
[2026-06-14T21:29:34.493+0000] {processor.py:161} INFO - Started process (PID=433) to work on /home/airflow/.local/lib/python3.12/site-packages/airflow/example_dags/example_branch_labels.py
[2026-06-14T21:29:34.495+0000] {processor.py:830} INFO - Processing file /home/airflow/.local/lib/python3.12/site-packages/airflow/example_dags/example_branch_labels.py for tasks to queue
[2026-06-14T21:29:34.498+0000] {logging_mixin.py:188} INFO - [2026-06-14T21:29:34.498+0000] {dagbag.py:545} INFO - Filling up the DagBag from /home/airflow/.local/lib/python3.12/site-packages/airflow/example_dags/example_branch_labels.py
[2026-06-14T21:29:34.513+0000] {processor.py:840} INFO - DAG(s) 'example_branch_labels' retrieved from /home/airflow/.local/lib/python3.12/site-packages/airflow/example_dags/example_branch_labels.py
[2026-06-14T21:29:34.544+0000] {logging_mixin.py:188} INFO - [2026-06-14T21:29:34.544+0000] {dag.py:3089} INFO - Sync 1 DAGs
[2026-06-14T21:29:34.573+0000] {logging_mixin.py:188} INFO - [2026-06-14T21:29:34.573+0000] {dag.py:3947} INFO - Setting next_dagrun for example_branch_labels to 2026-06-13 00:00:00+00:00, run_after=2026-06-14 00:00:00+00:00
[2026-06-14T21:29:34.627+0000] {processor.py:183} INFO - Processing /home/airflow/.local/lib/python3.12/site-packages/airflow/example_dags/example_branch_labels.py took 0.143 seconds
[2026-06-14T21:30:05.217+0000] {processor.py:161} INFO - Started process (PID=491) to work on /home/airflow/.local/lib/python3.12/site-packages/airflow/example_dags/example_branch_labels.py
[2026-06-14T21:30:05.218+0000] {processor.py:830} INFO - Processing file /home/airflow/.local/lib/python3.12/site-packages/airflow/example_dags/example_branch_labels.py for tasks to queue
[2026-06-14T21:30:05.220+0000] {logging_mixin.py:188} INFO - [2026-06-14T21:30:05.219+0000] {dagbag.py:545} INFO - Filling up the DagBag from /home/airflow/.local/lib/python3.12/site-packages/airflow/example_dags/example_branch_labels.py
[2026-06-14T21:30:05.231+0000] {processor.py:840} INFO - DAG(s) 'example_branch_labels' retrieved from /home/airflow/.local/lib/python3.12/site-packages/airflow/example_dags/example_branch_labels.py
[2026-06-14T21:30:05.264+0000] {logging_mixin.py:188} INFO - [2026-06-14T21:30:05.263+0000] {dag.py:3089} INFO - Sync 1 DAGs
[2026-06-14T21:30:05.301+0000] {logging_mixin.py:188} INFO - [2026-06-14T21:30:05.300+0000] {dag.py:3947} INFO - Setting next_dagrun for example_branch_labels to 2026-06-13 00:00:00+00:00, run_after=2026-06-14 00:00:00+00:00
[2026-06-14T21:30:05.343+0000] {processor.py:183} INFO - Processing /home/airflow/.local/lib/python3.12/site-packages/airflow/example_dags/example_branch_labels.py took 0.134 seconds
[2026-06-14T21:30:35.872+0000] {processor.py:161} INFO - Started process (PID=549) to work on /home/airflow/.local/lib/python3.12/site-packages/airflow/example_dags/example_branch_labels.py
[2026-06-14T21:30:35.873+0000] {processor.py:830} INFO - Processing file /home/airflow/.local/lib/python3.12/site-packages/airflow/example_dags/example_branch_labels.py for tasks to queue
[2026-06-14T21:30:35.875+0000] {logging_mixin.py:188} INFO - [2026-06-14T21:30:35.874+0000] {dagbag.py:545} INFO - Filling up the DagBag from /home/airflow/.local/lib/python3.12/site-packages/airflow/example_dags/example_branch_labels.py
[2026-06-14T21:30:35.885+0000] {processor.py:840} INFO - DAG(s) 'example_branch_labels' retrieved from /home/airflow/.local/lib/python3.12/site-packages/airflow/example_dags/example_branch_labels.py
[2026-06-14T21:30:35.914+0000] {logging_mixin.py:188} INFO - [2026-06-14T21:30:35.914+0000] {dag.py:3089} INFO - Sync 1 DAGs
[2026-06-14T21:30:35.945+0000] {logging_mixin.py:188} INFO - [2026-06-14T21:30:35.945+0000] {dag.py:3947} INFO - Setting next_dagrun for example_branch_labels to 2026-06-13 00:00:00+00:00, run_after=2026-06-14 00:00:00+00:00
[2026-06-14T21:30:36.007+0000] {processor.py:183} INFO - Processing /home/airflow/.local/lib/python3.12/site-packages/airflow/example_dags/example_branch_labels.py took 0.142 seconds
[2026-06-14T21:31:06.233+0000] {processor.py:161} INFO - Started process (PID=608) to work on /home/airflow/.local/lib/python3.12/site-packages/airflow/example_dags/example_branch_labels.py
[2026-06-14T21:31:06.235+0000] {processor.py:830} INFO - Processing file /home/airflow/.local/lib/python3.12/site-packages/airflow/example_dags/example_branch_labels.py for tasks to queue
[2026-06-14T21:31:06.237+0000] {logging_mixin.py:188} INFO - [2026-06-14T21:31:06.236+0000] {dagbag.py:545} INFO - Filling up the DagBag from /home/airflow/.local/lib/python3.12/site-packages/airflow/example_dags/example_branch_labels.py
[2026-06-14T21:31:06.250+0000] {processor.py:840} INFO - DAG(s) 'example_branch_labels' retrieved from /home/airflow/.local/lib/python3.12/site-packages/airflow/example_dags/example_branch_labels.py
[2026-06-14T21:31:06.285+0000] {logging_mixin.py:188} INFO - [2026-06-14T21:31:06.284+0000] {dag.py:3089} INFO - Sync 1 DAGs
[2026-06-14T21:31:06.322+0000] {logging_mixin.py:188} INFO - [2026-06-14T21:31:06.322+0000] {dag.py:3947} INFO - Setting next_dagrun for example_branch_labels to 2026-06-13 00:00:00+00:00, run_after=2026-06-14 00:00:00+00:00
[2026-06-14T21:31:06.352+0000] {processor.py:183} INFO - Processing /home/airflow/.local/lib/python3.12/site-packages/airflow/example_dags/example_branch_labels.py took 0.132 seconds
[2026-06-14T21:31:36.825+0000] {processor.py:161} INFO - Started process (PID=666) to work on /home/airflow/.local/lib/python3.12/site-packages/airflow/example_dags/example_branch_labels.py
[2026-06-14T21:31:36.826+0000] {processor.py:830} INFO - Processing file /home/airflow/.local/lib/python3.12/site-packages/airflow/example_dags/example_branch_labels.py for tasks to queue
[2026-06-14T21:31:36.828+0000] {logging_mixin.py:188} INFO - [2026-06-14T21:31:36.827+0000] {dagbag.py:545} INFO - Filling up the DagBag from /home/airflow/.local/lib/python3.12/site-packages/airflow/example_dags/example_branch_labels.py
[2026-06-14T21:31:36.841+0000] {processor.py:840} INFO - DAG(s) 'example_branch_labels' retrieved from /home/airflow/.local/lib/python3.12/site-packages/airflow/example_dags/example_branch_labels.py
[2026-06-14T21:31:36.870+0000] {logging_mixin.py:188} INFO - [2026-06-14T21:31:36.869+0000] {dag.py:3089} INFO - Sync 1 DAGs
[2026-06-14T21:31:36.899+0000] {logging_mixin.py:188} INFO - [2026-06-14T21:31:36.898+0000] {dag.py:3947} INFO - Setting next_dagrun for example_branch_labels to 2026-06-13 00:00:00+00:00, run_after=2026-06-14 00:00:00+00:00
[2026-06-14T21:31:36.963+0000] {processor.py:183} INFO - Processing /home/airflow/.local/lib/python3.12/site-packages/airflow/example_dags/example_branch_labels.py took 0.145 seconds
[2026-06-14T21:32:07.132+0000] {processor.py:161} INFO - Started process (PID=723) to work on /home/airflow/.local/lib/python3.12/site-packages/airflow/example_dags/example_branch_labels.py
[2026-06-14T21:32:07.133+0000] {processor.py:830} INFO - Processing file /home/airflow/.local/lib/python3.12/site-packages/airflow/example_dags/example_branch_labels.py for tasks to queue
[2026-06-14T21:32:07.135+0000] {logging_mixin.py:188} INFO - [2026-06-14T21:32:07.134+0000] {dagbag.py:545} INFO - Filling up the DagBag from /home/airflow/.local/lib/python3.12/site-packages/airflow/example_dags/example_branch_labels.py
[2026-06-14T21:32:07.146+0000] {processor.py:840} INFO - DAG(s) 'example_branch_labels' retrieved from /home/airflow/.local/lib/python3.12/site-packages/airflow/example_dags/example_branch_labels.py
[2026-06-14T21:32:07.183+0000] {logging_mixin.py:188} INFO - [2026-06-14T21:32:07.182+0000] {dag.py:3089} INFO - Sync 1 DAGs
[2026-06-14T21:32:07.212+0000] {logging_mixin.py:188} INFO - [2026-06-14T21:32:07.212+0000] {dag.py:3947} INFO - Setting next_dagrun for example_branch_labels to 2026-06-13 00:00:00+00:00, run_after=2026-06-14 00:00:00+00:00
[2026-06-14T21:32:07.281+0000] {processor.py:183} INFO - Processing /home/airflow/.local/lib/python3.12/site-packages/airflow/example_dags/example_branch_labels.py took 0.157 seconds
[2026-06-14T21:39:59.835+0000] {processor.py:161} INFO - Started process (PID=81) to work on /home/airflow/.local/lib/python3.12/site-packages/airflow/example_dags/example_branch_labels.py
[2026-06-14T21:39:59.838+0000] {processor.py:830} INFO - Processing file /home/airflow/.local/lib/python3.12/site-packages/airflow/example_dags/example_branch_labels.py for tasks to queue
[2026-06-14T21:39:59.842+0000] {logging_mixin.py:188} INFO - [2026-06-14T21:39:59.841+0000] {dagbag.py:545} INFO - Filling up the DagBag from /home/airflow/.local/lib/python3.12/site-packages/airflow/example_dags/example_branch_labels.py
[2026-06-14T21:39:59.870+0000] {processor.py:840} INFO - DAG(s) 'example_branch_labels' retrieved from /home/airflow/.local/lib/python3.12/site-packages/airflow/example_dags/example_branch_labels.py
[2026-06-14T21:40:00.136+0000] {logging_mixin.py:188} INFO - [2026-06-14T21:40:00.136+0000] {dag.py:3089} INFO - Sync 1 DAGs
[2026-06-14T21:40:00.180+0000] {logging_mixin.py:188} INFO - [2026-06-14T21:40:00.179+0000] {dag.py:3947} INFO - Setting next_dagrun for example_branch_labels to 2026-06-13 00:00:00+00:00, run_after=2026-06-14 00:00:00+00:00
[2026-06-14T21:40:00.224+0000] {processor.py:183} INFO - Processing /home/airflow/.local/lib/python3.12/site-packages/airflow/example_dags/example_branch_labels.py took 0.398 seconds
[2026-06-14T21:40:30.687+0000] {processor.py:161} INFO - Started process (PID=140) to work on /home/airflow/.local/lib/python3.12/site-packages/airflow/example_dags/example_branch_labels.py
[2026-06-14T21:40:30.689+0000] {processor.py:830} INFO - Processing file /home/airflow/.local/lib/python3.12/site-packages/airflow/example_dags/example_branch_labels.py for tasks to queue
[2026-06-14T21:40:30.692+0000] {logging_mixin.py:188} INFO - [2026-06-14T21:40:30.692+0000] {dagbag.py:545} INFO - Filling up the DagBag from /home/airflow/.local/lib/python3.12/site-packages/airflow/example_dags/example_branch_labels.py
[2026-06-14T21:40:30.707+0000] {processor.py:840} INFO - DAG(s) 'example_branch_labels' retrieved from /home/airflow/.local/lib/python3.12/site-packages/airflow/example_dags/example_branch_labels.py
[2026-06-14T21:40:30.751+0000] {logging_mixin.py:188} INFO - [2026-06-14T21:40:30.750+0000] {dag.py:3089} INFO - Sync 1 DAGs
[2026-06-14T21:40:30.798+0000] {logging_mixin.py:188} INFO - [2026-06-14T21:40:30.797+0000] {dag.py:3947} INFO - Setting next_dagrun for example_branch_labels to 2026-06-13 00:00:00+00:00, run_after=2026-06-14 00:00:00+00:00
[2026-06-14T21:40:30.836+0000] {processor.py:183} INFO - Processing /home/airflow/.local/lib/python3.12/site-packages/airflow/example_dags/example_branch_labels.py took 0.159 seconds
[2026-06-14T21:41:01.489+0000] {processor.py:161} INFO - Started process (PID=199) to work on /home/airflow/.local/lib/python3.12/site-packages/airflow/example_dags/example_branch_labels.py
[2026-06-14T21:41:01.490+0000] {processor.py:830} INFO - Processing file /home/airflow/.local/lib/python3.12/site-packages/airflow/example_dags/example_branch_labels.py for tasks to queue
[2026-06-14T21:41:01.495+0000] {logging_mixin.py:188} INFO - [2026-06-14T21:41:01.494+0000] {dagbag.py:545} INFO - Filling up the DagBag from /home/airflow/.local/lib/python3.12/site-packages/airflow/example_dags/example_branch_labels.py
[2026-06-14T21:41:01.510+0000] {processor.py:840} INFO - DAG(s) 'example_branch_labels' retrieved from /home/airflow/.local/lib/python3.12/site-packages/airflow/example_dags/example_branch_labels.py
[2026-06-14T21:41:01.544+0000] {logging_mixin.py:188} INFO - [2026-06-14T21:41:01.543+0000] {dag.py:3089} INFO - Sync 1 DAGs
[2026-06-14T21:41:01.580+0000] {logging_mixin.py:188} INFO - [2026-06-14T21:41:01.580+0000] {dag.py:3947} INFO - Setting next_dagrun for example_branch_labels to 2026-06-13 00:00:00+00:00, run_after=2026-06-14 00:00:00+00:00
[2026-06-14T21:41:01.615+0000] {processor.py:183} INFO - Processing /home/airflow/.local/lib/python3.12/site-packages/airflow/example_dags/example_branch_labels.py took 0.134 seconds
[2026-06-14T21:41:31.753+0000] {processor.py:161} INFO - Started process (PID=257) to work on /home/airflow/.local/lib/python3.12/site-packages/airflow/example_dags/example_branch_labels.py
[2026-06-14T21:41:31.755+0000] {processor.py:830} INFO - Processing file /home/airflow/.local/lib/python3.12/site-packages/airflow/example_dags/example_branch_labels.py for tasks to queue
[2026-06-14T21:41:31.761+0000] {logging_mixin.py:188} INFO - [2026-06-14T21:41:31.760+0000] {dagbag.py:545} INFO - Filling up the DagBag from /home/airflow/.local/lib/python3.12/site-packages/airflow/example_dags/example_branch_labels.py
[2026-06-14T21:41:31.774+0000] {processor.py:840} INFO - DAG(s) 'example_branch_labels' retrieved from /home/airflow/.local/lib/python3.12/site-packages/airflow/example_dags/example_branch_labels.py
[2026-06-14T21:41:31.816+0000] {logging_mixin.py:188} INFO - [2026-06-14T21:41:31.815+0000] {dag.py:3089} INFO - Sync 1 DAGs
[2026-06-14T21:41:31.857+0000] {logging_mixin.py:188} INFO - [2026-06-14T21:41:31.856+0000] {dag.py:3947} INFO - Setting next_dagrun for example_branch_labels to 2026-06-13 00:00:00+00:00, run_after=2026-06-14 00:00:00+00:00
[2026-06-14T21:41:31.900+0000] {processor.py:183} INFO - Processing /home/airflow/.local/lib/python3.12/site-packages/airflow/example_dags/example_branch_labels.py took 0.157 seconds
[2026-06-14T21:42:02.051+0000] {processor.py:161} INFO - Started process (PID=316) to work on /home/airflow/.local/lib/python3.12/site-packages/airflow/example_dags/example_branch_labels.py
[2026-06-14T21:42:02.053+0000] {processor.py:830} INFO - Processing file /home/airflow/.local/lib/python3.12/site-packages/airflow/example_dags/example_branch_labels.py for tasks to queue
[2026-06-14T21:42:02.056+0000] {logging_mixin.py:188} INFO - [2026-06-14T21:42:02.056+0000] {dagbag.py:545} INFO - Filling up the DagBag from /home/airflow/.local/lib/python3.12/site-packages/airflow/example_dags/example_branch_labels.py
[2026-06-14T21:42:02.066+0000] {processor.py:840} INFO - DAG(s) 'example_branch_labels' retrieved from /home/airflow/.local/lib/python3.12/site-packages/airflow/example_dags/example_branch_labels.py
[2026-06-14T21:42:02.099+0000] {logging_mixin.py:188} INFO - [2026-06-14T21:42:02.099+0000] {dag.py:3089} INFO - Sync 1 DAGs
[2026-06-14T21:42:02.129+0000] {logging_mixin.py:188} INFO - [2026-06-14T21:42:02.129+0000] {dag.py:3947} INFO - Setting next_dagrun for example_branch_labels to 2026-06-13 00:00:00+00:00, run_after=2026-06-14 00:00:00+00:00
[2026-06-14T21:42:02.159+0000] {processor.py:183} INFO - Processing /home/airflow/.local/lib/python3.12/site-packages/airflow/example_dags/example_branch_labels.py took 0.115 seconds
[2026-06-14T21:42:32.614+0000] {processor.py:161} INFO - Started process (PID=375) to work on /home/airflow/.local/lib/python3.12/site-packages/airflow/example_dags/example_branch_labels.py
[2026-06-14T21:42:32.616+0000] {processor.py:830} INFO - Processing file /home/airflow/.local/lib/python3.12/site-packages/airflow/example_dags/example_branch_labels.py for tasks to queue
[2026-06-14T21:42:32.620+0000] {logging_mixin.py:188} INFO - [2026-06-14T21:42:32.619+0000] {dagbag.py:545} INFO - Filling up the DagBag from /home/airflow/.local/lib/python3.12/site-packages/airflow/example_dags/example_branch_labels.py
[2026-06-14T21:42:32.635+0000] {processor.py:840} INFO - DAG(s) 'example_branch_labels' retrieved from /home/airflow/.local/lib/python3.12/site-packages/airflow/example_dags/example_branch_labels.py
[2026-06-14T21:42:32.689+0000] {logging_mixin.py:188} INFO - [2026-06-14T21:42:32.688+0000] {dag.py:3089} INFO - Sync 1 DAGs
[2026-06-14T21:42:32.755+0000] {logging_mixin.py:188} INFO - [2026-06-14T21:42:32.755+0000] {dag.py:3947} INFO - Setting next_dagrun for example_branch_labels to 2026-06-13 00:00:00+00:00, run_after=2026-06-14 00:00:00+00:00
[2026-06-14T21:42:32.796+0000] {processor.py:183} INFO - Processing /home/airflow/.local/lib/python3.12/site-packages/airflow/example_dags/example_branch_labels.py took 0.191 seconds
[2026-06-14T21:43:03.036+0000] {processor.py:161} INFO - Started process (PID=434) to work on /home/airflow/.local/lib/python3.12/site-packages/airflow/example_dags/example_branch_labels.py
[2026-06-14T21:43:03.039+0000] {processor.py:830} INFO - Processing file /home/airflow/.local/lib/python3.12/site-packages/airflow/example_dags/example_branch_labels.py for tasks to queue
[2026-06-14T21:43:03.043+0000] {logging_mixin.py:188} INFO - [2026-06-14T21:43:03.042+0000] {dagbag.py:545} INFO - Filling up the DagBag from /home/airflow/.local/lib/python3.12/site-packages/airflow/example_dags/example_branch_labels.py
[2026-06-14T21:43:03.059+0000] {processor.py:840} INFO - DAG(s) 'example_branch_labels' retrieved from /home/airflow/.local/lib/python3.12/site-packages/airflow/example_dags/example_branch_labels.py
[2026-06-14T21:43:03.106+0000] {logging_mixin.py:188} INFO - [2026-06-14T21:43:03.105+0000] {dag.py:3089} INFO - Sync 1 DAGs
[2026-06-14T21:43:03.153+0000] {logging_mixin.py:188} INFO - [2026-06-14T21:43:03.152+0000] {dag.py:3947} INFO - Setting next_dagrun for example_branch_labels to 2026-06-13 00:00:00+00:00, run_after=2026-06-14 00:00:00+00:00
[2026-06-14T21:43:03.206+0000] {processor.py:183} INFO - Processing /home/airflow/.local/lib/python3.12/site-packages/airflow/example_dags/example_branch_labels.py took 0.182 seconds
[2026-06-14T21:43:33.414+0000] {processor.py:161} INFO - Started process (PID=493) to work on /home/airflow/.local/lib/python3.12/site-packages/airflow/example_dags/example_branch_labels.py
[2026-06-14T21:43:33.416+0000] {processor.py:830} INFO - Processing file /home/airflow/.local/lib/python3.12/site-packages/airflow/example_dags/example_branch_labels.py for tasks to queue
[2026-06-14T21:43:33.419+0000] {logging_mixin.py:188} INFO - [2026-06-14T21:43:33.418+0000] {dagbag.py:545} INFO - Filling up the DagBag from /home/airflow/.local/lib/python3.12/site-packages/airflow/example_dags/example_branch_labels.py
[2026-06-14T21:43:33.429+0000] {processor.py:840} INFO - DAG(s) 'example_branch_labels' retrieved from /home/airflow/.local/lib/python3.12/site-packages/airflow/example_dags/example_branch_labels.py
[2026-06-14T21:43:33.460+0000] {logging_mixin.py:188} INFO - [2026-06-14T21:43:33.459+0000] {dag.py:3089} INFO - Sync 1 DAGs
[2026-06-14T21:43:33.503+0000] {logging_mixin.py:188} INFO - [2026-06-14T21:43:33.502+0000] {dag.py:3947} INFO - Setting next_dagrun for example_branch_labels to 2026-06-13 00:00:00+00:00, run_after=2026-06-14 00:00:00+00:00
[2026-06-14T21:43:33.538+0000] {processor.py:183} INFO - Processing /home/airflow/.local/lib/python3.12/site-packages/airflow/example_dags/example_branch_labels.py took 0.132 seconds
[2026-06-14T21:44:04.255+0000] {processor.py:161} INFO - Started process (PID=552) to work on /home/airflow/.local/lib/python3.12/site-packages/airflow/example_dags/example_branch_labels.py
[2026-06-14T21:44:04.256+0000] {processor.py:830} INFO - Processing file /home/airflow/.local/lib/python3.12/site-packages/airflow/example_dags/example_branch_labels.py for tasks to queue
[2026-06-14T21:44:04.259+0000] {logging_mixin.py:188} INFO - [2026-06-14T21:44:04.259+0000] {dagbag.py:545} INFO - Filling up the DagBag from /home/airflow/.local/lib/python3.12/site-packages/airflow/example_dags/example_branch_labels.py
[2026-06-14T21:44:04.274+0000] {processor.py:840} INFO - DAG(s) 'example_branch_labels' retrieved from /home/airflow/.local/lib/python3.12/site-packages/airflow/example_dags/example_branch_labels.py
[2026-06-14T21:44:04.310+0000] {logging_mixin.py:188} INFO - [2026-06-14T21:44:04.310+0000] {dag.py:3089} INFO - Sync 1 DAGs
[2026-06-14T21:44:04.346+0000] {logging_mixin.py:188} INFO - [2026-06-14T21:44:04.345+0000] {dag.py:3947} INFO - Setting next_dagrun for example_branch_labels to 2026-06-13 00:00:00+00:00, run_after=2026-06-14 00:00:00+00:00
[2026-06-14T21:44:04.383+0000] {processor.py:183} INFO - Processing /home/airflow/.local/lib/python3.12/site-packages/airflow/example_dags/example_branch_labels.py took 0.140 seconds
[2026-06-14T21:44:34.566+0000] {processor.py:161} INFO - Started process (PID=611) to work on /home/airflow/.local/lib/python3.12/site-packages/airflow/example_dags/example_branch_labels.py
[2026-06-14T21:44:34.567+0000] {processor.py:830} INFO - Processing file /home/airflow/.local/lib/python3.12/site-packages/airflow/example_dags/example_branch_labels.py for tasks to queue
[2026-06-14T21:44:34.570+0000] {logging_mixin.py:188} INFO - [2026-06-14T21:44:34.570+0000] {dagbag.py:545} INFO - Filling up the DagBag from /home/airflow/.local/lib/python3.12/site-packages/airflow/example_dags/example_branch_labels.py
[2026-06-14T21:44:34.583+0000] {processor.py:840} INFO - DAG(s) 'example_branch_labels' retrieved from /home/airflow/.local/lib/python3.12/site-packages/airflow/example_dags/example_branch_labels.py
[2026-06-14T21:44:34.622+0000] {logging_mixin.py:188} INFO - [2026-06-14T21:44:34.621+0000] {dag.py:3089} INFO - Sync 1 DAGs
[2026-06-14T21:44:34.678+0000] {logging_mixin.py:188} INFO - [2026-06-14T21:44:34.677+0000] {dag.py:3947} INFO - Setting next_dagrun for example_branch_labels to 2026-06-13 00:00:00+00:00, run_after=2026-06-14 00:00:00+00:00
[2026-06-14T21:44:34.734+0000] {processor.py:183} INFO - Processing /home/airflow/.local/lib/python3.12/site-packages/airflow/example_dags/example_branch_labels.py took 0.183 seconds
[2026-06-14T21:45:05.049+0000] {processor.py:161} INFO - Started process (PID=670) to work on /home/airflow/.local/lib/python3.12/site-packages/airflow/example_dags/example_branch_labels.py
[2026-06-14T21:45:05.050+0000] {processor.py:830} INFO - Processing file /home/airflow/.local/lib/python3.12/site-packages/airflow/example_dags/example_branch_labels.py for tasks to queue
[2026-06-14T21:45:05.052+0000] {logging_mixin.py:188} INFO - [2026-06-14T21:45:05.052+0000] {dagbag.py:545} INFO - Filling up the DagBag from /home/airflow/.local/lib/python3.12/site-packages/airflow/example_dags/example_branch_labels.py
[2026-06-14T21:45:05.065+0000] {processor.py:840} INFO - DAG(s) 'example_branch_labels' retrieved from /home/airflow/.local/lib/python3.12/site-packages/airflow/example_dags/example_branch_labels.py
[2026-06-14T21:45:05.098+0000] {logging_mixin.py:188} INFO - [2026-06-14T21:45:05.097+0000] {dag.py:3089} INFO - Sync 1 DAGs
[2026-06-14T21:45:05.148+0000] {logging_mixin.py:188} INFO - [2026-06-14T21:45:05.147+0000] {dag.py:3947} INFO - Setting next_dagrun for example_branch_labels to 2026-06-13 00:00:00+00:00, run_after=2026-06-14 00:00:00+00:00
[2026-06-14T21:45:05.204+0000] {processor.py:183} INFO - Processing /home/airflow/.local/lib/python3.12/site-packages/airflow/example_dags/example_branch_labels.py took 0.164 seconds
[2026-06-14T21:45:35.561+0000] {processor.py:161} INFO - Started process (PID=729) to work on /home/airflow/.local/lib/python3.12/site-packages/airflow/example_dags/example_branch_labels.py
[2026-06-14T21:45:35.566+0000] {processor.py:830} INFO - Processing file /home/airflow/.local/lib/python3.12/site-packages/airflow/example_dags/example_branch_labels.py for tasks to queue
[2026-06-14T21:45:35.572+0000] {logging_mixin.py:188} INFO - [2026-06-14T21:45:35.571+0000] {dagbag.py:545} INFO - Filling up the DagBag from /home/airflow/.local/lib/python3.12/site-packages/airflow/example_dags/example_branch_labels.py
[2026-06-14T21:45:35.600+0000] {processor.py:840} INFO - DAG(s) 'example_branch_labels' retrieved from /home/airflow/.local/lib/python3.12/site-packages/airflow/example_dags/example_branch_labels.py
[2026-06-14T21:45:35.672+0000] {logging_mixin.py:188} INFO - [2026-06-14T21:45:35.672+0000] {dag.py:3089} INFO - Sync 1 DAGs
[2026-06-14T21:45:35.731+0000] {logging_mixin.py:188} INFO - [2026-06-14T21:45:35.731+0000] {dag.py:3947} INFO - Setting next_dagrun for example_branch_labels to 2026-06-13 00:00:00+00:00, run_after=2026-06-14 00:00:00+00:00
[2026-06-14T21:45:35.774+0000] {processor.py:183} INFO - Processing /home/airflow/.local/lib/python3.12/site-packages/airflow/example_dags/example_branch_labels.py took 0.298 seconds
[2026-06-14T21:46:06.412+0000] {processor.py:161} INFO - Started process (PID=788) to work on /home/airflow/.local/lib/python3.12/site-packages/airflow/example_dags/example_branch_labels.py
[2026-06-14T21:46:06.413+0000] {processor.py:830} INFO - Processing file /home/airflow/.local/lib/python3.12/site-packages/airflow/example_dags/example_branch_labels.py for tasks to queue
[2026-06-14T21:46:06.416+0000] {logging_mixin.py:188} INFO - [2026-06-14T21:46:06.416+0000] {dagbag.py:545} INFO - Filling up the DagBag from /home/airflow/.local/lib/python3.12/site-packages/airflow/example_dags/example_branch_labels.py
[2026-06-14T21:46:06.425+0000] {processor.py:840} INFO - DAG(s) 'example_branch_labels' retrieved from /home/airflow/.local/lib/python3.12/site-packages/airflow/example_dags/example_branch_labels.py
[2026-06-14T21:46:06.454+0000] {logging_mixin.py:188} INFO - [2026-06-14T21:46:06.453+0000] {dag.py:3089} INFO - Sync 1 DAGs
[2026-06-14T21:46:06.480+0000] {logging_mixin.py:188} INFO - [2026-06-14T21:46:06.480+0000] {dag.py:3947} INFO - Setting next_dagrun for example_branch_labels to 2026-06-13 00:00:00+00:00, run_after=2026-06-14 00:00:00+00:00
[2026-06-14T21:46:06.534+0000] {processor.py:183} INFO - Processing /home/airflow/.local/lib/python3.12/site-packages/airflow/example_dags/example_branch_labels.py took 0.129 seconds
[2026-06-14T21:46:36.831+0000] {processor.py:161} INFO - Started process (PID=847) to work on /home/airflow/.local/lib/python3.12/site-packages/airflow/example_dags/example_branch_labels.py
[2026-06-14T21:46:36.832+0000] {processor.py:830} INFO - Processing file /home/airflow/.local/lib/python3.12/site-packages/airflow/example_dags/example_branch_labels.py for tasks to queue
[2026-06-14T21:46:36.835+0000] {logging_mixin.py:188} INFO - [2026-06-14T21:46:36.834+0000] {dagbag.py:545} INFO - Filling up the DagBag from /home/airflow/.local/lib/python3.12/site-packages/airflow/example_dags/example_branch_labels.py
[2026-06-14T21:46:36.845+0000] {processor.py:840} INFO - DAG(s) 'example_branch_labels' retrieved from /home/airflow/.local/lib/python3.12/site-packages/airflow/example_dags/example_branch_labels.py
[2026-06-14T21:46:36.879+0000] {logging_mixin.py:188} INFO - [2026-06-14T21:46:36.879+0000] {dag.py:3089} INFO - Sync 1 DAGs
[2026-06-14T21:46:36.919+0000] {logging_mixin.py:188} INFO - [2026-06-14T21:46:36.918+0000] {dag.py:3947} INFO - Setting next_dagrun for example_branch_labels to 2026-06-13 00:00:00+00:00, run_after=2026-06-14 00:00:00+00:00
[2026-06-14T21:46:36.954+0000] {processor.py:183} INFO - Processing /home/airflow/.local/lib/python3.12/site-packages/airflow/example_dags/example_branch_labels.py took 0.132 seconds
[2026-06-14T21:47:07.590+0000] {processor.py:161} INFO - Started process (PID=906) to work on /home/airflow/.local/lib/python3.12/site-packages/airflow/example_dags/example_branch_labels.py
[2026-06-14T21:47:07.592+0000] {processor.py:830} INFO - Processing file /home/airflow/.local/lib/python3.12/site-packages/airflow/example_dags/example_branch_labels.py for tasks to queue
[2026-06-14T21:47:07.596+0000] {logging_mixin.py:188} INFO - [2026-06-14T21:47:07.596+0000] {dagbag.py:545} INFO - Filling up the DagBag from /home/airflow/.local/lib/python3.12/site-packages/airflow/example_dags/example_branch_labels.py
[2026-06-14T21:47:07.611+0000] {processor.py:840} INFO - DAG(s) 'example_branch_labels' retrieved from /home/airflow/.local/lib/python3.12/site-packages/airflow/example_dags/example_branch_labels.py
[2026-06-14T21:47:07.652+0000] {logging_mixin.py:188} INFO - [2026-06-14T21:47:07.651+0000] {dag.py:3089} INFO - Sync 1 DAGs
[2026-06-14T21:47:07.700+0000] {logging_mixin.py:188} INFO - [2026-06-14T21:47:07.699+0000] {dag.py:3947} INFO - Setting next_dagrun for example_branch_labels to 2026-06-13 00:00:00+00:00, run_after=2026-06-14 00:00:00+00:00
[2026-06-14T21:47:07.740+0000] {processor.py:183} INFO - Processing /home/airflow/.local/lib/python3.12/site-packages/airflow/example_dags/example_branch_labels.py took 0.161 seconds
[2026-06-14T21:47:38.028+0000] {processor.py:161} INFO - Started process (PID=965) to work on /home/airflow/.local/lib/python3.12/site-packages/airflow/example_dags/example_branch_labels.py
[2026-06-14T21:47:38.030+0000] {processor.py:830} INFO - Processing file /home/airflow/.local/lib/python3.12/site-packages/airflow/example_dags/example_branch_labels.py for tasks to queue
[2026-06-14T21:47:38.033+0000] {logging_mixin.py:188} INFO - [2026-06-14T21:47:38.033+0000] {dagbag.py:545} INFO - Filling up the DagBag from /home/airflow/.local/lib/python3.12/site-packages/airflow/example_dags/example_branch_labels.py
[2026-06-14T21:47:38.042+0000] {processor.py:840} INFO - DAG(s) 'example_branch_labels' retrieved from /home/airflow/.local/lib/python3.12/site-packages/airflow/example_dags/example_branch_labels.py
[2026-06-14T21:47:38.068+0000] {logging_mixin.py:188} INFO - [2026-06-14T21:47:38.068+0000] {dag.py:3089} INFO - Sync 1 DAGs
[2026-06-14T21:47:38.095+0000] {logging_mixin.py:188} INFO - [2026-06-14T21:47:38.094+0000] {dag.py:3947} INFO - Setting next_dagrun for example_branch_labels to 2026-06-13 00:00:00+00:00, run_after=2026-06-14 00:00:00+00:00
[2026-06-14T21:47:38.144+0000] {processor.py:183} INFO - Processing /home/airflow/.local/lib/python3.12/site-packages/airflow/example_dags/example_branch_labels.py took 0.124 seconds
[2026-06-14T21:48:08.503+0000] {processor.py:161} INFO - Started process (PID=1023) to work on /home/airflow/.local/lib/python3.12/site-packages/airflow/example_dags/example_branch_labels.py
[2026-06-14T21:48:08.504+0000] {processor.py:830} INFO - Processing file /home/airflow/.local/lib/python3.12/site-packages/airflow/example_dags/example_branch_labels.py for tasks to queue
[2026-06-14T21:48:08.507+0000] {logging_mixin.py:188} INFO - [2026-06-14T21:48:08.507+0000] {dagbag.py:545} INFO - Filling up the DagBag from /home/airflow/.local/lib/python3.12/site-packages/airflow/example_dags/example_branch_labels.py
[2026-06-14T21:48:08.519+0000] {processor.py:840} INFO - DAG(s) 'example_branch_labels' retrieved from /home/airflow/.local/lib/python3.12/site-packages/airflow/example_dags/example_branch_labels.py
[2026-06-14T21:48:08.555+0000] {logging_mixin.py:188} INFO - [2026-06-14T21:48:08.555+0000] {dag.py:3089} INFO - Sync 1 DAGs
[2026-06-14T21:48:08.587+0000] {logging_mixin.py:188} INFO - [2026-06-14T21:48:08.587+0000] {dag.py:3947} INFO - Setting next_dagrun for example_branch_labels to 2026-06-13 00:00:00+00:00, run_after=2026-06-14 00:00:00+00:00
[2026-06-14T21:48:08.625+0000] {processor.py:183} INFO - Processing /home/airflow/.local/lib/python3.12/site-packages/airflow/example_dags/example_branch_labels.py took 0.129 seconds
[2026-06-14T21:48:39.074+0000] {processor.py:161} INFO - Started process (PID=1082) to work on /home/airflow/.local/lib/python3.12/site-packages/airflow/example_dags/example_branch_labels.py
[2026-06-14T21:48:39.075+0000] {processor.py:830} INFO - Processing file /home/airflow/.local/lib/python3.12/site-packages/airflow/example_dags/example_branch_labels.py for tasks to queue
[2026-06-14T21:48:39.078+0000] {logging_mixin.py:188} INFO - [2026-06-14T21:48:39.078+0000] {dagbag.py:545} INFO - Filling up the DagBag from /home/airflow/.local/lib/python3.12/site-packages/airflow/example_dags/example_branch_labels.py
[2026-06-14T21:48:39.088+0000] {processor.py:840} INFO - DAG(s) 'example_branch_labels' retrieved from /home/airflow/.local/lib/python3.12/site-packages/airflow/example_dags/example_branch_labels.py
[2026-06-14T21:48:39.119+0000] {logging_mixin.py:188} INFO - [2026-06-14T21:48:39.119+0000] {dag.py:3089} INFO - Sync 1 DAGs
[2026-06-14T21:48:39.148+0000] {logging_mixin.py:188} INFO - [2026-06-14T21:48:39.147+0000] {dag.py:3947} INFO - Setting next_dagrun for example_branch_labels to 2026-06-13 00:00:00+00:00, run_after=2026-06-14 00:00:00+00:00
[2026-06-14T21:48:39.174+0000] {processor.py:183} INFO - Processing /home/airflow/.local/lib/python3.12/site-packages/airflow/example_dags/example_branch_labels.py took 0.110 seconds
[2026-06-14T21:49:09.631+0000] {processor.py:161} INFO - Started process (PID=1140) to work on /home/airflow/.local/lib/python3.12/site-packages/airflow/example_dags/example_branch_labels.py
[2026-06-14T21:49:09.633+0000] {processor.py:830} INFO - Processing file /home/airflow/.local/lib/python3.12/site-packages/airflow/example_dags/example_branch_labels.py for tasks to queue
[2026-06-14T21:49:09.636+0000] {logging_mixin.py:188} INFO - [2026-06-14T21:49:09.635+0000] {dagbag.py:545} INFO - Filling up the DagBag from /home/airflow/.local/lib/python3.12/site-packages/airflow/example_dags/example_branch_labels.py
[2026-06-14T21:49:09.647+0000] {processor.py:840} INFO - DAG(s) 'example_branch_labels' retrieved from /home/airflow/.local/lib/python3.12/site-packages/airflow/example_dags/example_branch_labels.py
[2026-06-14T21:49:09.676+0000] {logging_mixin.py:188} INFO - [2026-06-14T21:49:09.676+0000] {dag.py:3089} INFO - Sync 1 DAGs
[2026-06-14T21:49:09.719+0000] {logging_mixin.py:188} INFO - [2026-06-14T21:49:09.718+0000] {dag.py:3947} INFO - Setting next_dagrun for example_branch_labels to 2026-06-13 00:00:00+00:00, run_after=2026-06-14 00:00:00+00:00
[2026-06-14T21:49:09.769+0000] {processor.py:183} INFO - Processing /home/airflow/.local/lib/python3.12/site-packages/airflow/example_dags/example_branch_labels.py took 0.147 seconds
