[2026-06-14T21:26:37.457+0000] {processor.py:161} INFO - Started process (PID=111) to work on /home/airflow/.local/lib/python3.12/site-packages/airflow/example_dags/example_xcomargs.py
[2026-06-14T21:26:37.459+0000] {processor.py:830} INFO - Processing file /home/airflow/.local/lib/python3.12/site-packages/airflow/example_dags/example_xcomargs.py for tasks to queue
[2026-06-14T21:26:37.462+0000] {logging_mixin.py:188} INFO - [2026-06-14T21:26:37.462+0000] {dagbag.py:545} INFO - Filling up the DagBag from /home/airflow/.local/lib/python3.12/site-packages/airflow/example_dags/example_xcomargs.py
[2026-06-14T21:26:37.483+0000] {processor.py:840} INFO - DAG(s) 'example_xcom_args_with_operators', 'example_xcom_args' retrieved from /home/airflow/.local/lib/python3.12/site-packages/airflow/example_dags/example_xcomargs.py
[2026-06-14T21:26:37.648+0000] {logging_mixin.py:188} INFO - [2026-06-14T21:26:37.647+0000] {override.py:1858} INFO - Created Permission View: can delete on DAG:example_xcom_args_with_operators
[2026-06-14T21:26:37.665+0000] {logging_mixin.py:188} INFO - [2026-06-14T21:26:37.664+0000] {override.py:1858} INFO - Created Permission View: can edit on DAG:example_xcom_args_with_operators
[2026-06-14T21:26:37.678+0000] {logging_mixin.py:188} INFO - [2026-06-14T21:26:37.677+0000] {override.py:1858} INFO - Created Permission View: can read on DAG:example_xcom_args_with_operators
[2026-06-14T21:26:37.699+0000] {logging_mixin.py:188} INFO - [2026-06-14T21:26:37.698+0000] {override.py:1858} INFO - Created Permission View: can delete on DAG:example_xcom_args
[2026-06-14T21:26:37.711+0000] {logging_mixin.py:188} INFO - [2026-06-14T21:26:37.711+0000] {override.py:1858} INFO - Created Permission View: can edit on DAG:example_xcom_args
[2026-06-14T21:26:37.723+0000] {logging_mixin.py:188} INFO - [2026-06-14T21:26:37.723+0000] {override.py:1858} INFO - Created Permission View: can read on DAG:example_xcom_args
[2026-06-14T21:26:37.724+0000] {logging_mixin.py:188} INFO - [2026-06-14T21:26:37.724+0000] {dag.py:3089} INFO - Sync 2 DAGs
[2026-06-14T21:26:37.743+0000] {logging_mixin.py:188} INFO - [2026-06-14T21:26:37.743+0000] {dag.py:3111} INFO - Creating ORM DAG for example_xcom_args
[2026-06-14T21:26:37.745+0000] {logging_mixin.py:188} INFO - [2026-06-14T21:26:37.745+0000] {dag.py:3111} INFO - Creating ORM DAG for example_xcom_args_with_operators
[2026-06-14T21:26:37.747+0000] {logging_mixin.py:188} INFO - [2026-06-14T21:26:37.746+0000] {dag.py:3947} INFO - Setting next_dagrun for example_xcom_args to None, run_after=None
[2026-06-14T21:26:37.748+0000] {logging_mixin.py:188} INFO - [2026-06-14T21:26:37.748+0000] {dag.py:3947} INFO - Setting next_dagrun for example_xcom_args_with_operators to None, run_after=None
[2026-06-14T21:26:37.779+0000] {processor.py:183} INFO - Processing /home/airflow/.local/lib/python3.12/site-packages/airflow/example_dags/example_xcomargs.py took 0.332 seconds
[2026-06-14T21:27:08.261+0000] {processor.py:161} INFO - Started process (PID=170) to work on /home/airflow/.local/lib/python3.12/site-packages/airflow/example_dags/example_xcomargs.py
[2026-06-14T21:27:08.266+0000] {processor.py:830} INFO - Processing file /home/airflow/.local/lib/python3.12/site-packages/airflow/example_dags/example_xcomargs.py for tasks to queue
[2026-06-14T21:27:08.271+0000] {logging_mixin.py:188} INFO - [2026-06-14T21:27:08.270+0000] {dagbag.py:545} INFO - Filling up the DagBag from /home/airflow/.local/lib/python3.12/site-packages/airflow/example_dags/example_xcomargs.py
[2026-06-14T21:27:08.293+0000] {processor.py:840} INFO - DAG(s) 'example_xcom_args', 'example_xcom_args_with_operators' retrieved from /home/airflow/.local/lib/python3.12/site-packages/airflow/example_dags/example_xcomargs.py
[2026-06-14T21:27:08.364+0000] {logging_mixin.py:188} INFO - [2026-06-14T21:27:08.363+0000] {dag.py:3089} INFO - Sync 2 DAGs
[2026-06-14T21:27:08.406+0000] {logging_mixin.py:188} INFO - [2026-06-14T21:27:08.406+0000] {dag.py:3947} INFO - Setting next_dagrun for example_xcom_args to None, run_after=None
[2026-06-14T21:27:08.422+0000] {logging_mixin.py:188} INFO - [2026-06-14T21:27:08.421+0000] {dag.py:3947} INFO - Setting next_dagrun for example_xcom_args_with_operators to None, run_after=None
[2026-06-14T21:27:08.498+0000] {processor.py:183} INFO - Processing /home/airflow/.local/lib/python3.12/site-packages/airflow/example_dags/example_xcomargs.py took 0.248 seconds
[2026-06-14T21:27:38.869+0000] {processor.py:161} INFO - Started process (PID=229) to work on /home/airflow/.local/lib/python3.12/site-packages/airflow/example_dags/example_xcomargs.py
[2026-06-14T21:27:38.871+0000] {processor.py:830} INFO - Processing file /home/airflow/.local/lib/python3.12/site-packages/airflow/example_dags/example_xcomargs.py for tasks to queue
[2026-06-14T21:27:38.873+0000] {logging_mixin.py:188} INFO - [2026-06-14T21:27:38.873+0000] {dagbag.py:545} INFO - Filling up the DagBag from /home/airflow/.local/lib/python3.12/site-packages/airflow/example_dags/example_xcomargs.py
[2026-06-14T21:27:38.884+0000] {processor.py:840} INFO - DAG(s) 'example_xcom_args', 'example_xcom_args_with_operators' retrieved from /home/airflow/.local/lib/python3.12/site-packages/airflow/example_dags/example_xcomargs.py
[2026-06-14T21:27:38.914+0000] {logging_mixin.py:188} INFO - [2026-06-14T21:27:38.913+0000] {dag.py:3089} INFO - Sync 2 DAGs
[2026-06-14T21:27:38.935+0000] {logging_mixin.py:188} INFO - [2026-06-14T21:27:38.935+0000] {dag.py:3947} INFO - Setting next_dagrun for example_xcom_args to None, run_after=None
[2026-06-14T21:27:38.941+0000] {logging_mixin.py:188} INFO - [2026-06-14T21:27:38.940+0000] {dag.py:3947} INFO - Setting next_dagrun for example_xcom_args_with_operators to None, run_after=None
[2026-06-14T21:27:38.963+0000] {processor.py:183} INFO - Processing /home/airflow/.local/lib/python3.12/site-packages/airflow/example_dags/example_xcomargs.py took 0.101 seconds
[2026-06-14T21:28:09.170+0000] {processor.py:161} INFO - Started process (PID=288) to work on /home/airflow/.local/lib/python3.12/site-packages/airflow/example_dags/example_xcomargs.py
[2026-06-14T21:28:09.171+0000] {processor.py:830} INFO - Processing file /home/airflow/.local/lib/python3.12/site-packages/airflow/example_dags/example_xcomargs.py for tasks to queue
[2026-06-14T21:28:09.174+0000] {logging_mixin.py:188} INFO - [2026-06-14T21:28:09.173+0000] {dagbag.py:545} INFO - Filling up the DagBag from /home/airflow/.local/lib/python3.12/site-packages/airflow/example_dags/example_xcomargs.py
[2026-06-14T21:28:09.182+0000] {processor.py:840} INFO - DAG(s) 'example_xcom_args_with_operators', 'example_xcom_args' retrieved from /home/airflow/.local/lib/python3.12/site-packages/airflow/example_dags/example_xcomargs.py
[2026-06-14T21:28:09.212+0000] {logging_mixin.py:188} INFO - [2026-06-14T21:28:09.211+0000] {dag.py:3089} INFO - Sync 2 DAGs
[2026-06-14T21:28:09.235+0000] {logging_mixin.py:188} INFO - [2026-06-14T21:28:09.234+0000] {dag.py:3947} INFO - Setting next_dagrun for example_xcom_args to None, run_after=None
[2026-06-14T21:28:09.244+0000] {logging_mixin.py:188} INFO - [2026-06-14T21:28:09.244+0000] {dag.py:3947} INFO - Setting next_dagrun for example_xcom_args_with_operators to None, run_after=None
[2026-06-14T21:28:09.269+0000] {processor.py:183} INFO - Processing /home/airflow/.local/lib/python3.12/site-packages/airflow/example_dags/example_xcomargs.py took 0.107 seconds
[2026-06-14T21:28:40.002+0000] {processor.py:161} INFO - Started process (PID=347) to work on /home/airflow/.local/lib/python3.12/site-packages/airflow/example_dags/example_xcomargs.py
[2026-06-14T21:28:40.004+0000] {processor.py:830} INFO - Processing file /home/airflow/.local/lib/python3.12/site-packages/airflow/example_dags/example_xcomargs.py for tasks to queue
[2026-06-14T21:28:40.007+0000] {logging_mixin.py:188} INFO - [2026-06-14T21:28:40.007+0000] {dagbag.py:545} INFO - Filling up the DagBag from /home/airflow/.local/lib/python3.12/site-packages/airflow/example_dags/example_xcomargs.py
[2026-06-14T21:28:40.019+0000] {processor.py:840} INFO - DAG(s) 'example_xcom_args', 'example_xcom_args_with_operators' retrieved from /home/airflow/.local/lib/python3.12/site-packages/airflow/example_dags/example_xcomargs.py
[2026-06-14T21:28:40.060+0000] {logging_mixin.py:188} INFO - [2026-06-14T21:28:40.059+0000] {dag.py:3089} INFO - Sync 2 DAGs
[2026-06-14T21:28:40.088+0000] {logging_mixin.py:188} INFO - [2026-06-14T21:28:40.087+0000] {dag.py:3947} INFO - Setting next_dagrun for example_xcom_args to None, run_after=None
[2026-06-14T21:28:40.096+0000] {logging_mixin.py:188} INFO - [2026-06-14T21:28:40.096+0000] {dag.py:3947} INFO - Setting next_dagrun for example_xcom_args_with_operators to None, run_after=None
[2026-06-14T21:28:40.145+0000] {processor.py:183} INFO - Processing /home/airflow/.local/lib/python3.12/site-packages/airflow/example_dags/example_xcomargs.py took 0.152 seconds
[2026-06-14T21:29:11.446+0000] {processor.py:161} INFO - Started process (PID=406) to work on /home/airflow/.local/lib/python3.12/site-packages/airflow/example_dags/example_xcomargs.py
[2026-06-14T21:29:11.448+0000] {processor.py:830} INFO - Processing file /home/airflow/.local/lib/python3.12/site-packages/airflow/example_dags/example_xcomargs.py for tasks to queue
[2026-06-14T21:29:11.452+0000] {logging_mixin.py:188} INFO - [2026-06-14T21:29:11.452+0000] {dagbag.py:545} INFO - Filling up the DagBag from /home/airflow/.local/lib/python3.12/site-packages/airflow/example_dags/example_xcomargs.py
[2026-06-14T21:29:11.464+0000] {processor.py:840} INFO - DAG(s) 'example_xcom_args_with_operators', 'example_xcom_args' retrieved from /home/airflow/.local/lib/python3.12/site-packages/airflow/example_dags/example_xcomargs.py
[2026-06-14T21:29:11.503+0000] {logging_mixin.py:188} INFO - [2026-06-14T21:29:11.503+0000] {dag.py:3089} INFO - Sync 2 DAGs
[2026-06-14T21:29:11.522+0000] {logging_mixin.py:188} INFO - [2026-06-14T21:29:11.522+0000] {dag.py:3947} INFO - Setting next_dagrun for example_xcom_args to None, run_after=None
[2026-06-14T21:29:11.530+0000] {logging_mixin.py:188} INFO - [2026-06-14T21:29:11.530+0000] {dag.py:3947} INFO - Setting next_dagrun for example_xcom_args_with_operators to None, run_after=None
[2026-06-14T21:29:11.606+0000] {processor.py:183} INFO - Processing /home/airflow/.local/lib/python3.12/site-packages/airflow/example_dags/example_xcomargs.py took 0.168 seconds
[2026-06-14T21:29:41.967+0000] {processor.py:161} INFO - Started process (PID=465) to work on /home/airflow/.local/lib/python3.12/site-packages/airflow/example_dags/example_xcomargs.py
[2026-06-14T21:29:41.969+0000] {processor.py:830} INFO - Processing file /home/airflow/.local/lib/python3.12/site-packages/airflow/example_dags/example_xcomargs.py for tasks to queue
[2026-06-14T21:29:41.972+0000] {logging_mixin.py:188} INFO - [2026-06-14T21:29:41.972+0000] {dagbag.py:545} INFO - Filling up the DagBag from /home/airflow/.local/lib/python3.12/site-packages/airflow/example_dags/example_xcomargs.py
[2026-06-14T21:29:41.988+0000] {processor.py:840} INFO - DAG(s) 'example_xcom_args', 'example_xcom_args_with_operators' retrieved from /home/airflow/.local/lib/python3.12/site-packages/airflow/example_dags/example_xcomargs.py
[2026-06-14T21:29:42.031+0000] {logging_mixin.py:188} INFO - [2026-06-14T21:29:42.030+0000] {dag.py:3089} INFO - Sync 2 DAGs
[2026-06-14T21:29:42.059+0000] {logging_mixin.py:188} INFO - [2026-06-14T21:29:42.059+0000] {dag.py:3947} INFO - Setting next_dagrun for example_xcom_args to None, run_after=None
[2026-06-14T21:29:42.068+0000] {logging_mixin.py:188} INFO - [2026-06-14T21:29:42.067+0000] {dag.py:3947} INFO - Setting next_dagrun for example_xcom_args_with_operators to None, run_after=None
[2026-06-14T21:29:42.112+0000] {processor.py:183} INFO - Processing /home/airflow/.local/lib/python3.12/site-packages/airflow/example_dags/example_xcomargs.py took 0.159 seconds
[2026-06-14T21:30:12.729+0000] {processor.py:161} INFO - Started process (PID=524) to work on /home/airflow/.local/lib/python3.12/site-packages/airflow/example_dags/example_xcomargs.py
[2026-06-14T21:30:12.730+0000] {processor.py:830} INFO - Processing file /home/airflow/.local/lib/python3.12/site-packages/airflow/example_dags/example_xcomargs.py for tasks to queue
[2026-06-14T21:30:12.731+0000] {logging_mixin.py:188} INFO - [2026-06-14T21:30:12.731+0000] {dagbag.py:545} INFO - Filling up the DagBag from /home/airflow/.local/lib/python3.12/site-packages/airflow/example_dags/example_xcomargs.py
[2026-06-14T21:30:12.741+0000] {processor.py:840} INFO - DAG(s) 'example_xcom_args', 'example_xcom_args_with_operators' retrieved from /home/airflow/.local/lib/python3.12/site-packages/airflow/example_dags/example_xcomargs.py
[2026-06-14T21:30:12.771+0000] {logging_mixin.py:188} INFO - [2026-06-14T21:30:12.771+0000] {dag.py:3089} INFO - Sync 2 DAGs
[2026-06-14T21:30:12.787+0000] {logging_mixin.py:188} INFO - [2026-06-14T21:30:12.787+0000] {dag.py:3947} INFO - Setting next_dagrun for example_xcom_args to None, run_after=None
[2026-06-14T21:30:12.794+0000] {logging_mixin.py:188} INFO - [2026-06-14T21:30:12.794+0000] {dag.py:3947} INFO - Setting next_dagrun for example_xcom_args_with_operators to None, run_after=None
[2026-06-14T21:30:12.815+0000] {processor.py:183} INFO - Processing /home/airflow/.local/lib/python3.12/site-packages/airflow/example_dags/example_xcomargs.py took 0.093 seconds
[2026-06-14T21:30:43.813+0000] {processor.py:161} INFO - Started process (PID=581) to work on /home/airflow/.local/lib/python3.12/site-packages/airflow/example_dags/example_xcomargs.py
[2026-06-14T21:30:43.815+0000] {processor.py:830} INFO - Processing file /home/airflow/.local/lib/python3.12/site-packages/airflow/example_dags/example_xcomargs.py for tasks to queue
[2026-06-14T21:30:43.816+0000] {logging_mixin.py:188} INFO - [2026-06-14T21:30:43.816+0000] {dagbag.py:545} INFO - Filling up the DagBag from /home/airflow/.local/lib/python3.12/site-packages/airflow/example_dags/example_xcomargs.py
[2026-06-14T21:30:43.832+0000] {processor.py:840} INFO - DAG(s) 'example_xcom_args_with_operators', 'example_xcom_args' retrieved from /home/airflow/.local/lib/python3.12/site-packages/airflow/example_dags/example_xcomargs.py
[2026-06-14T21:30:43.881+0000] {logging_mixin.py:188} INFO - [2026-06-14T21:30:43.881+0000] {dag.py:3089} INFO - Sync 2 DAGs
[2026-06-14T21:30:43.909+0000] {logging_mixin.py:188} INFO - [2026-06-14T21:30:43.908+0000] {dag.py:3947} INFO - Setting next_dagrun for example_xcom_args to None, run_after=None
[2026-06-14T21:30:43.916+0000] {logging_mixin.py:188} INFO - [2026-06-14T21:30:43.916+0000] {dag.py:3947} INFO - Setting next_dagrun for example_xcom_args_with_operators to None, run_after=None
[2026-06-14T21:30:43.961+0000] {processor.py:183} INFO - Processing /home/airflow/.local/lib/python3.12/site-packages/airflow/example_dags/example_xcomargs.py took 0.158 seconds
[2026-06-14T21:31:14.409+0000] {processor.py:161} INFO - Started process (PID=640) to work on /home/airflow/.local/lib/python3.12/site-packages/airflow/example_dags/example_xcomargs.py
[2026-06-14T21:31:14.411+0000] {processor.py:830} INFO - Processing file /home/airflow/.local/lib/python3.12/site-packages/airflow/example_dags/example_xcomargs.py for tasks to queue
[2026-06-14T21:31:14.412+0000] {logging_mixin.py:188} INFO - [2026-06-14T21:31:14.412+0000] {dagbag.py:545} INFO - Filling up the DagBag from /home/airflow/.local/lib/python3.12/site-packages/airflow/example_dags/example_xcomargs.py
[2026-06-14T21:31:14.427+0000] {processor.py:840} INFO - DAG(s) 'example_xcom_args_with_operators', 'example_xcom_args' retrieved from /home/airflow/.local/lib/python3.12/site-packages/airflow/example_dags/example_xcomargs.py
[2026-06-14T21:31:14.464+0000] {logging_mixin.py:188} INFO - [2026-06-14T21:31:14.463+0000] {dag.py:3089} INFO - Sync 2 DAGs
[2026-06-14T21:31:14.484+0000] {logging_mixin.py:188} INFO - [2026-06-14T21:31:14.484+0000] {dag.py:3947} INFO - Setting next_dagrun for example_xcom_args to None, run_after=None
[2026-06-14T21:31:14.490+0000] {logging_mixin.py:188} INFO - [2026-06-14T21:31:14.490+0000] {dag.py:3947} INFO - Setting next_dagrun for example_xcom_args_with_operators to None, run_after=None
[2026-06-14T21:31:14.545+0000] {processor.py:183} INFO - Processing /home/airflow/.local/lib/python3.12/site-packages/airflow/example_dags/example_xcomargs.py took 0.144 seconds
[2026-06-14T21:31:45.335+0000] {processor.py:161} INFO - Started process (PID=699) to work on /home/airflow/.local/lib/python3.12/site-packages/airflow/example_dags/example_xcomargs.py
[2026-06-14T21:31:45.337+0000] {processor.py:830} INFO - Processing file /home/airflow/.local/lib/python3.12/site-packages/airflow/example_dags/example_xcomargs.py for tasks to queue
[2026-06-14T21:31:45.340+0000] {logging_mixin.py:188} INFO - [2026-06-14T21:31:45.339+0000] {dagbag.py:545} INFO - Filling up the DagBag from /home/airflow/.local/lib/python3.12/site-packages/airflow/example_dags/example_xcomargs.py
[2026-06-14T21:31:45.356+0000] {processor.py:840} INFO - DAG(s) 'example_xcom_args_with_operators', 'example_xcom_args' retrieved from /home/airflow/.local/lib/python3.12/site-packages/airflow/example_dags/example_xcomargs.py
[2026-06-14T21:31:45.404+0000] {logging_mixin.py:188} INFO - [2026-06-14T21:31:45.404+0000] {dag.py:3089} INFO - Sync 2 DAGs
[2026-06-14T21:31:45.429+0000] {logging_mixin.py:188} INFO - [2026-06-14T21:31:45.429+0000] {dag.py:3947} INFO - Setting next_dagrun for example_xcom_args to None, run_after=None
[2026-06-14T21:31:45.437+0000] {logging_mixin.py:188} INFO - [2026-06-14T21:31:45.437+0000] {dag.py:3947} INFO - Setting next_dagrun for example_xcom_args_with_operators to None, run_after=None
[2026-06-14T21:31:45.472+0000] {processor.py:183} INFO - Processing /home/airflow/.local/lib/python3.12/site-packages/airflow/example_dags/example_xcomargs.py took 0.149 seconds
[2026-06-14T21:32:15.866+0000] {processor.py:161} INFO - Started process (PID=755) to work on /home/airflow/.local/lib/python3.12/site-packages/airflow/example_dags/example_xcomargs.py
[2026-06-14T21:32:15.868+0000] {processor.py:830} INFO - Processing file /home/airflow/.local/lib/python3.12/site-packages/airflow/example_dags/example_xcomargs.py for tasks to queue
[2026-06-14T21:32:15.871+0000] {logging_mixin.py:188} INFO - [2026-06-14T21:32:15.870+0000] {dagbag.py:545} INFO - Filling up the DagBag from /home/airflow/.local/lib/python3.12/site-packages/airflow/example_dags/example_xcomargs.py
[2026-06-14T21:32:15.887+0000] {processor.py:840} INFO - DAG(s) 'example_xcom_args_with_operators', 'example_xcom_args' retrieved from /home/airflow/.local/lib/python3.12/site-packages/airflow/example_dags/example_xcomargs.py
[2026-06-14T21:32:15.930+0000] {logging_mixin.py:188} INFO - [2026-06-14T21:32:15.930+0000] {dag.py:3089} INFO - Sync 2 DAGs
[2026-06-14T21:32:15.952+0000] {logging_mixin.py:188} INFO - [2026-06-14T21:32:15.951+0000] {dag.py:3947} INFO - Setting next_dagrun for example_xcom_args to None, run_after=None
[2026-06-14T21:32:15.959+0000] {logging_mixin.py:188} INFO - [2026-06-14T21:32:15.958+0000] {dag.py:3947} INFO - Setting next_dagrun for example_xcom_args_with_operators to None, run_after=None
[2026-06-14T21:32:16.027+0000] {processor.py:183} INFO - Processing /home/airflow/.local/lib/python3.12/site-packages/airflow/example_dags/example_xcomargs.py took 0.171 seconds
[2026-06-14T21:40:04.992+0000] {processor.py:161} INFO - Started process (PID=112) to work on /home/airflow/.local/lib/python3.12/site-packages/airflow/example_dags/example_xcomargs.py
[2026-06-14T21:40:04.993+0000] {processor.py:830} INFO - Processing file /home/airflow/.local/lib/python3.12/site-packages/airflow/example_dags/example_xcomargs.py for tasks to queue
[2026-06-14T21:40:04.997+0000] {logging_mixin.py:188} INFO - [2026-06-14T21:40:04.997+0000] {dagbag.py:545} INFO - Filling up the DagBag from /home/airflow/.local/lib/python3.12/site-packages/airflow/example_dags/example_xcomargs.py
[2026-06-14T21:40:05.011+0000] {processor.py:840} INFO - DAG(s) 'example_xcom_args_with_operators', 'example_xcom_args' retrieved from /home/airflow/.local/lib/python3.12/site-packages/airflow/example_dags/example_xcomargs.py
[2026-06-14T21:40:05.194+0000] {logging_mixin.py:188} INFO - [2026-06-14T21:40:05.193+0000] {dag.py:3089} INFO - Sync 2 DAGs
[2026-06-14T21:40:05.220+0000] {logging_mixin.py:188} INFO - [2026-06-14T21:40:05.220+0000] {dag.py:3947} INFO - Setting next_dagrun for example_xcom_args to None, run_after=None
[2026-06-14T21:40:05.228+0000] {logging_mixin.py:188} INFO - [2026-06-14T21:40:05.227+0000] {dag.py:3947} INFO - Setting next_dagrun for example_xcom_args_with_operators to None, run_after=None
[2026-06-14T21:40:05.266+0000] {processor.py:183} INFO - Processing /home/airflow/.local/lib/python3.12/site-packages/airflow/example_dags/example_xcomargs.py took 0.286 seconds
[2026-06-14T21:40:35.393+0000] {processor.py:161} INFO - Started process (PID=172) to work on /home/airflow/.local/lib/python3.12/site-packages/airflow/example_dags/example_xcomargs.py
[2026-06-14T21:40:35.395+0000] {processor.py:830} INFO - Processing file /home/airflow/.local/lib/python3.12/site-packages/airflow/example_dags/example_xcomargs.py for tasks to queue
[2026-06-14T21:40:35.397+0000] {logging_mixin.py:188} INFO - [2026-06-14T21:40:35.397+0000] {dagbag.py:545} INFO - Filling up the DagBag from /home/airflow/.local/lib/python3.12/site-packages/airflow/example_dags/example_xcomargs.py
[2026-06-14T21:40:35.408+0000] {processor.py:840} INFO - DAG(s) 'example_xcom_args', 'example_xcom_args_with_operators' retrieved from /home/airflow/.local/lib/python3.12/site-packages/airflow/example_dags/example_xcomargs.py
[2026-06-14T21:40:35.439+0000] {logging_mixin.py:188} INFO - [2026-06-14T21:40:35.438+0000] {dag.py:3089} INFO - Sync 2 DAGs
[2026-06-14T21:40:35.455+0000] {logging_mixin.py:188} INFO - [2026-06-14T21:40:35.455+0000] {dag.py:3947} INFO - Setting next_dagrun for example_xcom_args to None, run_after=None
[2026-06-14T21:40:35.460+0000] {logging_mixin.py:188} INFO - [2026-06-14T21:40:35.460+0000] {dag.py:3947} INFO - Setting next_dagrun for example_xcom_args_with_operators to None, run_after=None
[2026-06-14T21:40:35.481+0000] {processor.py:183} INFO - Processing /home/airflow/.local/lib/python3.12/site-packages/airflow/example_dags/example_xcomargs.py took 0.097 seconds
[2026-06-14T21:41:05.798+0000] {processor.py:161} INFO - Started process (PID=231) to work on /home/airflow/.local/lib/python3.12/site-packages/airflow/example_dags/example_xcomargs.py
[2026-06-14T21:41:05.800+0000] {processor.py:830} INFO - Processing file /home/airflow/.local/lib/python3.12/site-packages/airflow/example_dags/example_xcomargs.py for tasks to queue
[2026-06-14T21:41:05.804+0000] {logging_mixin.py:188} INFO - [2026-06-14T21:41:05.804+0000] {dagbag.py:545} INFO - Filling up the DagBag from /home/airflow/.local/lib/python3.12/site-packages/airflow/example_dags/example_xcomargs.py
[2026-06-14T21:41:05.821+0000] {processor.py:840} INFO - DAG(s) 'example_xcom_args_with_operators', 'example_xcom_args' retrieved from /home/airflow/.local/lib/python3.12/site-packages/airflow/example_dags/example_xcomargs.py
[2026-06-14T21:41:05.861+0000] {logging_mixin.py:188} INFO - [2026-06-14T21:41:05.861+0000] {dag.py:3089} INFO - Sync 2 DAGs
[2026-06-14T21:41:05.885+0000] {logging_mixin.py:188} INFO - [2026-06-14T21:41:05.883+0000] {dag.py:3947} INFO - Setting next_dagrun for example_xcom_args to None, run_after=None
[2026-06-14T21:41:05.894+0000] {logging_mixin.py:188} INFO - [2026-06-14T21:41:05.893+0000] {dag.py:3947} INFO - Setting next_dagrun for example_xcom_args_with_operators to None, run_after=None
[2026-06-14T21:41:05.927+0000] {processor.py:183} INFO - Processing /home/airflow/.local/lib/python3.12/site-packages/airflow/example_dags/example_xcomargs.py took 0.138 seconds
[2026-06-14T21:41:36.394+0000] {processor.py:161} INFO - Started process (PID=290) to work on /home/airflow/.local/lib/python3.12/site-packages/airflow/example_dags/example_xcomargs.py
[2026-06-14T21:41:36.395+0000] {processor.py:830} INFO - Processing file /home/airflow/.local/lib/python3.12/site-packages/airflow/example_dags/example_xcomargs.py for tasks to queue
[2026-06-14T21:41:36.398+0000] {logging_mixin.py:188} INFO - [2026-06-14T21:41:36.398+0000] {dagbag.py:545} INFO - Filling up the DagBag from /home/airflow/.local/lib/python3.12/site-packages/airflow/example_dags/example_xcomargs.py
[2026-06-14T21:41:36.412+0000] {processor.py:840} INFO - DAG(s) 'example_xcom_args_with_operators', 'example_xcom_args' retrieved from /home/airflow/.local/lib/python3.12/site-packages/airflow/example_dags/example_xcomargs.py
[2026-06-14T21:41:36.456+0000] {logging_mixin.py:188} INFO - [2026-06-14T21:41:36.456+0000] {dag.py:3089} INFO - Sync 2 DAGs
[2026-06-14T21:41:36.479+0000] {logging_mixin.py:188} INFO - [2026-06-14T21:41:36.478+0000] {dag.py:3947} INFO - Setting next_dagrun for example_xcom_args to None, run_after=None
[2026-06-14T21:41:36.487+0000] {logging_mixin.py:188} INFO - [2026-06-14T21:41:36.486+0000] {dag.py:3947} INFO - Setting next_dagrun for example_xcom_args_with_operators to None, run_after=None
[2026-06-14T21:41:36.518+0000] {processor.py:183} INFO - Processing /home/airflow/.local/lib/python3.12/site-packages/airflow/example_dags/example_xcomargs.py took 0.132 seconds
[2026-06-14T21:42:07.184+0000] {processor.py:161} INFO - Started process (PID=348) to work on /home/airflow/.local/lib/python3.12/site-packages/airflow/example_dags/example_xcomargs.py
[2026-06-14T21:42:07.186+0000] {processor.py:830} INFO - Processing file /home/airflow/.local/lib/python3.12/site-packages/airflow/example_dags/example_xcomargs.py for tasks to queue
[2026-06-14T21:42:07.189+0000] {logging_mixin.py:188} INFO - [2026-06-14T21:42:07.189+0000] {dagbag.py:545} INFO - Filling up the DagBag from /home/airflow/.local/lib/python3.12/site-packages/airflow/example_dags/example_xcomargs.py
[2026-06-14T21:42:07.205+0000] {processor.py:840} INFO - DAG(s) 'example_xcom_args', 'example_xcom_args_with_operators' retrieved from /home/airflow/.local/lib/python3.12/site-packages/airflow/example_dags/example_xcomargs.py
[2026-06-14T21:42:07.245+0000] {logging_mixin.py:188} INFO - [2026-06-14T21:42:07.245+0000] {dag.py:3089} INFO - Sync 2 DAGs
[2026-06-14T21:42:07.267+0000] {logging_mixin.py:188} INFO - [2026-06-14T21:42:07.266+0000] {dag.py:3947} INFO - Setting next_dagrun for example_xcom_args to None, run_after=None
[2026-06-14T21:42:07.275+0000] {logging_mixin.py:188} INFO - [2026-06-14T21:42:07.275+0000] {dag.py:3947} INFO - Setting next_dagrun for example_xcom_args_with_operators to None, run_after=None
[2026-06-14T21:42:07.311+0000] {processor.py:183} INFO - Processing /home/airflow/.local/lib/python3.12/site-packages/airflow/example_dags/example_xcomargs.py took 0.137 seconds
[2026-06-14T21:42:37.619+0000] {processor.py:161} INFO - Started process (PID=407) to work on /home/airflow/.local/lib/python3.12/site-packages/airflow/example_dags/example_xcomargs.py
[2026-06-14T21:42:37.620+0000] {processor.py:830} INFO - Processing file /home/airflow/.local/lib/python3.12/site-packages/airflow/example_dags/example_xcomargs.py for tasks to queue
[2026-06-14T21:42:37.623+0000] {logging_mixin.py:188} INFO - [2026-06-14T21:42:37.623+0000] {dagbag.py:545} INFO - Filling up the DagBag from /home/airflow/.local/lib/python3.12/site-packages/airflow/example_dags/example_xcomargs.py
[2026-06-14T21:42:37.635+0000] {processor.py:840} INFO - DAG(s) 'example_xcom_args', 'example_xcom_args_with_operators' retrieved from /home/airflow/.local/lib/python3.12/site-packages/airflow/example_dags/example_xcomargs.py
[2026-06-14T21:42:37.678+0000] {logging_mixin.py:188} INFO - [2026-06-14T21:42:37.678+0000] {dag.py:3089} INFO - Sync 2 DAGs
[2026-06-14T21:42:37.704+0000] {logging_mixin.py:188} INFO - [2026-06-14T21:42:37.703+0000] {dag.py:3947} INFO - Setting next_dagrun for example_xcom_args to None, run_after=None
[2026-06-14T21:42:37.714+0000] {logging_mixin.py:188} INFO - [2026-06-14T21:42:37.713+0000] {dag.py:3947} INFO - Setting next_dagrun for example_xcom_args_with_operators to None, run_after=None
[2026-06-14T21:42:37.743+0000] {processor.py:183} INFO - Processing /home/airflow/.local/lib/python3.12/site-packages/airflow/example_dags/example_xcomargs.py took 0.136 seconds
[2026-06-14T21:43:08.391+0000] {processor.py:161} INFO - Started process (PID=466) to work on /home/airflow/.local/lib/python3.12/site-packages/airflow/example_dags/example_xcomargs.py
[2026-06-14T21:43:08.393+0000] {processor.py:830} INFO - Processing file /home/airflow/.local/lib/python3.12/site-packages/airflow/example_dags/example_xcomargs.py for tasks to queue
[2026-06-14T21:43:08.397+0000] {logging_mixin.py:188} INFO - [2026-06-14T21:43:08.396+0000] {dagbag.py:545} INFO - Filling up the DagBag from /home/airflow/.local/lib/python3.12/site-packages/airflow/example_dags/example_xcomargs.py
[2026-06-14T21:43:08.412+0000] {processor.py:840} INFO - DAG(s) 'example_xcom_args_with_operators', 'example_xcom_args' retrieved from /home/airflow/.local/lib/python3.12/site-packages/airflow/example_dags/example_xcomargs.py
[2026-06-14T21:43:08.452+0000] {logging_mixin.py:188} INFO - [2026-06-14T21:43:08.451+0000] {dag.py:3089} INFO - Sync 2 DAGs
[2026-06-14T21:43:08.475+0000] {logging_mixin.py:188} INFO - [2026-06-14T21:43:08.474+0000] {dag.py:3947} INFO - Setting next_dagrun for example_xcom_args to None, run_after=None
[2026-06-14T21:43:08.481+0000] {logging_mixin.py:188} INFO - [2026-06-14T21:43:08.481+0000] {dag.py:3947} INFO - Setting next_dagrun for example_xcom_args_with_operators to None, run_after=None
[2026-06-14T21:43:08.509+0000] {processor.py:183} INFO - Processing /home/airflow/.local/lib/python3.12/site-packages/airflow/example_dags/example_xcomargs.py took 0.126 seconds
[2026-06-14T21:43:39.360+0000] {processor.py:161} INFO - Started process (PID=525) to work on /home/airflow/.local/lib/python3.12/site-packages/airflow/example_dags/example_xcomargs.py
[2026-06-14T21:43:39.362+0000] {processor.py:830} INFO - Processing file /home/airflow/.local/lib/python3.12/site-packages/airflow/example_dags/example_xcomargs.py for tasks to queue
[2026-06-14T21:43:39.367+0000] {logging_mixin.py:188} INFO - [2026-06-14T21:43:39.366+0000] {dagbag.py:545} INFO - Filling up the DagBag from /home/airflow/.local/lib/python3.12/site-packages/airflow/example_dags/example_xcomargs.py
[2026-06-14T21:43:39.379+0000] {processor.py:840} INFO - DAG(s) 'example_xcom_args_with_operators', 'example_xcom_args' retrieved from /home/airflow/.local/lib/python3.12/site-packages/airflow/example_dags/example_xcomargs.py
[2026-06-14T21:43:39.445+0000] {logging_mixin.py:188} INFO - [2026-06-14T21:43:39.445+0000] {dag.py:3089} INFO - Sync 2 DAGs
[2026-06-14T21:43:39.471+0000] {logging_mixin.py:188} INFO - [2026-06-14T21:43:39.470+0000] {dag.py:3947} INFO - Setting next_dagrun for example_xcom_args to None, run_after=None
[2026-06-14T21:43:39.478+0000] {logging_mixin.py:188} INFO - [2026-06-14T21:43:39.478+0000] {dag.py:3947} INFO - Setting next_dagrun for example_xcom_args_with_operators to None, run_after=None
[2026-06-14T21:43:39.521+0000] {processor.py:183} INFO - Processing /home/airflow/.local/lib/python3.12/site-packages/airflow/example_dags/example_xcomargs.py took 0.172 seconds
[2026-06-14T21:44:09.985+0000] {processor.py:161} INFO - Started process (PID=584) to work on /home/airflow/.local/lib/python3.12/site-packages/airflow/example_dags/example_xcomargs.py
[2026-06-14T21:44:09.988+0000] {processor.py:830} INFO - Processing file /home/airflow/.local/lib/python3.12/site-packages/airflow/example_dags/example_xcomargs.py for tasks to queue
[2026-06-14T21:44:09.992+0000] {logging_mixin.py:188} INFO - [2026-06-14T21:44:09.991+0000] {dagbag.py:545} INFO - Filling up the DagBag from /home/airflow/.local/lib/python3.12/site-packages/airflow/example_dags/example_xcomargs.py
[2026-06-14T21:44:10.006+0000] {processor.py:840} INFO - DAG(s) 'example_xcom_args', 'example_xcom_args_with_operators' retrieved from /home/airflow/.local/lib/python3.12/site-packages/airflow/example_dags/example_xcomargs.py
[2026-06-14T21:44:10.050+0000] {logging_mixin.py:188} INFO - [2026-06-14T21:44:10.049+0000] {dag.py:3089} INFO - Sync 2 DAGs
[2026-06-14T21:44:10.077+0000] {logging_mixin.py:188} INFO - [2026-06-14T21:44:10.077+0000] {dag.py:3947} INFO - Setting next_dagrun for example_xcom_args to None, run_after=None
[2026-06-14T21:44:10.086+0000] {logging_mixin.py:188} INFO - [2026-06-14T21:44:10.086+0000] {dag.py:3947} INFO - Setting next_dagrun for example_xcom_args_with_operators to None, run_after=None
[2026-06-14T21:44:10.114+0000] {processor.py:183} INFO - Processing /home/airflow/.local/lib/python3.12/site-packages/airflow/example_dags/example_xcomargs.py took 0.142 seconds
[2026-06-14T21:44:40.989+0000] {processor.py:161} INFO - Started process (PID=643) to work on /home/airflow/.local/lib/python3.12/site-packages/airflow/example_dags/example_xcomargs.py
[2026-06-14T21:44:40.992+0000] {processor.py:830} INFO - Processing file /home/airflow/.local/lib/python3.12/site-packages/airflow/example_dags/example_xcomargs.py for tasks to queue
[2026-06-14T21:44:41.001+0000] {logging_mixin.py:188} INFO - [2026-06-14T21:44:41.000+0000] {dagbag.py:545} INFO - Filling up the DagBag from /home/airflow/.local/lib/python3.12/site-packages/airflow/example_dags/example_xcomargs.py
[2026-06-14T21:44:41.021+0000] {processor.py:840} INFO - DAG(s) 'example_xcom_args_with_operators', 'example_xcom_args' retrieved from /home/airflow/.local/lib/python3.12/site-packages/airflow/example_dags/example_xcomargs.py
[2026-06-14T21:44:41.070+0000] {logging_mixin.py:188} INFO - [2026-06-14T21:44:41.070+0000] {dag.py:3089} INFO - Sync 2 DAGs
[2026-06-14T21:44:41.103+0000] {logging_mixin.py:188} INFO - [2026-06-14T21:44:41.103+0000] {dag.py:3947} INFO - Setting next_dagrun for example_xcom_args to None, run_after=None
[2026-06-14T21:44:41.113+0000] {logging_mixin.py:188} INFO - [2026-06-14T21:44:41.112+0000] {dag.py:3947} INFO - Setting next_dagrun for example_xcom_args_with_operators to None, run_after=None
[2026-06-14T21:44:41.150+0000] {processor.py:183} INFO - Processing /home/airflow/.local/lib/python3.12/site-packages/airflow/example_dags/example_xcomargs.py took 0.178 seconds
[2026-06-14T21:45:11.789+0000] {processor.py:161} INFO - Started process (PID=702) to work on /home/airflow/.local/lib/python3.12/site-packages/airflow/example_dags/example_xcomargs.py
[2026-06-14T21:45:11.791+0000] {processor.py:830} INFO - Processing file /home/airflow/.local/lib/python3.12/site-packages/airflow/example_dags/example_xcomargs.py for tasks to queue
[2026-06-14T21:45:11.794+0000] {logging_mixin.py:188} INFO - [2026-06-14T21:45:11.794+0000] {dagbag.py:545} INFO - Filling up the DagBag from /home/airflow/.local/lib/python3.12/site-packages/airflow/example_dags/example_xcomargs.py
[2026-06-14T21:45:11.806+0000] {processor.py:840} INFO - DAG(s) 'example_xcom_args_with_operators', 'example_xcom_args' retrieved from /home/airflow/.local/lib/python3.12/site-packages/airflow/example_dags/example_xcomargs.py
[2026-06-14T21:45:11.842+0000] {logging_mixin.py:188} INFO - [2026-06-14T21:45:11.842+0000] {dag.py:3089} INFO - Sync 2 DAGs
[2026-06-14T21:45:11.861+0000] {logging_mixin.py:188} INFO - [2026-06-14T21:45:11.860+0000] {dag.py:3947} INFO - Setting next_dagrun for example_xcom_args to None, run_after=None
[2026-06-14T21:45:11.866+0000] {logging_mixin.py:188} INFO - [2026-06-14T21:45:11.866+0000] {dag.py:3947} INFO - Setting next_dagrun for example_xcom_args_with_operators to None, run_after=None
[2026-06-14T21:45:11.899+0000] {processor.py:183} INFO - Processing /home/airflow/.local/lib/python3.12/site-packages/airflow/example_dags/example_xcomargs.py took 0.118 seconds
[2026-06-14T21:45:41.998+0000] {processor.py:161} INFO - Started process (PID=761) to work on /home/airflow/.local/lib/python3.12/site-packages/airflow/example_dags/example_xcomargs.py
[2026-06-14T21:45:42.000+0000] {processor.py:830} INFO - Processing file /home/airflow/.local/lib/python3.12/site-packages/airflow/example_dags/example_xcomargs.py for tasks to queue
[2026-06-14T21:45:42.003+0000] {logging_mixin.py:188} INFO - [2026-06-14T21:45:42.002+0000] {dagbag.py:545} INFO - Filling up the DagBag from /home/airflow/.local/lib/python3.12/site-packages/airflow/example_dags/example_xcomargs.py
[2026-06-14T21:45:42.014+0000] {processor.py:840} INFO - DAG(s) 'example_xcom_args', 'example_xcom_args_with_operators' retrieved from /home/airflow/.local/lib/python3.12/site-packages/airflow/example_dags/example_xcomargs.py
[2026-06-14T21:45:42.045+0000] {logging_mixin.py:188} INFO - [2026-06-14T21:45:42.044+0000] {dag.py:3089} INFO - Sync 2 DAGs
[2026-06-14T21:45:42.061+0000] {logging_mixin.py:188} INFO - [2026-06-14T21:45:42.061+0000] {dag.py:3947} INFO - Setting next_dagrun for example_xcom_args to None, run_after=None
[2026-06-14T21:45:42.066+0000] {logging_mixin.py:188} INFO - [2026-06-14T21:45:42.066+0000] {dag.py:3947} INFO - Setting next_dagrun for example_xcom_args_with_operators to None, run_after=None
[2026-06-14T21:45:42.089+0000] {processor.py:183} INFO - Processing /home/airflow/.local/lib/python3.12/site-packages/airflow/example_dags/example_xcomargs.py took 0.099 seconds
[2026-06-14T21:46:13.574+0000] {processor.py:161} INFO - Started process (PID=820) to work on /home/airflow/.local/lib/python3.12/site-packages/airflow/example_dags/example_xcomargs.py
[2026-06-14T21:46:13.576+0000] {processor.py:830} INFO - Processing file /home/airflow/.local/lib/python3.12/site-packages/airflow/example_dags/example_xcomargs.py for tasks to queue
[2026-06-14T21:46:13.579+0000] {logging_mixin.py:188} INFO - [2026-06-14T21:46:13.578+0000] {dagbag.py:545} INFO - Filling up the DagBag from /home/airflow/.local/lib/python3.12/site-packages/airflow/example_dags/example_xcomargs.py
[2026-06-14T21:46:13.592+0000] {processor.py:840} INFO - DAG(s) 'example_xcom_args', 'example_xcom_args_with_operators' retrieved from /home/airflow/.local/lib/python3.12/site-packages/airflow/example_dags/example_xcomargs.py
[2026-06-14T21:46:13.628+0000] {logging_mixin.py:188} INFO - [2026-06-14T21:46:13.628+0000] {dag.py:3089} INFO - Sync 2 DAGs
[2026-06-14T21:46:13.653+0000] {logging_mixin.py:188} INFO - [2026-06-14T21:46:13.653+0000] {dag.py:3947} INFO - Setting next_dagrun for example_xcom_args to None, run_after=None
[2026-06-14T21:46:13.658+0000] {logging_mixin.py:188} INFO - [2026-06-14T21:46:13.658+0000] {dag.py:3947} INFO - Setting next_dagrun for example_xcom_args_with_operators to None, run_after=None
[2026-06-14T21:46:13.727+0000] {processor.py:183} INFO - Processing /home/airflow/.local/lib/python3.12/site-packages/airflow/example_dags/example_xcomargs.py took 0.163 seconds
[2026-06-14T21:46:45.024+0000] {processor.py:161} INFO - Started process (PID=879) to work on /home/airflow/.local/lib/python3.12/site-packages/airflow/example_dags/example_xcomargs.py
[2026-06-14T21:46:45.027+0000] {processor.py:830} INFO - Processing file /home/airflow/.local/lib/python3.12/site-packages/airflow/example_dags/example_xcomargs.py for tasks to queue
[2026-06-14T21:46:45.032+0000] {logging_mixin.py:188} INFO - [2026-06-14T21:46:45.031+0000] {dagbag.py:545} INFO - Filling up the DagBag from /home/airflow/.local/lib/python3.12/site-packages/airflow/example_dags/example_xcomargs.py
[2026-06-14T21:46:45.053+0000] {processor.py:840} INFO - DAG(s) 'example_xcom_args', 'example_xcom_args_with_operators' retrieved from /home/airflow/.local/lib/python3.12/site-packages/airflow/example_dags/example_xcomargs.py
[2026-06-14T21:46:45.105+0000] {logging_mixin.py:188} INFO - [2026-06-14T21:46:45.104+0000] {dag.py:3089} INFO - Sync 2 DAGs
[2026-06-14T21:46:45.126+0000] {logging_mixin.py:188} INFO - [2026-06-14T21:46:45.126+0000] {dag.py:3947} INFO - Setting next_dagrun for example_xcom_args to None, run_after=None
[2026-06-14T21:46:45.134+0000] {logging_mixin.py:188} INFO - [2026-06-14T21:46:45.134+0000] {dag.py:3947} INFO - Setting next_dagrun for example_xcom_args_with_operators to None, run_after=None
[2026-06-14T21:46:45.205+0000] {processor.py:183} INFO - Processing /home/airflow/.local/lib/python3.12/site-packages/airflow/example_dags/example_xcomargs.py took 0.193 seconds
[2026-06-14T21:47:18.037+0000] {processor.py:161} INFO - Started process (PID=945) to work on /home/airflow/.local/lib/python3.12/site-packages/airflow/example_dags/example_xcomargs.py
[2026-06-14T21:47:18.041+0000] {processor.py:830} INFO - Processing file /home/airflow/.local/lib/python3.12/site-packages/airflow/example_dags/example_xcomargs.py for tasks to queue
[2026-06-14T21:47:18.046+0000] {logging_mixin.py:188} INFO - [2026-06-14T21:47:18.045+0000] {dagbag.py:545} INFO - Filling up the DagBag from /home/airflow/.local/lib/python3.12/site-packages/airflow/example_dags/example_xcomargs.py
[2026-06-14T21:47:18.105+0000] {processor.py:840} INFO - DAG(s) 'example_xcom_args', 'example_xcom_args_with_operators' retrieved from /home/airflow/.local/lib/python3.12/site-packages/airflow/example_dags/example_xcomargs.py
[2026-06-14T21:47:18.180+0000] {logging_mixin.py:188} INFO - [2026-06-14T21:47:18.180+0000] {dag.py:3089} INFO - Sync 2 DAGs
[2026-06-14T21:47:18.213+0000] {logging_mixin.py:188} INFO - [2026-06-14T21:47:18.212+0000] {dag.py:3947} INFO - Setting next_dagrun for example_xcom_args to None, run_after=None
[2026-06-14T21:47:18.223+0000] {logging_mixin.py:188} INFO - [2026-06-14T21:47:18.222+0000] {dag.py:3947} INFO - Setting next_dagrun for example_xcom_args_with_operators to None, run_after=None
[2026-06-14T21:47:18.306+0000] {processor.py:183} INFO - Processing /home/airflow/.local/lib/python3.12/site-packages/airflow/example_dags/example_xcomargs.py took 0.284 seconds
[2026-06-14T21:47:48.841+0000] {processor.py:161} INFO - Started process (PID=1005) to work on /home/airflow/.local/lib/python3.12/site-packages/airflow/example_dags/example_xcomargs.py
[2026-06-14T21:47:48.843+0000] {processor.py:830} INFO - Processing file /home/airflow/.local/lib/python3.12/site-packages/airflow/example_dags/example_xcomargs.py for tasks to queue
[2026-06-14T21:47:48.845+0000] {logging_mixin.py:188} INFO - [2026-06-14T21:47:48.844+0000] {dagbag.py:545} INFO - Filling up the DagBag from /home/airflow/.local/lib/python3.12/site-packages/airflow/example_dags/example_xcomargs.py
[2026-06-14T21:47:48.853+0000] {processor.py:840} INFO - DAG(s) 'example_xcom_args', 'example_xcom_args_with_operators' retrieved from /home/airflow/.local/lib/python3.12/site-packages/airflow/example_dags/example_xcomargs.py
[2026-06-14T21:47:48.881+0000] {logging_mixin.py:188} INFO - [2026-06-14T21:47:48.881+0000] {dag.py:3089} INFO - Sync 2 DAGs
[2026-06-14T21:47:48.896+0000] {logging_mixin.py:188} INFO - [2026-06-14T21:47:48.896+0000] {dag.py:3947} INFO - Setting next_dagrun for example_xcom_args to None, run_after=None
[2026-06-14T21:47:48.901+0000] {logging_mixin.py:188} INFO - [2026-06-14T21:47:48.901+0000] {dag.py:3947} INFO - Setting next_dagrun for example_xcom_args_with_operators to None, run_after=None
[2026-06-14T21:47:48.919+0000] {processor.py:183} INFO - Processing /home/airflow/.local/lib/python3.12/site-packages/airflow/example_dags/example_xcomargs.py took 0.084 seconds
[2026-06-14T21:48:19.218+0000] {processor.py:161} INFO - Started process (PID=1061) to work on /home/airflow/.local/lib/python3.12/site-packages/airflow/example_dags/example_xcomargs.py
[2026-06-14T21:48:19.219+0000] {processor.py:830} INFO - Processing file /home/airflow/.local/lib/python3.12/site-packages/airflow/example_dags/example_xcomargs.py for tasks to queue
[2026-06-14T21:48:19.221+0000] {logging_mixin.py:188} INFO - [2026-06-14T21:48:19.221+0000] {dagbag.py:545} INFO - Filling up the DagBag from /home/airflow/.local/lib/python3.12/site-packages/airflow/example_dags/example_xcomargs.py
[2026-06-14T21:48:19.233+0000] {processor.py:840} INFO - DAG(s) 'example_xcom_args_with_operators', 'example_xcom_args' retrieved from /home/airflow/.local/lib/python3.12/site-packages/airflow/example_dags/example_xcomargs.py
[2026-06-14T21:48:19.284+0000] {logging_mixin.py:188} INFO - [2026-06-14T21:48:19.283+0000] {dag.py:3089} INFO - Sync 2 DAGs
[2026-06-14T21:48:19.315+0000] {logging_mixin.py:188} INFO - [2026-06-14T21:48:19.315+0000] {dag.py:3947} INFO - Setting next_dagrun for example_xcom_args to None, run_after=None
[2026-06-14T21:48:19.326+0000] {logging_mixin.py:188} INFO - [2026-06-14T21:48:19.325+0000] {dag.py:3947} INFO - Setting next_dagrun for example_xcom_args_with_operators to None, run_after=None
[2026-06-14T21:48:19.361+0000] {processor.py:183} INFO - Processing /home/airflow/.local/lib/python3.12/site-packages/airflow/example_dags/example_xcomargs.py took 0.150 seconds
[2026-06-14T21:48:50.423+0000] {processor.py:161} INFO - Started process (PID=1119) to work on /home/airflow/.local/lib/python3.12/site-packages/airflow/example_dags/example_xcomargs.py
[2026-06-14T21:48:50.425+0000] {processor.py:830} INFO - Processing file /home/airflow/.local/lib/python3.12/site-packages/airflow/example_dags/example_xcomargs.py for tasks to queue
[2026-06-14T21:48:50.428+0000] {logging_mixin.py:188} INFO - [2026-06-14T21:48:50.428+0000] {dagbag.py:545} INFO - Filling up the DagBag from /home/airflow/.local/lib/python3.12/site-packages/airflow/example_dags/example_xcomargs.py
[2026-06-14T21:48:50.450+0000] {processor.py:840} INFO - DAG(s) 'example_xcom_args_with_operators', 'example_xcom_args' retrieved from /home/airflow/.local/lib/python3.12/site-packages/airflow/example_dags/example_xcomargs.py
[2026-06-14T21:48:50.504+0000] {logging_mixin.py:188} INFO - [2026-06-14T21:48:50.503+0000] {dag.py:3089} INFO - Sync 2 DAGs
[2026-06-14T21:48:50.531+0000] {logging_mixin.py:188} INFO - [2026-06-14T21:48:50.530+0000] {dag.py:3947} INFO - Setting next_dagrun for example_xcom_args to None, run_after=None
[2026-06-14T21:48:50.541+0000] {logging_mixin.py:188} INFO - [2026-06-14T21:48:50.541+0000] {dag.py:3947} INFO - Setting next_dagrun for example_xcom_args_with_operators to None, run_after=None
[2026-06-14T21:48:50.619+0000] {processor.py:183} INFO - Processing /home/airflow/.local/lib/python3.12/site-packages/airflow/example_dags/example_xcomargs.py took 0.208 seconds
[2026-06-14T21:49:21.498+0000] {processor.py:161} INFO - Started process (PID=1179) to work on /home/airflow/.local/lib/python3.12/site-packages/airflow/example_dags/example_xcomargs.py
[2026-06-14T21:49:21.499+0000] {processor.py:830} INFO - Processing file /home/airflow/.local/lib/python3.12/site-packages/airflow/example_dags/example_xcomargs.py for tasks to queue
[2026-06-14T21:49:21.501+0000] {logging_mixin.py:188} INFO - [2026-06-14T21:49:21.501+0000] {dagbag.py:545} INFO - Filling up the DagBag from /home/airflow/.local/lib/python3.12/site-packages/airflow/example_dags/example_xcomargs.py
[2026-06-14T21:49:21.513+0000] {processor.py:840} INFO - DAG(s) 'example_xcom_args_with_operators', 'example_xcom_args' retrieved from /home/airflow/.local/lib/python3.12/site-packages/airflow/example_dags/example_xcomargs.py
[2026-06-14T21:49:21.539+0000] {logging_mixin.py:188} INFO - [2026-06-14T21:49:21.539+0000] {dag.py:3089} INFO - Sync 2 DAGs
[2026-06-14T21:49:21.555+0000] {logging_mixin.py:188} INFO - [2026-06-14T21:49:21.555+0000] {dag.py:3947} INFO - Setting next_dagrun for example_xcom_args to None, run_after=None
[2026-06-14T21:49:21.562+0000] {logging_mixin.py:188} INFO - [2026-06-14T21:49:21.561+0000] {dag.py:3947} INFO - Setting next_dagrun for example_xcom_args_with_operators to None, run_after=None
[2026-06-14T21:49:21.585+0000] {processor.py:183} INFO - Processing /home/airflow/.local/lib/python3.12/site-packages/airflow/example_dags/example_xcomargs.py took 0.093 seconds
