[2026-06-14T21:26:26.760+0000] {processor.py:161} INFO - Started process (PID=66) to work on /home/airflow/.local/lib/python3.12/site-packages/airflow/example_dags/tutorial_dag.py
[2026-06-14T21:26:26.762+0000] {processor.py:830} INFO - Processing file /home/airflow/.local/lib/python3.12/site-packages/airflow/example_dags/tutorial_dag.py for tasks to queue
[2026-06-14T21:26:26.768+0000] {logging_mixin.py:188} INFO - [2026-06-14T21:26:26.767+0000] {dagbag.py:545} INFO - Filling up the DagBag from /home/airflow/.local/lib/python3.12/site-packages/airflow/example_dags/tutorial_dag.py
[2026-06-14T21:26:26.809+0000] {processor.py:840} INFO - DAG(s) 'tutorial_dag' retrieved from /home/airflow/.local/lib/python3.12/site-packages/airflow/example_dags/tutorial_dag.py
[2026-06-14T21:26:27.298+0000] {logging_mixin.py:188} INFO - [2026-06-14T21:26:27.297+0000] {override.py:1858} INFO - Created Permission View: can delete on DAG:tutorial_dag
[2026-06-14T21:26:27.318+0000] {logging_mixin.py:188} INFO - [2026-06-14T21:26:27.317+0000] {override.py:1858} INFO - Created Permission View: can edit on DAG:tutorial_dag
[2026-06-14T21:26:27.331+0000] {logging_mixin.py:188} INFO - [2026-06-14T21:26:27.331+0000] {override.py:1858} INFO - Created Permission View: can read on DAG:tutorial_dag
[2026-06-14T21:26:27.339+0000] {logging_mixin.py:188} INFO - [2026-06-14T21:26:27.338+0000] {dag.py:3089} INFO - Sync 1 DAGs
[2026-06-14T21:26:27.368+0000] {logging_mixin.py:188} INFO - [2026-06-14T21:26:27.368+0000] {dag.py:3111} INFO - Creating ORM DAG for tutorial_dag
[2026-06-14T21:26:27.370+0000] {logging_mixin.py:188} INFO - [2026-06-14T21:26:27.370+0000] {dag.py:3947} INFO - Setting next_dagrun for tutorial_dag to None, run_after=None
[2026-06-14T21:26:27.406+0000] {processor.py:183} INFO - Processing /home/airflow/.local/lib/python3.12/site-packages/airflow/example_dags/tutorial_dag.py took 0.663 seconds
[2026-06-14T21:26:58.217+0000] {processor.py:161} INFO - Started process (PID=125) to work on /home/airflow/.local/lib/python3.12/site-packages/airflow/example_dags/tutorial_dag.py
[2026-06-14T21:26:58.218+0000] {processor.py:830} INFO - Processing file /home/airflow/.local/lib/python3.12/site-packages/airflow/example_dags/tutorial_dag.py for tasks to queue
[2026-06-14T21:26:58.220+0000] {logging_mixin.py:188} INFO - [2026-06-14T21:26:58.220+0000] {dagbag.py:545} INFO - Filling up the DagBag from /home/airflow/.local/lib/python3.12/site-packages/airflow/example_dags/tutorial_dag.py
[2026-06-14T21:26:58.229+0000] {processor.py:840} INFO - DAG(s) 'tutorial_dag' retrieved from /home/airflow/.local/lib/python3.12/site-packages/airflow/example_dags/tutorial_dag.py
[2026-06-14T21:26:58.264+0000] {logging_mixin.py:188} INFO - [2026-06-14T21:26:58.264+0000] {dag.py:3089} INFO - Sync 1 DAGs
[2026-06-14T21:26:58.292+0000] {logging_mixin.py:188} INFO - [2026-06-14T21:26:58.292+0000] {dag.py:3947} INFO - Setting next_dagrun for tutorial_dag to None, run_after=None
[2026-06-14T21:26:58.323+0000] {processor.py:183} INFO - Processing /home/airflow/.local/lib/python3.12/site-packages/airflow/example_dags/tutorial_dag.py took 0.113 seconds
[2026-06-14T21:27:28.733+0000] {processor.py:161} INFO - Started process (PID=184) to work on /home/airflow/.local/lib/python3.12/site-packages/airflow/example_dags/tutorial_dag.py
[2026-06-14T21:27:28.735+0000] {processor.py:830} INFO - Processing file /home/airflow/.local/lib/python3.12/site-packages/airflow/example_dags/tutorial_dag.py for tasks to queue
[2026-06-14T21:27:28.738+0000] {logging_mixin.py:188} INFO - [2026-06-14T21:27:28.737+0000] {dagbag.py:545} INFO - Filling up the DagBag from /home/airflow/.local/lib/python3.12/site-packages/airflow/example_dags/tutorial_dag.py
[2026-06-14T21:27:28.745+0000] {processor.py:840} INFO - DAG(s) 'tutorial_dag' retrieved from /home/airflow/.local/lib/python3.12/site-packages/airflow/example_dags/tutorial_dag.py
[2026-06-14T21:27:28.773+0000] {logging_mixin.py:188} INFO - [2026-06-14T21:27:28.772+0000] {dag.py:3089} INFO - Sync 1 DAGs
[2026-06-14T21:27:28.791+0000] {logging_mixin.py:188} INFO - [2026-06-14T21:27:28.791+0000] {dag.py:3947} INFO - Setting next_dagrun for tutorial_dag to None, run_after=None
[2026-06-14T21:27:28.859+0000] {processor.py:183} INFO - Processing /home/airflow/.local/lib/python3.12/site-packages/airflow/example_dags/tutorial_dag.py took 0.133 seconds
[2026-06-14T21:27:58.930+0000] {processor.py:161} INFO - Started process (PID=243) to work on /home/airflow/.local/lib/python3.12/site-packages/airflow/example_dags/tutorial_dag.py
[2026-06-14T21:27:58.932+0000] {processor.py:830} INFO - Processing file /home/airflow/.local/lib/python3.12/site-packages/airflow/example_dags/tutorial_dag.py for tasks to queue
[2026-06-14T21:27:58.935+0000] {logging_mixin.py:188} INFO - [2026-06-14T21:27:58.935+0000] {dagbag.py:545} INFO - Filling up the DagBag from /home/airflow/.local/lib/python3.12/site-packages/airflow/example_dags/tutorial_dag.py
[2026-06-14T21:27:58.945+0000] {processor.py:840} INFO - DAG(s) 'tutorial_dag' retrieved from /home/airflow/.local/lib/python3.12/site-packages/airflow/example_dags/tutorial_dag.py
[2026-06-14T21:27:59.025+0000] {logging_mixin.py:188} INFO - [2026-06-14T21:27:59.025+0000] {dag.py:3089} INFO - Sync 1 DAGs
[2026-06-14T21:27:59.043+0000] {logging_mixin.py:188} INFO - [2026-06-14T21:27:59.043+0000] {dag.py:3947} INFO - Setting next_dagrun for tutorial_dag to None, run_after=None
[2026-06-14T21:27:59.076+0000] {processor.py:183} INFO - Processing /home/airflow/.local/lib/python3.12/site-packages/airflow/example_dags/tutorial_dag.py took 0.155 seconds
[2026-06-14T21:28:29.224+0000] {processor.py:161} INFO - Started process (PID=302) to work on /home/airflow/.local/lib/python3.12/site-packages/airflow/example_dags/tutorial_dag.py
[2026-06-14T21:28:29.227+0000] {processor.py:830} INFO - Processing file /home/airflow/.local/lib/python3.12/site-packages/airflow/example_dags/tutorial_dag.py for tasks to queue
[2026-06-14T21:28:29.230+0000] {logging_mixin.py:188} INFO - [2026-06-14T21:28:29.230+0000] {dagbag.py:545} INFO - Filling up the DagBag from /home/airflow/.local/lib/python3.12/site-packages/airflow/example_dags/tutorial_dag.py
[2026-06-14T21:28:29.239+0000] {processor.py:840} INFO - DAG(s) 'tutorial_dag' retrieved from /home/airflow/.local/lib/python3.12/site-packages/airflow/example_dags/tutorial_dag.py
[2026-06-14T21:28:29.271+0000] {logging_mixin.py:188} INFO - [2026-06-14T21:28:29.271+0000] {dag.py:3089} INFO - Sync 1 DAGs
[2026-06-14T21:28:29.295+0000] {logging_mixin.py:188} INFO - [2026-06-14T21:28:29.295+0000] {dag.py:3947} INFO - Setting next_dagrun for tutorial_dag to None, run_after=None
[2026-06-14T21:28:29.359+0000] {processor.py:183} INFO - Processing /home/airflow/.local/lib/python3.12/site-packages/airflow/example_dags/tutorial_dag.py took 0.142 seconds
[2026-06-14T21:28:59.704+0000] {processor.py:161} INFO - Started process (PID=361) to work on /home/airflow/.local/lib/python3.12/site-packages/airflow/example_dags/tutorial_dag.py
[2026-06-14T21:28:59.706+0000] {processor.py:830} INFO - Processing file /home/airflow/.local/lib/python3.12/site-packages/airflow/example_dags/tutorial_dag.py for tasks to queue
[2026-06-14T21:28:59.712+0000] {logging_mixin.py:188} INFO - [2026-06-14T21:28:59.711+0000] {dagbag.py:545} INFO - Filling up the DagBag from /home/airflow/.local/lib/python3.12/site-packages/airflow/example_dags/tutorial_dag.py
[2026-06-14T21:28:59.726+0000] {processor.py:840} INFO - DAG(s) 'tutorial_dag' retrieved from /home/airflow/.local/lib/python3.12/site-packages/airflow/example_dags/tutorial_dag.py
[2026-06-14T21:28:59.772+0000] {logging_mixin.py:188} INFO - [2026-06-14T21:28:59.771+0000] {dag.py:3089} INFO - Sync 1 DAGs
[2026-06-14T21:28:59.799+0000] {logging_mixin.py:188} INFO - [2026-06-14T21:28:59.799+0000] {dag.py:3947} INFO - Setting next_dagrun for tutorial_dag to None, run_after=None
[2026-06-14T21:28:59.849+0000] {processor.py:183} INFO - Processing /home/airflow/.local/lib/python3.12/site-packages/airflow/example_dags/tutorial_dag.py took 0.170 seconds
[2026-06-14T21:29:30.426+0000] {processor.py:161} INFO - Started process (PID=420) to work on /home/airflow/.local/lib/python3.12/site-packages/airflow/example_dags/tutorial_dag.py
[2026-06-14T21:29:30.427+0000] {processor.py:830} INFO - Processing file /home/airflow/.local/lib/python3.12/site-packages/airflow/example_dags/tutorial_dag.py for tasks to queue
[2026-06-14T21:29:30.430+0000] {logging_mixin.py:188} INFO - [2026-06-14T21:29:30.429+0000] {dagbag.py:545} INFO - Filling up the DagBag from /home/airflow/.local/lib/python3.12/site-packages/airflow/example_dags/tutorial_dag.py
[2026-06-14T21:29:30.439+0000] {processor.py:840} INFO - DAG(s) 'tutorial_dag' retrieved from /home/airflow/.local/lib/python3.12/site-packages/airflow/example_dags/tutorial_dag.py
[2026-06-14T21:29:30.473+0000] {logging_mixin.py:188} INFO - [2026-06-14T21:29:30.473+0000] {dag.py:3089} INFO - Sync 1 DAGs
[2026-06-14T21:29:30.497+0000] {logging_mixin.py:188} INFO - [2026-06-14T21:29:30.497+0000] {dag.py:3947} INFO - Setting next_dagrun for tutorial_dag to None, run_after=None
[2026-06-14T21:29:30.572+0000] {processor.py:183} INFO - Processing /home/airflow/.local/lib/python3.12/site-packages/airflow/example_dags/tutorial_dag.py took 0.154 seconds
[2026-06-14T21:30:01.172+0000] {processor.py:161} INFO - Started process (PID=478) to work on /home/airflow/.local/lib/python3.12/site-packages/airflow/example_dags/tutorial_dag.py
[2026-06-14T21:30:01.174+0000] {processor.py:830} INFO - Processing file /home/airflow/.local/lib/python3.12/site-packages/airflow/example_dags/tutorial_dag.py for tasks to queue
[2026-06-14T21:30:01.175+0000] {logging_mixin.py:188} INFO - [2026-06-14T21:30:01.175+0000] {dagbag.py:545} INFO - Filling up the DagBag from /home/airflow/.local/lib/python3.12/site-packages/airflow/example_dags/tutorial_dag.py
[2026-06-14T21:30:01.185+0000] {processor.py:840} INFO - DAG(s) 'tutorial_dag' retrieved from /home/airflow/.local/lib/python3.12/site-packages/airflow/example_dags/tutorial_dag.py
[2026-06-14T21:30:01.225+0000] {logging_mixin.py:188} INFO - [2026-06-14T21:30:01.224+0000] {dag.py:3089} INFO - Sync 1 DAGs
[2026-06-14T21:30:01.250+0000] {logging_mixin.py:188} INFO - [2026-06-14T21:30:01.250+0000] {dag.py:3947} INFO - Setting next_dagrun for tutorial_dag to None, run_after=None
[2026-06-14T21:30:01.283+0000] {processor.py:183} INFO - Processing /home/airflow/.local/lib/python3.12/site-packages/airflow/example_dags/tutorial_dag.py took 0.123 seconds
[2026-06-14T21:30:31.838+0000] {processor.py:161} INFO - Started process (PID=536) to work on /home/airflow/.local/lib/python3.12/site-packages/airflow/example_dags/tutorial_dag.py
[2026-06-14T21:30:31.839+0000] {processor.py:830} INFO - Processing file /home/airflow/.local/lib/python3.12/site-packages/airflow/example_dags/tutorial_dag.py for tasks to queue
[2026-06-14T21:30:31.840+0000] {logging_mixin.py:188} INFO - [2026-06-14T21:30:31.840+0000] {dagbag.py:545} INFO - Filling up the DagBag from /home/airflow/.local/lib/python3.12/site-packages/airflow/example_dags/tutorial_dag.py
[2026-06-14T21:30:31.847+0000] {processor.py:840} INFO - DAG(s) 'tutorial_dag' retrieved from /home/airflow/.local/lib/python3.12/site-packages/airflow/example_dags/tutorial_dag.py
[2026-06-14T21:30:31.876+0000] {logging_mixin.py:188} INFO - [2026-06-14T21:30:31.876+0000] {dag.py:3089} INFO - Sync 1 DAGs
[2026-06-14T21:30:31.896+0000] {logging_mixin.py:188} INFO - [2026-06-14T21:30:31.896+0000] {dag.py:3947} INFO - Setting next_dagrun for tutorial_dag to None, run_after=None
[2026-06-14T21:30:31.965+0000] {processor.py:183} INFO - Processing /home/airflow/.local/lib/python3.12/site-packages/airflow/example_dags/tutorial_dag.py took 0.135 seconds
[2026-06-14T21:31:02.160+0000] {processor.py:161} INFO - Started process (PID=595) to work on /home/airflow/.local/lib/python3.12/site-packages/airflow/example_dags/tutorial_dag.py
[2026-06-14T21:31:02.161+0000] {processor.py:830} INFO - Processing file /home/airflow/.local/lib/python3.12/site-packages/airflow/example_dags/tutorial_dag.py for tasks to queue
[2026-06-14T21:31:02.162+0000] {logging_mixin.py:188} INFO - [2026-06-14T21:31:02.162+0000] {dagbag.py:545} INFO - Filling up the DagBag from /home/airflow/.local/lib/python3.12/site-packages/airflow/example_dags/tutorial_dag.py
[2026-06-14T21:31:02.168+0000] {processor.py:840} INFO - DAG(s) 'tutorial_dag' retrieved from /home/airflow/.local/lib/python3.12/site-packages/airflow/example_dags/tutorial_dag.py
[2026-06-14T21:31:02.192+0000] {logging_mixin.py:188} INFO - [2026-06-14T21:31:02.192+0000] {dag.py:3089} INFO - Sync 1 DAGs
[2026-06-14T21:31:02.210+0000] {logging_mixin.py:188} INFO - [2026-06-14T21:31:02.210+0000] {dag.py:3947} INFO - Setting next_dagrun for tutorial_dag to None, run_after=None
[2026-06-14T21:31:02.232+0000] {processor.py:183} INFO - Processing /home/airflow/.local/lib/python3.12/site-packages/airflow/example_dags/tutorial_dag.py took 0.078 seconds
[2026-06-14T21:31:32.545+0000] {processor.py:161} INFO - Started process (PID=653) to work on /home/airflow/.local/lib/python3.12/site-packages/airflow/example_dags/tutorial_dag.py
[2026-06-14T21:31:32.547+0000] {processor.py:830} INFO - Processing file /home/airflow/.local/lib/python3.12/site-packages/airflow/example_dags/tutorial_dag.py for tasks to queue
[2026-06-14T21:31:32.549+0000] {logging_mixin.py:188} INFO - [2026-06-14T21:31:32.548+0000] {dagbag.py:545} INFO - Filling up the DagBag from /home/airflow/.local/lib/python3.12/site-packages/airflow/example_dags/tutorial_dag.py
[2026-06-14T21:31:32.557+0000] {processor.py:840} INFO - DAG(s) 'tutorial_dag' retrieved from /home/airflow/.local/lib/python3.12/site-packages/airflow/example_dags/tutorial_dag.py
[2026-06-14T21:31:32.597+0000] {logging_mixin.py:188} INFO - [2026-06-14T21:31:32.596+0000] {dag.py:3089} INFO - Sync 1 DAGs
[2026-06-14T21:31:32.616+0000] {logging_mixin.py:188} INFO - [2026-06-14T21:31:32.616+0000] {dag.py:3947} INFO - Setting next_dagrun for tutorial_dag to None, run_after=None
[2026-06-14T21:31:32.697+0000] {processor.py:183} INFO - Processing /home/airflow/.local/lib/python3.12/site-packages/airflow/example_dags/tutorial_dag.py took 0.163 seconds
[2026-06-14T21:32:02.843+0000] {processor.py:161} INFO - Started process (PID=710) to work on /home/airflow/.local/lib/python3.12/site-packages/airflow/example_dags/tutorial_dag.py
[2026-06-14T21:32:02.845+0000] {processor.py:830} INFO - Processing file /home/airflow/.local/lib/python3.12/site-packages/airflow/example_dags/tutorial_dag.py for tasks to queue
[2026-06-14T21:32:02.848+0000] {logging_mixin.py:188} INFO - [2026-06-14T21:32:02.847+0000] {dagbag.py:545} INFO - Filling up the DagBag from /home/airflow/.local/lib/python3.12/site-packages/airflow/example_dags/tutorial_dag.py
[2026-06-14T21:32:02.858+0000] {processor.py:840} INFO - DAG(s) 'tutorial_dag' retrieved from /home/airflow/.local/lib/python3.12/site-packages/airflow/example_dags/tutorial_dag.py
[2026-06-14T21:32:02.900+0000] {logging_mixin.py:188} INFO - [2026-06-14T21:32:02.900+0000] {dag.py:3089} INFO - Sync 1 DAGs
[2026-06-14T21:32:02.933+0000] {logging_mixin.py:188} INFO - [2026-06-14T21:32:02.932+0000] {dag.py:3947} INFO - Setting next_dagrun for tutorial_dag to None, run_after=None
[2026-06-14T21:32:03.015+0000] {processor.py:183} INFO - Processing /home/airflow/.local/lib/python3.12/site-packages/airflow/example_dags/tutorial_dag.py took 0.185 seconds
[2026-06-14T21:32:33.159+0000] {processor.py:161} INFO - Started process (PID=768) to work on /home/airflow/.local/lib/python3.12/site-packages/airflow/example_dags/tutorial_dag.py
[2026-06-14T21:32:33.161+0000] {processor.py:830} INFO - Processing file /home/airflow/.local/lib/python3.12/site-packages/airflow/example_dags/tutorial_dag.py for tasks to queue
[2026-06-14T21:32:33.163+0000] {logging_mixin.py:188} INFO - [2026-06-14T21:32:33.163+0000] {dagbag.py:545} INFO - Filling up the DagBag from /home/airflow/.local/lib/python3.12/site-packages/airflow/example_dags/tutorial_dag.py
[2026-06-14T21:32:33.173+0000] {processor.py:840} INFO - DAG(s) 'tutorial_dag' retrieved from /home/airflow/.local/lib/python3.12/site-packages/airflow/example_dags/tutorial_dag.py
[2026-06-14T21:32:33.206+0000] {logging_mixin.py:188} INFO - [2026-06-14T21:32:33.206+0000] {dag.py:3089} INFO - Sync 1 DAGs
[2026-06-14T21:32:33.233+0000] {logging_mixin.py:188} INFO - [2026-06-14T21:32:33.233+0000] {dag.py:3947} INFO - Setting next_dagrun for tutorial_dag to None, run_after=None
[2026-06-14T21:39:55.827+0000] {processor.py:161} INFO - Started process (PID=67) to work on /home/airflow/.local/lib/python3.12/site-packages/airflow/example_dags/tutorial_dag.py
[2026-06-14T21:39:55.833+0000] {processor.py:830} INFO - Processing file /home/airflow/.local/lib/python3.12/site-packages/airflow/example_dags/tutorial_dag.py for tasks to queue
[2026-06-14T21:39:55.839+0000] {logging_mixin.py:188} INFO - [2026-06-14T21:39:55.838+0000] {dagbag.py:545} INFO - Filling up the DagBag from /home/airflow/.local/lib/python3.12/site-packages/airflow/example_dags/tutorial_dag.py
[2026-06-14T21:39:55.929+0000] {processor.py:840} INFO - DAG(s) 'tutorial_dag' retrieved from /home/airflow/.local/lib/python3.12/site-packages/airflow/example_dags/tutorial_dag.py
[2026-06-14T21:39:56.577+0000] {logging_mixin.py:188} INFO - [2026-06-14T21:39:56.576+0000] {dag.py:3089} INFO - Sync 1 DAGs
[2026-06-14T21:39:56.603+0000] {logging_mixin.py:188} INFO - [2026-06-14T21:39:56.603+0000] {dag.py:3947} INFO - Setting next_dagrun for tutorial_dag to None, run_after=None
[2026-06-14T21:39:56.651+0000] {processor.py:183} INFO - Processing /home/airflow/.local/lib/python3.12/site-packages/airflow/example_dags/tutorial_dag.py took 0.848 seconds
[2026-06-14T21:40:27.131+0000] {processor.py:161} INFO - Started process (PID=126) to work on /home/airflow/.local/lib/python3.12/site-packages/airflow/example_dags/tutorial_dag.py
[2026-06-14T21:40:27.133+0000] {processor.py:830} INFO - Processing file /home/airflow/.local/lib/python3.12/site-packages/airflow/example_dags/tutorial_dag.py for tasks to queue
[2026-06-14T21:40:27.135+0000] {logging_mixin.py:188} INFO - [2026-06-14T21:40:27.135+0000] {dagbag.py:545} INFO - Filling up the DagBag from /home/airflow/.local/lib/python3.12/site-packages/airflow/example_dags/tutorial_dag.py
[2026-06-14T21:40:27.141+0000] {processor.py:840} INFO - DAG(s) 'tutorial_dag' retrieved from /home/airflow/.local/lib/python3.12/site-packages/airflow/example_dags/tutorial_dag.py
[2026-06-14T21:40:27.165+0000] {logging_mixin.py:188} INFO - [2026-06-14T21:40:27.165+0000] {dag.py:3089} INFO - Sync 1 DAGs
[2026-06-14T21:40:27.180+0000] {logging_mixin.py:188} INFO - [2026-06-14T21:40:27.180+0000] {dag.py:3947} INFO - Setting next_dagrun for tutorial_dag to None, run_after=None
[2026-06-14T21:40:27.203+0000] {processor.py:183} INFO - Processing /home/airflow/.local/lib/python3.12/site-packages/airflow/example_dags/tutorial_dag.py took 0.077 seconds
[2026-06-14T21:40:57.374+0000] {processor.py:161} INFO - Started process (PID=185) to work on /home/airflow/.local/lib/python3.12/site-packages/airflow/example_dags/tutorial_dag.py
[2026-06-14T21:40:57.375+0000] {processor.py:830} INFO - Processing file /home/airflow/.local/lib/python3.12/site-packages/airflow/example_dags/tutorial_dag.py for tasks to queue
[2026-06-14T21:40:57.378+0000] {logging_mixin.py:188} INFO - [2026-06-14T21:40:57.378+0000] {dagbag.py:545} INFO - Filling up the DagBag from /home/airflow/.local/lib/python3.12/site-packages/airflow/example_dags/tutorial_dag.py
[2026-06-14T21:40:57.386+0000] {processor.py:840} INFO - DAG(s) 'tutorial_dag' retrieved from /home/airflow/.local/lib/python3.12/site-packages/airflow/example_dags/tutorial_dag.py
[2026-06-14T21:40:57.416+0000] {logging_mixin.py:188} INFO - [2026-06-14T21:40:57.416+0000] {dag.py:3089} INFO - Sync 1 DAGs
[2026-06-14T21:40:57.440+0000] {logging_mixin.py:188} INFO - [2026-06-14T21:40:57.440+0000] {dag.py:3947} INFO - Setting next_dagrun for tutorial_dag to None, run_after=None
[2026-06-14T21:40:57.469+0000] {processor.py:183} INFO - Processing /home/airflow/.local/lib/python3.12/site-packages/airflow/example_dags/tutorial_dag.py took 0.102 seconds
[2026-06-14T21:41:27.717+0000] {processor.py:161} INFO - Started process (PID=244) to work on /home/airflow/.local/lib/python3.12/site-packages/airflow/example_dags/tutorial_dag.py
[2026-06-14T21:41:27.718+0000] {processor.py:830} INFO - Processing file /home/airflow/.local/lib/python3.12/site-packages/airflow/example_dags/tutorial_dag.py for tasks to queue
[2026-06-14T21:41:27.720+0000] {logging_mixin.py:188} INFO - [2026-06-14T21:41:27.720+0000] {dagbag.py:545} INFO - Filling up the DagBag from /home/airflow/.local/lib/python3.12/site-packages/airflow/example_dags/tutorial_dag.py
[2026-06-14T21:41:27.726+0000] {processor.py:840} INFO - DAG(s) 'tutorial_dag' retrieved from /home/airflow/.local/lib/python3.12/site-packages/airflow/example_dags/tutorial_dag.py
[2026-06-14T21:41:27.751+0000] {logging_mixin.py:188} INFO - [2026-06-14T21:41:27.750+0000] {dag.py:3089} INFO - Sync 1 DAGs
[2026-06-14T21:41:27.765+0000] {logging_mixin.py:188} INFO - [2026-06-14T21:41:27.765+0000] {dag.py:3947} INFO - Setting next_dagrun for tutorial_dag to None, run_after=None
[2026-06-14T21:41:27.799+0000] {processor.py:183} INFO - Processing /home/airflow/.local/lib/python3.12/site-packages/airflow/example_dags/tutorial_dag.py took 0.088 seconds
[2026-06-14T21:41:57.843+0000] {processor.py:161} INFO - Started process (PID=303) to work on /home/airflow/.local/lib/python3.12/site-packages/airflow/example_dags/tutorial_dag.py
[2026-06-14T21:41:57.844+0000] {processor.py:830} INFO - Processing file /home/airflow/.local/lib/python3.12/site-packages/airflow/example_dags/tutorial_dag.py for tasks to queue
[2026-06-14T21:41:57.847+0000] {logging_mixin.py:188} INFO - [2026-06-14T21:41:57.847+0000] {dagbag.py:545} INFO - Filling up the DagBag from /home/airflow/.local/lib/python3.12/site-packages/airflow/example_dags/tutorial_dag.py
[2026-06-14T21:41:57.858+0000] {processor.py:840} INFO - DAG(s) 'tutorial_dag' retrieved from /home/airflow/.local/lib/python3.12/site-packages/airflow/example_dags/tutorial_dag.py
[2026-06-14T21:41:57.886+0000] {logging_mixin.py:188} INFO - [2026-06-14T21:41:57.886+0000] {dag.py:3089} INFO - Sync 1 DAGs
[2026-06-14T21:41:57.904+0000] {logging_mixin.py:188} INFO - [2026-06-14T21:41:57.903+0000] {dag.py:3947} INFO - Setting next_dagrun for tutorial_dag to None, run_after=None
[2026-06-14T21:41:57.934+0000] {processor.py:183} INFO - Processing /home/airflow/.local/lib/python3.12/site-packages/airflow/example_dags/tutorial_dag.py took 0.099 seconds
[2026-06-14T21:42:28.441+0000] {processor.py:161} INFO - Started process (PID=362) to work on /home/airflow/.local/lib/python3.12/site-packages/airflow/example_dags/tutorial_dag.py
[2026-06-14T21:42:28.442+0000] {processor.py:830} INFO - Processing file /home/airflow/.local/lib/python3.12/site-packages/airflow/example_dags/tutorial_dag.py for tasks to queue
[2026-06-14T21:42:28.445+0000] {logging_mixin.py:188} INFO - [2026-06-14T21:42:28.445+0000] {dagbag.py:545} INFO - Filling up the DagBag from /home/airflow/.local/lib/python3.12/site-packages/airflow/example_dags/tutorial_dag.py
[2026-06-14T21:42:28.452+0000] {processor.py:840} INFO - DAG(s) 'tutorial_dag' retrieved from /home/airflow/.local/lib/python3.12/site-packages/airflow/example_dags/tutorial_dag.py
[2026-06-14T21:42:28.482+0000] {logging_mixin.py:188} INFO - [2026-06-14T21:42:28.481+0000] {dag.py:3089} INFO - Sync 1 DAGs
[2026-06-14T21:42:28.499+0000] {logging_mixin.py:188} INFO - [2026-06-14T21:42:28.499+0000] {dag.py:3947} INFO - Setting next_dagrun for tutorial_dag to None, run_after=None
[2026-06-14T21:42:28.537+0000] {processor.py:183} INFO - Processing /home/airflow/.local/lib/python3.12/site-packages/airflow/example_dags/tutorial_dag.py took 0.103 seconds
[2026-06-14T21:42:58.723+0000] {processor.py:161} INFO - Started process (PID=421) to work on /home/airflow/.local/lib/python3.12/site-packages/airflow/example_dags/tutorial_dag.py
[2026-06-14T21:42:58.724+0000] {processor.py:830} INFO - Processing file /home/airflow/.local/lib/python3.12/site-packages/airflow/example_dags/tutorial_dag.py for tasks to queue
[2026-06-14T21:42:58.726+0000] {logging_mixin.py:188} INFO - [2026-06-14T21:42:58.726+0000] {dagbag.py:545} INFO - Filling up the DagBag from /home/airflow/.local/lib/python3.12/site-packages/airflow/example_dags/tutorial_dag.py
[2026-06-14T21:42:58.734+0000] {processor.py:840} INFO - DAG(s) 'tutorial_dag' retrieved from /home/airflow/.local/lib/python3.12/site-packages/airflow/example_dags/tutorial_dag.py
[2026-06-14T21:42:58.763+0000] {logging_mixin.py:188} INFO - [2026-06-14T21:42:58.762+0000] {dag.py:3089} INFO - Sync 1 DAGs
[2026-06-14T21:42:58.776+0000] {logging_mixin.py:188} INFO - [2026-06-14T21:42:58.776+0000] {dag.py:3947} INFO - Setting next_dagrun for tutorial_dag to None, run_after=None
[2026-06-14T21:42:58.798+0000] {processor.py:183} INFO - Processing /home/airflow/.local/lib/python3.12/site-packages/airflow/example_dags/tutorial_dag.py took 0.081 seconds
[2026-06-14T21:43:28.912+0000] {processor.py:161} INFO - Started process (PID=481) to work on /home/airflow/.local/lib/python3.12/site-packages/airflow/example_dags/tutorial_dag.py
[2026-06-14T21:43:28.913+0000] {processor.py:830} INFO - Processing file /home/airflow/.local/lib/python3.12/site-packages/airflow/example_dags/tutorial_dag.py for tasks to queue
[2026-06-14T21:43:28.915+0000] {logging_mixin.py:188} INFO - [2026-06-14T21:43:28.915+0000] {dagbag.py:545} INFO - Filling up the DagBag from /home/airflow/.local/lib/python3.12/site-packages/airflow/example_dags/tutorial_dag.py
[2026-06-14T21:43:28.921+0000] {processor.py:840} INFO - DAG(s) 'tutorial_dag' retrieved from /home/airflow/.local/lib/python3.12/site-packages/airflow/example_dags/tutorial_dag.py
[2026-06-14T21:43:28.942+0000] {logging_mixin.py:188} INFO - [2026-06-14T21:43:28.942+0000] {dag.py:3089} INFO - Sync 1 DAGs
[2026-06-14T21:43:28.954+0000] {logging_mixin.py:188} INFO - [2026-06-14T21:43:28.954+0000] {dag.py:3947} INFO - Setting next_dagrun for tutorial_dag to None, run_after=None
[2026-06-14T21:43:28.977+0000] {processor.py:183} INFO - Processing /home/airflow/.local/lib/python3.12/site-packages/airflow/example_dags/tutorial_dag.py took 0.072 seconds
[2026-06-14T21:43:59.074+0000] {processor.py:161} INFO - Started process (PID=540) to work on /home/airflow/.local/lib/python3.12/site-packages/airflow/example_dags/tutorial_dag.py
[2026-06-14T21:43:59.076+0000] {processor.py:830} INFO - Processing file /home/airflow/.local/lib/python3.12/site-packages/airflow/example_dags/tutorial_dag.py for tasks to queue
[2026-06-14T21:43:59.078+0000] {logging_mixin.py:188} INFO - [2026-06-14T21:43:59.078+0000] {dagbag.py:545} INFO - Filling up the DagBag from /home/airflow/.local/lib/python3.12/site-packages/airflow/example_dags/tutorial_dag.py
[2026-06-14T21:43:59.084+0000] {processor.py:840} INFO - DAG(s) 'tutorial_dag' retrieved from /home/airflow/.local/lib/python3.12/site-packages/airflow/example_dags/tutorial_dag.py
[2026-06-14T21:43:59.109+0000] {logging_mixin.py:188} INFO - [2026-06-14T21:43:59.108+0000] {dag.py:3089} INFO - Sync 1 DAGs
[2026-06-14T21:43:59.124+0000] {logging_mixin.py:188} INFO - [2026-06-14T21:43:59.124+0000] {dag.py:3947} INFO - Setting next_dagrun for tutorial_dag to None, run_after=None
[2026-06-14T21:43:59.171+0000] {processor.py:183} INFO - Processing /home/airflow/.local/lib/python3.12/site-packages/airflow/example_dags/tutorial_dag.py took 0.103 seconds
[2026-06-14T21:44:29.234+0000] {processor.py:161} INFO - Started process (PID=599) to work on /home/airflow/.local/lib/python3.12/site-packages/airflow/example_dags/tutorial_dag.py
[2026-06-14T21:44:29.235+0000] {processor.py:830} INFO - Processing file /home/airflow/.local/lib/python3.12/site-packages/airflow/example_dags/tutorial_dag.py for tasks to queue
[2026-06-14T21:44:29.238+0000] {logging_mixin.py:188} INFO - [2026-06-14T21:44:29.237+0000] {dagbag.py:545} INFO - Filling up the DagBag from /home/airflow/.local/lib/python3.12/site-packages/airflow/example_dags/tutorial_dag.py
[2026-06-14T21:44:29.244+0000] {processor.py:840} INFO - DAG(s) 'tutorial_dag' retrieved from /home/airflow/.local/lib/python3.12/site-packages/airflow/example_dags/tutorial_dag.py
[2026-06-14T21:44:29.268+0000] {logging_mixin.py:188} INFO - [2026-06-14T21:44:29.267+0000] {dag.py:3089} INFO - Sync 1 DAGs
[2026-06-14T21:44:29.284+0000] {logging_mixin.py:188} INFO - [2026-06-14T21:44:29.283+0000] {dag.py:3947} INFO - Setting next_dagrun for tutorial_dag to None, run_after=None
[2026-06-14T21:44:29.328+0000] {processor.py:183} INFO - Processing /home/airflow/.local/lib/python3.12/site-packages/airflow/example_dags/tutorial_dag.py took 0.101 seconds
[2026-06-14T21:44:59.699+0000] {processor.py:161} INFO - Started process (PID=657) to work on /home/airflow/.local/lib/python3.12/site-packages/airflow/example_dags/tutorial_dag.py
[2026-06-14T21:44:59.701+0000] {processor.py:830} INFO - Processing file /home/airflow/.local/lib/python3.12/site-packages/airflow/example_dags/tutorial_dag.py for tasks to queue
[2026-06-14T21:44:59.705+0000] {logging_mixin.py:188} INFO - [2026-06-14T21:44:59.704+0000] {dagbag.py:545} INFO - Filling up the DagBag from /home/airflow/.local/lib/python3.12/site-packages/airflow/example_dags/tutorial_dag.py
[2026-06-14T21:44:59.717+0000] {processor.py:840} INFO - DAG(s) 'tutorial_dag' retrieved from /home/airflow/.local/lib/python3.12/site-packages/airflow/example_dags/tutorial_dag.py
[2026-06-14T21:44:59.757+0000] {logging_mixin.py:188} INFO - [2026-06-14T21:44:59.756+0000] {dag.py:3089} INFO - Sync 1 DAGs
[2026-06-14T21:44:59.782+0000] {logging_mixin.py:188} INFO - [2026-06-14T21:44:59.781+0000] {dag.py:3947} INFO - Setting next_dagrun for tutorial_dag to None, run_after=None
[2026-06-14T21:44:59.811+0000] {processor.py:183} INFO - Processing /home/airflow/.local/lib/python3.12/site-packages/airflow/example_dags/tutorial_dag.py took 0.124 seconds
[2026-06-14T21:45:29.960+0000] {processor.py:161} INFO - Started process (PID=716) to work on /home/airflow/.local/lib/python3.12/site-packages/airflow/example_dags/tutorial_dag.py
[2026-06-14T21:45:29.963+0000] {processor.py:830} INFO - Processing file /home/airflow/.local/lib/python3.12/site-packages/airflow/example_dags/tutorial_dag.py for tasks to queue
[2026-06-14T21:45:29.967+0000] {logging_mixin.py:188} INFO - [2026-06-14T21:45:29.967+0000] {dagbag.py:545} INFO - Filling up the DagBag from /home/airflow/.local/lib/python3.12/site-packages/airflow/example_dags/tutorial_dag.py
[2026-06-14T21:45:29.979+0000] {processor.py:840} INFO - DAG(s) 'tutorial_dag' retrieved from /home/airflow/.local/lib/python3.12/site-packages/airflow/example_dags/tutorial_dag.py
[2026-06-14T21:45:30.019+0000] {logging_mixin.py:188} INFO - [2026-06-14T21:45:30.019+0000] {dag.py:3089} INFO - Sync 1 DAGs
[2026-06-14T21:45:30.042+0000] {logging_mixin.py:188} INFO - [2026-06-14T21:45:30.041+0000] {dag.py:3947} INFO - Setting next_dagrun for tutorial_dag to None, run_after=None
[2026-06-14T21:45:30.082+0000] {processor.py:183} INFO - Processing /home/airflow/.local/lib/python3.12/site-packages/airflow/example_dags/tutorial_dag.py took 0.134 seconds
[2026-06-14T21:46:00.244+0000] {processor.py:161} INFO - Started process (PID=775) to work on /home/airflow/.local/lib/python3.12/site-packages/airflow/example_dags/tutorial_dag.py
[2026-06-14T21:46:00.245+0000] {processor.py:830} INFO - Processing file /home/airflow/.local/lib/python3.12/site-packages/airflow/example_dags/tutorial_dag.py for tasks to queue
[2026-06-14T21:46:00.248+0000] {logging_mixin.py:188} INFO - [2026-06-14T21:46:00.247+0000] {dagbag.py:545} INFO - Filling up the DagBag from /home/airflow/.local/lib/python3.12/site-packages/airflow/example_dags/tutorial_dag.py
[2026-06-14T21:46:00.255+0000] {processor.py:840} INFO - DAG(s) 'tutorial_dag' retrieved from /home/airflow/.local/lib/python3.12/site-packages/airflow/example_dags/tutorial_dag.py
[2026-06-14T21:46:00.289+0000] {logging_mixin.py:188} INFO - [2026-06-14T21:46:00.288+0000] {dag.py:3089} INFO - Sync 1 DAGs
[2026-06-14T21:46:00.309+0000] {logging_mixin.py:188} INFO - [2026-06-14T21:46:00.309+0000] {dag.py:3947} INFO - Setting next_dagrun for tutorial_dag to None, run_after=None
[2026-06-14T21:46:00.339+0000] {processor.py:183} INFO - Processing /home/airflow/.local/lib/python3.12/site-packages/airflow/example_dags/tutorial_dag.py took 0.105 seconds
[2026-06-14T21:46:30.670+0000] {processor.py:161} INFO - Started process (PID=834) to work on /home/airflow/.local/lib/python3.12/site-packages/airflow/example_dags/tutorial_dag.py
[2026-06-14T21:46:30.672+0000] {processor.py:830} INFO - Processing file /home/airflow/.local/lib/python3.12/site-packages/airflow/example_dags/tutorial_dag.py for tasks to queue
[2026-06-14T21:46:30.674+0000] {logging_mixin.py:188} INFO - [2026-06-14T21:46:30.674+0000] {dagbag.py:545} INFO - Filling up the DagBag from /home/airflow/.local/lib/python3.12/site-packages/airflow/example_dags/tutorial_dag.py
[2026-06-14T21:46:30.680+0000] {processor.py:840} INFO - DAG(s) 'tutorial_dag' retrieved from /home/airflow/.local/lib/python3.12/site-packages/airflow/example_dags/tutorial_dag.py
[2026-06-14T21:46:30.713+0000] {logging_mixin.py:188} INFO - [2026-06-14T21:46:30.712+0000] {dag.py:3089} INFO - Sync 1 DAGs
[2026-06-14T21:46:30.734+0000] {logging_mixin.py:188} INFO - [2026-06-14T21:46:30.734+0000] {dag.py:3947} INFO - Setting next_dagrun for tutorial_dag to None, run_after=None
[2026-06-14T21:46:30.823+0000] {processor.py:183} INFO - Processing /home/airflow/.local/lib/python3.12/site-packages/airflow/example_dags/tutorial_dag.py took 0.162 seconds
[2026-06-14T21:47:01.623+0000] {processor.py:161} INFO - Started process (PID=893) to work on /home/airflow/.local/lib/python3.12/site-packages/airflow/example_dags/tutorial_dag.py
[2026-06-14T21:47:01.626+0000] {processor.py:830} INFO - Processing file /home/airflow/.local/lib/python3.12/site-packages/airflow/example_dags/tutorial_dag.py for tasks to queue
[2026-06-14T21:47:01.634+0000] {logging_mixin.py:188} INFO - [2026-06-14T21:47:01.633+0000] {dagbag.py:545} INFO - Filling up the DagBag from /home/airflow/.local/lib/python3.12/site-packages/airflow/example_dags/tutorial_dag.py
[2026-06-14T21:47:01.651+0000] {processor.py:840} INFO - DAG(s) 'tutorial_dag' retrieved from /home/airflow/.local/lib/python3.12/site-packages/airflow/example_dags/tutorial_dag.py
[2026-06-14T21:47:01.718+0000] {logging_mixin.py:188} INFO - [2026-06-14T21:47:01.718+0000] {dag.py:3089} INFO - Sync 1 DAGs
[2026-06-14T21:47:01.752+0000] {logging_mixin.py:188} INFO - [2026-06-14T21:47:01.752+0000] {dag.py:3947} INFO - Setting next_dagrun for tutorial_dag to None, run_after=None
[2026-06-14T21:47:01.803+0000] {processor.py:183} INFO - Processing /home/airflow/.local/lib/python3.12/site-packages/airflow/example_dags/tutorial_dag.py took 0.197 seconds
[2026-06-14T21:47:32.145+0000] {processor.py:161} INFO - Started process (PID=952) to work on /home/airflow/.local/lib/python3.12/site-packages/airflow/example_dags/tutorial_dag.py
[2026-06-14T21:47:32.147+0000] {processor.py:830} INFO - Processing file /home/airflow/.local/lib/python3.12/site-packages/airflow/example_dags/tutorial_dag.py for tasks to queue
[2026-06-14T21:47:32.149+0000] {logging_mixin.py:188} INFO - [2026-06-14T21:47:32.149+0000] {dagbag.py:545} INFO - Filling up the DagBag from /home/airflow/.local/lib/python3.12/site-packages/airflow/example_dags/tutorial_dag.py
[2026-06-14T21:47:32.157+0000] {processor.py:840} INFO - DAG(s) 'tutorial_dag' retrieved from /home/airflow/.local/lib/python3.12/site-packages/airflow/example_dags/tutorial_dag.py
[2026-06-14T21:47:32.186+0000] {logging_mixin.py:188} INFO - [2026-06-14T21:47:32.186+0000] {dag.py:3089} INFO - Sync 1 DAGs
[2026-06-14T21:47:32.204+0000] {logging_mixin.py:188} INFO - [2026-06-14T21:47:32.204+0000] {dag.py:3947} INFO - Setting next_dagrun for tutorial_dag to None, run_after=None
[2026-06-14T21:47:32.277+0000] {processor.py:183} INFO - Processing /home/airflow/.local/lib/python3.12/site-packages/airflow/example_dags/tutorial_dag.py took 0.140 seconds
[2026-06-14T21:48:02.730+0000] {processor.py:161} INFO - Started process (PID=1010) to work on /home/airflow/.local/lib/python3.12/site-packages/airflow/example_dags/tutorial_dag.py
[2026-06-14T21:48:02.732+0000] {processor.py:830} INFO - Processing file /home/airflow/.local/lib/python3.12/site-packages/airflow/example_dags/tutorial_dag.py for tasks to queue
[2026-06-14T21:48:02.735+0000] {logging_mixin.py:188} INFO - [2026-06-14T21:48:02.735+0000] {dagbag.py:545} INFO - Filling up the DagBag from /home/airflow/.local/lib/python3.12/site-packages/airflow/example_dags/tutorial_dag.py
[2026-06-14T21:48:02.745+0000] {processor.py:840} INFO - DAG(s) 'tutorial_dag' retrieved from /home/airflow/.local/lib/python3.12/site-packages/airflow/example_dags/tutorial_dag.py
[2026-06-14T21:48:02.779+0000] {logging_mixin.py:188} INFO - [2026-06-14T21:48:02.779+0000] {dag.py:3089} INFO - Sync 1 DAGs
[2026-06-14T21:48:02.797+0000] {logging_mixin.py:188} INFO - [2026-06-14T21:48:02.797+0000] {dag.py:3947} INFO - Setting next_dagrun for tutorial_dag to None, run_after=None
[2026-06-14T21:48:02.829+0000] {processor.py:183} INFO - Processing /home/airflow/.local/lib/python3.12/site-packages/airflow/example_dags/tutorial_dag.py took 0.107 seconds
[2026-06-14T21:48:33.375+0000] {processor.py:161} INFO - Started process (PID=1069) to work on /home/airflow/.local/lib/python3.12/site-packages/airflow/example_dags/tutorial_dag.py
[2026-06-14T21:48:33.376+0000] {processor.py:830} INFO - Processing file /home/airflow/.local/lib/python3.12/site-packages/airflow/example_dags/tutorial_dag.py for tasks to queue
[2026-06-14T21:48:33.379+0000] {logging_mixin.py:188} INFO - [2026-06-14T21:48:33.379+0000] {dagbag.py:545} INFO - Filling up the DagBag from /home/airflow/.local/lib/python3.12/site-packages/airflow/example_dags/tutorial_dag.py
[2026-06-14T21:48:33.388+0000] {processor.py:840} INFO - DAG(s) 'tutorial_dag' retrieved from /home/airflow/.local/lib/python3.12/site-packages/airflow/example_dags/tutorial_dag.py
[2026-06-14T21:48:33.422+0000] {logging_mixin.py:188} INFO - [2026-06-14T21:48:33.422+0000] {dag.py:3089} INFO - Sync 1 DAGs
[2026-06-14T21:48:33.444+0000] {logging_mixin.py:188} INFO - [2026-06-14T21:48:33.443+0000] {dag.py:3947} INFO - Setting next_dagrun for tutorial_dag to None, run_after=None
[2026-06-14T21:48:33.496+0000] {processor.py:183} INFO - Processing /home/airflow/.local/lib/python3.12/site-packages/airflow/example_dags/tutorial_dag.py took 0.132 seconds
[2026-06-14T21:49:03.588+0000] {processor.py:161} INFO - Started process (PID=1127) to work on /home/airflow/.local/lib/python3.12/site-packages/airflow/example_dags/tutorial_dag.py
[2026-06-14T21:49:03.590+0000] {processor.py:830} INFO - Processing file /home/airflow/.local/lib/python3.12/site-packages/airflow/example_dags/tutorial_dag.py for tasks to queue
[2026-06-14T21:49:03.593+0000] {logging_mixin.py:188} INFO - [2026-06-14T21:49:03.592+0000] {dagbag.py:545} INFO - Filling up the DagBag from /home/airflow/.local/lib/python3.12/site-packages/airflow/example_dags/tutorial_dag.py
[2026-06-14T21:49:03.601+0000] {processor.py:840} INFO - DAG(s) 'tutorial_dag' retrieved from /home/airflow/.local/lib/python3.12/site-packages/airflow/example_dags/tutorial_dag.py
[2026-06-14T21:49:03.633+0000] {logging_mixin.py:188} INFO - [2026-06-14T21:49:03.633+0000] {dag.py:3089} INFO - Sync 1 DAGs
[2026-06-14T21:49:03.650+0000] {logging_mixin.py:188} INFO - [2026-06-14T21:49:03.649+0000] {dag.py:3947} INFO - Setting next_dagrun for tutorial_dag to None, run_after=None
[2026-06-14T21:49:03.680+0000] {processor.py:183} INFO - Processing /home/airflow/.local/lib/python3.12/site-packages/airflow/example_dags/tutorial_dag.py took 0.101 seconds
[2026-06-14T21:49:33.889+0000] {processor.py:161} INFO - Started process (PID=1186) to work on /home/airflow/.local/lib/python3.12/site-packages/airflow/example_dags/tutorial_dag.py
[2026-06-14T21:49:33.891+0000] {processor.py:830} INFO - Processing file /home/airflow/.local/lib/python3.12/site-packages/airflow/example_dags/tutorial_dag.py for tasks to queue
[2026-06-14T21:49:33.894+0000] {logging_mixin.py:188} INFO - [2026-06-14T21:49:33.894+0000] {dagbag.py:545} INFO - Filling up the DagBag from /home/airflow/.local/lib/python3.12/site-packages/airflow/example_dags/tutorial_dag.py
[2026-06-14T21:49:33.903+0000] {processor.py:840} INFO - DAG(s) 'tutorial_dag' retrieved from /home/airflow/.local/lib/python3.12/site-packages/airflow/example_dags/tutorial_dag.py
[2026-06-14T21:49:33.932+0000] {logging_mixin.py:188} INFO - [2026-06-14T21:49:33.932+0000] {dag.py:3089} INFO - Sync 1 DAGs
[2026-06-14T21:49:33.950+0000] {logging_mixin.py:188} INFO - [2026-06-14T21:49:33.949+0000] {dag.py:3947} INFO - Setting next_dagrun for tutorial_dag to None, run_after=None
[2026-06-14T21:49:34.022+0000] {processor.py:183} INFO - Processing /home/airflow/.local/lib/python3.12/site-packages/airflow/example_dags/tutorial_dag.py took 0.144 seconds
