[2026-06-14T21:26:36.115+0000] {processor.py:161} INFO - Started process (PID=104) to work on /home/airflow/.local/lib/python3.12/site-packages/airflow/example_dags/tutorial.py
[2026-06-14T21:26:36.117+0000] {processor.py:830} INFO - Processing file /home/airflow/.local/lib/python3.12/site-packages/airflow/example_dags/tutorial.py for tasks to queue
[2026-06-14T21:26:36.122+0000] {logging_mixin.py:188} INFO - [2026-06-14T21:26:36.121+0000] {dagbag.py:545} INFO - Filling up the DagBag from /home/airflow/.local/lib/python3.12/site-packages/airflow/example_dags/tutorial.py
[2026-06-14T21:26:36.137+0000] {processor.py:840} INFO - DAG(s) 'tutorial' retrieved from /home/airflow/.local/lib/python3.12/site-packages/airflow/example_dags/tutorial.py
[2026-06-14T21:26:36.322+0000] {logging_mixin.py:188} INFO - [2026-06-14T21:26:36.321+0000] {override.py:1858} INFO - Created Permission View: can delete on DAG:tutorial
[2026-06-14T21:26:36.340+0000] {logging_mixin.py:188} INFO - [2026-06-14T21:26:36.340+0000] {override.py:1858} INFO - Created Permission View: can edit on DAG:tutorial
[2026-06-14T21:26:36.353+0000] {logging_mixin.py:188} INFO - [2026-06-14T21:26:36.352+0000] {override.py:1858} INFO - Created Permission View: can read on DAG:tutorial
[2026-06-14T21:26:36.354+0000] {logging_mixin.py:188} INFO - [2026-06-14T21:26:36.354+0000] {dag.py:3089} INFO - Sync 1 DAGs
[2026-06-14T21:26:36.377+0000] {logging_mixin.py:188} INFO - [2026-06-14T21:26:36.377+0000] {dag.py:3111} INFO - Creating ORM DAG for tutorial
[2026-06-14T21:26:36.398+0000] {logging_mixin.py:188} INFO - [2026-06-14T21:26:36.398+0000] {dag.py:3947} INFO - Setting next_dagrun for tutorial to 2026-06-13 00:00:00+00:00, run_after=2026-06-14 00:00:00+00:00
[2026-06-14T21:26:36.423+0000] {processor.py:183} INFO - Processing /home/airflow/.local/lib/python3.12/site-packages/airflow/example_dags/tutorial.py took 0.322 seconds
[2026-06-14T21:27:07.073+0000] {processor.py:161} INFO - Started process (PID=163) to work on /home/airflow/.local/lib/python3.12/site-packages/airflow/example_dags/tutorial.py
[2026-06-14T21:27:07.074+0000] {processor.py:830} INFO - Processing file /home/airflow/.local/lib/python3.12/site-packages/airflow/example_dags/tutorial.py for tasks to queue
[2026-06-14T21:27:07.076+0000] {logging_mixin.py:188} INFO - [2026-06-14T21:27:07.076+0000] {dagbag.py:545} INFO - Filling up the DagBag from /home/airflow/.local/lib/python3.12/site-packages/airflow/example_dags/tutorial.py
[2026-06-14T21:27:07.082+0000] {processor.py:840} INFO - DAG(s) 'tutorial' retrieved from /home/airflow/.local/lib/python3.12/site-packages/airflow/example_dags/tutorial.py
[2026-06-14T21:27:07.109+0000] {logging_mixin.py:188} INFO - [2026-06-14T21:27:07.108+0000] {dag.py:3089} INFO - Sync 1 DAGs
[2026-06-14T21:27:07.142+0000] {logging_mixin.py:188} INFO - [2026-06-14T21:27:07.142+0000] {dag.py:3947} INFO - Setting next_dagrun for tutorial to 2026-06-13 00:00:00+00:00, run_after=2026-06-14 00:00:00+00:00
[2026-06-14T21:27:07.165+0000] {processor.py:183} INFO - Processing /home/airflow/.local/lib/python3.12/site-packages/airflow/example_dags/tutorial.py took 0.099 seconds
[2026-06-14T21:27:37.227+0000] {processor.py:161} INFO - Started process (PID=222) to work on /home/airflow/.local/lib/python3.12/site-packages/airflow/example_dags/tutorial.py
[2026-06-14T21:27:37.229+0000] {processor.py:830} INFO - Processing file /home/airflow/.local/lib/python3.12/site-packages/airflow/example_dags/tutorial.py for tasks to queue
[2026-06-14T21:27:37.233+0000] {logging_mixin.py:188} INFO - [2026-06-14T21:27:37.232+0000] {dagbag.py:545} INFO - Filling up the DagBag from /home/airflow/.local/lib/python3.12/site-packages/airflow/example_dags/tutorial.py
[2026-06-14T21:27:37.240+0000] {processor.py:840} INFO - DAG(s) 'tutorial' retrieved from /home/airflow/.local/lib/python3.12/site-packages/airflow/example_dags/tutorial.py
[2026-06-14T21:27:37.261+0000] {logging_mixin.py:188} INFO - [2026-06-14T21:27:37.261+0000] {dag.py:3089} INFO - Sync 1 DAGs
[2026-06-14T21:27:37.298+0000] {logging_mixin.py:188} INFO - [2026-06-14T21:27:37.297+0000] {dag.py:3947} INFO - Setting next_dagrun for tutorial to 2026-06-13 00:00:00+00:00, run_after=2026-06-14 00:00:00+00:00
[2026-06-14T21:27:37.324+0000] {processor.py:183} INFO - Processing /home/airflow/.local/lib/python3.12/site-packages/airflow/example_dags/tutorial.py took 0.105 seconds
[2026-06-14T21:28:07.536+0000] {processor.py:161} INFO - Started process (PID=281) to work on /home/airflow/.local/lib/python3.12/site-packages/airflow/example_dags/tutorial.py
[2026-06-14T21:28:07.537+0000] {processor.py:830} INFO - Processing file /home/airflow/.local/lib/python3.12/site-packages/airflow/example_dags/tutorial.py for tasks to queue
[2026-06-14T21:28:07.541+0000] {logging_mixin.py:188} INFO - [2026-06-14T21:28:07.540+0000] {dagbag.py:545} INFO - Filling up the DagBag from /home/airflow/.local/lib/python3.12/site-packages/airflow/example_dags/tutorial.py
[2026-06-14T21:28:07.550+0000] {processor.py:840} INFO - DAG(s) 'tutorial' retrieved from /home/airflow/.local/lib/python3.12/site-packages/airflow/example_dags/tutorial.py
[2026-06-14T21:28:07.580+0000] {logging_mixin.py:188} INFO - [2026-06-14T21:28:07.579+0000] {dag.py:3089} INFO - Sync 1 DAGs
[2026-06-14T21:28:07.607+0000] {logging_mixin.py:188} INFO - [2026-06-14T21:28:07.607+0000] {dag.py:3947} INFO - Setting next_dagrun for tutorial to 2026-06-13 00:00:00+00:00, run_after=2026-06-14 00:00:00+00:00
[2026-06-14T21:28:07.634+0000] {processor.py:183} INFO - Processing /home/airflow/.local/lib/python3.12/site-packages/airflow/example_dags/tutorial.py took 0.109 seconds
[2026-06-14T21:28:38.309+0000] {processor.py:161} INFO - Started process (PID=340) to work on /home/airflow/.local/lib/python3.12/site-packages/airflow/example_dags/tutorial.py
[2026-06-14T21:28:38.311+0000] {processor.py:830} INFO - Processing file /home/airflow/.local/lib/python3.12/site-packages/airflow/example_dags/tutorial.py for tasks to queue
[2026-06-14T21:28:38.314+0000] {logging_mixin.py:188} INFO - [2026-06-14T21:28:38.314+0000] {dagbag.py:545} INFO - Filling up the DagBag from /home/airflow/.local/lib/python3.12/site-packages/airflow/example_dags/tutorial.py
[2026-06-14T21:28:38.325+0000] {processor.py:840} INFO - DAG(s) 'tutorial' retrieved from /home/airflow/.local/lib/python3.12/site-packages/airflow/example_dags/tutorial.py
[2026-06-14T21:28:38.359+0000] {logging_mixin.py:188} INFO - [2026-06-14T21:28:38.358+0000] {dag.py:3089} INFO - Sync 1 DAGs
[2026-06-14T21:28:38.390+0000] {logging_mixin.py:188} INFO - [2026-06-14T21:28:38.388+0000] {dag.py:3947} INFO - Setting next_dagrun for tutorial to 2026-06-13 00:00:00+00:00, run_after=2026-06-14 00:00:00+00:00
[2026-06-14T21:28:38.467+0000] {processor.py:183} INFO - Processing /home/airflow/.local/lib/python3.12/site-packages/airflow/example_dags/tutorial.py took 0.169 seconds
[2026-06-14T21:29:09.156+0000] {processor.py:161} INFO - Started process (PID=399) to work on /home/airflow/.local/lib/python3.12/site-packages/airflow/example_dags/tutorial.py
[2026-06-14T21:29:09.159+0000] {processor.py:830} INFO - Processing file /home/airflow/.local/lib/python3.12/site-packages/airflow/example_dags/tutorial.py for tasks to queue
[2026-06-14T21:29:09.163+0000] {logging_mixin.py:188} INFO - [2026-06-14T21:29:09.162+0000] {dagbag.py:545} INFO - Filling up the DagBag from /home/airflow/.local/lib/python3.12/site-packages/airflow/example_dags/tutorial.py
[2026-06-14T21:29:09.175+0000] {processor.py:840} INFO - DAG(s) 'tutorial' retrieved from /home/airflow/.local/lib/python3.12/site-packages/airflow/example_dags/tutorial.py
[2026-06-14T21:29:09.212+0000] {logging_mixin.py:188} INFO - [2026-06-14T21:29:09.212+0000] {dag.py:3089} INFO - Sync 1 DAGs
[2026-06-14T21:29:09.258+0000] {logging_mixin.py:188} INFO - [2026-06-14T21:29:09.257+0000] {dag.py:3947} INFO - Setting next_dagrun for tutorial to 2026-06-13 00:00:00+00:00, run_after=2026-06-14 00:00:00+00:00
[2026-06-14T21:29:09.297+0000] {processor.py:183} INFO - Processing /home/airflow/.local/lib/python3.12/site-packages/airflow/example_dags/tutorial.py took 0.157 seconds
[2026-06-14T21:29:39.726+0000] {processor.py:161} INFO - Started process (PID=458) to work on /home/airflow/.local/lib/python3.12/site-packages/airflow/example_dags/tutorial.py
[2026-06-14T21:29:39.728+0000] {processor.py:830} INFO - Processing file /home/airflow/.local/lib/python3.12/site-packages/airflow/example_dags/tutorial.py for tasks to queue
[2026-06-14T21:29:39.734+0000] {logging_mixin.py:188} INFO - [2026-06-14T21:29:39.733+0000] {dagbag.py:545} INFO - Filling up the DagBag from /home/airflow/.local/lib/python3.12/site-packages/airflow/example_dags/tutorial.py
[2026-06-14T21:29:39.749+0000] {processor.py:840} INFO - DAG(s) 'tutorial' retrieved from /home/airflow/.local/lib/python3.12/site-packages/airflow/example_dags/tutorial.py
[2026-06-14T21:29:39.797+0000] {logging_mixin.py:188} INFO - [2026-06-14T21:29:39.796+0000] {dag.py:3089} INFO - Sync 1 DAGs
[2026-06-14T21:29:39.847+0000] {logging_mixin.py:188} INFO - [2026-06-14T21:29:39.847+0000] {dag.py:3947} INFO - Setting next_dagrun for tutorial to 2026-06-13 00:00:00+00:00, run_after=2026-06-14 00:00:00+00:00
[2026-06-14T21:29:39.888+0000] {processor.py:183} INFO - Processing /home/airflow/.local/lib/python3.12/site-packages/airflow/example_dags/tutorial.py took 0.173 seconds
[2026-06-14T21:30:09.976+0000] {processor.py:161} INFO - Started process (PID=516) to work on /home/airflow/.local/lib/python3.12/site-packages/airflow/example_dags/tutorial.py
[2026-06-14T21:30:09.977+0000] {processor.py:830} INFO - Processing file /home/airflow/.local/lib/python3.12/site-packages/airflow/example_dags/tutorial.py for tasks to queue
[2026-06-14T21:30:09.979+0000] {logging_mixin.py:188} INFO - [2026-06-14T21:30:09.978+0000] {dagbag.py:545} INFO - Filling up the DagBag from /home/airflow/.local/lib/python3.12/site-packages/airflow/example_dags/tutorial.py
[2026-06-14T21:30:09.992+0000] {processor.py:840} INFO - DAG(s) 'tutorial' retrieved from /home/airflow/.local/lib/python3.12/site-packages/airflow/example_dags/tutorial.py
[2026-06-14T21:30:10.024+0000] {logging_mixin.py:188} INFO - [2026-06-14T21:30:10.024+0000] {dag.py:3089} INFO - Sync 1 DAGs
[2026-06-14T21:30:10.053+0000] {logging_mixin.py:188} INFO - [2026-06-14T21:30:10.053+0000] {dag.py:3947} INFO - Setting next_dagrun for tutorial to 2026-06-13 00:00:00+00:00, run_after=2026-06-14 00:00:00+00:00
[2026-06-14T21:30:10.079+0000] {processor.py:183} INFO - Processing /home/airflow/.local/lib/python3.12/site-packages/airflow/example_dags/tutorial.py took 0.111 seconds
[2026-06-14T21:30:41.131+0000] {processor.py:161} INFO - Started process (PID=574) to work on /home/airflow/.local/lib/python3.12/site-packages/airflow/example_dags/tutorial.py
[2026-06-14T21:30:41.133+0000] {processor.py:830} INFO - Processing file /home/airflow/.local/lib/python3.12/site-packages/airflow/example_dags/tutorial.py for tasks to queue
[2026-06-14T21:30:41.134+0000] {logging_mixin.py:188} INFO - [2026-06-14T21:30:41.133+0000] {dagbag.py:545} INFO - Filling up the DagBag from /home/airflow/.local/lib/python3.12/site-packages/airflow/example_dags/tutorial.py
[2026-06-14T21:30:41.144+0000] {processor.py:840} INFO - DAG(s) 'tutorial' retrieved from /home/airflow/.local/lib/python3.12/site-packages/airflow/example_dags/tutorial.py
[2026-06-14T21:30:41.173+0000] {logging_mixin.py:188} INFO - [2026-06-14T21:30:41.173+0000] {dag.py:3089} INFO - Sync 1 DAGs
[2026-06-14T21:30:41.197+0000] {logging_mixin.py:188} INFO - [2026-06-14T21:30:41.196+0000] {dag.py:3947} INFO - Setting next_dagrun for tutorial to 2026-06-13 00:00:00+00:00, run_after=2026-06-14 00:00:00+00:00
[2026-06-14T21:30:41.223+0000] {processor.py:183} INFO - Processing /home/airflow/.local/lib/python3.12/site-packages/airflow/example_dags/tutorial.py took 0.101 seconds
[2026-06-14T21:31:11.583+0000] {processor.py:161} INFO - Started process (PID=633) to work on /home/airflow/.local/lib/python3.12/site-packages/airflow/example_dags/tutorial.py
[2026-06-14T21:31:11.585+0000] {processor.py:830} INFO - Processing file /home/airflow/.local/lib/python3.12/site-packages/airflow/example_dags/tutorial.py for tasks to queue
[2026-06-14T21:31:11.587+0000] {logging_mixin.py:188} INFO - [2026-06-14T21:31:11.586+0000] {dagbag.py:545} INFO - Filling up the DagBag from /home/airflow/.local/lib/python3.12/site-packages/airflow/example_dags/tutorial.py
[2026-06-14T21:31:11.597+0000] {processor.py:840} INFO - DAG(s) 'tutorial' retrieved from /home/airflow/.local/lib/python3.12/site-packages/airflow/example_dags/tutorial.py
[2026-06-14T21:31:11.631+0000] {logging_mixin.py:188} INFO - [2026-06-14T21:31:11.630+0000] {dag.py:3089} INFO - Sync 1 DAGs
[2026-06-14T21:31:11.670+0000] {logging_mixin.py:188} INFO - [2026-06-14T21:31:11.670+0000] {dag.py:3947} INFO - Setting next_dagrun for tutorial to 2026-06-13 00:00:00+00:00, run_after=2026-06-14 00:00:00+00:00
[2026-06-14T21:31:11.734+0000] {processor.py:183} INFO - Processing /home/airflow/.local/lib/python3.12/site-packages/airflow/example_dags/tutorial.py took 0.160 seconds
[2026-06-14T21:31:42.517+0000] {processor.py:161} INFO - Started process (PID=691) to work on /home/airflow/.local/lib/python3.12/site-packages/airflow/example_dags/tutorial.py
[2026-06-14T21:31:42.519+0000] {processor.py:830} INFO - Processing file /home/airflow/.local/lib/python3.12/site-packages/airflow/example_dags/tutorial.py for tasks to queue
[2026-06-14T21:31:42.520+0000] {logging_mixin.py:188} INFO - [2026-06-14T21:31:42.520+0000] {dagbag.py:545} INFO - Filling up the DagBag from /home/airflow/.local/lib/python3.12/site-packages/airflow/example_dags/tutorial.py
[2026-06-14T21:31:42.529+0000] {processor.py:840} INFO - DAG(s) 'tutorial' retrieved from /home/airflow/.local/lib/python3.12/site-packages/airflow/example_dags/tutorial.py
[2026-06-14T21:31:42.559+0000] {logging_mixin.py:188} INFO - [2026-06-14T21:31:42.558+0000] {dag.py:3089} INFO - Sync 1 DAGs
[2026-06-14T21:31:42.590+0000] {logging_mixin.py:188} INFO - [2026-06-14T21:31:42.590+0000] {dag.py:3947} INFO - Setting next_dagrun for tutorial to 2026-06-13 00:00:00+00:00, run_after=2026-06-14 00:00:00+00:00
[2026-06-14T21:31:42.623+0000] {processor.py:183} INFO - Processing /home/airflow/.local/lib/python3.12/site-packages/airflow/example_dags/tutorial.py took 0.114 seconds
[2026-06-14T21:32:14.209+0000] {processor.py:161} INFO - Started process (PID=748) to work on /home/airflow/.local/lib/python3.12/site-packages/airflow/example_dags/tutorial.py
[2026-06-14T21:32:14.210+0000] {processor.py:830} INFO - Processing file /home/airflow/.local/lib/python3.12/site-packages/airflow/example_dags/tutorial.py for tasks to queue
[2026-06-14T21:32:14.212+0000] {logging_mixin.py:188} INFO - [2026-06-14T21:32:14.211+0000] {dagbag.py:545} INFO - Filling up the DagBag from /home/airflow/.local/lib/python3.12/site-packages/airflow/example_dags/tutorial.py
[2026-06-14T21:32:14.221+0000] {processor.py:840} INFO - DAG(s) 'tutorial' retrieved from /home/airflow/.local/lib/python3.12/site-packages/airflow/example_dags/tutorial.py
[2026-06-14T21:32:14.249+0000] {logging_mixin.py:188} INFO - [2026-06-14T21:32:14.249+0000] {dag.py:3089} INFO - Sync 1 DAGs
[2026-06-14T21:32:14.274+0000] {logging_mixin.py:188} INFO - [2026-06-14T21:32:14.274+0000] {dag.py:3947} INFO - Setting next_dagrun for tutorial to 2026-06-13 00:00:00+00:00, run_after=2026-06-14 00:00:00+00:00
[2026-06-14T21:32:14.310+0000] {processor.py:183} INFO - Processing /home/airflow/.local/lib/python3.12/site-packages/airflow/example_dags/tutorial.py took 0.108 seconds
[2026-06-14T21:40:03.931+0000] {processor.py:161} INFO - Started process (PID=105) to work on /home/airflow/.local/lib/python3.12/site-packages/airflow/example_dags/tutorial.py
[2026-06-14T21:40:03.933+0000] {processor.py:830} INFO - Processing file /home/airflow/.local/lib/python3.12/site-packages/airflow/example_dags/tutorial.py for tasks to queue
[2026-06-14T21:40:03.937+0000] {logging_mixin.py:188} INFO - [2026-06-14T21:40:03.936+0000] {dagbag.py:545} INFO - Filling up the DagBag from /home/airflow/.local/lib/python3.12/site-packages/airflow/example_dags/tutorial.py
[2026-06-14T21:40:03.946+0000] {processor.py:840} INFO - DAG(s) 'tutorial' retrieved from /home/airflow/.local/lib/python3.12/site-packages/airflow/example_dags/tutorial.py
[2026-06-14T21:40:04.094+0000] {logging_mixin.py:188} INFO - [2026-06-14T21:40:04.094+0000] {dag.py:3089} INFO - Sync 1 DAGs
[2026-06-14T21:40:04.121+0000] {logging_mixin.py:188} INFO - [2026-06-14T21:40:04.120+0000] {dag.py:3947} INFO - Setting next_dagrun for tutorial to 2026-06-13 00:00:00+00:00, run_after=2026-06-14 00:00:00+00:00
[2026-06-14T21:40:04.150+0000] {processor.py:183} INFO - Processing /home/airflow/.local/lib/python3.12/site-packages/airflow/example_dags/tutorial.py took 0.225 seconds
[2026-06-14T21:40:34.369+0000] {processor.py:161} INFO - Started process (PID=164) to work on /home/airflow/.local/lib/python3.12/site-packages/airflow/example_dags/tutorial.py
[2026-06-14T21:40:34.370+0000] {processor.py:830} INFO - Processing file /home/airflow/.local/lib/python3.12/site-packages/airflow/example_dags/tutorial.py for tasks to queue
[2026-06-14T21:40:34.373+0000] {logging_mixin.py:188} INFO - [2026-06-14T21:40:34.373+0000] {dagbag.py:545} INFO - Filling up the DagBag from /home/airflow/.local/lib/python3.12/site-packages/airflow/example_dags/tutorial.py
[2026-06-14T21:40:34.383+0000] {processor.py:840} INFO - DAG(s) 'tutorial' retrieved from /home/airflow/.local/lib/python3.12/site-packages/airflow/example_dags/tutorial.py
[2026-06-14T21:40:34.416+0000] {logging_mixin.py:188} INFO - [2026-06-14T21:40:34.415+0000] {dag.py:3089} INFO - Sync 1 DAGs
[2026-06-14T21:40:34.451+0000] {logging_mixin.py:188} INFO - [2026-06-14T21:40:34.450+0000] {dag.py:3947} INFO - Setting next_dagrun for tutorial to 2026-06-13 00:00:00+00:00, run_after=2026-06-14 00:00:00+00:00
[2026-06-14T21:40:34.480+0000] {processor.py:183} INFO - Processing /home/airflow/.local/lib/python3.12/site-packages/airflow/example_dags/tutorial.py took 0.120 seconds
[2026-06-14T21:41:05.073+0000] {processor.py:161} INFO - Started process (PID=223) to work on /home/airflow/.local/lib/python3.12/site-packages/airflow/example_dags/tutorial.py
[2026-06-14T21:41:05.075+0000] {processor.py:830} INFO - Processing file /home/airflow/.local/lib/python3.12/site-packages/airflow/example_dags/tutorial.py for tasks to queue
[2026-06-14T21:41:05.080+0000] {logging_mixin.py:188} INFO - [2026-06-14T21:41:05.079+0000] {dagbag.py:545} INFO - Filling up the DagBag from /home/airflow/.local/lib/python3.12/site-packages/airflow/example_dags/tutorial.py
[2026-06-14T21:41:05.092+0000] {processor.py:840} INFO - DAG(s) 'tutorial' retrieved from /home/airflow/.local/lib/python3.12/site-packages/airflow/example_dags/tutorial.py
[2026-06-14T21:41:05.129+0000] {logging_mixin.py:188} INFO - [2026-06-14T21:41:05.129+0000] {dag.py:3089} INFO - Sync 1 DAGs
[2026-06-14T21:41:05.173+0000] {logging_mixin.py:188} INFO - [2026-06-14T21:41:05.173+0000] {dag.py:3947} INFO - Setting next_dagrun for tutorial to 2026-06-13 00:00:00+00:00, run_after=2026-06-14 00:00:00+00:00
[2026-06-14T21:41:05.211+0000] {processor.py:183} INFO - Processing /home/airflow/.local/lib/python3.12/site-packages/airflow/example_dags/tutorial.py took 0.148 seconds
[2026-06-14T21:41:35.725+0000] {processor.py:161} INFO - Started process (PID=282) to work on /home/airflow/.local/lib/python3.12/site-packages/airflow/example_dags/tutorial.py
[2026-06-14T21:41:35.727+0000] {processor.py:830} INFO - Processing file /home/airflow/.local/lib/python3.12/site-packages/airflow/example_dags/tutorial.py for tasks to queue
[2026-06-14T21:41:35.730+0000] {logging_mixin.py:188} INFO - [2026-06-14T21:41:35.729+0000] {dagbag.py:545} INFO - Filling up the DagBag from /home/airflow/.local/lib/python3.12/site-packages/airflow/example_dags/tutorial.py
[2026-06-14T21:41:35.741+0000] {processor.py:840} INFO - DAG(s) 'tutorial' retrieved from /home/airflow/.local/lib/python3.12/site-packages/airflow/example_dags/tutorial.py
[2026-06-14T21:41:35.779+0000] {logging_mixin.py:188} INFO - [2026-06-14T21:41:35.778+0000] {dag.py:3089} INFO - Sync 1 DAGs
[2026-06-14T21:41:35.817+0000] {logging_mixin.py:188} INFO - [2026-06-14T21:41:35.816+0000] {dag.py:3947} INFO - Setting next_dagrun for tutorial to 2026-06-13 00:00:00+00:00, run_after=2026-06-14 00:00:00+00:00
[2026-06-14T21:41:35.847+0000] {processor.py:183} INFO - Processing /home/airflow/.local/lib/python3.12/site-packages/airflow/example_dags/tutorial.py took 0.130 seconds
[2026-06-14T21:42:06.529+0000] {processor.py:161} INFO - Started process (PID=341) to work on /home/airflow/.local/lib/python3.12/site-packages/airflow/example_dags/tutorial.py
[2026-06-14T21:42:06.531+0000] {processor.py:830} INFO - Processing file /home/airflow/.local/lib/python3.12/site-packages/airflow/example_dags/tutorial.py for tasks to queue
[2026-06-14T21:42:06.534+0000] {logging_mixin.py:188} INFO - [2026-06-14T21:42:06.534+0000] {dagbag.py:545} INFO - Filling up the DagBag from /home/airflow/.local/lib/python3.12/site-packages/airflow/example_dags/tutorial.py
[2026-06-14T21:42:06.543+0000] {processor.py:840} INFO - DAG(s) 'tutorial' retrieved from /home/airflow/.local/lib/python3.12/site-packages/airflow/example_dags/tutorial.py
[2026-06-14T21:42:06.575+0000] {logging_mixin.py:188} INFO - [2026-06-14T21:42:06.575+0000] {dag.py:3089} INFO - Sync 1 DAGs
[2026-06-14T21:42:06.622+0000] {logging_mixin.py:188} INFO - [2026-06-14T21:42:06.621+0000] {dag.py:3947} INFO - Setting next_dagrun for tutorial to 2026-06-13 00:00:00+00:00, run_after=2026-06-14 00:00:00+00:00
[2026-06-14T21:42:06.655+0000] {processor.py:183} INFO - Processing /home/airflow/.local/lib/python3.12/site-packages/airflow/example_dags/tutorial.py took 0.137 seconds
[2026-06-14T21:42:37.060+0000] {processor.py:161} INFO - Started process (PID=400) to work on /home/airflow/.local/lib/python3.12/site-packages/airflow/example_dags/tutorial.py
[2026-06-14T21:42:37.062+0000] {processor.py:830} INFO - Processing file /home/airflow/.local/lib/python3.12/site-packages/airflow/example_dags/tutorial.py for tasks to queue
[2026-06-14T21:42:37.065+0000] {logging_mixin.py:188} INFO - [2026-06-14T21:42:37.064+0000] {dagbag.py:545} INFO - Filling up the DagBag from /home/airflow/.local/lib/python3.12/site-packages/airflow/example_dags/tutorial.py
[2026-06-14T21:42:37.073+0000] {processor.py:840} INFO - DAG(s) 'tutorial' retrieved from /home/airflow/.local/lib/python3.12/site-packages/airflow/example_dags/tutorial.py
[2026-06-14T21:42:37.102+0000] {logging_mixin.py:188} INFO - [2026-06-14T21:42:37.102+0000] {dag.py:3089} INFO - Sync 1 DAGs
[2026-06-14T21:42:37.132+0000] {logging_mixin.py:188} INFO - [2026-06-14T21:42:37.132+0000] {dag.py:3947} INFO - Setting next_dagrun for tutorial to 2026-06-13 00:00:00+00:00, run_after=2026-06-14 00:00:00+00:00
[2026-06-14T21:42:37.158+0000] {processor.py:183} INFO - Processing /home/airflow/.local/lib/python3.12/site-packages/airflow/example_dags/tutorial.py took 0.106 seconds
[2026-06-14T21:43:07.727+0000] {processor.py:161} INFO - Started process (PID=459) to work on /home/airflow/.local/lib/python3.12/site-packages/airflow/example_dags/tutorial.py
[2026-06-14T21:43:07.729+0000] {processor.py:830} INFO - Processing file /home/airflow/.local/lib/python3.12/site-packages/airflow/example_dags/tutorial.py for tasks to queue
[2026-06-14T21:43:07.732+0000] {logging_mixin.py:188} INFO - [2026-06-14T21:43:07.732+0000] {dagbag.py:545} INFO - Filling up the DagBag from /home/airflow/.local/lib/python3.12/site-packages/airflow/example_dags/tutorial.py
[2026-06-14T21:43:07.743+0000] {processor.py:840} INFO - DAG(s) 'tutorial' retrieved from /home/airflow/.local/lib/python3.12/site-packages/airflow/example_dags/tutorial.py
[2026-06-14T21:43:07.775+0000] {logging_mixin.py:188} INFO - [2026-06-14T21:43:07.775+0000] {dag.py:3089} INFO - Sync 1 DAGs
[2026-06-14T21:43:07.807+0000] {logging_mixin.py:188} INFO - [2026-06-14T21:43:07.806+0000] {dag.py:3947} INFO - Setting next_dagrun for tutorial to 2026-06-13 00:00:00+00:00, run_after=2026-06-14 00:00:00+00:00
[2026-06-14T21:43:07.836+0000] {processor.py:183} INFO - Processing /home/airflow/.local/lib/python3.12/site-packages/airflow/example_dags/tutorial.py took 0.121 seconds
[2026-06-14T21:43:38.701+0000] {processor.py:161} INFO - Started process (PID=518) to work on /home/airflow/.local/lib/python3.12/site-packages/airflow/example_dags/tutorial.py
[2026-06-14T21:43:38.703+0000] {processor.py:830} INFO - Processing file /home/airflow/.local/lib/python3.12/site-packages/airflow/example_dags/tutorial.py for tasks to queue
[2026-06-14T21:43:38.706+0000] {logging_mixin.py:188} INFO - [2026-06-14T21:43:38.706+0000] {dagbag.py:545} INFO - Filling up the DagBag from /home/airflow/.local/lib/python3.12/site-packages/airflow/example_dags/tutorial.py
[2026-06-14T21:43:38.720+0000] {processor.py:840} INFO - DAG(s) 'tutorial' retrieved from /home/airflow/.local/lib/python3.12/site-packages/airflow/example_dags/tutorial.py
[2026-06-14T21:43:38.754+0000] {logging_mixin.py:188} INFO - [2026-06-14T21:43:38.753+0000] {dag.py:3089} INFO - Sync 1 DAGs
[2026-06-14T21:43:38.790+0000] {logging_mixin.py:188} INFO - [2026-06-14T21:43:38.789+0000] {dag.py:3947} INFO - Setting next_dagrun for tutorial to 2026-06-13 00:00:00+00:00, run_after=2026-06-14 00:00:00+00:00
[2026-06-14T21:43:38.818+0000] {processor.py:183} INFO - Processing /home/airflow/.local/lib/python3.12/site-packages/airflow/example_dags/tutorial.py took 0.130 seconds
[2026-06-14T21:44:09.248+0000] {processor.py:161} INFO - Started process (PID=577) to work on /home/airflow/.local/lib/python3.12/site-packages/airflow/example_dags/tutorial.py
[2026-06-14T21:44:09.250+0000] {processor.py:830} INFO - Processing file /home/airflow/.local/lib/python3.12/site-packages/airflow/example_dags/tutorial.py for tasks to queue
[2026-06-14T21:44:09.253+0000] {logging_mixin.py:188} INFO - [2026-06-14T21:44:09.252+0000] {dagbag.py:545} INFO - Filling up the DagBag from /home/airflow/.local/lib/python3.12/site-packages/airflow/example_dags/tutorial.py
[2026-06-14T21:44:09.260+0000] {processor.py:840} INFO - DAG(s) 'tutorial' retrieved from /home/airflow/.local/lib/python3.12/site-packages/airflow/example_dags/tutorial.py
[2026-06-14T21:44:09.291+0000] {logging_mixin.py:188} INFO - [2026-06-14T21:44:09.290+0000] {dag.py:3089} INFO - Sync 1 DAGs
[2026-06-14T21:44:09.329+0000] {logging_mixin.py:188} INFO - [2026-06-14T21:44:09.328+0000] {dag.py:3947} INFO - Setting next_dagrun for tutorial to 2026-06-13 00:00:00+00:00, run_after=2026-06-14 00:00:00+00:00
[2026-06-14T21:44:09.357+0000] {processor.py:183} INFO - Processing /home/airflow/.local/lib/python3.12/site-packages/airflow/example_dags/tutorial.py took 0.116 seconds
[2026-06-14T21:44:40.137+0000] {processor.py:161} INFO - Started process (PID=636) to work on /home/airflow/.local/lib/python3.12/site-packages/airflow/example_dags/tutorial.py
[2026-06-14T21:44:40.138+0000] {processor.py:830} INFO - Processing file /home/airflow/.local/lib/python3.12/site-packages/airflow/example_dags/tutorial.py for tasks to queue
[2026-06-14T21:44:40.142+0000] {logging_mixin.py:188} INFO - [2026-06-14T21:44:40.141+0000] {dagbag.py:545} INFO - Filling up the DagBag from /home/airflow/.local/lib/python3.12/site-packages/airflow/example_dags/tutorial.py
[2026-06-14T21:44:40.151+0000] {processor.py:840} INFO - DAG(s) 'tutorial' retrieved from /home/airflow/.local/lib/python3.12/site-packages/airflow/example_dags/tutorial.py
[2026-06-14T21:44:40.183+0000] {logging_mixin.py:188} INFO - [2026-06-14T21:44:40.182+0000] {dag.py:3089} INFO - Sync 1 DAGs
[2026-06-14T21:44:40.214+0000] {logging_mixin.py:188} INFO - [2026-06-14T21:44:40.214+0000] {dag.py:3947} INFO - Setting next_dagrun for tutorial to 2026-06-13 00:00:00+00:00, run_after=2026-06-14 00:00:00+00:00
[2026-06-14T21:44:40.240+0000] {processor.py:183} INFO - Processing /home/airflow/.local/lib/python3.12/site-packages/airflow/example_dags/tutorial.py took 0.113 seconds
[2026-06-14T21:45:10.461+0000] {processor.py:161} INFO - Started process (PID=695) to work on /home/airflow/.local/lib/python3.12/site-packages/airflow/example_dags/tutorial.py
[2026-06-14T21:45:10.463+0000] {processor.py:830} INFO - Processing file /home/airflow/.local/lib/python3.12/site-packages/airflow/example_dags/tutorial.py for tasks to queue
[2026-06-14T21:45:10.467+0000] {logging_mixin.py:188} INFO - [2026-06-14T21:45:10.466+0000] {dagbag.py:545} INFO - Filling up the DagBag from /home/airflow/.local/lib/python3.12/site-packages/airflow/example_dags/tutorial.py
[2026-06-14T21:45:10.479+0000] {processor.py:840} INFO - DAG(s) 'tutorial' retrieved from /home/airflow/.local/lib/python3.12/site-packages/airflow/example_dags/tutorial.py
[2026-06-14T21:45:10.530+0000] {logging_mixin.py:188} INFO - [2026-06-14T21:45:10.529+0000] {dag.py:3089} INFO - Sync 1 DAGs
[2026-06-14T21:45:10.598+0000] {logging_mixin.py:188} INFO - [2026-06-14T21:45:10.598+0000] {dag.py:3947} INFO - Setting next_dagrun for tutorial to 2026-06-13 00:00:00+00:00, run_after=2026-06-14 00:00:00+00:00
[2026-06-14T21:45:10.661+0000] {processor.py:183} INFO - Processing /home/airflow/.local/lib/python3.12/site-packages/airflow/example_dags/tutorial.py took 0.211 seconds
[2026-06-14T21:45:41.010+0000] {processor.py:161} INFO - Started process (PID=754) to work on /home/airflow/.local/lib/python3.12/site-packages/airflow/example_dags/tutorial.py
[2026-06-14T21:45:41.012+0000] {processor.py:830} INFO - Processing file /home/airflow/.local/lib/python3.12/site-packages/airflow/example_dags/tutorial.py for tasks to queue
[2026-06-14T21:45:41.016+0000] {logging_mixin.py:188} INFO - [2026-06-14T21:45:41.016+0000] {dagbag.py:545} INFO - Filling up the DagBag from /home/airflow/.local/lib/python3.12/site-packages/airflow/example_dags/tutorial.py
[2026-06-14T21:45:41.028+0000] {processor.py:840} INFO - DAG(s) 'tutorial' retrieved from /home/airflow/.local/lib/python3.12/site-packages/airflow/example_dags/tutorial.py
[2026-06-14T21:45:41.076+0000] {logging_mixin.py:188} INFO - [2026-06-14T21:45:41.075+0000] {dag.py:3089} INFO - Sync 1 DAGs
[2026-06-14T21:45:41.135+0000] {logging_mixin.py:188} INFO - [2026-06-14T21:45:41.134+0000] {dag.py:3947} INFO - Setting next_dagrun for tutorial to 2026-06-13 00:00:00+00:00, run_after=2026-06-14 00:00:00+00:00
[2026-06-14T21:45:41.176+0000] {processor.py:183} INFO - Processing /home/airflow/.local/lib/python3.12/site-packages/airflow/example_dags/tutorial.py took 0.177 seconds
[2026-06-14T21:46:12.708+0000] {processor.py:161} INFO - Started process (PID=813) to work on /home/airflow/.local/lib/python3.12/site-packages/airflow/example_dags/tutorial.py
[2026-06-14T21:46:12.710+0000] {processor.py:830} INFO - Processing file /home/airflow/.local/lib/python3.12/site-packages/airflow/example_dags/tutorial.py for tasks to queue
[2026-06-14T21:46:12.713+0000] {logging_mixin.py:188} INFO - [2026-06-14T21:46:12.712+0000] {dagbag.py:545} INFO - Filling up the DagBag from /home/airflow/.local/lib/python3.12/site-packages/airflow/example_dags/tutorial.py
[2026-06-14T21:46:12.725+0000] {processor.py:840} INFO - DAG(s) 'tutorial' retrieved from /home/airflow/.local/lib/python3.12/site-packages/airflow/example_dags/tutorial.py
[2026-06-14T21:46:12.761+0000] {logging_mixin.py:188} INFO - [2026-06-14T21:46:12.760+0000] {dag.py:3089} INFO - Sync 1 DAGs
[2026-06-14T21:46:12.792+0000] {logging_mixin.py:188} INFO - [2026-06-14T21:46:12.791+0000] {dag.py:3947} INFO - Setting next_dagrun for tutorial to 2026-06-13 00:00:00+00:00, run_after=2026-06-14 00:00:00+00:00
[2026-06-14T21:46:12.821+0000] {processor.py:183} INFO - Processing /home/airflow/.local/lib/python3.12/site-packages/airflow/example_dags/tutorial.py took 0.123 seconds
[2026-06-14T21:46:43.831+0000] {processor.py:161} INFO - Started process (PID=872) to work on /home/airflow/.local/lib/python3.12/site-packages/airflow/example_dags/tutorial.py
[2026-06-14T21:46:43.833+0000] {processor.py:830} INFO - Processing file /home/airflow/.local/lib/python3.12/site-packages/airflow/example_dags/tutorial.py for tasks to queue
[2026-06-14T21:46:43.836+0000] {logging_mixin.py:188} INFO - [2026-06-14T21:46:43.836+0000] {dagbag.py:545} INFO - Filling up the DagBag from /home/airflow/.local/lib/python3.12/site-packages/airflow/example_dags/tutorial.py
[2026-06-14T21:46:43.846+0000] {processor.py:840} INFO - DAG(s) 'tutorial' retrieved from /home/airflow/.local/lib/python3.12/site-packages/airflow/example_dags/tutorial.py
[2026-06-14T21:46:43.884+0000] {logging_mixin.py:188} INFO - [2026-06-14T21:46:43.884+0000] {dag.py:3089} INFO - Sync 1 DAGs
[2026-06-14T21:46:43.928+0000] {logging_mixin.py:188} INFO - [2026-06-14T21:46:43.928+0000] {dag.py:3947} INFO - Setting next_dagrun for tutorial to 2026-06-13 00:00:00+00:00, run_after=2026-06-14 00:00:00+00:00
[2026-06-14T21:46:43.965+0000] {processor.py:183} INFO - Processing /home/airflow/.local/lib/python3.12/site-packages/airflow/example_dags/tutorial.py took 0.147 seconds
[2026-06-14T21:47:16.396+0000] {processor.py:161} INFO - Started process (PID=937) to work on /home/airflow/.local/lib/python3.12/site-packages/airflow/example_dags/tutorial.py
[2026-06-14T21:47:16.398+0000] {processor.py:830} INFO - Processing file /home/airflow/.local/lib/python3.12/site-packages/airflow/example_dags/tutorial.py for tasks to queue
[2026-06-14T21:47:16.403+0000] {logging_mixin.py:188} INFO - [2026-06-14T21:47:16.402+0000] {dagbag.py:545} INFO - Filling up the DagBag from /home/airflow/.local/lib/python3.12/site-packages/airflow/example_dags/tutorial.py
[2026-06-14T21:47:16.418+0000] {processor.py:840} INFO - DAG(s) 'tutorial' retrieved from /home/airflow/.local/lib/python3.12/site-packages/airflow/example_dags/tutorial.py
[2026-06-14T21:47:16.472+0000] {logging_mixin.py:188} INFO - [2026-06-14T21:47:16.471+0000] {dag.py:3089} INFO - Sync 1 DAGs
[2026-06-14T21:47:16.530+0000] {logging_mixin.py:188} INFO - [2026-06-14T21:47:16.529+0000] {dag.py:3947} INFO - Setting next_dagrun for tutorial to 2026-06-13 00:00:00+00:00, run_after=2026-06-14 00:00:00+00:00
[2026-06-14T21:47:16.578+0000] {processor.py:183} INFO - Processing /home/airflow/.local/lib/python3.12/site-packages/airflow/example_dags/tutorial.py took 0.197 seconds
[2026-06-14T21:47:46.896+0000] {processor.py:161} INFO - Started process (PID=995) to work on /home/airflow/.local/lib/python3.12/site-packages/airflow/example_dags/tutorial.py
[2026-06-14T21:47:46.897+0000] {processor.py:830} INFO - Processing file /home/airflow/.local/lib/python3.12/site-packages/airflow/example_dags/tutorial.py for tasks to queue
[2026-06-14T21:47:46.899+0000] {logging_mixin.py:188} INFO - [2026-06-14T21:47:46.899+0000] {dagbag.py:545} INFO - Filling up the DagBag from /home/airflow/.local/lib/python3.12/site-packages/airflow/example_dags/tutorial.py
[2026-06-14T21:47:46.908+0000] {processor.py:840} INFO - DAG(s) 'tutorial' retrieved from /home/airflow/.local/lib/python3.12/site-packages/airflow/example_dags/tutorial.py
[2026-06-14T21:47:46.938+0000] {logging_mixin.py:188} INFO - [2026-06-14T21:47:46.937+0000] {dag.py:3089} INFO - Sync 1 DAGs
[2026-06-14T21:47:46.965+0000] {logging_mixin.py:188} INFO - [2026-06-14T21:47:46.965+0000] {dag.py:3947} INFO - Setting next_dagrun for tutorial to 2026-06-13 00:00:00+00:00, run_after=2026-06-14 00:00:00+00:00
[2026-06-14T21:47:47.036+0000] {processor.py:183} INFO - Processing /home/airflow/.local/lib/python3.12/site-packages/airflow/example_dags/tutorial.py took 0.148 seconds
[2026-06-14T21:48:17.645+0000] {processor.py:161} INFO - Started process (PID=1054) to work on /home/airflow/.local/lib/python3.12/site-packages/airflow/example_dags/tutorial.py
[2026-06-14T21:48:17.647+0000] {processor.py:830} INFO - Processing file /home/airflow/.local/lib/python3.12/site-packages/airflow/example_dags/tutorial.py for tasks to queue
[2026-06-14T21:48:17.649+0000] {logging_mixin.py:188} INFO - [2026-06-14T21:48:17.649+0000] {dagbag.py:545} INFO - Filling up the DagBag from /home/airflow/.local/lib/python3.12/site-packages/airflow/example_dags/tutorial.py
[2026-06-14T21:48:17.656+0000] {processor.py:840} INFO - DAG(s) 'tutorial' retrieved from /home/airflow/.local/lib/python3.12/site-packages/airflow/example_dags/tutorial.py
[2026-06-14T21:48:17.684+0000] {logging_mixin.py:188} INFO - [2026-06-14T21:48:17.683+0000] {dag.py:3089} INFO - Sync 1 DAGs
[2026-06-14T21:48:17.713+0000] {logging_mixin.py:188} INFO - [2026-06-14T21:48:17.713+0000] {dag.py:3947} INFO - Setting next_dagrun for tutorial to 2026-06-13 00:00:00+00:00, run_after=2026-06-14 00:00:00+00:00
[2026-06-14T21:48:17.783+0000] {processor.py:183} INFO - Processing /home/airflow/.local/lib/python3.12/site-packages/airflow/example_dags/tutorial.py took 0.146 seconds
[2026-06-14T21:48:48.783+0000] {processor.py:161} INFO - Started process (PID=1112) to work on /home/airflow/.local/lib/python3.12/site-packages/airflow/example_dags/tutorial.py
[2026-06-14T21:48:48.784+0000] {processor.py:830} INFO - Processing file /home/airflow/.local/lib/python3.12/site-packages/airflow/example_dags/tutorial.py for tasks to queue
[2026-06-14T21:48:48.788+0000] {logging_mixin.py:188} INFO - [2026-06-14T21:48:48.787+0000] {dagbag.py:545} INFO - Filling up the DagBag from /home/airflow/.local/lib/python3.12/site-packages/airflow/example_dags/tutorial.py
[2026-06-14T21:48:48.798+0000] {processor.py:840} INFO - DAG(s) 'tutorial' retrieved from /home/airflow/.local/lib/python3.12/site-packages/airflow/example_dags/tutorial.py
[2026-06-14T21:48:48.826+0000] {logging_mixin.py:188} INFO - [2026-06-14T21:48:48.826+0000] {dag.py:3089} INFO - Sync 1 DAGs
[2026-06-14T21:48:48.857+0000] {logging_mixin.py:188} INFO - [2026-06-14T21:48:48.857+0000] {dag.py:3947} INFO - Setting next_dagrun for tutorial to 2026-06-13 00:00:00+00:00, run_after=2026-06-14 00:00:00+00:00
[2026-06-14T21:48:48.883+0000] {processor.py:183} INFO - Processing /home/airflow/.local/lib/python3.12/site-packages/airflow/example_dags/tutorial.py took 0.110 seconds
[2026-06-14T21:49:19.065+0000] {processor.py:161} INFO - Started process (PID=1171) to work on /home/airflow/.local/lib/python3.12/site-packages/airflow/example_dags/tutorial.py
[2026-06-14T21:49:19.067+0000] {processor.py:830} INFO - Processing file /home/airflow/.local/lib/python3.12/site-packages/airflow/example_dags/tutorial.py for tasks to queue
[2026-06-14T21:49:19.070+0000] {logging_mixin.py:188} INFO - [2026-06-14T21:49:19.070+0000] {dagbag.py:545} INFO - Filling up the DagBag from /home/airflow/.local/lib/python3.12/site-packages/airflow/example_dags/tutorial.py
[2026-06-14T21:49:19.077+0000] {processor.py:840} INFO - DAG(s) 'tutorial' retrieved from /home/airflow/.local/lib/python3.12/site-packages/airflow/example_dags/tutorial.py
[2026-06-14T21:49:19.108+0000] {logging_mixin.py:188} INFO - [2026-06-14T21:49:19.107+0000] {dag.py:3089} INFO - Sync 1 DAGs
[2026-06-14T21:49:19.135+0000] {logging_mixin.py:188} INFO - [2026-06-14T21:49:19.134+0000] {dag.py:3947} INFO - Setting next_dagrun for tutorial to 2026-06-13 00:00:00+00:00, run_after=2026-06-14 00:00:00+00:00
[2026-06-14T21:49:19.156+0000] {processor.py:183} INFO - Processing /home/airflow/.local/lib/python3.12/site-packages/airflow/example_dags/tutorial.py took 0.098 seconds
